 V8_Net_Proxy_x64

 Timestamp is 52b2647f (Wed Dec 18 22:14:07 2013)

 Preferred load address is 0000000180000000

 Start         Length     Name                   Class
 0001:00000000 0000920aH .text                   CODE
 0001:00009210 00000eacH .text$x                 CODE
 0001:0000a0c0 000000daH .text$yc                CODE
 0001:0000a1a0 00000058H .text$yd                CODE
 0002:00000000 00000550H .idata$5                DATA
 0002:00000550 00000008H .CRT$XCA                DATA
 0002:00000558 00000008H .CRT$XCU                DATA
 0002:00000560 00000008H .CRT$XCZ                DATA
 0002:00000568 00000008H .CRT$XIA                DATA
 0002:00000570 00000008H .CRT$XIAA               DATA
 0002:00000578 00000008H .CRT$XIC                DATA
 0002:00000580 00000008H .CRT$XIZ                DATA
 0002:00000590 00001080H .rdata                  DATA
 0002:00001610 0000007cH .rdata$debug            DATA
 0002:00001690 00000074H .rdata$r                DATA
 0002:00001708 00000008H .rtc$IAA                DATA
 0002:00001710 00000008H .rtc$IZZ                DATA
 0002:00001718 00000008H .rtc$TAA                DATA
 0002:00001720 00000008H .rtc$TZZ                DATA
 0002:00001728 00002b80H .xdata                  DATA
 0002:000042a8 00000054H .xdata$x                DATA
 0002:000042fc 00000050H .idata$2                DATA
 0002:0000434c 00000014H .idata$3                DATA
 0002:00004360 00000550H .idata$4                DATA
 0002:000048b0 0000221cH .idata$6                DATA
 0002:00006ad0 0000077dH .edata                  DATA
 0003:00000000 00000060H .data                   DATA
 0003:00000060 00000608H .bss                    DATA
 0004:00000000 00000a98H .pdata                  DATA
 0005:00000000 000000a0H .rsrc$01                DATA
 0005:000000a0 00000500H .rsrc$02                DATA

  Address         Publics by Value              Rva+Base               Lib:Object

 0000:00000000       ___safe_se_handler_count   0000000000000000     <absolute>
 0000:00000000       ___safe_se_handler_table   0000000000000000     <absolute>
 0000:00000000       __ImageBase                0000000180000000     <linker-defined>
 0001:00000000       ??1Scope@Context@v8@@QEAA@XZ 0000000180001000 f i Exports.obj
 0001:00000010       CreateV8EngineProxy        0000000180001010 f   Exports.obj
 0001:00000050       DestroyV8EngineProxy       0000000180001050 f   Exports.obj
 0001:00000080       RegisterGCCallback         0000000180001080 f   Exports.obj
 0001:00000120       ForceGC                    0000000180001120 f   Exports.obj
 0001:000001d0       DoIdleNotification         00000001800011d0 f   Exports.obj
 0001:00000280       V8Execute                  0000000180001280 f   Exports.obj
 0001:00000340       V8Compile                  0000000180001340 f   Exports.obj
 0001:00000400       V8ExecuteCompiledScript    0000000180001400 f   Exports.obj
 0001:000004f0       CreateObjectTemplateProxy  00000001800014f0 f   Exports.obj
 0001:00000590       DeleteObjectTemplateProxy  0000000180001590 f   Exports.obj
 0001:00000620       SetGlobalObjectTemplate    0000000180001620 f   Exports.obj
 0001:000006b0       RegisterNamedPropertyHandlers 00000001800016b0 f   Exports.obj
 0001:000007b0       RegisterIndexedPropertyHandlers 00000001800017b0 f   Exports.obj
 0001:000008b0       UnregisterNamedPropertyHandlers 00000001800018b0 f   Exports.obj
 0001:00000960       UnregisterIndexedPropertyHandlers 0000000180001960 f   Exports.obj
 0001:00000a10       RegisterInvokeHandler      0000000180001a10 f   Exports.obj
 0001:00000ac0       CreateObjectFromTemplate   0000000180001ac0 f   Exports.obj
 0001:00000bb0       ConnectObject              0000000180001bb0 f   Exports.obj
 0001:00000d30       GetObjectPrototype         0000000180001d30 f   Exports.obj
 0001:00000e40       Call                       0000000180001e40 f   Exports.obj
 0001:00001130       SetObjectPropertyByName    0000000180002130 f   Exports.obj
 0001:000012b0       SetObjectPropertyByIndex   00000001800022b0 f   Exports.obj
 0001:00001400       GetObjectPropertyByName    0000000180002400 f   Exports.obj
 0001:00001550       GetObjectPropertyByIndex   0000000180002550 f   Exports.obj
 0001:00001670       DeleteObjectPropertyByName 0000000180002670 f   Exports.obj
 0001:000017a0       DeleteObjectPropertyByIndex 00000001800027a0 f   Exports.obj
 0001:000018a0       SetObjectAccessor          00000001800028a0 f   Exports.obj
 0001:00001ab0       SetObjectTemplateAccessor  0000000180002ab0 f   Exports.obj
 0001:00001ba0       SetObjectTemplateProperty  0000000180002ba0 f   Exports.obj
 0001:00001c90       GetPropertyNames           0000000180002c90 f   Exports.obj
 0001:00001da0       GetOwnPropertyNames        0000000180002da0 f   Exports.obj
 0001:00001eb0       GetPropertyAttributes      0000000180002eb0 f   Exports.obj
 0001:00001fe0       GetArrayLength             0000000180002fe0 f   Exports.obj
 0001:000020e0       CreateFunctionTemplateProxy 00000001800030e0 f   Exports.obj
 0001:000021a0       DeleteFunctionTemplateProxy 00000001800031a0 f   Exports.obj
 0001:00002230       GetFunctionInstanceTemplateProxy 0000000180003230 f   Exports.obj
 0001:000022d0       GetFunctionPrototypeTemplateProxy 00000001800032d0 f   Exports.obj
 0001:00002370       GetFunction                0000000180003370 f   Exports.obj
 0001:00002430       CreateFunctionInstance     0000000180003430 f   Exports.obj
 0001:00002500       SetFunctionTemplateProperty 0000000180003500 f   Exports.obj
 0001:000025f0       CreateBoolean              00000001800035f0 f   Exports.obj
 0001:000026c0       CreateInteger              00000001800036c0 f   Exports.obj
 0001:00002780       CreateNumber               0000000180003780 f   Exports.obj
 0001:00002850       CreateString               0000000180003850 f   Exports.obj
 0001:00002920       CreateDate                 0000000180003920 f   Exports.obj
 0001:000029f0       CreateObject               00000001800039f0 f   Exports.obj
 0001:00002ac0       CreateArray                0000000180003ac0 f   Exports.obj
 0001:00002b80       CreateStringArray          0000000180003b80 f   Exports.obj
 0001:00002c40       CreateNullValue            0000000180003c40 f   Exports.obj
 0001:00002d00       CreateError                0000000180003d00 f   Exports.obj
 0001:00002dc0       MakeWeakHandle             0000000180003dc0 f   Exports.obj
 0001:00002e90       MakeStrongHandle           0000000180003e90 f   Exports.obj
 0001:00002f50       DisposeHandleProxy         0000000180003f50 f   Exports.obj
 0001:00003000       UpdateHandleValue          0000000180004000 f   Exports.obj
 0001:000030b0       GetHandleManagedObjectID   00000001800040b0 f   Exports.obj
 0001:00003160       CreateHandleProxyTest      0000000180004160 f   Exports.obj
 0001:00003190       CreateV8EngineProxyTest    0000000180004190 f   Exports.obj
 0001:000031c0       CreateObjectTemplateProxyTest 00000001800041c0 f   Exports.obj
 0001:000031f0       CreateFunctionTemplateProxyTest 00000001800041f0 f   Exports.obj
 0001:00003220       DeleteTestData             0000000180004220 f   Exports.obj
 0001:000032f0       ??0FunctionTemplateProxy@@QEAA@PEAVV8EngineProxy@@PEAGP6APEAUHandleProxy@@H_NPEAU2@PEAPEAU2@I@Z@Z 00000001800042f0 f   FunctionTemplateProxy.obj
 0001:00003440       ??1FunctionTemplateProxy@@QEAA@XZ 0000000180004440 f   FunctionTemplateProxy.obj
 0001:00003530       ?InvocationCallbackProxy@FunctionTemplateProxy@@SAXAEBV?$FunctionCallbackInfo@VValue@v8@@@v8@@@Z 0000000180004530 f   FunctionTemplateProxy.obj
 0001:00003710       ?CreateInstance@FunctionTemplateProxy@@QEAAPEAUHandleProxy@@HHPEAPEAU2@@Z 0000000180004710 f   FunctionTemplateProxy.obj
 0001:000038a0       ??1HandleProxy@@IEAA@XZ    00000001800048a0 f   HandleProxy.obj
 0001:00003940       ?_Dispose@HandleProxy@@IEAA_N_N@Z 0000000180004940 f   HandleProxy.obj
 0001:00003a30       ?_ClearHandleValue@HandleProxy@@IEAAXXZ 0000000180004a30 f   HandleProxy.obj
 0001:00003a90       ?SetHandle@HandleProxy@@IEAAPEAU1@V?$Handle@VValue@v8@@@v8@@@Z 0000000180004a90 f   HandleProxy.obj
 0001:00003dd0       ?GetManagedObjectID@HandleProxy@@QEAAHXZ 0000000180004dd0 f   HandleProxy.obj
 0001:00003f90       ?_RevivableCallback@HandleProxy@@CAXPEAVIsolate@v8@@PEAV?$Persistent@VValue@v8@@@3@PEAU1@@Z 0000000180004f90 f   HandleProxy.obj
 0001:00004010       ?UpdateValue@HandleProxy@@QEAAXXZ 0000000180005010 f   HandleProxy.obj
 0001:00004160       ??1?$lock_guard@Vrecursive_mutex@std@@@std@@QEAA@XZ 0000000180005160 f i HandleProxy.obj
 0001:00004190       ??0ObjectTemplateProxy@@QEAA@PEAVV8EngineProxy@@@Z 0000000180005190 f   ObjectTemplateProxy.obj
 0001:00004230       ??0ObjectTemplateProxy@@QEAA@PEAVV8EngineProxy@@V?$Local@VObjectTemplate@v8@@@v8@@@Z 0000000180005230 f   ObjectTemplateProxy.obj
 0001:000042d0       ??1ObjectTemplateProxy@@QEAA@XZ 00000001800052d0 f   ObjectTemplateProxy.obj
 0001:000043b0       ?GetProperty@ObjectTemplateProxy@@SAXV?$Local@VString@v8@@@v8@@AEBV?$PropertyCallbackInfo@VValue@v8@@@3@@Z 00000001800053b0 f   ObjectTemplateProxy.obj
 0001:000045b0       ?SetProperty@ObjectTemplateProxy@@SAXV?$Local@VString@v8@@@v8@@V?$Local@VValue@v8@@@3@AEBV?$PropertyCallbackInfo@VValue@v8@@@3@@Z 00000001800055b0 f   ObjectTemplateProxy.obj
 0001:000047b0       ?GetPropertyAttributes@ObjectTemplateProxy@@SAXV?$Local@VString@v8@@@v8@@AEBV?$PropertyCallbackInfo@VInteger@v8@@@3@@Z 00000001800057b0 f   ObjectTemplateProxy.obj
 0001:00004960       ?DeleteProperty@ObjectTemplateProxy@@SAXV?$Local@VString@v8@@@v8@@AEBV?$PropertyCallbackInfo@VBoolean@v8@@@3@@Z 0000000180005960 f   ObjectTemplateProxy.obj
 0001:00004b30       ?GetPropertyNames@ObjectTemplateProxy@@SAXAEBV?$PropertyCallbackInfo@VArray@v8@@@v8@@@Z 0000000180005b30 f   ObjectTemplateProxy.obj
 0001:00004cf0       ?GetProperty@ObjectTemplateProxy@@SAXIAEBV?$PropertyCallbackInfo@VValue@v8@@@v8@@@Z 0000000180005cf0 f   ObjectTemplateProxy.obj
 0001:00004eb0       ?SetProperty@ObjectTemplateProxy@@SAXIV?$Local@VValue@v8@@@v8@@AEBV?$PropertyCallbackInfo@VValue@v8@@@3@@Z 0000000180005eb0 f   ObjectTemplateProxy.obj
 0001:00005080       ?GetPropertyAttributes@ObjectTemplateProxy@@SAXIAEBV?$PropertyCallbackInfo@VInteger@v8@@@v8@@@Z 0000000180006080 f   ObjectTemplateProxy.obj
 0001:000051f0       ?DeleteProperty@ObjectTemplateProxy@@SAXIAEBV?$PropertyCallbackInfo@VBoolean@v8@@@v8@@@Z 00000001800061f0 f   ObjectTemplateProxy.obj
 0001:00005370       ?GetPropertyIndices@ObjectTemplateProxy@@SAXAEBV?$PropertyCallbackInfo@VArray@v8@@@v8@@@Z 0000000180006370 f   ObjectTemplateProxy.obj
 0001:00005530       ?AccessorGetterCallbackProxy@ObjectTemplateProxy@@SAXV?$Local@VString@v8@@@v8@@AEBV?$PropertyCallbackInfo@VValue@v8@@@3@@Z 0000000180006530 f   ObjectTemplateProxy.obj
 0001:000056e0       ?AccessorSetterCallbackProxy@ObjectTemplateProxy@@SAXV?$Local@VString@v8@@@v8@@V?$Local@VValue@v8@@@3@AEBV?$PropertyCallbackInfo@X@3@@Z 00000001800066e0 f   ObjectTemplateProxy.obj
 0001:00005860       ?SetAccessor@ObjectTemplateProxy@@QEAAXHPEBGP6APEAUHandleProxy@@PEAU2@PEAG@ZP6APEAU2@121@ZW4AccessControl@v8@@W4PropertyAttribute@4@@Z 0000000180006860 f   ObjectTemplateProxy.obj
 0001:00005970       ?_Destroy@?$vector@IV?$allocator@_N@std@@@std@@IEAAXPEAI0@Z 0000000180006970 f i V8EngineProxy.obj
 0001:00005970       ??3@YAXPEAX0@Z             0000000180006970 f i V8EngineProxy.obj
 0001:00005980       ??1_Mutex_base@std@@QEAA@XZ 0000000180006980 f i V8EngineProxy.obj
 0001:00005990       ??0_StringItem@@QEAA@PEAVV8EngineProxy@@PEAVString@v8@@@Z 0000000180006990 f   V8EngineProxy.obj
 0001:00005a00       ?IsDisposed@V8EngineProxy@@SA_NH@Z 0000000180006a00 f   V8EngineProxy.obj
 0001:00005a80       ??0V8EngineProxy@@QEAA@_NP6AXXZH@Z 0000000180006a80 f   V8EngineProxy.obj
 0001:00005cd0       ??1recursive_mutex@std@@QEAA@XZ 0000000180006cd0 f i V8EngineProxy.obj
 0001:00005cf0       ??1V8EngineProxy@@QEAA@XZ  0000000180006cf0 f   V8EngineProxy.obj
 0001:000060f0       ?GetNativeString@V8EngineProxy@@QEAA?AU_StringItem@@PEAVString@v8@@@Z 00000001800070f0 f   V8EngineProxy.obj
 0001:00006220       ?GetHandleProxy@V8EngineProxy@@QEAAPEAUHandleProxy@@V?$Handle@VValue@v8@@@v8@@@Z 0000000180007220 f   V8EngineProxy.obj
 0001:00006400       ?DisposeHandleProxy@V8EngineProxy@@QEAAXPEAUHandleProxy@@@Z 0000000180007400 f   V8EngineProxy.obj
 0001:00006490       ?SetGlobalObjectTemplate@V8EngineProxy@@QEAAPEAUHandleProxy@@PEAVObjectTemplateProxy@@@Z 0000000180007490 f   V8EngineProxy.obj
 0001:000065b0       ?_GetErrorMessage@@YA?AV?$Local@VString@v8@@@v8@@AEAVTryCatch@2@@Z 00000001800075b0 f   V8EngineProxy.obj
 0001:00006990       ?Execute@V8EngineProxy@@QEAAPEAUHandleProxy@@PEBGPEAG@Z 0000000180007990 f   V8EngineProxy.obj
 0001:00006ac0       ?Execute@V8EngineProxy@@QEAAPEAUHandleProxy@@V?$Handle@VScript@v8@@@v8@@@Z 0000000180007ac0 f   V8EngineProxy.obj
 0001:00006b80       ?Compile@V8EngineProxy@@QEAAPEAUHandleProxy@@PEBGPEAG@Z 0000000180007b80 f   V8EngineProxy.obj
 0001:00006d50       ?CreateError@V8EngineProxy@@QEAAPEAUHandleProxy@@PEBGW4JSValueType@@@Z 0000000180007d50 f   V8EngineProxy.obj
 0001:00006de0       ?CreateArray@V8EngineProxy@@QEAAPEAUHandleProxy@@PEAPEAU2@G@Z 0000000180007de0 f   V8EngineProxy.obj
 0001:00007010       ?CreateArray@V8EngineProxy@@QEAAPEAUHandleProxy@@PEAPEAGG@Z 0000000180008010 f   V8EngineProxy.obj
 0001:000070c0       ?resize@?$vector@_NV?$allocator@_N@std@@@std@@QEAAX_K_N@Z 00000001800080c0 f i V8EngineProxy.obj
 0001:00007240       ?clear@?$vector@_NV?$allocator@_N@std@@@std@@QEAAXXZ 0000000180008240 f i V8EngineProxy.obj
 0001:000072e0       ??1?$vector@U_StringItem@@V?$allocator@U_StringItem@@@std@@@std@@QEAA@XZ 00000001800082e0 f i V8EngineProxy.obj
 0001:000072e0       ??1?$vector@HV?$allocator@H@std@@@std@@QEAA@XZ 00000001800082e0 f i V8EngineProxy.obj
 0001:000072e0       ??1?$vector@IV?$allocator@_N@std@@@std@@QEAA@XZ 00000001800082e0 f i V8EngineProxy.obj
 0001:000072e0       ??1?$vector@PEAUHandleProxy@@V?$allocator@PEAUHandleProxy@@@std@@@std@@QEAA@XZ 00000001800082e0 f i V8EngineProxy.obj
 0001:00007310       ?push_back@?$vector@U_StringItem@@V?$allocator@U_StringItem@@@std@@@std@@QEAAXAEBU_StringItem@@@Z 0000000180008310 f i V8EngineProxy.obj
 0001:000073e0       ?push_back@?$vector@HV?$allocator@H@std@@@std@@QEAAXAEBH@Z 00000001800083e0 f i V8EngineProxy.obj
 0001:00007470       ?erase@?$vector@_NV?$allocator@_N@std@@@std@@QEAA?AV?$_Vb_iterator@U?$_Wrap_alloc@V?$allocator@I@std@@@std@@@2@V?$_Vb_const_iterator@U?$_Wrap_alloc@V?$allocator@I@std@@@std@@@2@0@Z 0000000180008470 f i V8EngineProxy.obj
 0001:00007700       ?_Insert_n@?$vector@_NV?$allocator@_N@std@@@std@@QEAA?AV?$_Vb_iterator@U?$_Wrap_alloc@V?$allocator@I@std@@@std@@@2@V?$_Vb_const_iterator@U?$_Wrap_alloc@V?$allocator@I@std@@@std@@@2@_KAEB_N@Z 0000000180008700 f i V8EngineProxy.obj
 0001:000078c0       ?_Trim@?$vector@_NV?$allocator@_N@std@@@std@@QEAAX_K@Z 00000001800088c0 f i V8EngineProxy.obj
 0001:00007970       ??1?$_Vb_val@V?$allocator@_N@std@@@std@@QEAA@XZ 0000000180008970 f i V8EngineProxy.obj
 0001:000079c0       ?_Construct_n@?$vector@U_StringItem@@V?$allocator@U_StringItem@@@std@@@std@@QEAAX_KPEBU_StringItem@@@Z 00000001800089c0 f i V8EngineProxy.obj
 0001:00007a50       ?_Reserve@?$vector@U_StringItem@@V?$allocator@U_StringItem@@@std@@@std@@IEAAX_K@Z 0000000180008a50 f i V8EngineProxy.obj
 0001:00007b20       ?_Construct_n@?$vector@PEAUHandleProxy@@V?$allocator@PEAUHandleProxy@@@std@@@std@@QEAAX_KPEBQEAUHandleProxy@@@Z 0000000180008b20 f i V8EngineProxy.obj
 0001:00007bc0       ?_Reserve@?$vector@PEAUHandleProxy@@V?$allocator@PEAUHandleProxy@@@std@@@std@@IEAAX_K@Z 0000000180008bc0 f i V8EngineProxy.obj
 0001:00007c50       ?_Construct_n@?$vector@HV?$allocator@H@std@@@std@@QEAAX_KPEBH@Z 0000000180008c50 f i V8EngineProxy.obj
 0001:00007cf0       ?_Reserve@?$vector@HV?$allocator@H@std@@@std@@IEAAX_K@Z 0000000180008cf0 f i V8EngineProxy.obj
 0001:00007d80       ?_Insert_x@?$vector@_NV?$allocator@_N@std@@@std@@QEAA_KV?$_Vb_const_iterator@U?$_Wrap_alloc@V?$allocator@I@std@@@std@@@2@_K@Z 0000000180008d80 f i V8EngineProxy.obj
 0001:00008010       ?_Reallocate@?$vector@U_StringItem@@V?$allocator@U_StringItem@@@std@@@std@@IEAAX_K@Z 0000000180009010 f i V8EngineProxy.obj
 0001:000080f0       ?_Reallocate@?$vector@PEAUHandleProxy@@V?$allocator@PEAUHandleProxy@@@std@@@std@@IEAAX_K@Z 00000001800090f0 f i V8EngineProxy.obj
 0001:000081c0       ?_Reallocate@?$vector@HV?$allocator@H@std@@@std@@IEAAX_K@Z 00000001800091c0 f i V8EngineProxy.obj
 0001:00008290       ?_Construct_n@?$vector@IV?$allocator@_N@std@@@std@@QEAAX_KPEBI@Z 0000000180009290 f i V8EngineProxy.obj
 0001:00008360       ?_Insert_n@?$vector@IV?$allocator@_N@std@@@std@@IEAA?AV?$_Vector_iterator@V?$_Vector_val@U?$_Simple_types@I@std@@@std@@@2@V?$_Vector_const_iterator@V?$_Vector_val@U?$_Simple_types@I@std@@@std@@@2@_KAEBI@Z 0000000180009360 f i V8EngineProxy.obj
 0001:000086c0       ??0?$_Wrap_alloc@V?$allocator@I@std@@@std@@QEAA@XZ 00000001800096c0 f i V8EngineProxy.obj
 0001:000086d0       ??$_Uninit_fill_n@PEAU_StringItem@@_KU1@V?$allocator@U_StringItem@@@std@@U1@@std@@YAXPEAU_StringItem@@_KPEBU1@AEAU?$_Wrap_alloc@V?$allocator@U_StringItem@@@std@@@0@0U_Nonscalar_ptr_iterator_tag@0@@Z 00000001800096d0 f i V8EngineProxy.obj
 0001:00008720       ??$_Uninit_move@PEAU_StringItem@@PEAU1@V?$allocator@U_StringItem@@@std@@U1@@std@@YAPEAU_StringItem@@PEAU1@00AEAU?$_Wrap_alloc@V?$allocator@U_StringItem@@@std@@@0@0U_Nonscalar_ptr_iterator_tag@0@@Z 0000000180009720 f i V8EngineProxy.obj
 0001:00008780       ??1HandleValue@@QEAA@XZ    0000000180009780 f   ValueProxy.obj
 0001:000087b4       ??_U@YAPEAX_K@Z            00000001800097b4 f   msvcprt:newaop_s.obj
 0001:000087d0       __security_check_cookie    00000001800097d0 f   MSVCRT:amdsecgs.obj
 0001:000087f0       ??1exception@std@@UEAA@XZ  00000001800097f0 f   MSVCRT:MSVCR110.dll
 0001:000087f6       ??0exception@std@@QEAA@AEBV01@@Z 00000001800097f6 f   MSVCRT:MSVCR110.dll
 0001:000087fc       ??3@YAXPEAX@Z              00000001800097fc f   MSVCRT:MSVCR110.dll
 0001:00008804       ??_Etype_info@@UEAAPEAXI@Z 0000000180009804 f i MSVCRT:ti_inst.obj
 0001:0000886e       ??2@YAPEAX_K@Z             000000018000986e f   MSVCRT:MSVCR110.dll
 0001:00008874       __atonexitinit             0000000180009874 f   MSVCRT:atonexit.obj
 0001:000088c4       _onexit                    00000001800098c4 f   MSVCRT:atonexit.obj
 0001:00008974       atexit                     0000000180009974 f   MSVCRT:atonexit.obj
 0001:000089ec       _CRT_INIT                  00000001800099ec f   MSVCRT:crtdll.obj
 0001:00008c38       _DllMainCRTStartup         0000000180009c38 f   MSVCRT:crtdll.obj
 0001:00008db0       __raise_securityfailure    0000000180009db0 f   MSVCRT:gs_report.obj
 0001:00008dfc       __report_gsfailure         0000000180009dfc f   MSVCRT:gs_report.obj
 0001:00008ed0       ??_M@YAXPEAX_KHP6AX0@Z@Z   0000000180009ed0 f   MSVCRT:ehvecdtr.obj
 0001:00008f30       ?__ArrayUnwind@@YAXPEAX_KHP6AX0@Z@Z 0000000180009f30 f   MSVCRT:ehvecdtr.obj
 0001:00008f7a       _lock                      0000000180009f7a f   MSVCRT:MSVCR110.dll
 0001:00008f80       _unlock                    0000000180009f80 f   MSVCRT:MSVCR110.dll
 0001:00008f86       __dllonexit                0000000180009f86 f   MSVCRT:MSVCR110.dll
 0001:00008f8c       __C_specific_handler       0000000180009f8c f   MSVCRT:MSVCR110.dll
 0001:00008f92       __CppXcptFilter            0000000180009f92 f   MSVCRT:MSVCR110.dll
 0001:00008f98       _amsg_exit                 0000000180009f98 f   MSVCRT:MSVCR110.dll
 0001:00008fa0       _FindPESection             0000000180009fa0 f   MSVCRT:pesect.obj
 0001:00008ff0       _IsNonwritableInCurrentImage 0000000180009ff0 f   MSVCRT:pesect.obj
 0001:00009040       _ValidateImageBase         000000018000a040 f   MSVCRT:pesect.obj
 0001:00009070       __security_init_cookie     000000018000a070 f   MSVCRT:gs_support.obj
 0001:0000911c       DllMain                    000000018000a11c f   MSVCRT:dllmain.obj
 0001:00009140       _RTC_Initialize            000000018000a140 f   MSVCRT:initsect.obj
 0001:00009178       _RTC_Terminate             000000018000a178 f   MSVCRT:initsect.obj
 0001:000091b0       _initterm                  000000018000a1b0 f   MSVCRT:MSVCR110.dll
 0001:000091b6       _initterm_e                000000018000a1b6 f   MSVCRT:MSVCR110.dll
 0001:000091bc       __clean_type_info_names    000000018000a1bc f   MSVCRT:tncleanup.obj
 0001:000091c8       __crt_debugger_hook        000000018000a1c8 f   MSVCRT:MSVCR110.dll
 0001:000091ce       __crtUnhandledException    000000018000a1ce f   MSVCRT:MSVCR110.dll
 0001:000091d4       __crtTerminateProcess      000000018000a1d4 f   MSVCRT:MSVCR110.dll
 0001:000091da       __crtCapturePreviousContext 000000018000a1da f   MSVCRT:MSVCR110.dll
 0001:000091e0       ?terminate@@YAXXZ          000000018000a1e0 f   MSVCRT:MSVCR110.dll
 0001:000091e6       ?_type_info_dtor_internal_method@type_info@@QEAAXXZ 000000018000a1e6 f   MSVCRT:MSVCR110.dll
 0001:000091e6       ??1type_info@@UEAA@XZ      000000018000a1e6 f   MSVCRT:MSVCR110.dll
 0001:000091ec       __clean_type_info_names_internal 000000018000a1ec f   MSVCRT:MSVCR110.dll
 0001:000091f2       IsProcessorFeaturePresent  000000018000a1f2 f   kernel32:KERNEL32.dll
 0001:000091f8       _CxxThrowException         000000018000a1f8 f   MSVCRT:MSVCR110.dll
 0001:000091fe       __CxxFrameHandler3         000000018000a1fe f   MSVCRT:MSVCR110.dll
 0001:00009204       memset                     000000018000a204 f   MSVCRT:MSVCR110.dll
 0002:00000000       __imp_GlobalAlloc          000000018000c000     kernel32:KERNEL32.dll
 0002:00000008       __imp_GlobalReAlloc        000000018000c008     kernel32:KERNEL32.dll
 0002:00000010       __imp_DisableThreadLibraryCalls 000000018000c010     kernel32:KERNEL32.dll
 0002:00000018       __imp_GetSystemTimeAsFileTime 000000018000c018     kernel32:KERNEL32.dll
 0002:00000020       __imp_GetCurrentThreadId   000000018000c020     kernel32:KERNEL32.dll
 0002:00000028       __imp_GetCurrentProcessId  000000018000c028     kernel32:KERNEL32.dll
 0002:00000030       __imp_QueryPerformanceCounter 000000018000c030     kernel32:KERNEL32.dll
 0002:00000038       __imp_IsProcessorFeaturePresent 000000018000c038     kernel32:KERNEL32.dll
 0002:00000040       __imp_IsDebuggerPresent    000000018000c040     kernel32:KERNEL32.dll
 0002:00000048       __imp_DecodePointer        000000018000c048     kernel32:KERNEL32.dll
 0002:00000050       __imp_EncodePointer        000000018000c050     kernel32:KERNEL32.dll
 0002:00000058       __imp_GlobalFree           000000018000c058     kernel32:KERNEL32.dll
 0002:00000060       \177KERNEL32_NULL_THUNK_DATA 000000018000c060     kernel32:KERNEL32.dll
 0002:00000068       __imp_?_Throw_C_error@std@@YAXH@Z 000000018000c068     msvcprt:MSVCP110.dll
 0002:00000070       __imp__Mtx_lock            000000018000c070     msvcprt:MSVCP110.dll
 0002:00000078       __imp_?_Xbad_alloc@std@@YAXXZ 000000018000c078     msvcprt:MSVCP110.dll
 0002:00000080       __imp_?_Xout_of_range@std@@YAXPEBD@Z 000000018000c080     msvcprt:MSVCP110.dll
 0002:00000088       __imp_?_Xlength_error@std@@YAXPEBD@Z 000000018000c088     msvcprt:MSVCP110.dll
 0002:00000090       __imp__Mtx_destroy         000000018000c090     msvcprt:MSVCP110.dll
 0002:00000098       __imp__Mtx_init            000000018000c098     msvcprt:MSVCP110.dll
 0002:000000a0       __imp__Mtx_unlock          000000018000c0a0     msvcprt:MSVCP110.dll
 0002:000000a8       \177MSVCP110_NULL_THUNK_DATA 000000018000c0a8     msvcprt:MSVCP110.dll
 0002:000000b0       __imp_free                 000000018000c0b0     MSVCRT:MSVCR110.dll
 0002:000000b8       __imp__amsg_exit           000000018000c0b8     MSVCRT:MSVCR110.dll
 0002:000000c0       __imp___CppXcptFilter      000000018000c0c0     MSVCRT:MSVCR110.dll
 0002:000000c8       __imp_?_type_info_dtor_internal_method@type_info@@QEAAXXZ 000000018000c0c8     MSVCRT:MSVCR110.dll
 0002:000000d0       __imp___C_specific_handler 000000018000c0d0     MSVCRT:MSVCR110.dll
 0002:000000d8       __imp___dllonexit          000000018000c0d8     MSVCRT:MSVCR110.dll
 0002:000000e0       __imp__calloc_crt          000000018000c0e0     MSVCRT:MSVCR110.dll
 0002:000000e8       __imp__unlock              000000018000c0e8     MSVCRT:MSVCR110.dll
 0002:000000f0       __imp__malloc_crt          000000018000c0f0     MSVCRT:MSVCR110.dll
 0002:000000f8       __imp_memmove              000000018000c0f8     MSVCRT:MSVCR110.dll
 0002:00000100       __imp_?what@exception@std@@UEBAPEBDXZ 000000018000c100     MSVCRT:MSVCR110.dll
 0002:00000108       __imp_??2@YAPEAX_K@Z       000000018000c108     MSVCRT:MSVCR110.dll
 0002:00000110       __imp_??3@YAXPEAX@Z        000000018000c110     MSVCRT:MSVCR110.dll
 0002:00000118       __imp_??_V@YAXPEAX@Z       000000018000c118     MSVCRT:MSVCR110.dll
 0002:00000120       __imp_??0exception@std@@QEAA@AEBV01@@Z 000000018000c120     MSVCRT:MSVCR110.dll
 0002:00000128       __imp_??0exception@std@@QEAA@AEBQEBD@Z 000000018000c128     MSVCRT:MSVCR110.dll
 0002:00000130       __imp_??1exception@std@@UEAA@XZ 000000018000c130     MSVCRT:MSVCR110.dll
 0002:00000138       __imp__initterm            000000018000c138     MSVCRT:MSVCR110.dll
 0002:00000140       __imp__initterm_e          000000018000c140     MSVCRT:MSVCR110.dll
 0002:00000148       __imp___crt_debugger_hook  000000018000c148     MSVCRT:MSVCR110.dll
 0002:00000150       __imp___crtUnhandledException 000000018000c150     MSVCRT:MSVCR110.dll
 0002:00000158       __imp___crtTerminateProcess 000000018000c158     MSVCRT:MSVCR110.dll
 0002:00000160       __imp___crtCapturePreviousContext 000000018000c160     MSVCRT:MSVCR110.dll
 0002:00000168       __imp__lock                000000018000c168     MSVCRT:MSVCR110.dll
 0002:00000170       __imp_?terminate@@YAXXZ    000000018000c170     MSVCRT:MSVCR110.dll
 0002:00000178       __imp___clean_type_info_names_internal 000000018000c178     MSVCRT:MSVCR110.dll
 0002:00000180       __imp__CxxThrowException   000000018000c180     MSVCRT:MSVCR110.dll
 0002:00000188       __imp__onexit              000000018000c188     MSVCRT:MSVCR110.dll
 0002:00000190       __imp_memset               000000018000c190     MSVCRT:MSVCR110.dll
 0002:00000198       __imp___CxxFrameHandler3   000000018000c198     MSVCRT:MSVCR110.dll
 0002:000001a0       \177MSVCR110_NULL_THUNK_DATA 000000018000c1a0     MSVCRT:MSVCR110.dll
 0002:000001a8       __imp_?Holder@?$FunctionCallbackInfo@VValue@v8@@@v8@@QEBA?AV?$Local@VObject@v8@@@2@XZ 000000018000c1a8     v8-x64:v8-x64.dll
 0002:000001b0       __imp_??A?$FunctionCallbackInfo@VValue@v8@@@v8@@QEBA?AV?$Local@VValue@v8@@@1@H@Z 000000018000c1b0     v8-x64:v8-x64.dll
 0002:000001b8       __imp_?Length@?$FunctionCallbackInfo@VValue@v8@@@v8@@QEBAHXZ 000000018000c1b8     v8-x64:v8-x64.dll
 0002:000001c0       __imp_?Set@Template@v8@@QEAAXV?$Handle@VString@v8@@@2@V?$Handle@VData@v8@@@2@W4PropertyAttribute@2@@Z 000000018000c1c0     v8-x64:v8-x64.dll
 0002:000001c8       __imp_?NewInstance@Function@v8@@QEBA?AV?$Local@VObject@v8@@@2@HQEAV?$Handle@VValue@v8@@@2@@Z 000000018000c1c8     v8-x64:v8-x64.dll
 0002:000001d0       __imp_?Value@External@v8@@QEBAPEAXXZ 000000018000c1d0     v8-x64:v8-x64.dll
 0002:000001d8       __imp_?ThrowException@v8@@YA?AV?$Handle@VValue@v8@@@1@V21@@Z 000000018000c1d8     v8-x64:v8-x64.dll
 0002:000001e0       __imp_?ClearWeak@V8@v8@@CAXPEAPEAVObject@internal@2@@Z 000000018000c1e0     v8-x64:v8-x64.dll
 0002:000001e8       __imp_?MakeWeak@V8@v8@@CAXPEAPEAVObject@internal@2@PEAXP6AXPEAVIsolate@2@PEAV?$Persistent@VValue@v8@@@2@1@Z@Z 000000018000c1e8     v8-x64:v8-x64.dll
 0002:000001f0       __imp_?Int32Value@Value@v8@@QEBAHXZ 000000018000c1f0     v8-x64:v8-x64.dll
 0002:000001f8       __imp_?NumberValue@Value@v8@@QEBANXZ 000000018000c1f8     v8-x64:v8-x64.dll
 0002:00000200       __imp_?BooleanValue@Value@v8@@QEBA_NXZ 000000018000c200     v8-x64:v8-x64.dll
 0002:00000208       __imp_?IsRegExp@Value@v8@@QEBA_NXZ 000000018000c208     v8-x64:v8-x64.dll
 0002:00000210       __imp_?IsNativeError@Value@v8@@QEBA_NXZ 000000018000c210     v8-x64:v8-x64.dll
 0002:00000218       __imp_?IsStringObject@Value@v8@@QEBA_NXZ 000000018000c218     v8-x64:v8-x64.dll
 0002:00000220       __imp_?IsNumberObject@Value@v8@@QEBA_NXZ 000000018000c220     v8-x64:v8-x64.dll
 0002:00000228       __imp_?IsBooleanObject@Value@v8@@QEBA_NXZ 000000018000c228     v8-x64:v8-x64.dll
 0002:00000230       __imp_?IsDate@Value@v8@@QEBA_NXZ 000000018000c230     v8-x64:v8-x64.dll
 0002:00000238       __imp_?IsInt32@Value@v8@@QEBA_NXZ 000000018000c238     v8-x64:v8-x64.dll
 0002:00000240       __imp_?IsExternal@Value@v8@@QEBA_NXZ 000000018000c240     v8-x64:v8-x64.dll
 0002:00000248       __imp_?IsNumber@Value@v8@@QEBA_NXZ 000000018000c248     v8-x64:v8-x64.dll
 0002:00000250       __imp_?IsBoolean@Value@v8@@QEBA_NXZ 000000018000c250     v8-x64:v8-x64.dll
 0002:00000258       __imp_?IsFalse@Value@v8@@QEBA_NXZ 000000018000c258     v8-x64:v8-x64.dll
 0002:00000260       __imp_?IsTrue@Value@v8@@QEBA_NXZ 000000018000c260     v8-x64:v8-x64.dll
 0002:00000268       __imp_?CreateHandle@HandleScope@v8@@SAPEAPEAVObject@internal@2@PEAV342@@Z 000000018000c268     v8-x64:v8-x64.dll
 0002:00000270       __imp_?SlowGetInternalField@Object@v8@@AEAA?AV?$Local@VValue@v8@@@2@H@Z 000000018000c270     v8-x64:v8-x64.dll
 0002:00000278       __imp_?GetHiddenValue@Object@v8@@QEAA?AV?$Local@VValue@v8@@@2@V?$Handle@VString@v8@@@2@@Z 000000018000c278     v8-x64:v8-x64.dll
 0002:00000280       __imp_?Has@Object@v8@@QEAA_NV?$Handle@VValue@v8@@@2@@Z 000000018000c280     v8-x64:v8-x64.dll
 0002:00000288       __imp_?False@v8@@YA?AV?$Handle@VBoolean@v8@@@1@XZ 000000018000c288     v8-x64:v8-x64.dll
 0002:00000290       __imp_?SlowGetAlignedPointerFromInternalField@Object@v8@@AEAAPEAXH@Z 000000018000c290     v8-x64:v8-x64.dll
 0002:00000298       __imp_?IsConstructCall@?$FunctionCallbackInfo@VValue@v8@@@v8@@QEBA_NXZ 000000018000c298     v8-x64:v8-x64.dll
 0002:000002a0       __imp_?SetCallAsFunctionHandler@ObjectTemplate@v8@@QEAAXP6AXAEBV?$FunctionCallbackInfo@VValue@v8@@@2@@ZV?$Handle@VValue@v8@@@2@@Z 000000018000c2a0     v8-x64:v8-x64.dll
 0002:000002a8       __imp_?SetIndexedPropertyHandler@ObjectTemplate@v8@@QEAAXP6AXIAEBV?$PropertyCallbackInfo@VValue@v8@@@2@@ZP6AXIV?$Local@VValue@v8@@@2@0@ZP6AXIAEBV?$PropertyCallbackInfo@VInteger@v8@@@2@@ZP6AXIAEBV?$PropertyCallbackInfo@VBoolean@v8@@@2@@ZP6AXAEBV?$PropertyCallbackInfo@VArray@v8@@@2@@ZV?$Handle@VValue@v8@@@2@@Z 000000018000c2a8     v8-x64:v8-x64.dll
 0002:000002b0       __imp_?SetNamedPropertyHandler@ObjectTemplate@v8@@QEAAXP6AXV?$Local@VString@v8@@@2@AEBV?$PropertyCallbackInfo@VValue@v8@@@2@@ZP6AX0V?$Local@VValue@v8@@@2@1@ZP6AX0AEBV?$PropertyCallbackInfo@VInteger@v8@@@2@@ZP6AX0AEBV?$PropertyCallbackInfo@VBoolean@v8@@@2@@ZP6AXAEBV?$PropertyCallbackInfo@VArray@v8@@@2@@ZV?$Handle@VValue@v8@@@2@@Z 000000018000c2b0     v8-x64:v8-x64.dll
 0002:000002b8       __imp_?SetAccessor@ObjectTemplate@v8@@QEAAXV?$Handle@VString@v8@@@2@P6AXV?$Local@VString@v8@@@2@AEBV?$PropertyCallbackInfo@VValue@v8@@@2@@ZP6AX1V?$Local@VValue@v8@@@2@AEBV?$PropertyCallbackInfo@X@2@@ZV?$Handle@VValue@v8@@@2@W4AccessControl@2@W4PropertyAttribute@2@V?$Handle@VAccessorSignature@v8@@@2@@Z 000000018000c2b8     v8-x64:v8-x64.dll
 0002:000002c0       __imp_?NewInstance@ObjectTemplate@v8@@QEAA?AV?$Local@VObject@v8@@@2@XZ 000000018000c2c0     v8-x64:v8-x64.dll
 0002:000002c8       __imp_?New@ObjectTemplate@v8@@SA?AV?$Local@VObjectTemplate@v8@@@2@XZ 000000018000c2c8     v8-x64:v8-x64.dll
 0002:000002d0       __imp_?GetReturnValue@?$PropertyCallbackInfo@VValue@v8@@@v8@@QEBA?AV?$ReturnValue@VValue@v8@@@2@XZ 000000018000c2d0     v8-x64:v8-x64.dll
 0002:000002d8       __imp_?Holder@?$PropertyCallbackInfo@VValue@v8@@@v8@@QEBA?AV?$Local@VObject@v8@@@2@XZ 000000018000c2d8     v8-x64:v8-x64.dll
 0002:000002e0       __imp_?This@?$PropertyCallbackInfo@VValue@v8@@@v8@@QEBA?AV?$Local@VObject@v8@@@2@XZ 000000018000c2e0     v8-x64:v8-x64.dll
 0002:000002e8       __imp_?Data@?$PropertyCallbackInfo@VValue@v8@@@v8@@QEBA?AV?$Local@VValue@v8@@@2@XZ 000000018000c2e8     v8-x64:v8-x64.dll
 0002:000002f0       __imp_?GetIsolate@?$PropertyCallbackInfo@VValue@v8@@@v8@@QEBAPEAVIsolate@2@XZ 000000018000c2f0     v8-x64:v8-x64.dll
 0002:000002f8       __imp_?True@v8@@YA?AV?$Handle@VBoolean@v8@@@1@XZ 000000018000c2f8     v8-x64:v8-x64.dll
 0002:00000300       __imp_?Message@TryCatch@v8@@QEBA?AV?$Local@VMessage@v8@@@2@XZ 000000018000c300     v8-x64:v8-x64.dll
 0002:00000308       __imp_?StackTrace@TryCatch@v8@@QEBA?AV?$Local@VValue@v8@@@2@XZ 000000018000c308     v8-x64:v8-x64.dll
 0002:00000310       __imp_?Exception@TryCatch@v8@@QEBA?AV?$Local@VValue@v8@@@2@XZ 000000018000c310     v8-x64:v8-x64.dll
 0002:00000318       __imp_?HasCaught@TryCatch@v8@@QEBA_NXZ 000000018000c318     v8-x64:v8-x64.dll
 0002:00000320       __imp_??1TryCatch@v8@@QEAA@XZ 000000018000c320     v8-x64:v8-x64.dll
 0002:00000328       __imp_??0TryCatch@v8@@QEAA@XZ 000000018000c328     v8-x64:v8-x64.dll
 0002:00000330       __imp_?GetStartColumn@Message@v8@@QEBAHXZ 000000018000c330     v8-x64:v8-x64.dll
 0002:00000338       __imp_?GetLineNumber@Message@v8@@QEBAHXZ 000000018000c338     v8-x64:v8-x64.dll
 0002:00000340       __imp_?New@Context@v8@@SA?AV?$Local@VContext@v8@@@2@PEAVIsolate@2@PEAVExtensionConfiguration@2@V?$Handle@VObjectTemplate@v8@@@2@V?$Handle@VValue@v8@@@2@@Z 000000018000c340     v8-x64:v8-x64.dll
 0002:00000348       __imp_?Global@Context@v8@@QEAA?AV?$Local@VObject@v8@@@2@XZ 000000018000c348     v8-x64:v8-x64.dll
 0002:00000350       __imp_?Null@v8@@YA?AV?$Handle@VPrimitive@v8@@@1@XZ 000000018000c350     v8-x64:v8-x64.dll
 0002:00000358       __imp_?New@Date@v8@@SA?AV?$Local@VValue@v8@@@2@N@Z 000000018000c358     v8-x64:v8-x64.dll
 0002:00000360       __imp_?Run@Script@v8@@QEAA?AV?$Local@VValue@v8@@@2@XZ 000000018000c360     v8-x64:v8-x64.dll
 0002:00000368       __imp_?Compile@Script@v8@@SA?AV?$Local@VScript@v8@@@2@V?$Handle@VString@v8@@@2@V?$Handle@VValue@v8@@@2@0@Z 000000018000c368     v8-x64:v8-x64.dll
 0002:00000370       __imp_?Initialize@V8@v8@@SA_NXZ 000000018000c370     v8-x64:v8-x64.dll
 0002:00000378       __imp_?Equals@Value@v8@@QEBA_NV?$Handle@VValue@v8@@@2@@Z 000000018000c378     v8-x64:v8-x64.dll
 0002:00000380       __imp_?ToObject@Value@v8@@QEBA?AV?$Local@VObject@v8@@@2@XZ 000000018000c380     v8-x64:v8-x64.dll
 0002:00000388       __imp_?Concat@String@v8@@SA?AV?$Local@VString@v8@@@2@V?$Handle@VString@v8@@@2@0@Z 000000018000c388     v8-x64:v8-x64.dll
 0002:00000390       __imp_?Write@String@v8@@QEBAHPEAGHHH@Z 000000018000c390     v8-x64:v8-x64.dll
 0002:00000398       __imp_?Length@String@v8@@QEBAHXZ 000000018000c398     v8-x64:v8-x64.dll
 0002:000003a0       __imp_?New@Number@v8@@SA?AV?$Local@VNumber@v8@@@2@N@Z 000000018000c3a0     v8-x64:v8-x64.dll
 0002:000003a8       __imp_?New@Object@v8@@SA?AV?$Local@VObject@v8@@@2@XZ 000000018000c3a8     v8-x64:v8-x64.dll
 0002:000003b0       __imp_?Dispose@Isolate@v8@@QEAAXXZ 000000018000c3b0     v8-x64:v8-x64.dll
 0002:000003b8       __imp_?New@Isolate@v8@@SAPEAV12@XZ 000000018000c3b8     v8-x64:v8-x64.dll
 0002:000003c0       __imp_?Data@?$FunctionCallbackInfo@VValue@v8@@@v8@@QEBA?AV?$Local@VValue@v8@@@2@XZ 000000018000c3c0     v8-x64:v8-x64.dll
 0002:000003c8       __imp_?GetReturnValue@?$FunctionCallbackInfo@VValue@v8@@@v8@@QEBA?AV?$ReturnValue@VValue@v8@@@2@XZ 000000018000c3c8     v8-x64:v8-x64.dll
 0002:000003d0       __imp_?Error@Exception@v8@@SA?AV?$Local@VValue@v8@@@2@V?$Handle@VString@v8@@@2@@Z 000000018000c3d0     v8-x64:v8-x64.dll
 0002:000003d8       __imp_?New@FunctionTemplate@v8@@SA?AV?$Local@VFunctionTemplate@v8@@@2@P6AXAEBV?$FunctionCallbackInfo@VValue@v8@@@2@@ZV?$Handle@VValue@v8@@@2@V?$Handle@VSignature@v8@@@2@H@Z 000000018000c3d8     v8-x64:v8-x64.dll
 0002:000003e0       __imp_?GetFunction@FunctionTemplate@v8@@QEAA?AV?$Local@VFunction@v8@@@2@XZ 000000018000c3e0     v8-x64:v8-x64.dll
 0002:000003e8       __imp_?InstanceTemplate@FunctionTemplate@v8@@QEAA?AV?$Local@VObjectTemplate@v8@@@2@XZ 000000018000c3e8     v8-x64:v8-x64.dll
 0002:000003f0       __imp_?PrototypeTemplate@FunctionTemplate@v8@@QEAA?AV?$Local@VObjectTemplate@v8@@@2@XZ 000000018000c3f0     v8-x64:v8-x64.dll
 0002:000003f8       __imp_?SetClassName@FunctionTemplate@v8@@QEAAXV?$Handle@VString@v8@@@2@@Z 000000018000c3f8     v8-x64:v8-x64.dll
 0002:00000400       __imp_?ToString@Value@v8@@QEBA?AV?$Local@VString@v8@@@2@XZ 000000018000c400     v8-x64:v8-x64.dll
 0002:00000408       __imp_?GlobalizeReference@V8@v8@@CAPEAPEAVObject@internal@2@PEAVIsolate@42@PEAPEAV342@@Z 000000018000c408     v8-x64:v8-x64.dll
 0002:00000410       __imp_?DisposeGlobal@V8@v8@@CAXPEAPEAVObject@internal@2@@Z 000000018000c410     v8-x64:v8-x64.dll
 0002:00000418       __imp_??0Scope@Isolate@v8@@QEAA@PEAV12@@Z 000000018000c418     v8-x64:v8-x64.dll
 0002:00000420       __imp_??1Scope@Isolate@v8@@QEAA@XZ 000000018000c420     v8-x64:v8-x64.dll
 0002:00000428       __imp_?New@External@v8@@SA?AV?$Local@VExternal@v8@@@2@PEAX@Z 000000018000c428     v8-x64:v8-x64.dll
 0002:00000430       __imp_?GetCurrent@Isolate@v8@@SAPEAV12@XZ 000000018000c430     v8-x64:v8-x64.dll
 0002:00000438       __imp_?Call@Function@v8@@QEAA?AV?$Local@VValue@v8@@@2@V?$Handle@VObject@v8@@@2@HQEAV?$Handle@VValue@v8@@@2@@Z 000000018000c438     v8-x64:v8-x64.dll
 0002:00000440       __imp_?New@Integer@v8@@SA?AV?$Local@VInteger@v8@@@2@H@Z 000000018000c440     v8-x64:v8-x64.dll
 0002:00000448       __imp_?Set@Object@v8@@QEAA_NIV?$Handle@VValue@v8@@@2@@Z 000000018000c448     v8-x64:v8-x64.dll
 0002:00000450       __imp_?Set@Object@v8@@QEAA_NV?$Handle@VValue@v8@@@2@0W4PropertyAttribute@2@@Z 000000018000c450     v8-x64:v8-x64.dll
 0002:00000458       __imp_?Get@Object@v8@@QEAA?AV?$Local@VValue@v8@@@2@I@Z 000000018000c458     v8-x64:v8-x64.dll
 0002:00000460       __imp_?Get@Object@v8@@QEAA?AV?$Local@VValue@v8@@@2@V?$Handle@VValue@v8@@@2@@Z 000000018000c460     v8-x64:v8-x64.dll
 0002:00000468       __imp_?GetPropertyAttributes@Object@v8@@QEAA?AW4PropertyAttribute@2@V?$Handle@VValue@v8@@@2@@Z 000000018000c468     v8-x64:v8-x64.dll
 0002:00000470       __imp_?Delete@Object@v8@@QEAA_NI@Z 000000018000c470     v8-x64:v8-x64.dll
 0002:00000478       __imp_?Delete@Object@v8@@QEAA_NV?$Handle@VValue@v8@@@2@@Z 000000018000c478     v8-x64:v8-x64.dll
 0002:00000480       __imp_?SetAccessor@Object@v8@@QEAA_NV?$Handle@VString@v8@@@2@P6AXV?$Local@VString@v8@@@2@AEBV?$PropertyCallbackInfo@VValue@v8@@@2@@ZP6AX1V?$Local@VValue@v8@@@2@AEBV?$PropertyCallbackInfo@X@2@@ZV?$Handle@VValue@v8@@@2@W4AccessControl@2@W4PropertyAttribute@2@@Z 000000018000c480     v8-x64:v8-x64.dll
 0002:00000488       __imp_?GetPropertyNames@Object@v8@@QEAA?AV?$Local@VArray@v8@@@2@XZ 000000018000c488     v8-x64:v8-x64.dll
 0002:00000490       __imp_?GetOwnPropertyNames@Object@v8@@QEAA?AV?$Local@VArray@v8@@@2@XZ 000000018000c490     v8-x64:v8-x64.dll
 0002:00000498       __imp_?GetPrototype@Object@v8@@QEAA?AV?$Local@VValue@v8@@@2@XZ 000000018000c498     v8-x64:v8-x64.dll
 0002:000004a0       __imp_?InternalFieldCount@Object@v8@@QEAAHXZ 000000018000c4a0     v8-x64:v8-x64.dll
 0002:000004a8       __imp_?SetInternalField@Object@v8@@QEAAXHV?$Handle@VValue@v8@@@2@@Z 000000018000c4a8     v8-x64:v8-x64.dll
 0002:000004b0       __imp_?SetAlignedPointerInInternalField@Object@v8@@QEAAXHPEAX@Z 000000018000c4b0     v8-x64:v8-x64.dll
 0002:000004b8       __imp_?SetHiddenValue@Object@v8@@QEAA_NV?$Handle@VString@v8@@@2@V?$Handle@VValue@v8@@@2@@Z 000000018000c4b8     v8-x64:v8-x64.dll
 0002:000004c0       __imp_??0HandleScope@v8@@QEAA@XZ 000000018000c4c0     v8-x64:v8-x64.dll
 0002:000004c8       __imp_??1HandleScope@v8@@QEAA@XZ 000000018000c4c8     v8-x64:v8-x64.dll
 0002:000004d0       __imp_?Undefined@v8@@YA?AV?$Handle@VPrimitive@v8@@@1@XZ 000000018000c4d0     v8-x64:v8-x64.dll
 0002:000004d8       __imp_?Length@Array@v8@@QEBAIXZ 000000018000c4d8     v8-x64:v8-x64.dll
 0002:000004e0       __imp_?New@Array@v8@@SA?AV?$Local@VArray@v8@@@2@H@Z 000000018000c4e0     v8-x64:v8-x64.dll
 0002:000004e8       __imp_?NewFromUtf8@String@v8@@SA?AV?$Local@VString@v8@@@2@PEAVIsolate@2@PEBDW4NewStringType@12@H@Z 000000018000c4e8     v8-x64:v8-x64.dll
 0002:000004f0       __imp_?NewFromTwoByte@String@v8@@SA?AV?$Local@VString@v8@@@2@PEAVIsolate@2@PEBGW4NewStringType@12@H@Z 000000018000c4f0     v8-x64:v8-x64.dll
 0002:000004f8       __imp_?IsFunction@Value@v8@@QEBA_NXZ 000000018000c4f8     v8-x64:v8-x64.dll
 0002:00000500       __imp_?IsArray@Value@v8@@QEBA_NXZ 000000018000c500     v8-x64:v8-x64.dll
 0002:00000508       __imp_?IsObject@Value@v8@@QEBA_NXZ 000000018000c508     v8-x64:v8-x64.dll
 0002:00000510       __imp_?IdleNotification@V8@v8@@SA_NH@Z 000000018000c510     v8-x64:v8-x64.dll
 0002:00000518       __imp_?LowMemoryNotification@V8@v8@@SAXXZ 000000018000c518     v8-x64:v8-x64.dll
 0002:00000520       __imp_?Enter@Context@v8@@QEAAXXZ 000000018000c520     v8-x64:v8-x64.dll
 0002:00000528       __imp_?Exit@Context@v8@@QEAAXXZ 000000018000c528     v8-x64:v8-x64.dll
 0002:00000530       __imp_??1Locker@v8@@QEAA@XZ 000000018000c530     v8-x64:v8-x64.dll
 0002:00000538       __imp_?SetInternalFieldCount@ObjectTemplate@v8@@QEAAXH@Z 000000018000c538     v8-x64:v8-x64.dll
 0002:00000540       __imp_?Initialize@Locker@v8@@AEAAXPEAVIsolate@2@@Z 000000018000c540     v8-x64:v8-x64.dll
 0002:00000548       \177v8-x64_NULL_THUNK_DATA 000000018000c548     v8-x64:v8-x64.dll
 0002:00000550       __xc_a                     000000018000c550     MSVCRT:cinitexe.obj
 0002:00000560       __xc_z                     000000018000c560     MSVCRT:cinitexe.obj
 0002:00000568       __xi_a                     000000018000c568     MSVCRT:cinitexe.obj
 0002:00000580       __xi_z                     000000018000c580     MSVCRT:cinitexe.obj
 0002:000005d0       ??_7type_info@@6B@         000000018000c5d0     MSVCRT:ti_inst.obj
 0002:000005d8       _pRawDllMain               000000018000c5d8     MSVCRT:crtdll.obj
 0002:000005d8       _pDefaultRawDllMain        000000018000c5d8     MSVCRT:crtdll.obj
 0002:000005f0       ??_C@_0BL@OFLPLJAM@Not?5a?5valid?5script?5handle?4?$AA@ 000000018000c5f0     Exports.obj
 0002:00000610       ??_C@_0BA@MLFILMMN@ManagedObjectID?$AA@ 000000018000c610     Exports.obj
 0002:00000620       ??_C@_0CJ@MCOIAANP@The?5handle?5does?5not?5represent?5an@ 000000018000c620     Exports.obj
 0002:00000650       ??_C@_0EI@NBCEMGHA@Call?3?5The?5target?5instance?5handle@ 000000018000c650     Exports.obj
 0002:00000698       ??_C@_0DH@GEIHKHBI@Call?3?5The?5subject?5handle?5does?5no@ 000000018000c698     Exports.obj
 0002:000006d0       ??_C@_0DM@EFLNDFCL@Call?3?5The?5specified?5property?5doe@ 000000018000c6d0     Exports.obj
 0002:00000710       ??_C@_0DI@IBPEFPGB@Call?3?5The?5subject?5handle?5does?5no@ 000000018000c710     Exports.obj
 0002:00000748       ??_C@_0CP@MICEEFHB@The?5handle?5does?5not?5represent?5an@ 000000018000c748     Exports.obj
 0002:00000780       ??_C@_0EE@OBNIJAJP@?8Data?8?5points?5to?5an?5invalid?5obje@ 000000018000c780     Exports.obj
 0002:000007c8       ??_C@_0CB@PFDHPICG@?8args?4Data?$CI?$CJ?8?5is?5not?5recognized?4@ 000000018000c7c8     FunctionTemplateProxy.obj
 0002:000007f0       ??_C@_09JOONBBPD@$__TypeID?$AA@ 000000018000c7f0     HandleProxy.obj
 0002:00000800       ??_C@_08NKLFIIDP@$__Value?$AA@ 000000018000c800     HandleProxy.obj
 0002:0000080c       ??_C@_02PCIJFNDE@?$AN?6?$AA@ 000000018000c80c     V8EngineProxy.obj
 0002:00000810       ??_C@_08FIKDMAMC@?5?5Line?3?5?$AA@ 000000018000c810     V8EngineProxy.obj
 0002:00000820       ??_C@_0L@KCLHICAK@?5?5Column?3?5?$AA@ 000000018000c820     V8EngineProxy.obj
 0002:00000830       ??_C@_09FPDCPDGD@?5?5Stack?3?5?$AA@ 000000018000c830     V8EngineProxy.obj
 0002:0000083c       ??_C@_11LOCGONAA@?$AA?$AA@ 000000018000c83c     V8EngineProxy.obj
 0002:00000840       ??_C@_0BE@HBKMHPCH@Invalid?5error?5type?4?$AA@ 000000018000c840     V8EngineProxy.obj
 0002:00000858       ??_C@_0BM@NMJKDPPO@invalid?5vector?$DMT?$DO?5subscript?$AA@ 000000018000c858     V8EngineProxy.obj
 0002:00000878       ??_C@_0BG@EOMJEIFA@vector?$DMbool?$DO?5too?5long?$AA@ 000000018000c878     V8EngineProxy.obj
 0002:00000890       ??_C@_0BD@OLBABOEK@vector?$DMT?$DO?5too?5long?$AA@ 000000018000c890     V8EngineProxy.obj
 0002:000015a0       _load_config_used          000000018000d5a0     MSVCRT:loadcfg.obj
 0002:00001690       ??_R4type_info@@6B@        000000018000d690     MSVCRT:ti_inst.obj
 0002:000016b8       ??_R3type_info@@8          000000018000d6b8     MSVCRT:ti_inst.obj
 0002:000016d0       ??_R2type_info@@8          000000018000d6d0     MSVCRT:ti_inst.obj
 0002:000016e0       ??_R1A@?0A@EA@type_info@@8 000000018000d6e0     MSVCRT:ti_inst.obj
 0002:00001708       __rtc_iaa                  000000018000d708     MSVCRT:initsect.obj
 0002:00001710       __rtc_izz                  000000018000d710     MSVCRT:initsect.obj
 0002:00001718       __rtc_taa                  000000018000d718     MSVCRT:initsect.obj
 0002:00001720       __rtc_tzz                  000000018000d720     MSVCRT:initsect.obj
 0002:000042a8       _CT??_R0?AVexception@std@@@8??0exception@std@@QEAA@AEBV01@@Z24 00000001800102a8     Exports.obj
 0002:000042d0       _TI1?AVexception@std@@     00000001800102d0     Exports.obj
 0002:000042f0       _CTA1?AVexception@std@@    00000001800102f0     Exports.obj
 0002:000042fc       __IMPORT_DESCRIPTOR_v8-x64 00000001800102fc     v8-x64:v8-x64.dll
 0002:00004310       __IMPORT_DESCRIPTOR_KERNEL32 0000000180010310     kernel32:KERNEL32.dll
 0002:00004324       __IMPORT_DESCRIPTOR_MSVCP110 0000000180010324     msvcprt:MSVCP110.dll
 0002:00004338       __IMPORT_DESCRIPTOR_MSVCR110 0000000180010338     MSVCRT:MSVCR110.dll
 0002:0000434c       __NULL_IMPORT_DESCRIPTOR   000000018001034c     v8-x64:v8-x64.dll
 0003:00000000       ??_R0?AVtype_info@@@8      0000000180014000     MSVCRT:ti_inst.obj
 0003:00000020       __security_cookie          0000000180014020     MSVCRT:gs_cookie.obj
 0003:00000028       __security_cookie_complement 0000000180014028     MSVCRT:gs_cookie.obj
 0003:00000030       __native_dllmain_reason    0000000180014030     MSVCRT:natstart.obj
 0003:00000038       ??_R0?AVexception@std@@@8  0000000180014038     Exports.obj
 0003:0000005c       _fltused                   000000018001405c     MSVCRT:dllsupp.obj
 0003:000005e8       ?__type_info_root_node@@3U__type_info_node@@A 00000001800145e8     MSVCRT:tncleanup.obj
 0003:000005fc       ?_NextEngineID@V8EngineProxy@@1HA 00000001800145fc     V8EngineProxy.obj
 0003:00000618       ?_DisposedEngines@V8EngineProxy@@1V?$vector@_NV?$allocator@_N@std@@@std@@A 0000000180014618     V8EngineProxy.obj
 0003:00000640       __native_startup_lock      0000000180014640     <common>
 0003:00000648       __native_startup_state     0000000180014648     <common>
 0003:00000650       __dyn_tls_init_callback    0000000180014650     <common>
 0003:00000658       __onexitend                0000000180014658     <common>
 0003:00000660       __onexitbegin              0000000180014660     <common>

 entry point at        0001:00008c38

 Static symbols

 0000:fffe8000       .debug$S                   0000000180000000     MSVCRT:MSVCR110.dll
 0000:fffe8000       .debug$S                   0000000180000000     v8-x64:v8-x64.dll
 0000:fffe8000       .debug$S                   0000000180000000     v8-x64:v8-x64.dll
 0000:fffe8000       .debug$S                   0000000180000000     v8-x64:v8-x64.dll
 0000:fffe8000       .debug$S                   0000000180000000     v8-x64:v8-x64.dll
 0000:fffe8000       .debug$S                   0000000180000000     v8-x64:v8-x64.dll
 0000:fffe8000       .debug$S                   0000000180000000     v8-x64:v8-x64.dll
 0000:fffe8000       .debug$S                   0000000180000000     v8-x64:v8-x64.dll
 0000:fffe8000       .debug$S                   0000000180000000     v8-x64:v8-x64.dll
 0000:fffe8000       .debug$S                   0000000180000000     v8-x64:v8-x64.dll
 0000:fffe8000       .debug$S                   0000000180000000     v8-x64:v8-x64.dll
 0000:fffe8000       .debug$S                   0000000180000000     v8-x64:v8-x64.dll
 0000:fffe8000       .debug$S                   0000000180000000     v8-x64:v8-x64.dll
 0000:fffe8000       .debug$S                   0000000180000000     v8-x64:v8-x64.dll
 0000:fffe8000       .debug$S                   0000000180000000     v8-x64:v8-x64.dll
 0000:fffe8000       .debug$S                   0000000180000000     v8-x64:v8-x64.dll
 0000:fffe8000       .debug$S                   0000000180000000     v8-x64:v8-x64.dll
 0000:fffe8000       .debug$S                   0000000180000000     v8-x64:v8-x64.dll
 0000:fffe8000       .debug$S                   0000000180000000     v8-x64:v8-x64.dll
 0000:fffe8000       .debug$S                   0000000180000000     v8-x64:v8-x64.dll
 0000:fffe8000       .debug$S                   0000000180000000     v8-x64:v8-x64.dll
 0000:fffe8000       .debug$S                   0000000180000000     v8-x64:v8-x64.dll
 0000:fffe8000       .debug$S                   0000000180000000     v8-x64:v8-x64.dll
 0000:fffe8000       .debug$S                   0000000180000000     v8-x64:v8-x64.dll
 0000:fffe8000       .debug$S                   0000000180000000     v8-x64:v8-x64.dll
 0000:fffe8000       .debug$S                   0000000180000000     v8-x64:v8-x64.dll
 0000:fffe8000       .debug$S                   0000000180000000     v8-x64:v8-x64.dll
 0000:fffe8000       .debug$S                   0000000180000000     v8-x64:v8-x64.dll
 0000:fffe8000       .debug$S                   0000000180000000     v8-x64:v8-x64.dll
 0000:fffe8000       .debug$S                   0000000180000000     v8-x64:v8-x64.dll
 0000:fffe8000       .debug$S                   0000000180000000     v8-x64:v8-x64.dll
 0000:fffe8000       .debug$S                   0000000180000000     v8-x64:v8-x64.dll
 0000:fffe8000       .debug$S                   0000000180000000     v8-x64:v8-x64.dll
 0000:fffe8000       .debug$S                   0000000180000000     v8-x64:v8-x64.dll
 0000:fffe8000       .debug$S                   0000000180000000     v8-x64:v8-x64.dll
 0000:fffe8000       .debug$S                   0000000180000000     v8-x64:v8-x64.dll
 0000:fffe8000       .debug$S                   0000000180000000     v8-x64:v8-x64.dll
 0000:fffe8000       .debug$S                   0000000180000000     v8-x64:v8-x64.dll
 0000:fffe8000       .debug$S                   0000000180000000     v8-x64:v8-x64.dll
 0000:fffe8000       .debug$S                   0000000180000000     v8-x64:v8-x64.dll
 0000:fffe8000       .debug$S                   0000000180000000     v8-x64:v8-x64.dll
 0000:fffe8000       .debug$S                   0000000180000000     v8-x64:v8-x64.dll
 0000:fffe8000       .debug$S                   0000000180000000     v8-x64:v8-x64.dll
 0000:fffe8000       .debug$S                   0000000180000000     v8-x64:v8-x64.dll
 0000:fffe8000       .debug$S                   0000000180000000     v8-x64:v8-x64.dll
 0000:fffe8000       .debug$S                   0000000180000000     v8-x64:v8-x64.dll
 0000:fffe8000       .debug$S                   0000000180000000     v8-x64:v8-x64.dll
 0000:fffe8000       .debug$S                   0000000180000000     v8-x64:v8-x64.dll
 0000:fffe8000       .debug$S                   0000000180000000     v8-x64:v8-x64.dll
 0000:fffe8000       .debug$S                   0000000180000000     v8-x64:v8-x64.dll
 0000:fffe8000       .debug$S                   0000000180000000     v8-x64:v8-x64.dll
 0000:fffe8000       .debug$S                   0000000180000000     v8-x64:v8-x64.dll
 0000:fffe8000       .debug$S                   0000000180000000     v8-x64:v8-x64.dll
 0000:fffe8000       .debug$S                   0000000180000000     v8-x64:v8-x64.dll
 0000:fffe8000       .debug$S                   0000000180000000     v8-x64:v8-x64.dll
 0000:fffe8000       .debug$S                   0000000180000000     v8-x64:v8-x64.dll
 0000:fffe8000       .debug$S                   0000000180000000     v8-x64:v8-x64.dll
 0000:fffe8000       .debug$S                   0000000180000000     v8-x64:v8-x64.dll
 0000:fffe8000       .debug$S                   0000000180000000     v8-x64:v8-x64.dll
 0000:fffe8000       .debug$S                   0000000180000000     v8-x64:v8-x64.dll
 0000:fffe8000       .debug$S                   0000000180000000     v8-x64:v8-x64.dll
 0000:fffe8000       .debug$S                   0000000180000000     v8-x64:v8-x64.dll
 0000:fffe8000       .debug$S                   0000000180000000     v8-x64:v8-x64.dll
 0000:fffe8000       .debug$S                   0000000180000000     v8-x64:v8-x64.dll
 0000:fffe8000       .debug$S                   0000000180000000     v8-x64:v8-x64.dll
 0000:fffe8000       .debug$S                   0000000180000000     v8-x64:v8-x64.dll
 0000:fffe8000       .debug$S                   0000000180000000     v8-x64:v8-x64.dll
 0000:fffe8000       .debug$S                   0000000180000000     v8-x64:v8-x64.dll
 0000:fffe8000       .debug$S                   0000000180000000     v8-x64:v8-x64.dll
 0000:fffe8000       .debug$S                   0000000180000000     v8-x64:v8-x64.dll
 0000:fffe8000       .debug$S                   0000000180000000     v8-x64:v8-x64.dll
 0000:fffe8000       .debug$S                   0000000180000000     v8-x64:v8-x64.dll
 0000:fffe8000       .debug$S                   0000000180000000     v8-x64:v8-x64.dll
 0000:fffe8000       .debug$S                   0000000180000000     v8-x64:v8-x64.dll
 0000:fffe8000       .debug$S                   0000000180000000     v8-x64:v8-x64.dll
 0000:fffe8000       .debug$S                   0000000180000000     v8-x64:v8-x64.dll
 0000:fffe8000       .debug$S                   0000000180000000     v8-x64:v8-x64.dll
 0000:fffe8000       .debug$S                   0000000180000000     v8-x64:v8-x64.dll
 0000:fffe8000       .debug$S                   0000000180000000     v8-x64:v8-x64.dll
 0000:fffe8000       .debug$S                   0000000180000000     v8-x64:v8-x64.dll
 0000:fffe8000       .debug$S                   0000000180000000     v8-x64:v8-x64.dll
 0000:fffe8000       .debug$S                   0000000180000000     v8-x64:v8-x64.dll
 0000:fffe8000       .debug$S                   0000000180000000     v8-x64:v8-x64.dll
 0000:fffe8000       .debug$S                   0000000180000000     v8-x64:v8-x64.dll
 0000:fffe8000       .debug$S                   0000000180000000     v8-x64:v8-x64.dll
 0000:fffe8000       .debug$S                   0000000180000000     v8-x64:v8-x64.dll
 0000:fffe8000       .debug$S                   0000000180000000     v8-x64:v8-x64.dll
 0000:fffe8000       .debug$S                   0000000180000000     v8-x64:v8-x64.dll
 0000:fffe8000       .debug$S                   0000000180000000     v8-x64:v8-x64.dll
 0000:fffe8000       .debug$S                   0000000180000000     v8-x64:v8-x64.dll
 0000:fffe8000       .debug$S                   0000000180000000     v8-x64:v8-x64.dll
 0000:fffe8000       .debug$S                   0000000180000000     v8-x64:v8-x64.dll
 0000:fffe8000       .debug$S                   0000000180000000     v8-x64:v8-x64.dll
 0000:fffe8000       .debug$S                   0000000180000000     v8-x64:v8-x64.dll
 0000:fffe8000       .debug$S                   0000000180000000     v8-x64:v8-x64.dll
 0000:fffe8000       .debug$S                   0000000180000000     v8-x64:v8-x64.dll
 0000:fffe8000       .debug$S                   0000000180000000     v8-x64:v8-x64.dll
 0000:fffe8000       .debug$S                   0000000180000000     v8-x64:v8-x64.dll
 0000:fffe8000       .debug$S                   0000000180000000     v8-x64:v8-x64.dll
 0000:fffe8000       .debug$S                   0000000180000000     v8-x64:v8-x64.dll
 0000:fffe8000       .debug$S                   0000000180000000     v8-x64:v8-x64.dll
 0000:fffe8000       .debug$S                   0000000180000000     v8-x64:v8-x64.dll
 0000:fffe8000       .debug$S                   0000000180000000     v8-x64:v8-x64.dll
 0000:fffe8000       .debug$S                   0000000180000000     v8-x64:v8-x64.dll
 0000:fffe8000       .debug$S                   0000000180000000     v8-x64:v8-x64.dll
 0000:fffe8000       .debug$S                   0000000180000000     v8-x64:v8-x64.dll
 0000:fffe8000       .debug$S                   0000000180000000     v8-x64:v8-x64.dll
 0000:fffe8000       .debug$S                   0000000180000000     v8-x64:v8-x64.dll
 0000:fffe8000       .debug$S                   0000000180000000     v8-x64:v8-x64.dll
 0000:fffe8000       .debug$S                   0000000180000000     v8-x64:v8-x64.dll
 0000:fffe8000       .debug$S                   0000000180000000     v8-x64:v8-x64.dll
 0000:fffe8000       .debug$S                   0000000180000000     v8-x64:v8-x64.dll
 0000:fffe8000       .debug$S                   0000000180000000     v8-x64:v8-x64.dll
 0000:fffe8000       .debug$S                   0000000180000000     v8-x64:v8-x64.dll
 0000:fffe8000       .debug$S                   0000000180000000     v8-x64:v8-x64.dll
 0000:fffe8000       .debug$S                   0000000180000000     v8-x64:v8-x64.dll
 0000:fffe8000       .debug$S                   0000000180000000     v8-x64:v8-x64.dll
 0000:fffe8000       .debug$S                   0000000180000000     v8-x64:v8-x64.dll
 0000:fffe8000       .debug$S                   0000000180000000     v8-x64:v8-x64.dll
 0000:fffe8000       .debug$S                   0000000180000000     v8-x64:v8-x64.dll
 0000:fffe8000       .debug$S                   0000000180000000     v8-x64:v8-x64.dll
 0000:fffe8000       .debug$S                   0000000180000000     v8-x64:v8-x64.dll
 0000:fffe8000       .debug$S                   0000000180000000     v8-x64:v8-x64.dll
 0000:fffe8000       .debug$S                   0000000180000000     v8-x64:v8-x64.dll
 0000:fffe8000       .debug$S                   0000000180000000     v8-x64:v8-x64.dll
 0000:fffe8000       .debug$S                   0000000180000000     v8-x64:v8-x64.dll
 0000:fffe8000       .debug$S                   0000000180000000     v8-x64:v8-x64.dll
 0000:fffe8000       .debug$S                   0000000180000000     v8-x64:v8-x64.dll
 0000:fffe8000       .debug$S                   0000000180000000     v8-x64:v8-x64.dll
 0000:fffe8000       .debug$S                   0000000180000000     v8-x64:v8-x64.dll
 0000:fffe8000       .debug$S                   0000000180000000     v8-x64:v8-x64.dll
 0000:fffe8000       .debug$S                   0000000180000000     v8-x64:v8-x64.dll
 0000:fffe8000       .debug$S                   0000000180000000     v8-x64:v8-x64.dll
 0000:fffe8000       .debug$S                   0000000180000000     v8-x64:v8-x64.dll
 0000:fffe8000       .debug$S                   0000000180000000     v8-x64:v8-x64.dll
 0000:fffe8000       .debug$S                   0000000180000000     v8-x64:v8-x64.dll
 0000:fffe8000       .debug$S                   0000000180000000     kernel32:KERNEL32.dll
 0000:fffe8000       .debug$S                   0000000180000000     kernel32:KERNEL32.dll
 0000:fffe8000       .debug$S                   0000000180000000     kernel32:KERNEL32.dll
 0000:fffe8000       .debug$S                   0000000180000000     kernel32:KERNEL32.dll
 0000:fffe8000       .debug$S                   0000000180000000     kernel32:KERNEL32.dll
 0000:fffe8000       .debug$S                   0000000180000000     kernel32:KERNEL32.dll
 0000:fffe8000       .debug$S                   0000000180000000     kernel32:KERNEL32.dll
 0000:fffe8000       .debug$S                   0000000180000000     kernel32:KERNEL32.dll
 0000:fffe8000       .debug$S                   0000000180000000     kernel32:KERNEL32.dll
 0000:fffe8000       .debug$S                   0000000180000000     kernel32:KERNEL32.dll
 0000:fffe8000       .debug$S                   0000000180000000     kernel32:KERNEL32.dll
 0000:fffe8000       .debug$S                   0000000180000000     kernel32:KERNEL32.dll
 0000:fffe8000       .debug$S                   0000000180000000     msvcprt:MSVCP110.dll
 0000:fffe8000       .debug$S                   0000000180000000     msvcprt:MSVCP110.dll
 0000:fffe8000       .debug$S                   0000000180000000     msvcprt:MSVCP110.dll
 0000:fffe8000       .debug$S                   0000000180000000     msvcprt:MSVCP110.dll
 0000:fffe8000       .debug$S                   0000000180000000     msvcprt:MSVCP110.dll
 0000:fffe8000       .debug$S                   0000000180000000     msvcprt:MSVCP110.dll
 0000:fffe8000       .debug$S                   0000000180000000     msvcprt:MSVCP110.dll
 0000:fffe8000       .debug$S                   0000000180000000     msvcprt:MSVCP110.dll
 0000:fffe8000       .debug$S                   0000000180000000     msvcprt:MSVCP110.dll
 0000:fffe8000       .debug$S                   0000000180000000     MSVCRT:MSVCR110.dll
 0000:fffe8000       .debug$S                   0000000180000000     MSVCRT:MSVCR110.dll
 0000:fffe8000       .debug$S                   0000000180000000     MSVCRT:MSVCR110.dll
 0000:fffe8000       .debug$S                   0000000180000000     MSVCRT:MSVCR110.dll
 0000:fffe8000       .debug$S                   0000000180000000     MSVCRT:MSVCR110.dll
 0000:fffe8000       .debug$S                   0000000180000000     MSVCRT:MSVCR110.dll
 0000:fffe8000       .debug$S                   0000000180000000     MSVCRT:MSVCR110.dll
 0000:fffe8000       .debug$S                   0000000180000000     MSVCRT:MSVCR110.dll
 0000:fffe8000       .debug$S                   0000000180000000     MSVCRT:MSVCR110.dll
 0000:fffe8000       .debug$S                   0000000180000000     MSVCRT:MSVCR110.dll
 0000:fffe8000       .debug$S                   0000000180000000     v8-x64:v8-x64.dll
 0000:fffe8000       .debug$S                   0000000180000000     MSVCRT:MSVCR110.dll
 0000:fffe8000       .debug$S                   0000000180000000     MSVCRT:MSVCR110.dll
 0000:fffe8000       .debug$S                   0000000180000000     MSVCRT:MSVCR110.dll
 0000:fffe8000       .debug$S                   0000000180000000     MSVCRT:MSVCR110.dll
 0000:fffe8000       .debug$S                   0000000180000000     MSVCRT:MSVCR110.dll
 0000:fffe8000       .debug$S                   0000000180000000     MSVCRT:MSVCR110.dll
 0000:fffe8000       .debug$S                   0000000180000000     MSVCRT:MSVCR110.dll
 0000:fffe8000       .debug$S                   0000000180000000     MSVCRT:MSVCR110.dll
 0000:fffe8000       .debug$S                   0000000180000000     MSVCRT:MSVCR110.dll
 0000:fffe8000       .debug$S                   0000000180000000     MSVCRT:MSVCR110.dll
 0000:fffe8000       .debug$S                   0000000180000000     MSVCRT:MSVCR110.dll
 0000:fffe8000       .debug$S                   0000000180000000     MSVCRT:MSVCR110.dll
 0000:fffe8000       .debug$S                   0000000180000000     MSVCRT:MSVCR110.dll
 0000:fffe8000       .debug$S                   0000000180000000     MSVCRT:MSVCR110.dll
 0000:fffe8000       .debug$S                   0000000180000000     MSVCRT:MSVCR110.dll
 0000:fffe8000       .debug$S                   0000000180000000     MSVCRT:MSVCR110.dll
 0000:fffe8000       .debug$S                   0000000180000000     MSVCRT:MSVCR110.dll
 0000:fffe8000       .debug$S                   0000000180000000     MSVCRT:MSVCR110.dll
 0000:fffe8000       .debug$S                   0000000180000000     MSVCRT:MSVCR110.dll
 0000:fffe8000       .debug$S                   0000000180000000     MSVCRT:MSVCR110.dll
 0001:00004124       $LN89                      0000000180005124     * CIL library *:* CIL module *
 0001:000087c0       $$000000                   00000001800097c0     MSVCRT:amdsecgs.obj
 0001:0000898c       pre_c_init                 000000018000998c f   MSVCRT:crtdll.obj
 0001:00008c78       __DllMainCRTStartup        0000000180009c78 f   MSVCRT:crtdll.obj
 0001:00009210       _onexit$fin$0              000000018000a210 f   MSVCRT:atonexit.obj
 0001:0000922b       __DllMainCRTStartup$filt$0 000000018000a22b f   MSVCRT:crtdll.obj
 0001:00009250       __DllMainCRTStartup$fin$1  000000018000a250 f   MSVCRT:crtdll.obj
 0001:0000926a       ?fin$0@?0???_M@YAXPEAX_KHP6AX0@Z@Z@4HA 000000018000a26a f   MSVCRT:ehvecdtr.obj
 0001:00009296       ?filt$0@?0??__ArrayUnwind@@YAXPEAX_KHP6AX0@Z@Z@4HA 000000018000a296 f   MSVCRT:ehvecdtr.obj
 0001:000092e0       _IsNonwritableInCurrentImage$filt$0 000000018000a2e0 f   MSVCRT:pesect.obj
 0001:00009300       Call$dtor$0                000000018000a300 f   * CIL library *:* CIL module *
 0001:0000930e       Call$dtor$1                000000018000a30e f   * CIL library *:* CIL module *
 0001:0000931c       Call$dtor$2                000000018000a31c f   * CIL library *:* CIL module *
 0001:0000932a       Call$dtor$3                000000018000a32a f   * CIL library *:* CIL module *
 0001:00009336       Call$dtor$4                000000018000a336 f   * CIL library *:* CIL module *
 0001:00009350       ConnectObject$dtor$0       000000018000a350 f   * CIL library *:* CIL module *
 0001:0000935e       ConnectObject$dtor$1       000000018000a35e f   * CIL library *:* CIL module *
 0001:0000936c       ConnectObject$dtor$2       000000018000a36c f   * CIL library *:* CIL module *
 0001:0000937a       ConnectObject$dtor$3       000000018000a37a f   * CIL library *:* CIL module *
 0001:00009390       CreateBoolean$dtor$0       000000018000a390 f   * CIL library *:* CIL module *
 0001:0000939e       CreateBoolean$dtor$1       000000018000a39e f   * CIL library *:* CIL module *
 0001:000093ac       CreateBoolean$dtor$2       000000018000a3ac f   * CIL library *:* CIL module *
 0001:000093ba       CreateBoolean$dtor$3       000000018000a3ba f   * CIL library *:* CIL module *
 0001:000093d0       CreateFunctionInstance$dtor$0 000000018000a3d0 f   * CIL library *:* CIL module *
 0001:000093de       CreateFunctionInstance$dtor$1 000000018000a3de f   * CIL library *:* CIL module *
 0001:000093ec       CreateFunctionInstance$dtor$2 000000018000a3ec f   * CIL library *:* CIL module *
 0001:000093fa       CreateFunctionInstance$dtor$3 000000018000a3fa f   * CIL library *:* CIL module *
 0001:00009410       CreateFunctionTemplateProxy$dtor$0 000000018000a410 f   * CIL library *:* CIL module *
 0001:0000941e       CreateFunctionTemplateProxy$dtor$1 000000018000a41e f   * CIL library *:* CIL module *
 0001:0000942c       CreateFunctionTemplateProxy$dtor$2 000000018000a42c f   * CIL library *:* CIL module *
 0001:0000943a       CreateFunctionTemplateProxy$dtor$3 000000018000a43a f   * CIL library *:* CIL module *
 0001:00009450       CreateInteger$dtor$0       000000018000a450 f   * CIL library *:* CIL module *
 0001:00009450       CreateNumber$dtor$0        000000018000a450 f   * CIL library *:* CIL module *
 0001:00009450       CreateObject$dtor$0        000000018000a450 f   * CIL library *:* CIL module *
 0001:00009450       CreateDate$dtor$0          000000018000a450 f   * CIL library *:* CIL module *
 0001:0000945e       CreateDate$dtor$1          000000018000a45e f   * CIL library *:* CIL module *
 0001:0000945e       CreateObject$dtor$1        000000018000a45e f   * CIL library *:* CIL module *
 0001:0000945e       CreateInteger$dtor$1       000000018000a45e f   * CIL library *:* CIL module *
 0001:0000945e       CreateNumber$dtor$1        000000018000a45e f   * CIL library *:* CIL module *
 0001:0000946c       CreateInteger$dtor$2       000000018000a46c f   * CIL library *:* CIL module *
 0001:0000946c       CreateObject$dtor$2        000000018000a46c f   * CIL library *:* CIL module *
 0001:0000946c       CreateDate$dtor$2          000000018000a46c f   * CIL library *:* CIL module *
 0001:0000946c       CreateNumber$dtor$2        000000018000a46c f   * CIL library *:* CIL module *
 0001:0000947a       CreateObject$dtor$3        000000018000a47a f   * CIL library *:* CIL module *
 0001:0000947a       CreateNumber$dtor$3        000000018000a47a f   * CIL library *:* CIL module *
 0001:0000947a       CreateInteger$dtor$3       000000018000a47a f   * CIL library *:* CIL module *
 0001:0000947a       CreateDate$dtor$3          000000018000a47a f   * CIL library *:* CIL module *
 0001:00009490       CreateObjectFromTemplate$dtor$0 000000018000a490 f   * CIL library *:* CIL module *
 0001:0000949e       CreateObjectFromTemplate$dtor$1 000000018000a49e f   * CIL library *:* CIL module *
 0001:000094ac       CreateObjectFromTemplate$dtor$2 000000018000a4ac f   * CIL library *:* CIL module *
 0001:000094ba       CreateObjectFromTemplate$dtor$3 000000018000a4ba f   * CIL library *:* CIL module *
 0001:000094d0       CreateObjectTemplateProxy$dtor$0 000000018000a4d0 f   * CIL library *:* CIL module *
 0001:000094de       CreateObjectTemplateProxy$dtor$1 000000018000a4de f   * CIL library *:* CIL module *
 0001:000094ec       CreateObjectTemplateProxy$dtor$2 000000018000a4ec f   * CIL library *:* CIL module *
 0001:000094fa       CreateObjectTemplateProxy$dtor$3 000000018000a4fa f   * CIL library *:* CIL module *
 0001:00009510       CreateString$dtor$0        000000018000a510 f   * CIL library *:* CIL module *
 0001:0000951e       CreateString$dtor$1        000000018000a51e f   * CIL library *:* CIL module *
 0001:0000952c       CreateString$dtor$2        000000018000a52c f   * CIL library *:* CIL module *
 0001:0000953a       CreateString$dtor$3        000000018000a53a f   * CIL library *:* CIL module *
 0001:00009550       CreateV8EngineProxy$dtor$0 000000018000a550 f   * CIL library *:* CIL module *
 0001:00009560       DeleteObjectTemplateProxy$dtor$0 000000018000a560 f   * CIL library *:* CIL module *
 0001:00009560       RegisterInvokeHandler$dtor$0 000000018000a560 f   * CIL library *:* CIL module *
 0001:00009560       DeleteFunctionTemplateProxy$dtor$0 000000018000a560 f   * CIL library *:* CIL module *
 0001:00009560       SetGlobalObjectTemplate$dtor$0 000000018000a560 f   * CIL library *:* CIL module *
 0001:0000956e       DeleteFunctionTemplateProxy$dtor$1 000000018000a56e f   * CIL library *:* CIL module *
 0001:0000956e       RegisterInvokeHandler$dtor$1 000000018000a56e f   * CIL library *:* CIL module *
 0001:0000956e       SetGlobalObjectTemplate$dtor$1 000000018000a56e f   * CIL library *:* CIL module *
 0001:0000956e       DeleteObjectTemplateProxy$dtor$1 000000018000a56e f   * CIL library *:* CIL module *
 0001:0000957c       SetGlobalObjectTemplate$dtor$2 000000018000a57c f   * CIL library *:* CIL module *
 0001:0000957c       RegisterInvokeHandler$dtor$2 000000018000a57c f   * CIL library *:* CIL module *
 0001:0000957c       DeleteObjectTemplateProxy$dtor$2 000000018000a57c f   * CIL library *:* CIL module *
 0001:0000957c       DeleteFunctionTemplateProxy$dtor$2 000000018000a57c f   * CIL library *:* CIL module *
 0001:00009590       GetObjectPropertyByIndex$dtor$0 000000018000a590 f   * CIL library *:* CIL module *
 0001:00009590       DeleteObjectPropertyByIndex$dtor$0 000000018000a590 f   * CIL library *:* CIL module *
 0001:0000959e       DeleteObjectPropertyByIndex$dtor$1 000000018000a59e f   * CIL library *:* CIL module *
 0001:0000959e       GetObjectPropertyByIndex$dtor$1 000000018000a59e f   * CIL library *:* CIL module *
 0001:000095ac       DeleteObjectPropertyByIndex$dtor$2 000000018000a5ac f   * CIL library *:* CIL module *
 0001:000095ac       GetObjectPropertyByIndex$dtor$2 000000018000a5ac f   * CIL library *:* CIL module *
 0001:000095ba       DeleteObjectPropertyByIndex$dtor$3 000000018000a5ba f   * CIL library *:* CIL module *
 0001:000095ba       GetObjectPropertyByIndex$dtor$3 000000018000a5ba f   * CIL library *:* CIL module *
 0001:000095d0       GetPropertyAttributes$dtor$0 000000018000a5d0 f   * CIL library *:* CIL module *
 0001:000095d0       DeleteObjectPropertyByName$dtor$0 000000018000a5d0 f   * CIL library *:* CIL module *
 0001:000095de       GetPropertyAttributes$dtor$1 000000018000a5de f   * CIL library *:* CIL module *
 0001:000095de       DeleteObjectPropertyByName$dtor$1 000000018000a5de f   * CIL library *:* CIL module *
 0001:000095ec       DeleteObjectPropertyByName$dtor$2 000000018000a5ec f   * CIL library *:* CIL module *
 0001:000095ec       GetPropertyAttributes$dtor$2 000000018000a5ec f   * CIL library *:* CIL module *
 0001:000095fa       GetPropertyAttributes$dtor$3 000000018000a5fa f   * CIL library *:* CIL module *
 0001:000095fa       DeleteObjectPropertyByName$dtor$3 000000018000a5fa f   * CIL library *:* CIL module *
 0001:00009610       DoIdleNotification$dtor$0  000000018000a610 f   * CIL library *:* CIL module *
 0001:0000961e       DoIdleNotification$dtor$1  000000018000a61e f   * CIL library *:* CIL module *
 0001:0000962c       DoIdleNotification$dtor$2  000000018000a62c f   * CIL library *:* CIL module *
 0001:0000963a       DoIdleNotification$dtor$3  000000018000a63a f   * CIL library *:* CIL module *
 0001:00009650       GetArrayLength$dtor$0      000000018000a650 f   * CIL library *:* CIL module *
 0001:0000965e       GetArrayLength$dtor$1      000000018000a65e f   * CIL library *:* CIL module *
 0001:0000966c       GetArrayLength$dtor$2      000000018000a66c f   * CIL library *:* CIL module *
 0001:0000967a       GetArrayLength$dtor$3      000000018000a67a f   * CIL library *:* CIL module *
 0001:00009690       GetFunction$dtor$0         000000018000a690 f   * CIL library *:* CIL module *
 0001:0000969e       GetFunction$dtor$1         000000018000a69e f   * CIL library *:* CIL module *
 0001:000096ac       GetFunction$dtor$2         000000018000a6ac f   * CIL library *:* CIL module *
 0001:000096ba       GetFunction$dtor$3         000000018000a6ba f   * CIL library *:* CIL module *
 0001:000096d0       GetObjectPropertyByName$dtor$0 000000018000a6d0 f   * CIL library *:* CIL module *
 0001:000096de       GetObjectPropertyByName$dtor$1 000000018000a6de f   * CIL library *:* CIL module *
 0001:000096ec       GetObjectPropertyByName$dtor$2 000000018000a6ec f   * CIL library *:* CIL module *
 0001:000096fa       GetObjectPropertyByName$dtor$3 000000018000a6fa f   * CIL library *:* CIL module *
 0001:00009710       GetObjectPrototype$dtor$0  000000018000a710 f   * CIL library *:* CIL module *
 0001:0000971e       GetObjectPrototype$dtor$1  000000018000a71e f   * CIL library *:* CIL module *
 0001:0000972c       GetObjectPrototype$dtor$2  000000018000a72c f   * CIL library *:* CIL module *
 0001:0000973a       GetObjectPrototype$dtor$3  000000018000a73a f   * CIL library *:* CIL module *
 0001:00009750       GetOwnPropertyNames$dtor$0 000000018000a750 f   * CIL library *:* CIL module *
 0001:00009750       GetPropertyNames$dtor$0    000000018000a750 f   * CIL library *:* CIL module *
 0001:0000975e       GetOwnPropertyNames$dtor$1 000000018000a75e f   * CIL library *:* CIL module *
 0001:0000975e       GetPropertyNames$dtor$1    000000018000a75e f   * CIL library *:* CIL module *
 0001:0000976c       GetPropertyNames$dtor$2    000000018000a76c f   * CIL library *:* CIL module *
 0001:0000976c       GetOwnPropertyNames$dtor$2 000000018000a76c f   * CIL library *:* CIL module *
 0001:0000977a       GetOwnPropertyNames$dtor$3 000000018000a77a f   * CIL library *:* CIL module *
 0001:0000977a       GetPropertyNames$dtor$3    000000018000a77a f   * CIL library *:* CIL module *
 0001:00009790       RegisterNamedPropertyHandlers$dtor$0 000000018000a790 f   * CIL library *:* CIL module *
 0001:00009790       RegisterIndexedPropertyHandlers$dtor$0 000000018000a790 f   * CIL library *:* CIL module *
 0001:0000979e       RegisterIndexedPropertyHandlers$dtor$1 000000018000a79e f   * CIL library *:* CIL module *
 0001:0000979e       RegisterNamedPropertyHandlers$dtor$1 000000018000a79e f   * CIL library *:* CIL module *
 0001:000097ac       RegisterNamedPropertyHandlers$dtor$2 000000018000a7ac f   * CIL library *:* CIL module *
 0001:000097ac       RegisterIndexedPropertyHandlers$dtor$2 000000018000a7ac f   * CIL library *:* CIL module *
 0001:000097c0       SetObjectAccessor$dtor$0   000000018000a7c0 f   * CIL library *:* CIL module *
 0001:000097ce       SetObjectAccessor$dtor$1   000000018000a7ce f   * CIL library *:* CIL module *
 0001:000097dc       SetObjectAccessor$dtor$2   000000018000a7dc f   * CIL library *:* CIL module *
 0001:000097ea       SetObjectAccessor$dtor$3   000000018000a7ea f   * CIL library *:* CIL module *
 0001:00009800       SetObjectPropertyByIndex$dtor$0 000000018000a800 f   * CIL library *:* CIL module *
 0001:0000980e       SetObjectPropertyByIndex$dtor$1 000000018000a80e f   * CIL library *:* CIL module *
 0001:0000981c       SetObjectPropertyByIndex$dtor$2 000000018000a81c f   * CIL library *:* CIL module *
 0001:0000982a       SetObjectPropertyByIndex$dtor$3 000000018000a82a f   * CIL library *:* CIL module *
 0001:00009840       SetObjectPropertyByName$dtor$0 000000018000a840 f   * CIL library *:* CIL module *
 0001:0000984e       SetObjectPropertyByName$dtor$1 000000018000a84e f   * CIL library *:* CIL module *
 0001:0000985c       SetObjectPropertyByName$dtor$2 000000018000a85c f   * CIL library *:* CIL module *
 0001:0000986a       SetObjectPropertyByName$dtor$3 000000018000a86a f   * CIL library *:* CIL module *
 0001:00009880       SetObjectTemplateAccessor$dtor$0 000000018000a880 f   * CIL library *:* CIL module *
 0001:0000988e       SetObjectTemplateAccessor$dtor$1 000000018000a88e f   * CIL library *:* CIL module *
 0001:0000989c       SetObjectTemplateAccessor$dtor$2 000000018000a89c f   * CIL library *:* CIL module *
 0001:000098aa       SetObjectTemplateAccessor$dtor$3 000000018000a8aa f   * CIL library *:* CIL module *
 0001:000098c0       SetFunctionTemplateProperty$dtor$0 000000018000a8c0 f   * CIL library *:* CIL module *
 0001:000098c0       SetObjectTemplateProperty$dtor$0 000000018000a8c0 f   * CIL library *:* CIL module *
 0001:000098ce       SetFunctionTemplateProperty$dtor$1 000000018000a8ce f   * CIL library *:* CIL module *
 0001:000098ce       SetObjectTemplateProperty$dtor$1 000000018000a8ce f   * CIL library *:* CIL module *
 0001:000098dc       SetObjectTemplateProperty$dtor$2 000000018000a8dc f   * CIL library *:* CIL module *
 0001:000098dc       SetFunctionTemplateProperty$dtor$2 000000018000a8dc f   * CIL library *:* CIL module *
 0001:000098ea       SetFunctionTemplateProperty$dtor$3 000000018000a8ea f   * CIL library *:* CIL module *
 0001:000098ea       SetObjectTemplateProperty$dtor$3 000000018000a8ea f   * CIL library *:* CIL module *
 0001:00009900       UnregisterIndexedPropertyHandlers$dtor$0 000000018000a900 f   * CIL library *:* CIL module *
 0001:00009900       UnregisterNamedPropertyHandlers$dtor$0 000000018000a900 f   * CIL library *:* CIL module *
 0001:0000990e       UnregisterIndexedPropertyHandlers$dtor$1 000000018000a90e f   * CIL library *:* CIL module *
 0001:0000990e       UnregisterNamedPropertyHandlers$dtor$1 000000018000a90e f   * CIL library *:* CIL module *
 0001:0000991c       UnregisterNamedPropertyHandlers$dtor$2 000000018000a91c f   * CIL library *:* CIL module *
 0001:0000991c       UnregisterIndexedPropertyHandlers$dtor$2 000000018000a91c f   * CIL library *:* CIL module *
 0001:00009930       CreateStringArray$dtor$0   000000018000a930 f   * CIL library *:* CIL module *
 0001:00009930       V8Execute$dtor$0           000000018000a930 f   * CIL library *:* CIL module *
 0001:00009930       CreateArray$dtor$0         000000018000a930 f   * CIL library *:* CIL module *
 0001:00009930       CreateError$dtor$0         000000018000a930 f   * CIL library *:* CIL module *
 0001:00009930       V8Compile$dtor$0           000000018000a930 f   * CIL library *:* CIL module *
[...]
 0004:00000570       $pdata$2$?GetPropertyAttributes@ObjectTemplateProxy@@SAXIAEBV?$PropertyCallbackInfo@VInteger@v8@@@v8@@@Z 0000000180015570     * CIL library *:* CIL module *
 0004:0000057c       $pdata$3$?GetPropertyAttributes@ObjectTemplateProxy@@SAXIAEBV?$PropertyCallbackInfo@VInteger@v8@@@v8@@@Z 000000018001557c     * CIL library *:* CIL module *
 0004:00000588       $pdata$?DeleteProperty@ObjectTemplateProxy@@SAXIAEBV?$PropertyCallbackInfo@VBoolean@v8@@@v8@@@Z 0000000180015588     * CIL library *:* CIL module *
 0004:00000594       $pdata$0$?DeleteProperty@ObjectTemplateProxy@@SAXIAEBV?$PropertyCallbackInfo@VBoolean@v8@@@v8@@@Z 0000000180015594     * CIL library *:* CIL module *
 0004:000005a0       $pdata$2$?DeleteProperty@ObjectTemplateProxy@@SAXIAEBV?$PropertyCallbackInfo@VBoolean@v8@@@v8@@@Z 00000001800155a0     * CIL library *:* CIL module *
 0004:000005ac       $pdata$3$?DeleteProperty@ObjectTemplateProxy@@SAXIAEBV?$PropertyCallbackInfo@VBoolean@v8@@@v8@@@Z 00000001800155ac     * CIL library *:* CIL module *
 0004:000005b8       $pdata$?GetPropertyIndices@ObjectTemplateProxy@@SAXAEBV?$PropertyCallbackInfo@VArray@v8@@@v8@@@Z 00000001800155b8     * CIL library *:* CIL module *
 0004:000005c4       $pdata$0$?GetPropertyIndices@ObjectTemplateProxy@@SAXAEBV?$PropertyCallbackInfo@VArray@v8@@@v8@@@Z 00000001800155c4     * CIL library *:* CIL module *
 0004:000005d0       $pdata$2$?GetPropertyIndices@ObjectTemplateProxy@@SAXAEBV?$PropertyCallbackInfo@VArray@v8@@@v8@@@Z 00000001800155d0     * CIL library *:* CIL module *
 0004:000005dc       $pdata$3$?GetPropertyIndices@ObjectTemplateProxy@@SAXAEBV?$PropertyCallbackInfo@VArray@v8@@@v8@@@Z 00000001800155dc     * CIL library *:* CIL module *
 0004:000005e8       $pdata$?AccessorGetterCallbackProxy@ObjectTemplateProxy@@SAXV?$Local@VString@v8@@@v8@@AEBV?$PropertyCallbackInfo@VValue@v8@@@3@@Z 00000001800155e8     * CIL library *:* CIL module *
 0004:000005f4       $pdata$?AccessorSetterCallbackProxy@ObjectTemplateProxy@@SAXV?$Local@VString@v8@@@v8@@V?$Local@VValue@v8@@@3@AEBV?$PropertyCallbackInfo@X@3@@Z 00000001800155f4     * CIL library *:* CIL module *
 0004:00000600       $pdata$?SetAccessor@ObjectTemplateProxy@@QEAAXHPEBGP6APEAUHandleProxy@@PEAU2@PEAG@ZP6APEAU2@121@ZW4AccessControl@v8@@W4PropertyAttribute@4@@Z 0000000180015600     * CIL library *:* CIL module *
 0004:0000060c       $pdata$??0_StringItem@@QEAA@PEAVV8EngineProxy@@PEAVString@v8@@@Z 000000018001560c     * CIL library *:* CIL module *
 0004:00000618       $pdata$?IsDisposed@V8EngineProxy@@SA_NH@Z 0000000180015618     * CIL library *:* CIL module *
 0004:00000624       $pdata$??0V8EngineProxy@@QEAA@_NP6AXXZH@Z 0000000180015624     * CIL library *:* CIL module *
 0004:00000630       $pdata$??1recursive_mutex@std@@QEAA@XZ 0000000180015630     * CIL library *:* CIL module *
 0004:0000063c       $pdata$??1V8EngineProxy@@QEAA@XZ 000000018001563c     * CIL library *:* CIL module *
 0004:00000648       $pdata$?GetNativeString@V8EngineProxy@@QEAA?AU_StringItem@@PEAVString@v8@@@Z 0000000180015648     * CIL library *:* CIL module *
 0004:00000654       $pdata$?GetHandleProxy@V8EngineProxy@@QEAAPEAUHandleProxy@@V?$Handle@VValue@v8@@@v8@@@Z 0000000180015654     * CIL library *:* CIL module *
 0004:00000660       $pdata$?DisposeHandleProxy@V8EngineProxy@@QEAAXPEAUHandleProxy@@@Z 0000000180015660     * CIL library *:* CIL module *
 0004:0000066c       $pdata$?SetGlobalObjectTemplate@V8EngineProxy@@QEAAPEAUHandleProxy@@PEAVObjectTemplateProxy@@@Z 000000018001566c     * CIL library *:* CIL module *
 0004:00000678       $pdata$?_GetErrorMessage@@YA?AV?$Local@VString@v8@@@v8@@AEAVTryCatch@2@@Z 0000000180015678     * CIL library *:* CIL module *
 0004:00000684       $pdata$1$?_GetErrorMessage@@YA?AV?$Local@VString@v8@@@v8@@AEAVTryCatch@2@@Z 0000000180015684     * CIL library *:* CIL module *
 0004:00000690       $pdata$2$?_GetErrorMessage@@YA?AV?$Local@VString@v8@@@v8@@AEAVTryCatch@2@@Z 0000000180015690     * CIL library *:* CIL module *
 0004:0000069c       $pdata$3$?_GetErrorMessage@@YA?AV?$Local@VString@v8@@@v8@@AEAVTryCatch@2@@Z 000000018001569c     * CIL library *:* CIL module *
 0004:000006a8       $pdata$4$?_GetErrorMessage@@YA?AV?$Local@VString@v8@@@v8@@AEAVTryCatch@2@@Z 00000001800156a8     * CIL library *:* CIL module *
 0004:000006b4       $pdata$5$?_GetErrorMessage@@YA?AV?$Local@VString@v8@@@v8@@AEAVTryCatch@2@@Z 00000001800156b4     * CIL library *:* CIL module *
 0004:000006c0       $pdata$6$?_GetErrorMessage@@YA?AV?$Local@VString@v8@@@v8@@AEAVTryCatch@2@@Z 00000001800156c0     * CIL library *:* CIL module *
 0004:000006cc       $pdata$?Execute@V8EngineProxy@@QEAAPEAUHandleProxy@@PEBGPEAG@Z 00000001800156cc     * CIL library *:* CIL module *
 0004:000006d8       $pdata$?Execute@V8EngineProxy@@QEAAPEAUHandleProxy@@V?$Handle@VScript@v8@@@v8@@@Z 00000001800156d8     * CIL library *:* CIL module *
 0004:000006e4       $pdata$?Compile@V8EngineProxy@@QEAAPEAUHandleProxy@@PEBGPEAG@Z 00000001800156e4     * CIL library *:* CIL module *
 0004:000006f0       $pdata$?CreateError@V8EngineProxy@@QEAAPEAUHandleProxy@@PEBGW4JSValueType@@@Z 00000001800156f0     * CIL library *:* CIL module *
 0004:000006fc       $pdata$?CreateArray@V8EngineProxy@@QEAAPEAUHandleProxy@@PEAPEAU2@G@Z 00000001800156fc     * CIL library *:* CIL module *
 0004:00000708       $pdata$?CreateArray@V8EngineProxy@@QEAAPEAUHandleProxy@@PEAPEAGG@Z 0000000180015708     * CIL library *:* CIL module *
 0004:00000714       $pdata$0$?CreateArray@V8EngineProxy@@QEAAPEAUHandleProxy@@PEAPEAGG@Z 0000000180015714     * CIL library *:* CIL module *
 0004:00000720       $pdata$1$?CreateArray@V8EngineProxy@@QEAAPEAUHandleProxy@@PEAPEAGG@Z 0000000180015720     * CIL library *:* CIL module *
 0004:0000072c       $pdata$?resize@?$vector@_NV?$allocator@_N@std@@@std@@QEAAX_K_N@Z 000000018001572c     * CIL library *:* CIL module *
 0004:00000738       $pdata$?clear@?$vector@_NV?$allocator@_N@std@@@std@@QEAAXXZ 0000000180015738     * CIL library *:* CIL module *
 0004:00000744       $pdata$??1?$vector@HV?$allocator@H@std@@@std@@QEAA@XZ 0000000180015744     * CIL library *:* CIL module *
 0004:00000744       $pdata$??1?$vector@IV?$allocator@_N@std@@@std@@QEAA@XZ 0000000180015744     * CIL library *:* CIL module *
 0004:00000744       $pdata$??1?$vector@PEAUHandleProxy@@V?$allocator@PEAUHandleProxy@@@std@@@std@@QEAA@XZ 0000000180015744     * CIL library *:* CIL module *
 0004:00000744       $pdata$??1?$vector@U_StringItem@@V?$allocator@U_StringItem@@@std@@@std@@QEAA@XZ 0000000180015744     * CIL library *:* CIL module *
 0004:00000750       $pdata$?push_back@?$vector@U_StringItem@@V?$allocator@U_StringItem@@@std@@@std@@QEAAXAEBU_StringItem@@@Z 0000000180015750     * CIL library *:* CIL module *
 0004:0000075c       $pdata$?push_back@?$vector@HV?$allocator@H@std@@@std@@QEAAXAEBH@Z 000000018001575c     * CIL library *:* CIL module *
 0004:00000768       $pdata$?erase@?$vector@_NV?$allocator@_N@std@@@std@@QEAA?AV?$_Vb_iterator@U?$_Wrap_alloc@V?$allocator@I@std@@@std@@@2@V?$_Vb_const_iterator@U?$_Wrap_alloc@V?$allocator@I@std@@@std@@@2@0@Z 0000000180015768     * CIL library *:* CIL module *
 0004:00000774       $pdata$?_Insert_n@?$vector@_NV?$allocator@_N@std@@@std@@QEAA?AV?$_Vb_iterator@U?$_Wrap_alloc@V?$allocator@I@std@@@std@@@2@V?$_Vb_const_iterator@U?$_Wrap_alloc@V?$allocator@I@std@@@std@@@2@_KAEB_N@Z 0000000180015774     * CIL library *:* CIL module *
 0004:00000780       $pdata$?_Trim@?$vector@_NV?$allocator@_N@std@@@std@@QEAAX_K@Z 0000000180015780     * CIL library *:* CIL module *
 0004:0000078c       $pdata$1$?_Trim@?$vector@_NV?$allocator@_N@std@@@std@@QEAAX_K@Z 000000018001578c     * CIL library *:* CIL module *
 0004:00000798       $pdata$2$?_Trim@?$vector@_NV?$allocator@_N@std@@@std@@QEAAX_K@Z 0000000180015798     * CIL library *:* CIL module *
 0004:000007a4       $pdata$??1?$_Vb_val@V?$allocator@_N@std@@@std@@QEAA@XZ 00000001800157a4     * CIL library *:* CIL module *
 0004:000007b0       $pdata$?_Construct_n@?$vector@U_StringItem@@V?$allocator@U_StringItem@@@std@@@std@@QEAAX_KPEBU_StringItem@@@Z 00000001800157b0     * CIL library *:* CIL module *
 0004:000007bc       $pdata$?_Reserve@?$vector@U_StringItem@@V?$allocator@U_StringItem@@@std@@@std@@IEAAX_K@Z 00000001800157bc     * CIL library *:* CIL module *
 0004:000007c8       $pdata$?_Construct_n@?$vector@PEAUHandleProxy@@V?$allocator@PEAUHandleProxy@@@std@@@std@@QEAAX_KPEBQEAUHandleProxy@@@Z 00000001800157c8     * CIL library *:* CIL module *
 0004:000007d4       $pdata$?_Reserve@?$vector@PEAUHandleProxy@@V?$allocator@PEAUHandleProxy@@@std@@@std@@IEAAX_K@Z 00000001800157d4     * CIL library *:* CIL module *
 0004:000007e0       $pdata$?_Construct_n@?$vector@HV?$allocator@H@std@@@std@@QEAAX_KPEBH@Z 00000001800157e0     * CIL library *:* CIL module *
 0004:000007ec       $pdata$?_Reserve@?$vector@HV?$allocator@H@std@@@std@@IEAAX_K@Z 00000001800157ec     * CIL library *:* CIL module *
 0004:000007f8       $pdata$?_Insert_x@?$vector@_NV?$allocator@_N@std@@@std@@QEAA_KV?$_Vb_const_iterator@U?$_Wrap_alloc@V?$allocator@I@std@@@std@@@2@_K@Z 00000001800157f8     * CIL library *:* CIL module *
 0004:00000804       $pdata$1$?_Insert_x@?$vector@_NV?$allocator@_N@std@@@std@@QEAA_KV?$_Vb_const_iterator@U?$_Wrap_alloc@V?$allocator@I@std@@@std@@@2@_K@Z 0000000180015804     * CIL library *:* CIL module *
 0004:00000810       $pdata$2$?_Insert_x@?$vector@_NV?$allocator@_N@std@@@std@@QEAA_KV?$_Vb_const_iterator@U?$_Wrap_alloc@V?$allocator@I@std@@@std@@@2@_K@Z 0000000180015810     * CIL library *:* CIL module *
 0004:0000081c       $pdata$3$?_Insert_x@?$vector@_NV?$allocator@_N@std@@@std@@QEAA_KV?$_Vb_const_iterator@U?$_Wrap_alloc@V?$allocator@I@std@@@std@@@2@_K@Z 000000018001581c     * CIL library *:* CIL module *
 0004:00000828       $pdata$?_Reallocate@?$vector@U_StringItem@@V?$allocator@U_StringItem@@@std@@@std@@IEAAX_K@Z 0000000180015828     * CIL library *:* CIL module *
 0004:00000834       $pdata$?_Reallocate@?$vector@PEAUHandleProxy@@V?$allocator@PEAUHandleProxy@@@std@@@std@@IEAAX_K@Z 0000000180015834     * CIL library *:* CIL module *
 0004:00000840       $pdata$?_Reallocate@?$vector@HV?$allocator@H@std@@@std@@IEAAX_K@Z 0000000180015840     * CIL library *:* CIL module *
 0004:0000084c       $pdata$?_Construct_n@?$vector@IV?$allocator@_N@std@@@std@@QEAAX_KPEBI@Z 000000018001584c     * CIL library *:* CIL module *
 0004:00000858       $pdata$?_Insert_n@?$vector@IV?$allocator@_N@std@@@std@@IEAA?AV?$_Vector_iterator@V?$_Vector_val@U?$_Simple_types@I@std@@@std@@@2@V?$_Vector_const_iterator@V?$_Vector_val@U?$_Simple_types@I@std@@@std@@@2@_KAEBI@Z 0000000180015858     * CIL library *:* CIL module *
 0004:00000864       $pdata$??$_Uninit_fill_n@PEAU_StringItem@@_KU1@V?$allocator@U_StringItem@@@std@@U1@@std@@YAXPEAU_StringItem@@_KPEBU1@AEAU?$_Wrap_alloc@V?$allocator@U_StringItem@@@std@@@0@0U_Nonscalar_ptr_iterator_tag@0@@Z 0000000180015864     * CIL library *:* CIL module *
 0004:00000870       $pdata$??$_Uninit_move@PEAU_StringItem@@PEAU1@V?$allocator@U_StringItem@@@std@@U1@@std@@YAPEAU_StringItem@@PEAU1@00AEAU?$_Wrap_alloc@V?$allocator@U_StringItem@@@std@@@0@0U_Nonscalar_ptr_iterator_tag@0@@Z 0000000180015870     * CIL library *:* CIL module *
 0004:0000087c       $pdata$??1HandleValue@@QEAA@XZ 000000018001587c     * CIL library *:* CIL module *
 0004:00000894       $pdata$??_Etype_info@@UEAAPEAXI@Z 0000000180015894     MSVCRT:ti_inst.obj
 0004:000008a0       $pdata$__atonexitinit      00000001800158a0     MSVCRT:atonexit.obj
 0004:000008ac       $pdata$_onexit             00000001800158ac     MSVCRT:atonexit.obj
 0004:000008b8       $pdata$atexit              00000001800158b8     MSVCRT:atonexit.obj
 0004:000008c4       $pdata$pre_c_init          00000001800158c4     MSVCRT:crtdll.obj
 0004:000008d0       $pdata$_CRT_INIT           00000001800158d0     MSVCRT:crtdll.obj
 0004:000008dc       $pdata$_DllMainCRTStartup  00000001800158dc     MSVCRT:crtdll.obj
 0004:000008e8       $pdata$__DllMainCRTStartup 00000001800158e8     MSVCRT:crtdll.obj
 0004:000008f4       $pdata$__raise_securityfailure 00000001800158f4     MSVCRT:gs_report.obj
 0004:00000900       $pdata$__report_gsfailure  0000000180015900     MSVCRT:gs_report.obj
 0004:0000090c       $pdata$??_M@YAXPEAX_KHP6AX0@Z@Z 000000018001590c     MSVCRT:ehvecdtr.obj
 0004:00000918       $pdata$?__ArrayUnwind@@YAXPEAX_KHP6AX0@Z@Z 0000000180015918     MSVCRT:ehvecdtr.obj
 0004:00000924       $pdata$_IsNonwritableInCurrentImage 0000000180015924     MSVCRT:pesect.obj
 0004:00000930       $pdata$__security_init_cookie 0000000180015930     MSVCRT:gs_support.obj
 0004:0000093c       $pdata$DllMain             000000018001593c     MSVCRT:dllmain.obj
 0004:00000948       $pdata$_RTC_Initialize     0000000180015948     MSVCRT:initsect.obj
 0004:00000954       $pdata$_RTC_Terminate      0000000180015954     MSVCRT:initsect.obj
 0004:00000960       $pdata$_onexit$fin$0       0000000180015960     MSVCRT:atonexit.obj
 0004:0000096c       $pdata$__DllMainCRTStartup$filt$0 000000018001596c     MSVCRT:crtdll.obj
 0004:00000978       $pdata$__DllMainCRTStartup$fin$1 0000000180015978     MSVCRT:crtdll.obj
 0004:00000984       $pdata$?fin$0@?0???_M@YAXPEAX_KHP6AX0@Z@Z@4HA 0000000180015984     MSVCRT:ehvecdtr.obj
 0004:00000990       $pdata$?filt$0@?0??__ArrayUnwind@@YAXPEAX_KHP6AX0@Z@Z@4HA 0000000180015990     MSVCRT:ehvecdtr.obj
 0004:0000099c       $pdata$_IsNonwritableInCurrentImage$filt$0 000000018001599c     MSVCRT:pesect.obj
 0004:000009a8       $pdata$?catch$0@?0???$_Uninit_fill_n@PEAU_StringItem@@_KU1@V?$allocator@U_StringItem@@@std@@U1@@std@@YAXPEAU_StringItem@@_KPEBU1@AEAU?$_Wrap_alloc@V?$allocator@U_StringItem@@@std@@@0@0U_Nonscalar_ptr_iterator_tag@0@@Z@4HA 00000001800159a8     * CIL library *:* CIL module *
 0004:000009b4       $pdata$?dtor$0@?0???$_Uninit_move@PEAU_StringItem@@PEAU1@V?$allocator@U_StringItem@@@std@@U1@@std@@YAPEAU_StringItem@@PEAU1@00AEAU?$_Wrap_alloc@V?$allocator@U_StringItem@@@std@@@0@0U_Nonscalar_ptr_iterator_tag@0@@Z@4HA 00000001800159b4     * CIL library *:* CIL module *
 0004:000009c0       $pdata$?catch$0@?0???$_Uninit_move@PEAU_StringItem@@PEAU1@V?$allocator@U_StringItem@@@std@@U1@@std@@YAPEAU_StringItem@@PEAU1@00AEAU?$_Wrap_alloc@V?$allocator@U_StringItem@@@std@@@0@0U_Nonscalar_ptr_iterator_tag@0@@Z@4HA 00000001800159c0     * CIL library *:* CIL module *
 0004:000009cc       $pdata$?catch$0@?0??Compile@V8EngineProxy@@QEAAPEAUHandleProxy@@PEBGPEAG@Z@4HA 00000001800159cc     * CIL library *:* CIL module *
 0004:000009d8       $pdata$?dtor$3@?0??CreateArray@V8EngineProxy@@QEAAPEAUHandleProxy@@PEAPEAU2@G@Z@4HA 00000001800159d8     * CIL library *:* CIL module *
 0004:000009e4       $pdata$?catch$0@?0??Execute@V8EngineProxy@@QEAAPEAUHandleProxy@@PEBGPEAG@Z@4HA 00000001800159e4     * CIL library *:* CIL module *
 0004:000009f0       $pdata$?catch$0@?0??Execute@V8EngineProxy@@QEAAPEAUHandleProxy@@V?$Handle@VScript@v8@@@v8@@@Z@4HA 00000001800159f0     * CIL library *:* CIL module *
 0004:000009fc       $pdata$?dtor$3@?0??GetHandleProxy@V8EngineProxy@@QEAAPEAUHandleProxy@@V?$Handle@VValue@v8@@@v8@@@Z@4HA 00000001800159fc     * CIL library *:* CIL module *
 0004:00000a08       $pdata$?catch$0@?0??_Construct_n@?$vector@HV?$allocator@H@std@@@std@@QEAAX_KPEBH@Z@4HA 0000000180015a08     * CIL library *:* CIL module *
 0004:00000a14       $pdata$?catch$0@?0??_Construct_n@?$vector@IV?$allocator@_N@std@@@std@@QEAAX_KPEBI@Z@4HA 0000000180015a14     * CIL library *:* CIL module *
 0004:00000a20       $pdata$?catch$0@?0??_Construct_n@?$vector@PEAUHandleProxy@@V?$allocator@PEAUHandleProxy@@@std@@@std@@QEAAX_KPEBQEAUHandleProxy@@@Z@4HA 0000000180015a20     * CIL library *:* CIL module *
 0004:00000a2c       $pdata$?catch$0@?0??_Construct_n@?$vector@U_StringItem@@V?$allocator@U_StringItem@@@std@@@std@@QEAAX_KPEBU_StringItem@@@Z@4HA 0000000180015a2c     * CIL library *:* CIL module *
 0004:00000a38       $pdata$?catch$0@?0??_Insert_n@?$vector@IV?$allocator@_N@std@@@std@@IEAA?AV?$_Vector_iterator@V?$_Vector_val@U?$_Simple_types@I@std@@@std@@@2@V?$_Vector_const_iterator@V?$_Vector_val@U?$_Simple_types@I@std@@@std@@@2@_KAEBI@Z@4HA 0000000180015a38     * CIL library *:* CIL module *
 0004:00000a44       $pdata$?catch$1@?0??_Insert_n@?$vector@IV?$allocator@_N@std@@@std@@IEAA?AV?$_Vector_iterator@V?$_Vector_val@U?$_Simple_types@I@std@@@std@@@2@V?$_Vector_const_iterator@V?$_Vector_val@U?$_Simple_types@I@std@@@std@@@2@_KAEBI@Z@4HA 0000000180015a44     * CIL library *:* CIL module *
 0004:00000a50       $pdata$?catch$0@?0??_Reallocate@?$vector@HV?$allocator@H@std@@@std@@IEAAX_K@Z@4HA 0000000180015a50     * CIL library *:* CIL module *
 0004:00000a5c       $pdata$?catch$0@?0??_Reallocate@?$vector@PEAUHandleProxy@@V?$allocator@PEAUHandleProxy@@@std@@@std@@IEAAX_K@Z@4HA 0000000180015a5c     * CIL library *:* CIL module *
 0004:00000a68       $pdata$?catch$0@?0??_Reallocate@?$vector@U_StringItem@@V?$allocator@U_StringItem@@@std@@@std@@IEAAX_K@Z@4HA 0000000180015a68     * CIL library *:* CIL module *
 0004:00000a74       $pdata$?dtor$0@?0??push_back@?$vector@HV?$allocator@H@std@@@std@@QEAAXAEBH@Z@4HA 0000000180015a74     * CIL library *:* CIL module *
 0004:00000a74       $pdata$?dtor$0@?0??push_back@?$vector@U_StringItem@@V?$allocator@U_StringItem@@@std@@@std@@QEAAXAEBU_StringItem@@@Z@4HA 0000000180015a74     * CIL library *:* CIL module *
 0004:00000a80       $pdata$??__E?_DisposedEngines@V8EngineProxy@@1V?$vector@_NV?$allocator@_N@std@@@std@@A@@YAXXZ 0000000180015a80     * CIL library *:* CIL module *
 0004:00000a8c       $pdata$??__F?_DisposedEngines@V8EngineProxy@@1V?$vector@_NV?$allocator@_N@std@@@std@@A@@YAXXZ 0000000180015a8c     * CIL library *:* CIL module *
 0005:000000a0       $R000000                   00000001800160a0     V8.Net-Proxy-64.res
 0005:00000420       $R000380                   0000000180016420     V8.Net-Proxy-64.res

 Exports

  ordinal    name

        1    Call
        2    ConnectObject
        3    CreateArray
        4    CreateBoolean
        5    CreateDate
        6    CreateError
        7    CreateFunctionInstance
        8    CreateFunctionTemplateProxy
        9    CreateFunctionTemplateProxyTest
       10    CreateHandleProxyTest
       11    CreateInteger
       12    CreateNullValue
       13    CreateNumber
       14    CreateObject
       15    CreateObjectFromTemplate
       16    CreateObjectTemplateProxy
       17    CreateObjectTemplateProxyTest
       18    CreateString
       19    CreateStringArray
       20    CreateV8EngineProxy
       21    CreateV8EngineProxyTest
       22    DeleteFunctionTemplateProxy
       23    DeleteObjectPropertyByIndex
       24    DeleteObjectPropertyByName
       25    DeleteObjectTemplateProxy
       26    DeleteTestData
       27    DestroyV8EngineProxy
       28    DisposeHandleProxy
       29    DoIdleNotification
       30    ForceGC
       31    GetArrayLength
       32    GetFunction
       33    GetFunctionInstanceTemplateProxy
       34    GetFunctionPrototypeTemplateProxy
       35    GetHandleManagedObjectID
       36    GetObjectPropertyByIndex
       37    GetObjectPropertyByName
       38    GetObjectPrototype
       39    GetOwnPropertyNames
       40    GetPropertyAttributes
       41    GetPropertyNames
       42    MakeStrongHandle
       43    MakeWeakHandle
       44    RegisterGCCallback
       45    RegisterIndexedPropertyHandlers
       46    RegisterInvokeHandler
       47    RegisterNamedPropertyHandlers
       48    SetFunctionTemplateProperty
       49    SetGlobalObjectTemplate
       50    SetObjectAccessor
       51    SetObjectPropertyByIndex
       52    SetObjectPropertyByName
       53    SetObjectTemplateAccessor
       54    SetObjectTemplateProperty
       55    UnregisterIndexedPropertyHandlers
       56    UnregisterNamedPropertyHandlers
       57    UpdateHandleValue
       58    V8Compile
       59    V8Execute
       60    V8ExecuteCompiledScript
