 V8_Net_Proxy_x86

 Timestamp is 54ad1fcb (Wed Jan 07 07:00:11 2015)

 Preferred load address is 10000000

 Start         Length     Name                   Class
 0001:00000000 0000012cH .text$di                CODE
 0001:00000130 0000c808H .text$mn                CODE
 0001:0000c940 00000f33H .text$x                 CODE
 0001:0000d880 000000bbH .text$yd                CODE
 0002:00000000 000002b0H .idata$5                DATA
 0002:000002b0 00000004H .CRT$XCA                DATA
 0002:000002b4 00000010H .CRT$XCU                DATA
 0002:000002c4 00000004H .CRT$XCZ                DATA
 0002:000002c8 00000004H .CRT$XIA                DATA
 0002:000002cc 00000004H .CRT$XIAA               DATA
 0002:000002d0 00000004H .CRT$XIC                DATA
 0002:000002d4 00000004H .CRT$XIZ                DATA
 0002:000002e0 000004e8H .rdata                  DATA
 0002:000007c8 00000080H .rdata$debug            DATA
 0002:00000848 00000048H .rdata$r                DATA
 0002:00000890 00000114H .rdata$sxdata           DATA
 0002:000009a4 00000004H .rtc$IAA                DATA
 0002:000009a8 00000004H .rtc$IZZ                DATA
 0002:000009ac 00000004H .rtc$TAA                DATA
 0002:000009b0 00000004H .rtc$TZZ                DATA
 0002:000009b8 00001390H .xdata$x                DATA
 0002:00001d50 00000845H .edata                  DATA
 0002:00002598 00000050H .idata$2                DATA
 0002:000025e8 00000014H .idata$3                DATA
 0002:000025fc 000002b0H .idata$4                DATA
 0002:000028ac 00001f62H .idata$6                DATA
 0003:00000000 00000030H .data                   DATA
 0003:00000030 00000034H .data$r                 DATA
 0003:00000070 000004c0H .bss                    DATA
 0004:00000000 000000a0H .rsrc$01                DATA
 0004:000000a0 00000500H .rsrc$02                DATA

  Address         Publics by Value              Rva+Base       Lib:Object

 0000:00000000       ___guard_fids_count        00000000     <absolute>
 0000:00000000       __except_list              00000000     <absolute>
 0000:00000000       ___guard_flags             00000000     <absolute>
 0000:00000000       ___guard_fids_table        00000000     <absolute>
 0000:00000045       ___safe_se_handler_count   00000045     <absolute>
 0000:00009876       __ldused                   00009876     <absolute>
 0000:00009876       __fltused                  00009876     <absolute>
 0000:00000000       ___ImageBase               10000000     <linker-defined>
 0001:00000130       ??1Scope@Context@v8@@QAE@XZ 10001130 f i Exports.obj
 0001:00000140       _CreateV8EngineProxy@12    10001140 f   Exports.obj
 0001:000001c0       _DestroyV8EngineProxy@4    100011c0 f   Exports.obj
 0001:000001f0       _RegisterGCCallback@8      100011f0 f   Exports.obj
 0001:000002d0       _ForceGC@4                 100012d0 f   Exports.obj
 0001:000003a0       _DoIdleNotification@8      100013a0 f   Exports.obj
 0001:000003b0       _V8Execute@12              100013b0 f   Exports.obj
 0001:000004b0       _V8Compile@12              100014b0 f   Exports.obj
 0001:000005b0       _V8ExecuteCompiledScript@8 100015b0 f   Exports.obj
 0001:00000710       _CreateObjectTemplateProxy@4 10001710 f   Exports.obj
 0001:000007e0       _DeleteObjectTemplateProxy@4 100017e0 f   Exports.obj
 0001:000008b0       _SetGlobalObjectTemplate@8 100018b0 f   Exports.obj
 0001:00000970       _RegisterNamedPropertyHandlers@24 10001970 f   Exports.obj
 0001:00000a70       _RegisterIndexedPropertyHandlers@24 10001a70 f   Exports.obj
 0001:00000b70       _UnregisterNamedPropertyHandlers@4 10001b70 f   Exports.obj
 0001:00000c70       _UnregisterIndexedPropertyHandlers@4 10001c70 f   Exports.obj
 0001:00000d70       _RegisterInvokeHandler@8   10001d70 f   Exports.obj
 0001:00000e60       _CreateObjectFromTemplate@8 10001e60 f   Exports.obj
 0001:00000fb0       _ConnectObject@12          10001fb0 f   Exports.obj
 0001:00001190       _GetObjectPrototype@4      10002190 f   Exports.obj
 0001:000012d0       _Call@20                   100022d0 f   Exports.obj
 0001:000013e0       _SetObjectPropertyByName@16 100023e0 f   Exports.obj
 0001:00001580       _SetObjectPropertyByIndex@12 10002580 f   Exports.obj
 0001:00001700       _GetObjectPropertyByName@8 10002700 f   Exports.obj
 0001:00001870       _GetObjectPropertyByIndex@8 10002870 f   Exports.obj
 0001:000019c0       _DeleteObjectPropertyByName@8 100029c0 f   Exports.obj
 0001:00001b20       _DeleteObjectPropertyByIndex@8 10002b20 f   Exports.obj
 0001:00001c60       _SetObjectAccessor@28      10002c60 f   Exports.obj
 0001:00001ea0       _SetObjectTemplateAccessor@28 10002ea0 f   Exports.obj
 0001:00001fb0       _SetObjectTemplateProperty@16 10002fb0 f   Exports.obj
 0001:000020a0       _GetPropertyNames@4        100030a0 f   Exports.obj
 0001:000021f0       _GetOwnPropertyNames@4     100031f0 f   Exports.obj
 0001:00002340       _GetPropertyAttributes@8   10003340 f   Exports.obj
 0001:000024a0       _GetArrayLength@4          100034a0 f   Exports.obj
 0001:000025e0       _CreateFunctionTemplateProxy@12 100035e0 f   Exports.obj
 0001:000026b0       _DeleteFunctionTemplateProxy@4 100036b0 f   Exports.obj
 0001:00002780       _GetFunctionInstanceTemplateProxy@4 10003780 f   Exports.obj
 0001:00002860       _GetFunctionPrototypeTemplateProxy@4 10003860 f   Exports.obj
 0001:00002940       _GetFunction@4             10003940 f   Exports.obj
 0001:00002a60       _CreateFunctionInstance@16 10003a60 f   Exports.obj
 0001:00002b50       _SetFunctionTemplateProperty@16 10003b50 f   Exports.obj
 0001:00002c40       _CreateBoolean@8           10003c40 f   Exports.obj
 0001:00002d40       _CreateInteger@8           10003d40 f   Exports.obj
 0001:00002e40       _CreateNumber@12           10003e40 f   Exports.obj
 0001:00002f80       _CreateString@8            10003f80 f   Exports.obj
 0001:00003080       _CreateDate@12             10004080 f   Exports.obj
 0001:000031b0       _CreateObject@8            100041b0 f   Exports.obj
 0001:000032d0       _CreateArray@12            100042d0 f   Exports.obj
 0001:000033c0       _CreateStringArray@12      100043c0 f   Exports.obj
 0001:000034b0       _CreateNullValue@4         100044b0 f   Exports.obj
 0001:000035a0       _CreateError@12            100045a0 f   Exports.obj
 0001:000036d0       _MakeWeakHandle@4          100046d0 f   Exports.obj
 0001:000037e0       _MakeStrongHandle@4        100047e0 f   Exports.obj
 0001:000038e0       _DisposeHandleProxy@4      100048e0 f   Exports.obj
 0001:000039d0       _UpdateHandleValue@4       100049d0 f   Exports.obj
 0001:00003ac0       _GetHandleManagedObjectID@4 10004ac0 f   Exports.obj
 0001:00003bd0       _CreateHandleProxyTest@0   10004bd0 f   Exports.obj
 0001:00003c00       _CreateV8EngineProxyTest@0 10004c00 f   Exports.obj
 0001:00003c30       _CreateObjectTemplateProxyTest@0 10004c30 f   Exports.obj
 0001:00003c60       _CreateFunctionTemplateProxyTest@0 10004c60 f   Exports.obj
 0001:00003c90       _DeleteTestData@4          10004c90 f   Exports.obj
 0001:00003d20       ??0FunctionTemplateProxy@@QAE@PAVV8EngineProxy@@PAGP6GPAUHandleProxy@@H_NPAU2@PAPAU2@I@Z@Z 10004d20 f   FunctionTemplateProxy.obj
 0001:00003f30       ??1FunctionTemplateProxy@@QAE@XZ 10004f30 f   FunctionTemplateProxy.obj
 0001:000040c0       ?InvocationCallbackProxy@FunctionTemplateProxy@@SAXABV?$FunctionCallbackInfo@VValue@v8@@@v8@@@Z 100050c0 f   FunctionTemplateProxy.obj
 0001:00004270       ?CreateInstance@FunctionTemplateProxy@@QAEPAUHandleProxy@@HHPAPAU2@@Z 10005270 f   FunctionTemplateProxy.obj
 0001:00004430       ?Set@FunctionTemplateProxy@@QAEXPBGPAUHandleProxy@@W4PropertyAttribute@v8@@@Z 10005430 f   FunctionTemplateProxy.obj
 0001:000044c0       ??0?$CopyablePersistent@VScript@v8@@@@QAE@AAV?$Handle@VScript@v8@@@v8@@@Z 100054c0 f i HandleProxy.obj
 0001:000044c0       ??0?$CopyablePersistent@VObjectTemplate@v8@@@@QAE@AAV?$Handle@VObjectTemplate@v8@@@v8@@@Z 100054c0 f i ObjectTemplateProxy.obj
 0001:000044c0       ??0?$CopyablePersistent@VValue@v8@@@@QAE@AAV?$Handle@VValue@v8@@@v8@@@Z 100054c0 f i HandleProxy.obj
 0001:000044c0       ??0?$CopyablePersistent@VFunctionTemplate@v8@@@@QAE@AAV?$Handle@VFunctionTemplate@v8@@@v8@@@Z 100054c0 f i FunctionTemplateProxy.obj
 0001:00004580       ??1?$CopyablePersistent@VObject@v8@@@@QAE@XZ 10005580 f i V8EngineProxy.obj
 0001:00004580       ??1?$CopyablePersistent@VFunctionTemplate@v8@@@@QAE@XZ 10005580 f i FunctionTemplateProxy.obj
 0001:00004580       ??1?$CopyablePersistent@VValue@v8@@@@QAE@XZ 10005580 f i HandleProxy.obj
 0001:00004580       ??1?$CopyablePersistent@VContext@v8@@@@QAE@XZ 10005580 f i V8EngineProxy.obj
 0001:00004580       ??1?$CopyablePersistent@VScript@v8@@@@QAE@XZ 10005580 f i HandleProxy.obj
 0001:00004580       ??1?$CopyablePersistent@VObjectTemplate@v8@@@@QAE@XZ 10005580 f i ObjectTemplateProxy.obj
 0001:00004600       ??1?$Persistent@VValue@v8@@U?$CopyablePersistentTraits@VValue@v8@@@2@@v8@@QAE@XZ 10005600 f i HandleProxy.obj
 0001:00004600       ??1?$Persistent@VScript@v8@@U?$CopyablePersistentTraits@VScript@v8@@@2@@v8@@QAE@XZ 10005600 f i HandleProxy.obj
 0001:00004600       ??1?$Persistent@VFunctionTemplate@v8@@U?$CopyablePersistentTraits@VFunctionTemplate@v8@@@2@@v8@@QAE@XZ 10005600 f i FunctionTemplateProxy.obj
 0001:00004600       ??1?$Persistent@VObjectTemplate@v8@@U?$CopyablePersistentTraits@VObjectTemplate@v8@@@2@@v8@@QAE@XZ 10005600 f i ObjectTemplateProxy.obj
 0001:00004600       ??1?$Persistent@VContext@v8@@U?$CopyablePersistentTraits@VContext@v8@@@2@@v8@@QAE@XZ 10005600 f i V8EngineProxy.obj
 0001:00004600       ??1?$Persistent@VObject@v8@@U?$CopyablePersistentTraits@VObject@v8@@@2@@v8@@QAE@XZ 10005600 f i V8EngineProxy.obj
 0001:00004620       ??$Set@VValue@v8@@@?$ReturnValue@VValue@v8@@@v8@@QAEXV?$Handle@VValue@v8@@@1@@Z 10005620 f i FunctionTemplateProxy.obj
 0001:00004640       ?Handle@HandleProxy@@QAE?AV?$Handle@VValue@v8@@@v8@@XZ 10005640 f   HandleProxy.obj
 0001:00004680       ??0HandleProxy@@IAE@PAVV8EngineProxy@@H@Z 10005680 f   HandleProxy.obj
 0001:00004750       ??1HandleProxy@@IAE@XZ     10005750 f   HandleProxy.obj
 0001:00004850       ?_Dispose@HandleProxy@@IAE_N_N@Z 10005850 f   HandleProxy.obj
 0001:00004920       ?_ClearHandleValue@HandleProxy@@IAEXXZ 10005920 f   HandleProxy.obj
 0001:00004990       ?SetHandle@HandleProxy@@IAEPAU1@V?$Handle@VScript@v8@@@v8@@@Z 10005990 f   HandleProxy.obj
 0001:00004ab0       ?SetHandle@HandleProxy@@IAEPAU1@V?$Handle@VValue@v8@@@v8@@@Z 10005ab0 f   HandleProxy.obj
 0001:00004eb0       ?GetManagedObjectID@HandleProxy@@QAEHXZ 10005eb0 f   HandleProxy.obj
 0001:00005050       ?_RevivableCallback@HandleProxy@@CAXABV?$WeakCallbackData@VValue@v8@@UHandleProxy@@@v8@@@Z 10006050 f   HandleProxy.obj
 0001:00005080       ?UpdateValue@HandleProxy@@QAEXXZ 10006080 f   HandleProxy.obj
 0001:00005240       ??C?$CopyablePersistent@VValue@v8@@@@QBEPAVValue@v8@@XZ 10006240 f i HandleProxy.obj
 0001:00005260       ??1?$lock_guard@Vrecursive_mutex@std@@@std@@QAE@XZ 10006260 f i HandleProxy.obj
 0001:00005280       ??$As@VString@v8@@@?$CopyablePersistent@VValue@v8@@@@QAE?AV?$Local@VString@v8@@@v8@@XZ 10006280 f i HandleProxy.obj
 0001:000052c0       ??0ManagedAccessorInfo@@QAE@PAVObjectTemplateProxy@@HABV?$PropertyCallbackInfo@VValue@v8@@@v8@@@Z 100062c0 f i ObjectTemplateProxy.obj
 0001:00005300       ??0ObjectTemplateProxy@@QAE@PAVV8EngineProxy@@@Z 10006300 f   ObjectTemplateProxy.obj
 0001:00005460       ??0ObjectTemplateProxy@@QAE@PAVV8EngineProxy@@V?$Local@VObjectTemplate@v8@@@v8@@@Z 10006460 f   ObjectTemplateProxy.obj
 0001:000055b0       ??1ObjectTemplateProxy@@QAE@XZ 100065b0 f   ObjectTemplateProxy.obj
 0001:00005730       ?GetProperty@ObjectTemplateProxy@@SAXV?$Local@VString@v8@@@v8@@ABV?$PropertyCallbackInfo@VValue@v8@@@3@@Z 10006730 f   ObjectTemplateProxy.obj
 0001:000058d0       ?SetProperty@ObjectTemplateProxy@@SAXV?$Local@VString@v8@@@v8@@V?$Local@VValue@v8@@@3@ABV?$PropertyCallbackInfo@VValue@v8@@@3@@Z 100068d0 f   ObjectTemplateProxy.obj
 0001:00005aa0       ?GetPropertyAttributes@ObjectTemplateProxy@@SAXV?$Local@VString@v8@@@v8@@ABV?$PropertyCallbackInfo@VInteger@v8@@@3@@Z 10006aa0 f   ObjectTemplateProxy.obj
 0001:00005c00       ?DeleteProperty@ObjectTemplateProxy@@SAXV?$Local@VString@v8@@@v8@@ABV?$PropertyCallbackInfo@VBoolean@v8@@@3@@Z 10006c00 f   ObjectTemplateProxy.obj
 0001:00005d60       ?GetPropertyNames@ObjectTemplateProxy@@SAXABV?$PropertyCallbackInfo@VArray@v8@@@v8@@@Z 10006d60 f   ObjectTemplateProxy.obj
 0001:00005f10       ?GetProperty@ObjectTemplateProxy@@SAXIABV?$PropertyCallbackInfo@VValue@v8@@@v8@@@Z 10006f10 f   ObjectTemplateProxy.obj
 0001:00006090       ?SetProperty@ObjectTemplateProxy@@SAXIV?$Local@VValue@v8@@@v8@@ABV?$PropertyCallbackInfo@VValue@v8@@@3@@Z 10007090 f   ObjectTemplateProxy.obj
 0001:00006230       ?GetPropertyAttributes@ObjectTemplateProxy@@SAXIABV?$PropertyCallbackInfo@VInteger@v8@@@v8@@@Z 10007230 f   ObjectTemplateProxy.obj
 0001:00006370       ?DeleteProperty@ObjectTemplateProxy@@SAXIABV?$PropertyCallbackInfo@VBoolean@v8@@@v8@@@Z 10007370 f   ObjectTemplateProxy.obj
 0001:000064b0       ?GetPropertyIndices@ObjectTemplateProxy@@SAXABV?$PropertyCallbackInfo@VArray@v8@@@v8@@@Z 100074b0 f   ObjectTemplateProxy.obj
 0001:00006660       ?AccessorGetterCallbackProxy@ObjectTemplateProxy@@SAXV?$Local@VString@v8@@@v8@@ABV?$PropertyCallbackInfo@VValue@v8@@@3@@Z 10007660 f   ObjectTemplateProxy.obj
 0001:000067a0       ?AccessorSetterCallbackProxy@ObjectTemplateProxy@@SAXV?$Local@VString@v8@@@v8@@V?$Local@VValue@v8@@@3@ABV?$PropertyCallbackInfo@X@3@@Z 100077a0 f   ObjectTemplateProxy.obj
 0001:000068f0       ?SetAccessor@ObjectTemplateProxy@@QAEXHPBGP6GPAUHandleProxy@@PAU2@PAG@ZP6GPAU2@121@ZW4AccessControl@v8@@W4PropertyAttribute@4@@Z 100078f0 f   ObjectTemplateProxy.obj
 0001:000069e0       ?Set@ObjectTemplateProxy@@QAEXPBGPAUHandleProxy@@W4PropertyAttribute@v8@@@Z 100079e0 f   ObjectTemplateProxy.obj
 0001:00006a70       ??3@YAXPAX0@Z              10007a70 f i V8EngineProxy.obj
 0001:00006a80       ??1_Mutex_base@std@@QAE@XZ 10007a80 f i V8EngineProxy.obj
 0001:00006a90       ??0_StringItem@@QAE@PAVV8EngineProxy@@PAVString@v8@@@Z 10007a90 f   V8EngineProxy.obj
 0001:00006ae0       ??0V8EngineProxy@@QAE@_NP6AXXZH@Z 10007ae0 f   V8EngineProxy.obj
 0001:00006d20       ??1recursive_mutex@std@@QAE@XZ 10007d20 f i V8EngineProxy.obj
 0001:00006d70       ??1V8EngineProxy@@QAE@XZ   10007d70 f   V8EngineProxy.obj
 0001:000070f0       ?GetNativeString@V8EngineProxy@@QAE?AU_StringItem@@PAVString@v8@@@Z 100080f0 f   V8EngineProxy.obj
 0001:000071d0       ?GetHandleProxy@V8EngineProxy@@QAEPAUHandleProxy@@V?$Handle@VValue@v8@@@v8@@@Z 100081d0 f   V8EngineProxy.obj
 0001:00007320       ?DisposeHandleProxy@V8EngineProxy@@QAEXPAUHandleProxy@@@Z 10008320 f   V8EngineProxy.obj
 0001:000073d0       ?SetGlobalObjectTemplate@V8EngineProxy@@QAEPAUHandleProxy@@PAVObjectTemplateProxy@@@Z 100083d0 f   V8EngineProxy.obj
 0001:000074e0       ?GetErrorMessage@V8EngineProxy@@SA?AV?$Local@VString@v8@@@v8@@AAVTryCatch@3@@Z 100084e0 f   V8EngineProxy.obj
 0001:00007810       ?Execute@V8EngineProxy@@QAEPAUHandleProxy@@PBGPAG@Z 10008810 f   V8EngineProxy.obj
 0001:00007990       ?Execute@V8EngineProxy@@QAEPAUHandleProxy@@V?$Handle@VScript@v8@@@v8@@@Z 10008990 f   V8EngineProxy.obj
 0001:00007ac0       ?Compile@V8EngineProxy@@QAEPAUHandleProxy@@PBGPAG@Z 10008ac0 f   V8EngineProxy.obj
 0001:00007c50       ?Call@V8EngineProxy@@QAEPAUHandleProxy@@PAU2@PBG0GPAPAU2@@Z 10008c50 f   V8EngineProxy.obj
 0001:00007ef0       ?CreateArray@V8EngineProxy@@QAEPAUHandleProxy@@PAPAU2@G@Z 10008ef0 f   V8EngineProxy.obj
 0001:00007f80       ?CreateArray@V8EngineProxy@@QAEPAUHandleProxy@@PAPAGG@Z 10008f80 f   V8EngineProxy.obj
 0001:00008010       ?resize@?$vector@_NV?$allocator@_N@std@@@std@@QAEXI_N@Z 10009010 f i V8EngineProxy.obj
 0001:000080e0       ?push_back@?$vector@_NV?$allocator@_N@std@@@std@@QAEXAB_N@Z 100090e0 f i V8EngineProxy.obj
 0001:00008140       ?clear@?$vector@_NV?$allocator@_N@std@@@std@@QAEXXZ 10009140 f i V8EngineProxy.obj
 0001:000081a0       ??4?$CopyablePersistent@VObject@v8@@@@QAEAAU0@ABV?$Handle@VObject@v8@@@v8@@@Z 100091a0 f i V8EngineProxy.obj
 0001:000081a0       ??4?$CopyablePersistent@VContext@v8@@@@QAEAAU0@ABV?$Handle@VContext@v8@@@v8@@@Z 100091a0 f i V8EngineProxy.obj
 0001:00008250       ?_Tidy@?$vector@U_StringItem@@V?$allocator@U_StringItem@@@std@@@std@@IAEXXZ 10009250 f i V8EngineProxy.obj
 0001:00008250       ?_Tidy@?$vector@HV?$allocator@H@std@@@std@@IAEXXZ 10009250 f i V8EngineProxy.obj
 0001:00008250       ?_Tidy@?$vector@PAUHandleProxy@@V?$allocator@PAUHandleProxy@@@std@@@std@@IAEXXZ 10009250 f i V8EngineProxy.obj
 0001:00008250       ??1?$vector@PAUHandleProxy@@V?$allocator@PAUHandleProxy@@@std@@@std@@QAE@XZ 10009250 f i V8EngineProxy.obj
 0001:00008250       ??1?$vector@HV?$allocator@H@std@@@std@@QAE@XZ 10009250 f i V8EngineProxy.obj
 0001:00008250       ??1?$vector@U_StringItem@@V?$allocator@U_StringItem@@@std@@@std@@QAE@XZ 10009250 f i V8EngineProxy.obj
 0001:00008280       ?push_back@?$vector@U_StringItem@@V?$allocator@U_StringItem@@@std@@@std@@QAEXABU_StringItem@@@Z 10009280 f i V8EngineProxy.obj
 0001:00008350       ?push_back@?$vector@HV?$allocator@H@std@@@std@@QAEXABH@Z 10009350 f i V8EngineProxy.obj
 0001:00008350       ?push_back@?$vector@PAUHandleProxy@@V?$allocator@PAUHandleProxy@@@std@@@std@@QAEXABQAUHandleProxy@@@Z 10009350 f i V8EngineProxy.obj
 0001:000083f0       ?end@?$vector@_NV?$allocator@_N@std@@@std@@QAE?AV?$_Vb_iterator@U?$_Wrap_alloc@V?$allocator@I@std@@@std@@@2@XZ 100093f0 f i V8EngineProxy.obj
 0001:00008460       ?erase@?$vector@_NV?$allocator@_N@std@@@std@@QAE?AV?$_Vb_iterator@U?$_Wrap_alloc@V?$allocator@I@std@@@std@@@2@V?$_Vb_const_iterator@U?$_Wrap_alloc@V?$allocator@I@std@@@std@@@2@0@Z 10009460 f i V8EngineProxy.obj
 0001:000085f0       ?_Insert_n@?$vector@_NV?$allocator@_N@std@@@std@@QAE?AV?$_Vb_iterator@U?$_Wrap_alloc@V?$allocator@I@std@@@std@@@2@V?$_Vb_const_iterator@U?$_Wrap_alloc@V?$allocator@I@std@@@std@@@2@IAB_N@Z 100095f0 f i V8EngineProxy.obj
 0001:00008700       ?_Trim@?$vector@_NV?$allocator@_N@std@@@std@@QAEXI@Z 10009700 f i V8EngineProxy.obj
 0001:000087a0       ??1?$_Vb_val@V?$allocator@_N@std@@@std@@QAE@XZ 100097a0 f i V8EngineProxy.obj
 0001:00008810       ?_Construct_n@?$vector@U_StringItem@@V?$allocator@U_StringItem@@@std@@@std@@QAEXIPBU_StringItem@@@Z 10009810 f i V8EngineProxy.obj
 0001:000088d0       ?_Reserve@?$vector@U_StringItem@@V?$allocator@U_StringItem@@@std@@@std@@IAEXI@Z 100098d0 f i V8EngineProxy.obj
 0001:00008960       ?_Construct_n@?$vector@PAUHandleProxy@@V?$allocator@PAUHandleProxy@@@std@@@std@@QAEXIPBQAUHandleProxy@@@Z 10009960 f i V8EngineProxy.obj
 0001:00008960       ?_Construct_n@?$vector@HV?$allocator@H@std@@@std@@QAEXIPBH@Z 10009960 f i V8EngineProxy.obj
 0001:00008a30       ?_Reserve@?$vector@HV?$allocator@H@std@@@std@@IAEXI@Z 10009a30 f i V8EngineProxy.obj
 0001:00008a30       ?_Reserve@?$vector@PAUHandleProxy@@V?$allocator@PAUHandleProxy@@@std@@@std@@IAEXI@Z 10009a30 f i V8EngineProxy.obj
 0001:00008aa0       ??H?$_Vb_iterator@U?$_Wrap_alloc@V?$allocator@I@std@@@std@@@std@@QBE?AV01@H@Z 10009aa0 f i V8EngineProxy.obj
 0001:00008b00       ?_Insert_x@?$vector@_NV?$allocator@_N@std@@@std@@QAEIV?$_Vb_const_iterator@U?$_Wrap_alloc@V?$allocator@I@std@@@std@@@2@I@Z 10009b00 f i V8EngineProxy.obj
 0001:00008be0       ??1?$vector@IV?$allocator@_N@std@@@std@@QAE@XZ 10009be0 f i V8EngineProxy.obj
 0001:00008be0       ?_Tidy@?$vector@IV?$allocator@_N@std@@@std@@IAEXXZ 10009be0 f i V8EngineProxy.obj
 0001:00008c20       ?_Reallocate@?$vector@U_StringItem@@V?$allocator@U_StringItem@@@std@@@std@@IAEXI@Z 10009c20 f i V8EngineProxy.obj
 0001:00008d10       ?_Reallocate@?$vector@HV?$allocator@H@std@@@std@@IAEXI@Z 10009d10 f i V8EngineProxy.obj
 0001:00008d10       ?_Reallocate@?$vector@PAUHandleProxy@@V?$allocator@PAUHandleProxy@@@std@@@std@@IAEXI@Z 10009d10 f i V8EngineProxy.obj
 0001:00008df0       ?_Construct_n@?$vector@IV?$allocator@_N@std@@@std@@QAEXIPBI@Z 10009df0 f i V8EngineProxy.obj
 0001:00008e90       ?resize@?$vector@IV?$allocator@_N@std@@@std@@QAEXIABI@Z 10009e90 f i V8EngineProxy.obj
 0001:00008f90       ?_Destroy@?$vector@IV?$allocator@_N@std@@@std@@IAEXPAI0@Z 10009f90 f i V8EngineProxy.obj
 0001:00008fa0       ?_Buy@?$vector@IV?$allocator@_N@std@@@std@@IAE_NI@Z 10009fa0 f i V8EngineProxy.obj
 0001:00009020       ?_Reserve@?$vector@IV?$allocator@_N@std@@@std@@IAEXI@Z 1000a020 f i V8EngineProxy.obj
 0001:000090a0       ?_Reallocate@?$vector@IV?$allocator@_N@std@@@std@@IAEXI@Z 1000a0a0 f i V8EngineProxy.obj
 0001:00009190       ??0?$_Wrap_alloc@V?$allocator@I@std@@@std@@QAE@XZ 1000a190 f i V8EngineProxy.obj
 0001:000091a0       ??$_Fill@V?$_Vb_iterator@U?$_Wrap_alloc@V?$allocator@I@std@@@std@@@std@@_N@std@@YAXV?$_Vb_iterator@U?$_Wrap_alloc@V?$allocator@I@std@@@std@@@0@0AB_N@Z 1000a1a0 f i V8EngineProxy.obj
 0001:000091f0       ??$_Uninit_fill_n@PAU_StringItem@@IU1@V?$allocator@U_StringItem@@@std@@U1@@std@@YAXPAU_StringItem@@IPBU1@AAU?$_Wrap_alloc@V?$allocator@U_StringItem@@@std@@@0@0U_Nonscalar_ptr_iterator_tag@0@@Z 1000a1f0 f i V8EngineProxy.obj
 0001:00009280       ??$_Copy_impl@V?$_Vb_iterator@U?$_Wrap_alloc@V?$allocator@I@std@@@std@@@std@@V12@@std@@YA?AV?$_Vb_iterator@U?$_Wrap_alloc@V?$allocator@I@std@@@std@@@0@V10@00U_Nonscalar_ptr_iterator_tag@0@@Z 1000a280 f i V8EngineProxy.obj
 0001:00009300       ??$_Copy_backward@V?$_Vb_iterator@U?$_Wrap_alloc@V?$allocator@I@std@@@std@@@std@@V12@@std@@YA?AV?$_Vb_iterator@U?$_Wrap_alloc@V?$allocator@I@std@@@std@@@0@V10@00U_Nonscalar_ptr_iterator_tag@0@@Z 1000a300 f i V8EngineProxy.obj
 0001:00009390       ??$_Uninit_move@PAU_StringItem@@PAU1@V?$allocator@U_StringItem@@@std@@U1@@std@@YAPAU_StringItem@@PAU1@00AAU?$_Wrap_alloc@V?$allocator@U_StringItem@@@std@@@0@0U_Nonscalar_ptr_iterator_tag@0@@Z 1000a390 f i V8EngineProxy.obj
 0001:00009420       ??1HandleValue@@QAE@XZ     1000a420 f   ValueProxy.obj
 0001:00009450       ??$?0ABQAVIsolate@v8@@$$$V@?$pair@QAVIsolate@v8@@V?$queue@PAVTask@v8@@V?$deque@PAVTask@v8@@V?$allocator@PAVTask@v8@@@std@@@std@@@std@@@std@@QAE@Upiecewise_construct_t@1@V?$tuple@ABQAVIsolate@v8@@@1@V?$tuple@$$$V@1@@Z 1000a450 f i v8_libplatform:default-platform.obj
 0001:000094c0       ??$_Buynode@ABUpiecewise_construct_t@std@@V?$tuple@ABQAVIsolate@v8@@@2@V?$tuple@$$$V@2@@?$_Tree_buy@U?$pair@QAVIsolate@v8@@V?$queue@PAVTask@v8@@V?$deque@PAVTask@v8@@V?$allocator@PAVTask@v8@@@std@@@std@@@std@@@std@@V?$allocator@U?$pair@QAVIsolate@v8@@V?$queue@PAVTask@v8@@V?$deque@PAVTask@v8@@V?$allocator@PAVTask@v8@@@std@@@std@@@std@@@std@@@2@@std@@QAEPAU?$_Tree_node@U?$pair@QAVIsolate@v8@@V?$queue@PAVTask@v8@@V?$deque@PAVTask@v8@@V?$allocator@PAVTask@v8@@@std@@@std@@@std@@@std@@PAX@1@ABUpiecewise_construct_t@1@$$QAV?$tuple@ABQAVIsolate@v8@@@1@$$QAV?$tuple@$$$V@1@@Z 1000a4c0 f i v8_libplatform:default-platform.obj
 0001:00009560       ??$_Insert_at@AAU?$pair@QAVIsolate@v8@@V?$queue@PAVTask@v8@@V?$deque@PAVTask@v8@@V?$allocator@PAVTask@v8@@@std@@@std@@@std@@@std@@PAU?$_Tree_node@U?$pair@QAVIsolate@v8@@V?$queue@PAVTask@v8@@V?$deque@PAVTask@v8@@V?$allocator@PAVTask@v8@@@std@@@std@@@std@@@std@@PAX@2@@?$_Tree@V?$_Tmap_traits@PAVIsolate@v8@@V?$queue@PAVTask@v8@@V?$deque@PAVTask@v8@@V?$allocator@PAVTask@v8@@@std@@@std@@@std@@U?$less@PAVIsolate@v8@@@4@V?$allocator@U?$pair@QAVIsolate@v8@@V?$queue@PAVTask@v8@@V?$deque@PAVTask@v8@@V?$allocator@PAVTask@v8@@@std@@@std@@@std@@@std@@@4@$0A@@std@@@std@@IAE?AV?$_Tree_iterator@V?$_Tree_val@U?$_Tree_simple_types@U?$pair@QAVIsolate@v8@@V?$queue@PAVTask@v8@@V?$deque@PAVTask@v8@@V?$allocator@PAVTask@v8@@@std@@@std@@@std@@@std@@@std@@@std@@@1@_NPAU?$_Tree_node@U?$pair@QAVIsolate@v8@@V?$queue@PAVTask@v8@@V?$deque@PAVTask@v8@@V?$allocator@PAVTask@v8@@@std@@@std@@@std@@@std@@PAX@1@AAU?$pair@QAVIsolate@v8@@V?$queue@PAVTask@v8@@V?$deque@PAVTask@v8@@V?$allocator@PAVTask@v8@@@std@@@std@@@std@@@1@1@Z 1000a560 f i v8_libplatform:default-platform.obj
 0001:00009780       ??$_Insert_hint@AAU?$pair@QAVIsolate@v8@@V?$queue@PAVTask@v8@@V?$deque@PAVTask@v8@@V?$allocator@PAVTask@v8@@@std@@@std@@@std@@@std@@PAU?$_Tree_node@U?$pair@QAVIsolate@v8@@V?$queue@PAVTask@v8@@V?$deque@PAVTask@v8@@V?$allocator@PAVTask@v8@@@std@@@std@@@std@@@std@@PAX@2@@?$_Tree@V?$_Tmap_traits@PAVIsolate@v8@@V?$queue@PAVTask@v8@@V?$deque@PAVTask@v8@@V?$allocator@PAVTask@v8@@@std@@@std@@@std@@U?$less@PAVIsolate@v8@@@4@V?$allocator@U?$pair@QAVIsolate@v8@@V?$queue@PAVTask@v8@@V?$deque@PAVTask@v8@@V?$allocator@PAVTask@v8@@@std@@@std@@@std@@@std@@@4@$0A@@std@@@std@@IAE?AV?$_Tree_iterator@V?$_Tree_val@U?$_Tree_simple_types@U?$pair@QAVIsolate@v8@@V?$queue@PAVTask@v8@@V?$deque@PAVTask@v8@@V?$allocator@PAVTask@v8@@@std@@@std@@@std@@@std@@@std@@@std@@@1@V?$_Tree_const_iterator@V?$_Tree_val@U?$_Tree_simple_types@U?$pair@QAVIsolate@v8@@V?$queue@PAVTask@v8@@V?$deque@PAVTask@v8@@V?$allocator@PAVTask@v8@@@std@@@std@@@std@@@std@@@std@@@std@@@1@AAU?$pair@QAVIsolate@v8@@V?$queue@PAVTask@v8@@V?$deque@PAVTask@v8@@V?$allocator@PAVTask@v8@@@std@@@std@@@std@@@1@PAU?$_Tree_node@U?$pair@QAVIsolate@v8@@V?$queue@PAVTask@v8@@V?$deque@PAVTask@v8@@V?$allocator@PAVTask@v8@@@std@@@std@@@std@@@std@@PAX@1@@Z 1000a780 f i v8_libplatform:default-platform.obj
 0001:000099b0       ??$_Insert_nohint@AAU?$pair@QAVIsolate@v8@@V?$queue@PAVTask@v8@@V?$deque@PAVTask@v8@@V?$allocator@PAVTask@v8@@@std@@@std@@@std@@@std@@PAU?$_Tree_node@U?$pair@QAVIsolate@v8@@V?$queue@PAVTask@v8@@V?$deque@PAVTask@v8@@V?$allocator@PAVTask@v8@@@std@@@std@@@std@@@std@@PAX@2@@?$_Tree@V?$_Tmap_traits@PAVIsolate@v8@@V?$queue@PAVTask@v8@@V?$deque@PAVTask@v8@@V?$allocator@PAVTask@v8@@@std@@@std@@@std@@U?$less@PAVIsolate@v8@@@4@V?$allocator@U?$pair@QAVIsolate@v8@@V?$queue@PAVTask@v8@@V?$deque@PAVTask@v8@@V?$allocator@PAVTask@v8@@@std@@@std@@@std@@@std@@@4@$0A@@std@@@std@@IAE?AU?$pair@V?$_Tree_iterator@V?$_Tree_val@U?$_Tree_simple_types@U?$pair@QAVIsolate@v8@@V?$queue@PAVTask@v8@@V?$deque@PAVTask@v8@@V?$allocator@PAVTask@v8@@@std@@@std@@@std@@@std@@@std@@@std@@@std@@_N@1@_NAAU?$pair@QAVIsolate@v8@@V?$queue@PAVTask@v8@@V?$deque@PAVTask@v8@@V?$allocator@PAVTask@v8@@@std@@@std@@@std@@@1@PAU?$_Tree_node@U?$pair@QAVIsolate@v8@@V?$queue@PAVTask@v8@@V?$deque@PAVTask@v8@@V?$allocator@PAVTask@v8@@@std@@@std@@@std@@@std@@PAX@1@@Z 1000a9b0 f i v8_libplatform:default-platform.obj
 0001:00009ae0       ??0DefaultPlatform@platform@v8@@QAE@XZ 1000aae0 f   v8_libplatform:default-platform.obj
 0001:00009b80       ??1?$LockGuard@VMutex@base@v8@@@base@v8@@QAE@XZ 1000ab80 f i v8_libplatform:default-platform.obj
 0001:00009b90       ??1?$map@PAVIsolate@v8@@V?$queue@PAVTask@v8@@V?$deque@PAVTask@v8@@V?$allocator@PAVTask@v8@@@std@@@std@@@std@@U?$less@PAVIsolate@v8@@@4@V?$allocator@U?$pair@QAVIsolate@v8@@V?$queue@PAVTask@v8@@V?$deque@PAVTask@v8@@V?$allocator@PAVTask@v8@@@std@@@std@@@std@@@std@@@4@@std@@QAE@XZ 1000ab90 f i v8_libplatform:default-platform.obj
 0001:00009bc0       ??1?$queue@PAVTask@v8@@V?$deque@PAVTask@v8@@V?$allocator@PAVTask@v8@@@std@@@std@@@std@@QAE@XZ 1000abc0 f i v8_libplatform:default-platform.obj
 0001:00009be0       ??1?$vector@PAVWorkerThread@platform@v8@@V?$allocator@PAVWorkerThread@platform@v8@@@std@@@std@@QAE@XZ 1000abe0 f i v8_libplatform:default-platform.obj
 0001:00009c10       ??1DefaultPlatform@platform@v8@@UAE@XZ 1000ac10 f   v8_libplatform:default-platform.obj
 0001:00009dd0       ??1Platform@v8@@UAE@XZ     1000add0 f i v8_libplatform:default-platform.obj
 0001:00009de0       ??A?$map@PAVIsolate@v8@@V?$queue@PAVTask@v8@@V?$deque@PAVTask@v8@@V?$allocator@PAVTask@v8@@@std@@@std@@@std@@U?$less@PAVIsolate@v8@@@4@V?$allocator@U?$pair@QAVIsolate@v8@@V?$queue@PAVTask@v8@@V?$deque@PAVTask@v8@@V?$allocator@PAVTask@v8@@@std@@@std@@@std@@@std@@@4@@std@@QAEAAV?$queue@PAVTask@v8@@V?$deque@PAVTask@v8@@V?$allocator@PAVTask@v8@@@std@@@std@@@1@ABQAVIsolate@v8@@@Z 1000ade0 f i v8_libplatform:default-platform.obj
 0001:00009e70       ??E?$_Tree_unchecked_const_iterator@V?$_Tree_val@U?$_Tree_simple_types@U?$pair@QAVIsolate@v8@@V?$queue@PAVTask@v8@@V?$deque@PAVTask@v8@@V?$allocator@PAVTask@v8@@@std@@@std@@@std@@@std@@@std@@@std@@U_Iterator_base0@2@@std@@QAEAAV01@XZ 1000ae70 f i v8_libplatform:default-platform.obj
 0001:00009ec0       ??F?$_Tree_unchecked_const_iterator@V?$_Tree_val@U?$_Tree_simple_types@U?$pair@QAVIsolate@v8@@V?$queue@PAVTask@v8@@V?$deque@PAVTask@v8@@V?$allocator@PAVTask@v8@@@std@@@std@@@std@@@std@@@std@@@std@@U_Iterator_base0@2@@std@@QAEAAV01@XZ 1000aec0 f i v8_libplatform:default-platform.obj
 0001:00009f20       ??_GDefaultPlatform@platform@v8@@UAEPAXI@Z 1000af20 f i v8_libplatform:default-platform.obj
 0001:00009f20       ??_EDefaultPlatform@platform@v8@@UAEPAXI@Z 1000af20 f i v8_libplatform:default-platform.obj
 0001:00009f50       ??_EPlatform@v8@@UAEPAXI@Z 1000af50 f i v8_libplatform:default-platform.obj
 0001:00009f50       ??_GPlatform@v8@@UAEPAXI@Z 1000af50 f i v8_libplatform:default-platform.obj
 0001:00009f80       ??_Gerror_category@std@@UAEPAXI@Z 1000af80 f i v8_libplatform:default-platform.obj
 0001:00009f80       ??_G_System_error_category@std@@UAEPAXI@Z 1000af80 f i v8_libplatform:default-platform.obj
 0001:00009f80       ??_G_Generic_error_category@std@@UAEPAXI@Z 1000af80 f i v8_libplatform:default-platform.obj
 0001:00009f80       ??_E_Generic_error_category@std@@UAEPAXI@Z 1000af80 f i v8_libplatform:default-platform.obj
 0001:00009f80       ??_E_System_error_category@std@@UAEPAXI@Z 1000af80 f i v8_libplatform:default-platform.obj
 0001:00009f80       ??_Eerror_category@std@@UAEPAXI@Z 1000af80 f i v8_libplatform:default-platform.obj
 0001:00009f80       ??_E_Iostream_error_category@std@@UAEPAXI@Z 1000af80 f i v8_libplatform:default-platform.obj
 0001:00009f80       ??_G_Iostream_error_category@std@@UAEPAXI@Z 1000af80 f i v8_libplatform:default-platform.obj
 0001:00009fb0       ?CallOnBackgroundThread@DefaultPlatform@platform@v8@@UAEXPAVTask@3@W4ExpectedRuntime@Platform@3@@Z 1000afb0 f   v8_libplatform:default-platform.obj
 0001:00009fd0       ?CallOnForegroundThread@DefaultPlatform@platform@v8@@UAEXPAVIsolate@3@PAVTask@3@@Z 1000afd0 f   v8_libplatform:default-platform.obj
 0001:0000a050       ?CreateDefaultPlatform@platform@v8@@YAPAVPlatform@2@H@Z 1000b050 f   v8_libplatform:default-platform.obj
 0001:0000a120       ?EnsureInitialized@DefaultPlatform@platform@v8@@QAEXXZ 1000b120 f   v8_libplatform:default-platform.obj
 0001:0000a240       ?_Buyheadnode@?$_Tree_alloc@$0A@U?$_Tree_base_types@U?$pair@QAVIsolate@v8@@V?$queue@PAVTask@v8@@V?$deque@PAVTask@v8@@V?$allocator@PAVTask@v8@@@std@@@std@@@std@@@std@@V?$allocator@U?$pair@QAVIsolate@v8@@V?$queue@PAVTask@v8@@V?$deque@PAVTask@v8@@V?$allocator@PAVTask@v8@@@std@@@std@@@std@@@std@@@2@@std@@@std@@QAEPAU?$_Tree_node@U?$pair@QAVIsolate@v8@@V?$queue@PAVTask@v8@@V?$deque@PAVTask@v8@@V?$allocator@PAVTask@v8@@@std@@@std@@@std@@@std@@PAX@2@XZ 1000b240 f i v8_libplatform:default-platform.obj
 0001:0000a270       ?_Buynode0@?$_Tree_buy@U?$pair@QAVIsolate@v8@@V?$queue@PAVTask@v8@@V?$deque@PAVTask@v8@@V?$allocator@PAVTask@v8@@@std@@@std@@@std@@@std@@V?$allocator@U?$pair@QAVIsolate@v8@@V?$queue@PAVTask@v8@@V?$deque@PAVTask@v8@@V?$allocator@PAVTask@v8@@@std@@@std@@@std@@@std@@@2@@std@@QAEPAU?$_Tree_node@U?$pair@QAVIsolate@v8@@V?$queue@PAVTask@v8@@V?$deque@PAVTask@v8@@V?$allocator@PAVTask@v8@@@std@@@std@@@std@@@std@@PAX@2@XZ 1000b270 f i v8_libplatform:default-platform.obj
 0001:0000a2b0       ?_Copy@?$basic_string@DU?$char_traits@D@std@@V?$allocator@D@2@@std@@QAEXII@Z 1000b2b0 f i v8_libplatform:default-platform.obj
 0001:0000a400       ?_Destroy_if_not_nil@?$_Tree@V?$_Tmap_traits@PAVIsolate@v8@@V?$queue@PAVTask@v8@@V?$deque@PAVTask@v8@@V?$allocator@PAVTask@v8@@@std@@@std@@@std@@U?$less@PAVIsolate@v8@@@4@V?$allocator@U?$pair@QAVIsolate@v8@@V?$queue@PAVTask@v8@@V?$deque@PAVTask@v8@@V?$allocator@PAVTask@v8@@@std@@@std@@@std@@@std@@@4@$0A@@std@@@std@@IAEXPAU?$_Tree_node@U?$pair@QAVIsolate@v8@@V?$queue@PAVTask@v8@@V?$deque@PAVTask@v8@@V?$allocator@PAVTask@v8@@@std@@@std@@@std@@@std@@PAX@2@@Z 1000b400 f i v8_libplatform:default-platform.obj
 0001:0000a430       ?_Erase@?$_Tree@V?$_Tmap_traits@PAVIsolate@v8@@V?$queue@PAVTask@v8@@V?$deque@PAVTask@v8@@V?$allocator@PAVTask@v8@@@std@@@std@@@std@@U?$less@PAVIsolate@v8@@@4@V?$allocator@U?$pair@QAVIsolate@v8@@V?$queue@PAVTask@v8@@V?$deque@PAVTask@v8@@V?$allocator@PAVTask@v8@@@std@@@std@@@std@@@std@@@4@$0A@@std@@@std@@IAEXPAU?$_Tree_node@U?$pair@QAVIsolate@v8@@V?$queue@PAVTask@v8@@V?$deque@PAVTask@v8@@V?$allocator@PAVTask@v8@@@std@@@std@@@std@@@std@@PAX@2@@Z 1000b430 f i v8_libplatform:default-platform.obj
 0001:0000a4e0       ?_Growmap@?$deque@PAVTask@v8@@V?$allocator@PAVTask@v8@@@std@@@std@@IAEXI@Z 1000b4e0 f i v8_libplatform:default-platform.obj
 0001:0000a660       ?_Lrotate@?$_Tree@V?$_Tmap_traits@PAVIsolate@v8@@V?$queue@PAVTask@v8@@V?$deque@PAVTask@v8@@V?$allocator@PAVTask@v8@@@std@@@std@@@std@@U?$less@PAVIsolate@v8@@@4@V?$allocator@U?$pair@QAVIsolate@v8@@V?$queue@PAVTask@v8@@V?$deque@PAVTask@v8@@V?$allocator@PAVTask@v8@@@std@@@std@@@std@@@std@@@4@$0A@@std@@@std@@IAEXPAU?$_Tree_node@U?$pair@QAVIsolate@v8@@V?$queue@PAVTask@v8@@V?$deque@PAVTask@v8@@V?$allocator@PAVTask@v8@@@std@@@std@@@std@@@std@@PAX@2@@Z 1000b660 f i v8_libplatform:default-platform.obj
 0001:0000a6c0       ?_Reallocate@?$vector@PAVWorkerThread@platform@v8@@V?$allocator@PAVWorkerThread@platform@v8@@@std@@@std@@IAEXI@Z 1000b6c0 f i v8_libplatform:default-platform.obj
 0001:0000a740       ?_Reserve@?$vector@PAVWorkerThread@platform@v8@@V?$allocator@PAVWorkerThread@platform@v8@@@std@@@std@@IAEXI@Z 1000b740 f i v8_libplatform:default-platform.obj
 0001:0000a7c0       ?_Rrotate@?$_Tree@V?$_Tmap_traits@PAVIsolate@v8@@V?$queue@PAVTask@v8@@V?$deque@PAVTask@v8@@V?$allocator@PAVTask@v8@@@std@@@std@@@std@@U?$less@PAVIsolate@v8@@@4@V?$allocator@U?$pair@QAVIsolate@v8@@V?$queue@PAVTask@v8@@V?$deque@PAVTask@v8@@V?$allocator@PAVTask@v8@@@std@@@std@@@std@@@std@@@4@$0A@@std@@@std@@IAEXPAU?$_Tree_node@U?$pair@QAVIsolate@v8@@V?$queue@PAVTask@v8@@V?$deque@PAVTask@v8@@V?$allocator@PAVTask@v8@@@std@@@std@@@std@@@std@@PAX@2@@Z 1000b7c0 f i v8_libplatform:default-platform.obj
 0001:0000a820       ?_Tidy@?$deque@PAVTask@v8@@V?$allocator@PAVTask@v8@@@std@@@std@@IAEXXZ 1000b820 f i v8_libplatform:default-platform.obj
 0001:0000a880       ?allocate@?$_Wrap_alloc@V?$allocator@D@std@@@std@@QAEPADI@Z 1000b880 f i v8_libplatform:default-platform.obj
 0001:0000a8b0       ?assign@?$basic_string@DU?$char_traits@D@std@@V?$allocator@D@2@@std@@QAEAAV12@ABV12@II@Z 1000b8b0 f i v8_libplatform:default-platform.obj
 0001:0000a9d0       ?assign@?$basic_string@DU?$char_traits@D@std@@V?$allocator@D@2@@std@@QAEAAV12@PBDI@Z 1000b9d0 f i v8_libplatform:default-platform.obj
 0001:0000aad0       ?begin@?$deque@PAVTask@v8@@V?$allocator@PAVTask@v8@@@std@@@std@@QAE?AV?$_Deque_iterator@V?$_Deque_val@U?$_Deque_simple_types@PAVTask@v8@@@std@@@std@@@2@XZ 1000bad0 f i v8_libplatform:default-platform.obj
 0001:0000aaf0       ?default_error_condition@_System_error_category@std@@UBE?AVerror_condition@2@H@Z 1000baf0 f i v8_libplatform:default-platform.obj
 0001:0000ab30       ?default_error_condition@error_category@std@@UBE?AVerror_condition@2@H@Z 1000bb30 f i v8_libplatform:default-platform.obj
 0001:0000ab50       ?equivalent@error_category@std@@UBE_NABVerror_code@2@H@Z 1000bb50 f i v8_libplatform:default-platform.obj
 0001:0000ab70       ?equivalent@error_category@std@@UBE_NHABVerror_condition@2@@Z 1000bb70 f i v8_libplatform:default-platform.obj
 0001:0000abb0       ?erase@?$_Tree@V?$_Tmap_traits@PAVIsolate@v8@@V?$queue@PAVTask@v8@@V?$deque@PAVTask@v8@@V?$allocator@PAVTask@v8@@@std@@@std@@@std@@U?$less@PAVIsolate@v8@@@4@V?$allocator@U?$pair@QAVIsolate@v8@@V?$queue@PAVTask@v8@@V?$deque@PAVTask@v8@@V?$allocator@PAVTask@v8@@@std@@@std@@@std@@@std@@@4@$0A@@std@@@std@@QAE?AV?$_Tree_iterator@V?$_Tree_val@U?$_Tree_simple_types@U?$pair@QAVIsolate@v8@@V?$queue@PAVTask@v8@@V?$deque@PAVTask@v8@@V?$allocator@PAVTask@v8@@@std@@@std@@@std@@@std@@@std@@@std@@@2@V?$_Tree_const_iterator@V?$_Tree_val@U?$_Tree_simple_types@U?$pair@QAVIsolate@v8@@V?$queue@PAVTask@v8@@V?$deque@PAVTask@v8@@V?$allocator@PAVTask@v8@@@std@@@std@@@std@@@std@@@std@@@std@@@2@0@Z 1000bbb0 f i v8_libplatform:default-platform.obj
 0001:0000ac70       ?erase@?$_Tree@V?$_Tmap_traits@PAVIsolate@v8@@V?$queue@PAVTask@v8@@V?$deque@PAVTask@v8@@V?$allocator@PAVTask@v8@@@std@@@std@@@std@@U?$less@PAVIsolate@v8@@@4@V?$allocator@U?$pair@QAVIsolate@v8@@V?$queue@PAVTask@v8@@V?$deque@PAVTask@v8@@V?$allocator@PAVTask@v8@@@std@@@std@@@std@@@std@@@4@$0A@@std@@@std@@QAE?AV?$_Tree_iterator@V?$_Tree_val@U?$_Tree_simple_types@U?$pair@QAVIsolate@v8@@V?$queue@PAVTask@v8@@V?$deque@PAVTask@v8@@V?$allocator@PAVTask@v8@@@std@@@std@@@std@@@std@@@std@@@std@@@2@V?$_Tree_const_iterator@V?$_Tree_val@U?$_Tree_simple_types@U?$pair@QAVIsolate@v8@@V?$queue@PAVTask@v8@@V?$deque@PAVTask@v8@@V?$allocator@PAVTask@v8@@@std@@@std@@@std@@@std@@@std@@@std@@@2@@Z 1000bc70 f i v8_libplatform:default-platform.obj
 0001:0000af50       ?erase@?$basic_string@DU?$char_traits@D@std@@V?$allocator@D@2@@std@@QAEAAV12@II@Z 1000bf50 f i v8_libplatform:default-platform.obj
 0001:0000aff0       ?message@_Generic_error_category@std@@UBE?AV?$basic_string@DU?$char_traits@D@std@@V?$allocator@D@2@@2@H@Z 1000bff0 f i v8_libplatform:default-platform.obj
 0001:0000b070       ?message@_Iostream_error_category@std@@UBE?AV?$basic_string@DU?$char_traits@D@std@@V?$allocator@D@2@@2@H@Z 1000c070 f i v8_libplatform:default-platform.obj
 0001:0000b0c0       ?message@_System_error_category@std@@UBE?AV?$basic_string@DU?$char_traits@D@std@@V?$allocator@D@2@@2@H@Z 1000c0c0 f i v8_libplatform:default-platform.obj
 0001:0000b140       ?name@_Generic_error_category@std@@UBEPBDXZ 1000c140 f i v8_libplatform:default-platform.obj
 0001:0000b150       ?name@_Iostream_error_category@std@@UBEPBDXZ 1000c150 f i v8_libplatform:default-platform.obj
 0001:0000b160       ?name@_System_error_category@std@@UBEPBDXZ 1000c160 f i v8_libplatform:default-platform.obj
 0001:0000b170       ?push_back@?$deque@PAVTask@v8@@V?$allocator@PAVTask@v8@@@std@@@std@@QAEXABQAVTask@v8@@@Z 1000c170 f i v8_libplatform:default-platform.obj
 0001:0000b200       ??0TaskQueue@platform@v8@@QAE@XZ 1000c200 f   v8_libplatform:task-queue.obj
 0001:0000b2b0       ??1TaskQueue@platform@v8@@QAE@XZ 1000c2b0 f   v8_libplatform:task-queue.obj
 0001:0000b340       ?Append@TaskQueue@platform@v8@@QAEXPAVTask@3@@Z 1000c340 f   v8_libplatform:task-queue.obj
 0001:0000b3b0       ?GetNext@TaskQueue@platform@v8@@QAEPAVTask@3@XZ 1000c3b0 f   v8_libplatform:task-queue.obj
 0001:0000b4a0       ?Terminate@TaskQueue@platform@v8@@QAEXXZ 1000c4a0 f   v8_libplatform:task-queue.obj
 0001:0000b500       ??0WorkerThread@platform@v8@@QAE@PAVTaskQueue@12@@Z 1000c500 f   v8_libplatform:worker-thread.obj
 0001:0000b570       ??_EWorkerThread@platform@v8@@UAEPAXI@Z 1000c570 f i v8_libplatform:worker-thread.obj
 0001:0000b570       ??_GWorkerThread@platform@v8@@UAEPAXI@Z 1000c570 f i v8_libplatform:worker-thread.obj
 0001:0000b5e0       ?Run@WorkerThread@platform@v8@@UAEXXZ 1000c5e0 f   v8_libplatform:worker-thread.obj
 0001:0000b612       ??_U@YAPAXI@Z              1000c612 f   msvcprt:newaop_s.obj
 0001:0000b61b       @__security_check_cookie@4 1000c61b f   MSVCRT:secchk.obj
 0001:0000b62a       ??1exception@std@@UAE@XZ   1000c62a f   MSVCRT:MSVCR120.dll
 0001:0000b630       ??0exception@std@@QAE@ABV01@@Z 1000c630 f   MSVCRT:MSVCR120.dll
 0001:0000b636       ??3@YAXPAX@Z               1000c636 f   MSVCRT:MSVCR120.dll
 0001:0000b63c       ??_Etype_info@@UAEPAXI@Z   1000c63c f i MSVCRT:ti_inst.obj
 0001:0000b686       ??2@YAPAXI@Z               1000c686 f   MSVCRT:MSVCR120.dll
 0001:0000b68c       ___atonexitinit            1000c68c f   MSVCRT:atonexit.obj
 0001:0000b6c8       __onexit                   1000c6c8 f   MSVCRT:atonexit.obj
 0001:0000b771       _atexit                    1000c771 f   MSVCRT:atonexit.obj
 0001:0000b7d2       __CRT_INIT@12              1000c7d2 f   MSVCRT:crtdll.obj
 0001:0000b9c9       __DllMainCRTStartup@12     1000c9c9 f   MSVCRT:crtdll.obj
 0001:0000bb20       __purecall                 1000cb20 f   MSVCRT:MSVCR120.dll
 0001:0000bb26       __CxxThrowException@8      1000cb26 f   MSVCRT:MSVCR120.dll
 0001:0000bb2c       ___CxxFrameHandler3        1000cb2c f   MSVCRT:MSVCR120.dll
 0001:0000bb32       _memcpy                    1000cb32 f   MSVCRT:MSVCR120.dll
 0001:0000bb40       ___raise_securityfailure   1000cb40 f   MSVCRT:gs_report.obj
 0001:0000bb7d       ___report_gsfailure        1000cb7d f   MSVCRT:gs_report.obj
 0001:0000bc78       ??_M@YGXPAXIHP6EX0@Z@Z     1000cc78 f   MSVCRT:ehvecdtr.obj
 0001:0000bce7       ?__ArrayUnwind@@YGXPAXIHP6EX0@Z@Z 1000cce7 f   MSVCRT:ehvecdtr.obj
 0001:0000bd46       ??1type_info@@UAE@XZ       1000cd46 f   MSVCRT:MSVCR120.dll
 0001:0000bd4c       __lock                     1000cd4c f   MSVCRT:MSVCR120.dll
 0001:0000bd52       __unlock                   1000cd52 f   MSVCRT:MSVCR120.dll
 0001:0000bd58       ___dllonexit               1000cd58 f   MSVCRT:MSVCR120.dll
 0001:0000bd60       __SEH_prolog4              1000cd60 f   MSVCRT:sehprolg4.obj
 0001:0000bda5       __SEH_epilog4              1000cda5 f   MSVCRT:sehprolg4.obj
 0001:0000bdb9       __except_handler4          1000cdb9 f   MSVCRT:chandler4gs.obj
 0001:0000bddc       ___CppXcptFilter           1000cddc f   MSVCRT:MSVCR120.dll
 0001:0000bde2       __amsg_exit                1000cde2 f   MSVCRT:MSVCR120.dll
 0001:0000bdf0       __FindPESection            1000cdf0 f   MSVCRT:pesect.obj
 0001:0000be40       __IsNonwritableInCurrentImage 1000ce40 f   MSVCRT:pesect.obj
 0001:0000bf00       __ValidateImageBase        1000cf00 f   MSVCRT:pesect.obj
 0001:0000bf31       ___security_init_cookie    1000cf31 f   MSVCRT:gs_support.obj
 0001:0000bfcd       _DllMain@12                1000cfcd f   MSVCRT:dllmain.obj
 0001:0000bfef       __RTC_Initialize           1000cfef f   MSVCRT:initsect.obj
 0001:0000c00f       __RTC_Terminate            1000d00f f   MSVCRT:initsect.obj
 0001:0000c030       __initterm                 1000d030 f   MSVCRT:MSVCR120.dll
 0001:0000c036       __initterm_e               1000d036 f   MSVCRT:MSVCR120.dll
 0001:0000c03c       ___clean_type_info_names   1000d03c f   MSVCRT:tncleanup.obj
 0001:0000c048       __crt_debugger_hook        1000d048 f   MSVCRT:MSVCR120.dll
 0001:0000c04e       ___crtUnhandledException   1000d04e f   MSVCRT:MSVCR120.dll
 0001:0000c054       ___crtTerminateProcess     1000d054 f   MSVCRT:MSVCR120.dll
 0001:0000c05a       ?terminate@@YAXXZ          1000d05a f   MSVCRT:MSVCR120.dll
 0001:0000c060       __except_handler4_common   1000d060 f   MSVCRT:MSVCR120.dll
 0001:0000c066       ___clean_type_info_names_internal 1000d066 f   MSVCRT:MSVCR120.dll
 0001:0000c070       ??0Mutex@base@v8@@QAE@XZ   1000d070 f   v8_libbase:mutex.obj
 0001:0000c080       ??1Mutex@base@v8@@QAE@XZ   1000d080 f   v8_libbase:mutex.obj
 0001:0000c090       ?Lock@Mutex@base@v8@@QAEXXZ 1000d090 f   v8_libbase:mutex.obj
 0001:0000c0a0       ?Unlock@Mutex@base@v8@@QAEXXZ 1000d0a0 f   v8_libbase:mutex.obj
 0001:0000c0b0       ?NumberOfProcessors@SysInfo@base@v8@@SAHXZ 1000d0b0 f   v8_libbase:sys-info.obj
 0001:0000c0e0       ??0Semaphore@base@v8@@QAE@H@Z 1000d0e0 f   v8_libbase:semaphore.obj
 0001:0000c110       ??1Semaphore@base@v8@@QAE@XZ 1000d110 f   v8_libbase:semaphore.obj
 0001:0000c120       ?Signal@Semaphore@base@v8@@QAEXXZ 1000d120 f   v8_libbase:semaphore.obj
 0001:0000c140       ?Wait@Semaphore@base@v8@@QAEXXZ 1000d140 f   v8_libbase:semaphore.obj
 0001:0000c150       ??0Thread@base@v8@@QAE@ABVOptions@012@@Z 1000d150 f   v8_libbase:platform-win32.obj
 0001:0000c1d0       ??1Thread@base@v8@@UAE@XZ  1000d1d0 f   v8_libbase:platform-win32.obj
 0001:0000c200       ??_GThread@base@v8@@UAEPAXI@Z 1000d200 f i v8_libbase:platform-win32.obj
 0001:0000c200       ??_EThread@base@v8@@UAEPAXI@Z 1000d200 f i v8_libbase:platform-win32.obj
 0001:0000c240       ?Join@Thread@base@v8@@QAEXXZ 1000d240 f   v8_libbase:platform-win32.obj
 0001:0000c260       ?Start@Thread@base@v8@@QAEXXZ 1000d260 f   v8_libbase:platform-win32.obj
 0001:0000c2b2       _IsProcessorFeaturePresent@4 1000d2b2 f   kernel32:KERNEL32.dll
 0001:0000c2c0       __alldiv                   1000d2c0 f   MSVCRT:lldiv.obj
 0001:0000c370       __allmul                   1000d370 f   MSVCRT:llmul.obj
 0001:0000c3b0       __aulldiv                  1000d3b0 f   MSVCRT:ulldiv.obj
 0001:0000c420       __chkstk                   1000d420 f   MSVCRT:chkstk.obj
 0001:0000c420       __alloca_probe             1000d420 f   MSVCRT:chkstk.obj
 0001:0000c450       __ftoui3                   1000d450 f   MSVCRT:ftol3.obj
 0001:0000c45f       __ftoul3                   1000d45f f   MSVCRT:ftol3.obj
 0001:0000c46e       __ftol3                    1000d46e f   MSVCRT:ftol3.obj
 0001:0000c47b       __ftol3_NaN                1000d47b f   MSVCRT:ftol3.obj
 0001:0000c493       __ftol3_work               1000d493 f   MSVCRT:ftol3.obj
 0001:0000c519       __ftol3_common             1000d519 f   MSVCRT:ftol3.obj
 0001:0000c5db       __ftol3_arg_error          1000d5db f   MSVCRT:ftol3.obj
 0001:0000c5ed       __ftol3_except             1000d5ed f   MSVCRT:ftol3.obj
 0001:0000c631       __dtoui3                   1000d631 f   MSVCRT:ftol3.obj
 0001:0000c640       __dtoul3                   1000d640 f   MSVCRT:ftol3.obj
 0001:0000c64f       __dtol3                    1000d64f f   MSVCRT:ftol3.obj
 0001:0000c65c       __dtol3_NaN                1000d65c f   MSVCRT:ftol3.obj
 0001:0000c679       __dtol3_work               1000d679 f   MSVCRT:ftol3.obj
 0001:0000c75e       __ultod3                   1000d75e f   MSVCRT:ftol3.obj
 0001:0000c7ef       __ltod3                    1000d7ef f   MSVCRT:ftol3.obj
 0001:0000c81e       _memset                    1000d81e f   MSVCRT:MSVCR120.dll
 0001:0000c830       __alldvrm                  1000d830 f   MSVCRT:lldvrm.obj
 0001:0000c910       __allshr                   1000d910 f   MSVCRT:llshr.obj
 0001:0000c932       __except1                  1000d932 f   MSVCRT:MSVCR120.dll
 0002:00000000       __imp__GetSystemTimeAsFileTime@4 1000f000     kernel32:KERNEL32.dll
 0002:00000004       __imp__GlobalFree@4        1000f004     kernel32:KERNEL32.dll
 0002:00000008       __imp__GlobalReAlloc@12    1000f008     kernel32:KERNEL32.dll
 0002:0000000c       __imp__EncodePointer@4     1000f00c     kernel32:KERNEL32.dll
 0002:00000010       __imp__DecodePointer@4     1000f010     kernel32:KERNEL32.dll
 0002:00000014       __imp__IsDebuggerPresent@0 1000f014     kernel32:KERNEL32.dll
 0002:00000018       __imp__IsProcessorFeaturePresent@4 1000f018     kernel32:KERNEL32.dll
 0002:0000001c       __imp__QueryPerformanceCounter@4 1000f01c     kernel32:KERNEL32.dll
 0002:00000020       __imp__GetCurrentProcessId@0 1000f020     kernel32:KERNEL32.dll
 0002:00000024       __imp__GetCurrentThreadId@0 1000f024     kernel32:KERNEL32.dll
 0002:00000028       __imp__GlobalAlloc@8       1000f028     kernel32:KERNEL32.dll
 0002:0000002c       __imp__DisableThreadLibraryCalls@4 1000f02c     kernel32:KERNEL32.dll
 0002:00000030       __imp__InitializeCriticalSection@4 1000f030     kernel32:KERNEL32.dll
 0002:00000034       __imp__CreateSemaphoreA@16 1000f034     kernel32:KERNEL32.dll
 0002:00000038       __imp__WaitForSingleObject@8 1000f038     kernel32:KERNEL32.dll
 0002:0000003c       __imp__ReleaseSemaphore@12 1000f03c     kernel32:KERNEL32.dll
 0002:00000040       __imp__CloseHandle@4       1000f040     kernel32:KERNEL32.dll
 0002:00000044       __imp__GetNativeSystemInfo@4 1000f044     kernel32:KERNEL32.dll
 0002:00000048       __imp__DeleteCriticalSection@4 1000f048     kernel32:KERNEL32.dll
 0002:0000004c       __imp__LeaveCriticalSection@4 1000f04c     kernel32:KERNEL32.dll
 0002:00000050       __imp__EnterCriticalSection@4 1000f050     kernel32:KERNEL32.dll
 0002:00000054       \177KERNEL32_NULL_THUNK_DATA 1000f054     kernel32:KERNEL32.dll
 0002:00000058       __imp___Mtx_unlock         1000f058     msvcprt:MSVCP120.dll
 0002:0000005c       __imp___Mtx_lock           1000f05c     msvcprt:MSVCP120.dll
 0002:00000060       __imp_?_Xbad_alloc@std@@YAXXZ 1000f060     msvcprt:MSVCP120.dll
 0002:00000064       __imp_?_Xout_of_range@std@@YAXPBD@Z 1000f064     msvcprt:MSVCP120.dll
 0002:00000068       __imp_?_Xlength_error@std@@YAXPBD@Z 1000f068     msvcprt:MSVCP120.dll
 0002:0000006c       __imp___Mtx_destroy        1000f06c     msvcprt:MSVCP120.dll
 0002:00000070       __imp___Mtx_init           1000f070     msvcprt:MSVCP120.dll
 0002:00000074       __imp_?_Syserror_map@std@@YAPBDH@Z 1000f074     msvcprt:MSVCP120.dll
 0002:00000078       __imp_?_Winerror_map@std@@YAPBDH@Z 1000f078     msvcprt:MSVCP120.dll
 0002:0000007c       __imp_?_Throw_C_error@std@@YAXH@Z 1000f07c     msvcprt:MSVCP120.dll
 0002:00000080       \177MSVCP120_NULL_THUNK_DATA 1000f080     msvcprt:MSVCP120.dll
 0002:00000084       __imp____crtTerminateProcess 1000f084     MSVCRT:MSVCR120.dll
 0002:00000088       __imp____crtUnhandledException 1000f088     MSVCRT:MSVCR120.dll
 0002:0000008c       __imp___crt_debugger_hook  1000f08c     MSVCRT:MSVCR120.dll
 0002:00000090       __imp___initterm_e         1000f090     MSVCRT:MSVCR120.dll
 0002:00000094       __imp___initterm           1000f094     MSVCRT:MSVCR120.dll
 0002:00000098       __imp___malloc_crt         1000f098     MSVCRT:MSVCR120.dll
 0002:0000009c       __imp__free                1000f09c     MSVCRT:MSVCR120.dll
 0002:000000a0       __imp___amsg_exit          1000f0a0     MSVCRT:MSVCR120.dll
 0002:000000a4       __imp____CppXcptFilter     1000f0a4     MSVCRT:MSVCR120.dll
 0002:000000a8       __imp___onexit             1000f0a8     MSVCRT:MSVCR120.dll
 0002:000000ac       __imp____dllonexit         1000f0ac     MSVCRT:MSVCR120.dll
 0002:000000b0       __imp___calloc_crt         1000f0b0     MSVCRT:MSVCR120.dll
 0002:000000b4       __imp___unlock             1000f0b4     MSVCRT:MSVCR120.dll
 0002:000000b8       __imp_?terminate@@YAXXZ    1000f0b8     MSVCRT:MSVCR120.dll
 0002:000000bc       __imp_??1type_info@@UAE@XZ 1000f0bc     MSVCRT:MSVCR120.dll
 0002:000000c0       __imp__memcpy              1000f0c0     MSVCRT:MSVCR120.dll
 0002:000000c4       __imp____CxxFrameHandler3  1000f0c4     MSVCRT:MSVCR120.dll
 0002:000000c8       __imp___CxxThrowException@8 1000f0c8     MSVCRT:MSVCR120.dll
 0002:000000cc       __imp___purecall           1000f0cc     MSVCRT:MSVCR120.dll
 0002:000000d0       __imp__memmove             1000f0d0     MSVCRT:MSVCR120.dll
 0002:000000d4       __imp_?what@exception@std@@UBEPBDXZ 1000f0d4     MSVCRT:MSVCR120.dll
 0002:000000d8       __imp_??2@YAPAXI@Z         1000f0d8     MSVCRT:MSVCR120.dll
 0002:000000dc       __imp_??3@YAXPAX@Z         1000f0dc     MSVCRT:MSVCR120.dll
 0002:000000e0       __imp_??_V@YAXPAX@Z        1000f0e0     MSVCRT:MSVCR120.dll
 0002:000000e4       __imp_??0exception@std@@QAE@ABV01@@Z 1000f0e4     MSVCRT:MSVCR120.dll
 0002:000000e8       __imp_??0exception@std@@QAE@ABQBD@Z 1000f0e8     MSVCRT:MSVCR120.dll
 0002:000000ec       __imp_??1exception@std@@UAE@XZ 1000f0ec     MSVCRT:MSVCR120.dll
 0002:000000f0       __imp___except_handler4_common 1000f0f0     MSVCRT:MSVCR120.dll
 0002:000000f4       __imp____clean_type_info_names_internal 1000f0f4     MSVCRT:MSVCR120.dll
 0002:000000f8       __imp__strncpy_s           1000f0f8     MSVCRT:MSVCR120.dll
 0002:000000fc       __imp___lock               1000f0fc     MSVCRT:MSVCR120.dll
 0002:00000100       __imp___beginthreadex      1000f100     MSVCRT:MSVCR120.dll
 0002:00000104       __imp__memset              1000f104     MSVCRT:MSVCR120.dll
 0002:00000108       __imp___except1            1000f108     MSVCRT:MSVCR120.dll
 0002:0000010c       \177MSVCR120_NULL_THUNK_DATA 1000f10c     MSVCRT:MSVCR120.dll
 0002:00000110       __imp_?New@Object@v8@@SA?AV?$Local@VObject@v8@@@2@PAVIsolate@2@@Z 1000f110     v8-ia32:v8-ia32.dll
 0002:00000114       __imp_?Call@Function@v8@@QAE?AV?$Local@VValue@v8@@@2@V?$Handle@VValue@v8@@@2@HQAV42@@Z 1000f114     v8-ia32:v8-ia32.dll
 0002:00000118       __imp_?Dispose@Isolate@v8@@QAEXXZ 1000f118     v8-ia32:v8-ia32.dll
 0002:0000011c       __imp_?Write@String@v8@@QBEHPAGHHH@Z 1000f11c     v8-ia32:v8-ia32.dll
 0002:00000120       __imp_?Concat@String@v8@@SA?AV?$Local@VString@v8@@@2@V?$Handle@VString@v8@@@2@0@Z 1000f120     v8-ia32:v8-ia32.dll
 0002:00000124       __imp_?ToObject@Value@v8@@QBE?AV?$Local@VObject@v8@@@2@XZ 1000f124     v8-ia32:v8-ia32.dll
 0002:00000128       __imp_?Equals@Value@v8@@QBE_NV?$Handle@VValue@v8@@@2@@Z 1000f128     v8-ia32:v8-ia32.dll
 0002:0000012c       __imp_?Initialize@V8@v8@@SA_NXZ 1000f12c     v8-ia32:v8-ia32.dll
 0002:00000130       __imp_?InitializeICU@V8@v8@@SA_NPBD@Z 1000f130     v8-ia32:v8-ia32.dll
 0002:00000134       __imp_?InitializePlatform@V8@v8@@SAXPAVPlatform@2@@Z 1000f134     v8-ia32:v8-ia32.dll
 0002:00000138       __imp_?Compile@Script@v8@@SA?AV?$Local@VScript@v8@@@2@V?$Handle@VString@v8@@@2@0@Z 1000f138     v8-ia32:v8-ia32.dll
 0002:0000013c       __imp_?Run@Script@v8@@QAE?AV?$Local@VValue@v8@@@2@XZ 1000f13c     v8-ia32:v8-ia32.dll
 0002:00000140       __imp_?New@Date@v8@@SA?AV?$Local@VValue@v8@@@2@PAVIsolate@2@N@Z 1000f140     v8-ia32:v8-ia32.dll
 0002:00000144       __imp_?Global@Context@v8@@QAE?AV?$Local@VObject@v8@@@2@XZ 1000f144     v8-ia32:v8-ia32.dll
 0002:00000148       __imp_?New@Context@v8@@SA?AV?$Local@VContext@v8@@@2@PAVIsolate@2@PAVExtensionConfiguration@2@V?$Handle@VObjectTemplate@v8@@@2@V?$Handle@VValue@v8@@@2@@Z 1000f148     v8-ia32:v8-ia32.dll
 0002:0000014c       __imp_?GetLineNumber@Message@v8@@QBEHXZ 1000f14c     v8-ia32:v8-ia32.dll
 0002:00000150       __imp_?GetStartColumn@Message@v8@@QBEHXZ 1000f150     v8-ia32:v8-ia32.dll
 0002:00000154       __imp_??0TryCatch@v8@@QAE@XZ 1000f154     v8-ia32:v8-ia32.dll
 0002:00000158       __imp_??1TryCatch@v8@@QAE@XZ 1000f158     v8-ia32:v8-ia32.dll
 0002:0000015c       __imp_?HasCaught@TryCatch@v8@@QBE_NXZ 1000f15c     v8-ia32:v8-ia32.dll
 0002:00000160       __imp_?Exception@TryCatch@v8@@QBE?AV?$Local@VValue@v8@@@2@XZ 1000f160     v8-ia32:v8-ia32.dll
 0002:00000164       __imp_?StackTrace@TryCatch@v8@@QBE?AV?$Local@VValue@v8@@@2@XZ 1000f164     v8-ia32:v8-ia32.dll
 0002:00000168       __imp_?Message@TryCatch@v8@@QBE?AV?$Local@VMessage@v8@@@2@XZ 1000f168     v8-ia32:v8-ia32.dll
 0002:0000016c       __imp_?New@ObjectTemplate@v8@@SA?AV?$Local@VObjectTemplate@v8@@@2@PAVIsolate@2@@Z 1000f16c     v8-ia32:v8-ia32.dll
 0002:00000170       __imp_?NewInstance@ObjectTemplate@v8@@QAE?AV?$Local@VObject@v8@@@2@XZ 1000f170     v8-ia32:v8-ia32.dll
 0002:00000174       __imp_?SetAccessor@ObjectTemplate@v8@@QAEXV?$Handle@VString@v8@@@2@P6AXV?$Local@VString@v8@@@2@ABV?$PropertyCallbackInfo@VValue@v8@@@2@@ZP6AX1V?$Local@VValue@v8@@@2@ABV?$PropertyCallbackInfo@X@2@@ZV?$Handle@VValue@v8@@@2@W4AccessControl@2@W4PropertyAttribute@2@V?$Handle@VAccessorSignature@v8@@@2@@Z 1000f174     v8-ia32:v8-ia32.dll
 0002:00000178       __imp_?SetNamedPropertyHandler@ObjectTemplate@v8@@QAEXP6AXV?$Local@VString@v8@@@2@ABV?$PropertyCallbackInfo@VValue@v8@@@2@@ZP6AX0V?$Local@VValue@v8@@@2@1@ZP6AX0ABV?$PropertyCallbackInfo@VInteger@v8@@@2@@ZP6AX0ABV?$PropertyCallbackInfo@VBoolean@v8@@@2@@ZP6AXABV?$PropertyCallbackInfo@VArray@v8@@@2@@ZV?$Handle@VValue@v8@@@2@@Z 1000f178     v8-ia32:v8-ia32.dll
 0002:0000017c       __imp_?SetIndexedPropertyHandler@ObjectTemplate@v8@@QAEXP6AXIABV?$PropertyCallbackInfo@VValue@v8@@@2@@ZP6AXIV?$Local@VValue@v8@@@2@0@ZP6AXIABV?$PropertyCallbackInfo@VInteger@v8@@@2@@ZP6AXIABV?$PropertyCallbackInfo@VBoolean@v8@@@2@@ZP6AXABV?$PropertyCallbackInfo@VArray@v8@@@2@@ZV?$Handle@VValue@v8@@@2@@Z 1000f17c     v8-ia32:v8-ia32.dll
 0002:00000180       __imp_?SetCallAsFunctionHandler@ObjectTemplate@v8@@QAEXP6AXABV?$FunctionCallbackInfo@VValue@v8@@@2@@ZV?$Handle@VValue@v8@@@2@@Z 1000f180     v8-ia32:v8-ia32.dll
 0002:00000184       __imp_?SetInternalFieldCount@ObjectTemplate@v8@@QAEXH@Z 1000f184     v8-ia32:v8-ia32.dll
 0002:00000188       __imp_?SlowGetAlignedPointerFromInternalField@Object@v8@@AAEPAXH@Z 1000f188     v8-ia32:v8-ia32.dll
 0002:0000018c       __imp_?Has@Object@v8@@QAE_NV?$Handle@VValue@v8@@@2@@Z 1000f18c     v8-ia32:v8-ia32.dll
 0002:00000190       __imp_?GetHiddenValue@Object@v8@@QAE?AV?$Local@VValue@v8@@@2@V?$Handle@VString@v8@@@2@@Z 1000f190     v8-ia32:v8-ia32.dll
 0002:00000194       __imp_?SlowGetInternalField@Object@v8@@AAE?AV?$Local@VValue@v8@@@2@H@Z 1000f194     v8-ia32:v8-ia32.dll
 0002:00000198       __imp_?CreateHandle@HandleScope@v8@@CAPAPAVObject@internal@2@PAVHeapObject@42@PAV342@@Z 1000f198     v8-ia32:v8-ia32.dll
 0002:0000019c       __imp_?IsTrue@Value@v8@@QBE_NXZ 1000f19c     v8-ia32:v8-ia32.dll
 0002:000001a0       __imp_?IsFalse@Value@v8@@QBE_NXZ 1000f1a0     v8-ia32:v8-ia32.dll
 0002:000001a4       __imp_?New@Number@v8@@SA?AV?$Local@VNumber@v8@@@2@PAVIsolate@2@N@Z 1000f1a4     v8-ia32:v8-ia32.dll
 0002:000001a8       __imp_?IsBoolean@Value@v8@@QBE_NXZ 1000f1a8     v8-ia32:v8-ia32.dll
 0002:000001ac       __imp_?IsNumber@Value@v8@@QBE_NXZ 1000f1ac     v8-ia32:v8-ia32.dll
 0002:000001b0       __imp_?IsExternal@Value@v8@@QBE_NXZ 1000f1b0     v8-ia32:v8-ia32.dll
 0002:000001b4       __imp_?IsInt32@Value@v8@@QBE_NXZ 1000f1b4     v8-ia32:v8-ia32.dll
 0002:000001b8       __imp_?IsDate@Value@v8@@QBE_NXZ 1000f1b8     v8-ia32:v8-ia32.dll
 0002:000001bc       __imp_?IsBooleanObject@Value@v8@@QBE_NXZ 1000f1bc     v8-ia32:v8-ia32.dll
 0002:000001c0       __imp_?IsNumberObject@Value@v8@@QBE_NXZ 1000f1c0     v8-ia32:v8-ia32.dll
 0002:000001c4       __imp_?IsStringObject@Value@v8@@QBE_NXZ 1000f1c4     v8-ia32:v8-ia32.dll
 0002:000001c8       __imp_?IsNativeError@Value@v8@@QBE_NXZ 1000f1c8     v8-ia32:v8-ia32.dll
 0002:000001cc       __imp_?IsRegExp@Value@v8@@QBE_NXZ 1000f1cc     v8-ia32:v8-ia32.dll
 0002:000001d0       __imp_?BooleanValue@Value@v8@@QBE_NXZ 1000f1d0     v8-ia32:v8-ia32.dll
 0002:000001d4       __imp_?NumberValue@Value@v8@@QBENXZ 1000f1d4     v8-ia32:v8-ia32.dll
 0002:000001d8       __imp_?Int32Value@Value@v8@@QBEHXZ 1000f1d8     v8-ia32:v8-ia32.dll
 0002:000001dc       __imp_?MakeWeak@V8@v8@@CAXPAPAVObject@internal@2@PAXP6AXABV?$WeakCallbackData@VValue@v8@@X@2@@Z@Z 1000f1dc     v8-ia32:v8-ia32.dll
 0002:000001e0       __imp_?ClearWeak@V8@v8@@CAPAXPAPAVObject@internal@2@@Z 1000f1e0     v8-ia32:v8-ia32.dll
 0002:000001e4       __imp_?Value@External@v8@@QBEPAXXZ 1000f1e4     v8-ia32:v8-ia32.dll
 0002:000001e8       __imp_?ThrowException@Isolate@v8@@QAE?AV?$Local@VValue@v8@@@2@V32@@Z 1000f1e8     v8-ia32:v8-ia32.dll
 0002:000001ec       __imp_?NewInstance@Function@v8@@QBE?AV?$Local@VObject@v8@@@2@HQAV?$Handle@VValue@v8@@@2@@Z 1000f1ec     v8-ia32:v8-ia32.dll
 0002:000001f0       __imp_?Set@Template@v8@@QAEXV?$Handle@VName@v8@@@2@V?$Handle@VData@v8@@@2@W4PropertyAttribute@2@@Z 1000f1f0     v8-ia32:v8-ia32.dll
 0002:000001f4       __imp_?CreateHandle@HandleScope@v8@@KAPAPAVObject@internal@2@PAVIsolate@42@PAV342@@Z 1000f1f4     v8-ia32:v8-ia32.dll
 0002:000001f8       __imp_?Error@Exception@v8@@SA?AV?$Local@VValue@v8@@@2@V?$Handle@VString@v8@@@2@@Z 1000f1f8     v8-ia32:v8-ia32.dll
 0002:000001fc       __imp_?New@FunctionTemplate@v8@@SA?AV?$Local@VFunctionTemplate@v8@@@2@PAVIsolate@2@P6AXABV?$FunctionCallbackInfo@VValue@v8@@@2@@ZV?$Handle@VValue@v8@@@2@V?$Handle@VSignature@v8@@@2@H@Z 1000f1fc     v8-ia32:v8-ia32.dll
 0002:00000200       __imp_?GetFunction@FunctionTemplate@v8@@QAE?AV?$Local@VFunction@v8@@@2@XZ 1000f200     v8-ia32:v8-ia32.dll
 0002:00000204       __imp_?InstanceTemplate@FunctionTemplate@v8@@QAE?AV?$Local@VObjectTemplate@v8@@@2@XZ 1000f204     v8-ia32:v8-ia32.dll
 0002:00000208       __imp_?PrototypeTemplate@FunctionTemplate@v8@@QAE?AV?$Local@VObjectTemplate@v8@@@2@XZ 1000f208     v8-ia32:v8-ia32.dll
 0002:0000020c       __imp_?SetClassName@FunctionTemplate@v8@@QAEXV?$Handle@VString@v8@@@2@@Z 1000f20c     v8-ia32:v8-ia32.dll
 0002:00000210       __imp_?ToString@Value@v8@@QBE?AV?$Local@VString@v8@@@2@XZ 1000f210     v8-ia32:v8-ia32.dll
 0002:00000214       __imp_?GlobalizeReference@V8@v8@@CAPAPAVObject@internal@2@PAVIsolate@42@PAPAV342@@Z 1000f214     v8-ia32:v8-ia32.dll
 0002:00000218       __imp_?CopyPersistent@V8@v8@@CAPAPAVObject@internal@2@PAPAV342@@Z 1000f218     v8-ia32:v8-ia32.dll
 0002:0000021c       __imp_?DisposeGlobal@V8@v8@@CAXPAPAVObject@internal@2@@Z 1000f21c     v8-ia32:v8-ia32.dll
 0002:00000220       __imp_??0Scope@Isolate@v8@@QAE@PAV12@@Z 1000f220     v8-ia32:v8-ia32.dll
 0002:00000224       __imp_??1Scope@Isolate@v8@@QAE@XZ 1000f224     v8-ia32:v8-ia32.dll
 0002:00000228       __imp_?New@External@v8@@SA?AV?$Local@VExternal@v8@@@2@PAVIsolate@2@PAX@Z 1000f228     v8-ia32:v8-ia32.dll
 0002:0000022c       __imp_?GetCurrent@Isolate@v8@@SAPAV12@XZ 1000f22c     v8-ia32:v8-ia32.dll
 0002:00000230       __imp_?New@Integer@v8@@SA?AV?$Local@VInteger@v8@@@2@PAVIsolate@2@H@Z 1000f230     v8-ia32:v8-ia32.dll
 0002:00000234       __imp_?Set@Object@v8@@QAE_NIV?$Handle@VValue@v8@@@2@@Z 1000f234     v8-ia32:v8-ia32.dll
 0002:00000238       __imp_?ForceSet@Object@v8@@QAE_NV?$Handle@VValue@v8@@@2@0W4PropertyAttribute@2@@Z 1000f238     v8-ia32:v8-ia32.dll
 0002:0000023c       __imp_?Get@Object@v8@@QAE?AV?$Local@VValue@v8@@@2@I@Z 1000f23c     v8-ia32:v8-ia32.dll
 0002:00000240       __imp_?Get@Object@v8@@QAE?AV?$Local@VValue@v8@@@2@V?$Handle@VValue@v8@@@2@@Z 1000f240     v8-ia32:v8-ia32.dll
 0002:00000244       __imp_?GetPropertyAttributes@Object@v8@@QAE?AW4PropertyAttribute@2@V?$Handle@VValue@v8@@@2@@Z 1000f244     v8-ia32:v8-ia32.dll
 0002:00000248       __imp_?Delete@Object@v8@@QAE_NI@Z 1000f248     v8-ia32:v8-ia32.dll
 0002:0000024c       __imp_?Delete@Object@v8@@QAE_NV?$Handle@VValue@v8@@@2@@Z 1000f24c     v8-ia32:v8-ia32.dll
 0002:00000250       __imp_?SetAccessor@Object@v8@@QAE_NV?$Handle@VString@v8@@@2@P6AXV?$Local@VString@v8@@@2@ABV?$PropertyCallbackInfo@VValue@v8@@@2@@ZP6AX1V?$Local@VValue@v8@@@2@ABV?$PropertyCallbackInfo@X@2@@ZV?$Handle@VValue@v8@@@2@W4AccessControl@2@W4PropertyAttribute@2@@Z 1000f250     v8-ia32:v8-ia32.dll
 0002:00000254       __imp_?GetPropertyNames@Object@v8@@QAE?AV?$Local@VArray@v8@@@2@XZ 1000f254     v8-ia32:v8-ia32.dll
 0002:00000258       __imp_?GetOwnPropertyNames@Object@v8@@QAE?AV?$Local@VArray@v8@@@2@XZ 1000f258     v8-ia32:v8-ia32.dll
 0002:0000025c       __imp_?GetPrototype@Object@v8@@QAE?AV?$Local@VValue@v8@@@2@XZ 1000f25c     v8-ia32:v8-ia32.dll
 0002:00000260       __imp_?InternalFieldCount@Object@v8@@QAEHXZ 1000f260     v8-ia32:v8-ia32.dll
 0002:00000264       __imp_?SetInternalField@Object@v8@@QAEXHV?$Handle@VValue@v8@@@2@@Z 1000f264     v8-ia32:v8-ia32.dll
 0002:00000268       __imp_?SetAlignedPointerInInternalField@Object@v8@@QAEXHPAX@Z 1000f268     v8-ia32:v8-ia32.dll
 0002:0000026c       __imp_?IsFunction@Value@v8@@QBE_NXZ 1000f26c     v8-ia32:v8-ia32.dll
 0002:00000270       __imp_?Length@String@v8@@QBEHXZ 1000f270     v8-ia32:v8-ia32.dll
 0002:00000274       __imp_?SetHiddenValue@Object@v8@@QAE_NV?$Handle@VString@v8@@@2@V?$Handle@VValue@v8@@@2@@Z 1000f274     v8-ia32:v8-ia32.dll
 0002:00000278       __imp_??0HandleScope@v8@@QAE@PAVIsolate@1@@Z 1000f278     v8-ia32:v8-ia32.dll
 0002:0000027c       __imp_??1HandleScope@v8@@QAE@XZ 1000f27c     v8-ia32:v8-ia32.dll
 0002:00000280       __imp_?Length@Array@v8@@QBEIXZ 1000f280     v8-ia32:v8-ia32.dll
 0002:00000284       __imp_?New@Array@v8@@SA?AV?$Local@VArray@v8@@@2@PAVIsolate@2@H@Z 1000f284     v8-ia32:v8-ia32.dll
 0002:00000288       __imp_?NewFromUtf8@String@v8@@SA?AV?$Local@VString@v8@@@2@PAVIsolate@2@PBDW4NewStringType@12@H@Z 1000f288     v8-ia32:v8-ia32.dll
 0002:0000028c       __imp_?NewFromTwoByte@String@v8@@SA?AV?$Local@VString@v8@@@2@PAVIsolate@2@PBGW4NewStringType@12@H@Z 1000f28c     v8-ia32:v8-ia32.dll
 0002:00000290       __imp_?IsArray@Value@v8@@QBE_NXZ 1000f290     v8-ia32:v8-ia32.dll
 0002:00000294       __imp_?IsObject@Value@v8@@QBE_NXZ 1000f294     v8-ia32:v8-ia32.dll
 0002:00000298       __imp_?Enter@Context@v8@@QAEXXZ 1000f298     v8-ia32:v8-ia32.dll
 0002:0000029c       __imp_?Exit@Context@v8@@QAEXXZ 1000f29c     v8-ia32:v8-ia32.dll
 0002:000002a0       __imp_??1Locker@v8@@QAE@XZ 1000f2a0     v8-ia32:v8-ia32.dll
 0002:000002a4       __imp_?New@Isolate@v8@@SAPAV12@XZ 1000f2a4     v8-ia32:v8-ia32.dll
 0002:000002a8       __imp_?Initialize@Locker@v8@@AAEXPAVIsolate@2@@Z 1000f2a8     v8-ia32:v8-ia32.dll
 0002:000002ac       \177v8-ia32_NULL_THUNK_DATA 1000f2ac     v8-ia32:v8-ia32.dll
 0002:000002b0       ___xc_a                    1000f2b0     MSVCRT:cinitexe.obj
 0002:000002c4       ___xc_z                    1000f2c4     MSVCRT:cinitexe.obj
 0002:000002c8       ___xi_a                    1000f2c8     MSVCRT:cinitexe.obj
 0002:000002d4       ___xi_z                    1000f2d4     MSVCRT:cinitexe.obj
 0002:00000318       ?kMaxThreadPoolSize@DefaultPlatform@platform@v8@@0HB 1000f318     v8_libplatform:default-platform.obj
 0002:0000031c       ??_7Platform@v8@@6B@       1000f31c     v8_libplatform:default-platform.obj
 0002:00000328       ??_7DefaultPlatform@platform@v8@@6B@ 1000f328     v8_libplatform:default-platform.obj
 0002:00000334       ??_7error_category@std@@6B@ 1000f334     v8_libplatform:default-platform.obj
 0002:0000034c       ??_7_Generic_error_category@std@@6B@ 1000f34c     v8_libplatform:default-platform.obj
 0002:00000364       ??_C@_07DCLBNMLN@generic?$AA@ 1000f364     v8_libplatform:default-platform.obj
 0002:0000036c       ??_C@_0O@BFJCFAAK@unknown?5error?$AA@ 1000f36c     v8_libplatform:default-platform.obj
 0002:0000037c       ??_7_Iostream_error_category@std@@6B@ 1000f37c     v8_libplatform:default-platform.obj
 0002:00000394       ??_C@_08LLGCOLLL@iostream?$AA@ 1000f394     v8_libplatform:default-platform.obj
 0002:000003a0       ??_C@_0BG@PADBLCHM@iostream?5stream?5error?$AA@ 1000f3a0     v8_libplatform:default-platform.obj
 0002:000003b8       ??_7_System_error_category@std@@6B@ 1000f3b8     v8_libplatform:default-platform.obj
 0002:000003d0       ??_C@_06FHFOAHML@system?$AA@ 1000f3d0     v8_libplatform:default-platform.obj
 0002:000003d8       ??_C@_0BA@JFNIOLAK@string?5too?5long?$AA@ 1000f3d8     v8_libplatform:default-platform.obj
 0002:000003e8       ??_C@_0BI@CFPLBAOH@invalid?5string?5position?$AA@ 1000f3e8     v8_libplatform:default-platform.obj
 0002:00000400       ??_C@_0BC@KBDMBKEH@deque?$DMT?$DO?5too?5long?$AA@ 1000f400     v8_libplatform:default-platform.obj
 0002:00000414       ??_C@_0BE@JONHPENG@map?1set?$DMT?$DO?5too?5long?$AA@ 1000f414     v8_libplatform:default-platform.obj
 0002:00000428       ??_7WorkerThread@platform@v8@@6B@ 1000f428     v8_libplatform:worker-thread.obj
 0002:00000430       ??_C@_0BA@OLGCHPPO@V8?5WorkerThread?$AA@ 1000f430     v8_libplatform:worker-thread.obj
 0002:00000444       ??_7type_info@@6B@         1000f444     MSVCRT:ti_inst.obj
 0002:00000448       __pRawDllMain              1000f448     MSVCRT:crtdll.obj
 0002:00000448       __pDefaultRawDllMain       1000f448     MSVCRT:crtdll.obj
 0002:00000454       ?LogFileOpenMode@OS@base@v8@@2QBDB 1000f454     v8_libbase:platform-win32.obj
 0002:00000458       ??_C@_02GMLFBBN@wb?$AA@    1000f458     v8_libbase:platform-win32.obj
 0002:0000045c       ??_7Thread@base@v8@@6B@    1000f45c     v8_libbase:platform-win32.obj
 0002:000004f4       ??_C@_0BL@OFLPLJAM@Not?5a?5valid?5script?5handle?4?$AA@ 1000f4f4     Exports.obj
 0002:00000510       ??_C@_0BA@MLFILMMN@ManagedObjectID?$AA@ 1000f510     Exports.obj
 0002:00000520       ??_C@_0CJ@MCOIAANP@The?5handle?5does?5not?5represent?5an@ 1000f520     Exports.obj
 0002:0000054c       ??_C@_0CP@MICEEFHB@The?5handle?5does?5not?5represent?5an@ 1000f54c     Exports.obj
 0002:00000580       ??_C@_0EE@OBNIJAJP@?8Data?8?5points?5to?5an?5invalid?5obje@ 1000f580     Exports.obj
 0002:000005c4       ??_C@_0CB@PFDHPICG@?8args?4Data?$CI?$CJ?8?5is?5not?5recognized?4@ 1000f5c4     FunctionTemplateProxy.obj
 0002:000005e8       ??_C@_09JOONBBPD@$__TypeID?$AA@ 1000f5e8     HandleProxy.obj
 0002:000005f4       ??_C@_08NKLFIIDP@$__Value?$AA@ 1000f5f4     HandleProxy.obj
 0002:00000600       ??_C@_02PCIJFNDE@?$AN?6?$AA@ 1000f600     V8EngineProxy.obj
 0002:00000604       ??_C@_08FIKDMAMC@?5?5Line?3?5?$AA@ 1000f604     V8EngineProxy.obj
 0002:00000610       ??_C@_0L@KCLHICAK@?5?5Column?3?5?$AA@ 1000f610     V8EngineProxy.obj
 0002:0000061c       ??_C@_09FPDCPDGD@?5?5Stack?3?5?$AA@ 1000f61c     V8EngineProxy.obj
 0002:00000628       ??_C@_11LOCGONAA@?$AA?$AA@ 1000f628     V8EngineProxy.obj
 0002:00000630       ??_C@_0EI@NBCEMGHA@Call?3?5The?5target?5instance?5handle@ 1000f630     V8EngineProxy.obj
 0002:00000678       ??_C@_0DH@GEIHKHBI@Call?3?5The?5subject?5handle?5does?5no@ 1000f678     V8EngineProxy.obj
 0002:000006b0       ??_C@_0DM@EFLNDFCL@Call?3?5The?5specified?5property?5doe@ 1000f6b0     V8EngineProxy.obj
 0002:000006ec       ??_C@_0DI@IBPEFPGB@Call?3?5The?5subject?5handle?5does?5no@ 1000f6ec     V8EngineProxy.obj
 0002:00000724       ??_C@_0BE@HBKMHPCH@Invalid?5error?5type?4?$AA@ 1000f724     V8EngineProxy.obj
 0002:00000738       ??_C@_0BM@NMJKDPPO@invalid?5vector?$DMT?$DO?5subscript?$AA@ 1000f738     V8EngineProxy.obj
 0002:00000754       ??_C@_0BG@EOMJEIFA@vector?$DMbool?$DO?5too?5long?$AA@ 1000f754     V8EngineProxy.obj
 0002:0000076c       ??_C@_0BD@OLBABOEK@vector?$DMT?$DO?5too?5long?$AA@ 1000f76c     V8EngineProxy.obj
 0002:00000780       __load_config_used         1000f780     MSVCRT:loadcfg.obj
 0002:00000848       ??_R4type_info@@6B@        1000f848     MSVCRT:ti_inst.obj
 0002:0000085c       ??_R3type_info@@8          1000f85c     MSVCRT:ti_inst.obj
 0002:0000086c       ??_R2type_info@@8          1000f86c     MSVCRT:ti_inst.obj
 0002:00000874       ??_R1A@?0A@EA@type_info@@8 1000f874     MSVCRT:ti_inst.obj
 0002:00000890       ___safe_se_handler_table   1000f890     <linker-defined>
 0002:000009a4       ___rtc_iaa                 1000f9a4     MSVCRT:initsect.obj
 0002:000009a8       ___rtc_izz                 1000f9a8     MSVCRT:initsect.obj
 0002:000009ac       ___rtc_taa                 1000f9ac     MSVCRT:initsect.obj
 0002:000009b0       ___rtc_tzz                 1000f9b0     MSVCRT:initsect.obj
 0002:00001d14       __CT??_R0?AVexception@std@@@8??0exception@std@@QAE@ABV01@@Z12 10010d14     Exports.obj
 0002:00001d30       __TI1?AVexception@std@@    10010d30     Exports.obj
 0002:00001d40       __CTA1?AVexception@std@@   10010d40     Exports.obj
 0002:00002598       __IMPORT_DESCRIPTOR_v8-ia32 10011598     v8-ia32:v8-ia32.dll
 0002:000025ac       __IMPORT_DESCRIPTOR_KERNEL32 100115ac     kernel32:KERNEL32.dll
 0002:000025c0       __IMPORT_DESCRIPTOR_MSVCP120 100115c0     msvcprt:MSVCP120.dll
 0002:000025d4       __IMPORT_DESCRIPTOR_MSVCR120 100115d4     MSVCRT:MSVCR120.dll
 0002:000025e8       __NULL_IMPORT_DESCRIPTOR   100115e8     v8-ia32:v8-ia32.dll
 0003:00000000       ?_Generic_object@?$_Error_objects@H@std@@2V_Generic_error_category@2@A 10014000     v8_libplatform:default-platform.obj
 0003:00000004       ?_Iostream_object@?$_Error_objects@H@std@@2V_Iostream_error_category@2@A 10014004     v8_libplatform:default-platform.obj
 0003:00000008       ?_System_object@?$_Error_objects@H@std@@2V_System_error_category@2@A 10014008     v8_libplatform:default-platform.obj
 0003:0000000c       ___security_cookie         1001400c     MSVCRT:gs_cookie.obj
 0003:00000010       ___security_cookie_complement 10014010     MSVCRT:gs_cookie.obj
 0003:00000020       ___native_dllmain_reason   10014020     MSVCRT:natstart.obj
 0003:00000030       ??_R0?AVtype_info@@@8      10014030     MSVCRT:ti_inst.obj
 0003:00000048       ??_R0?AVexception@std@@@8  10014048     Exports.obj
 0003:00000074       ?id@?$num_put@DV?$back_insert_iterator@V?$basic_string@DU?$char_traits@D@std@@V?$allocator@D@2@@std@@@std@@@std@@2V0locale@2@A 10014074     v8_libplatform:default-platform.obj
 0003:00000078       ?id@?$num_put@_WV?$back_insert_iterator@V?$basic_string@_WU?$char_traits@_W@std@@V?$allocator@_W@2@@std@@@std@@@std@@2V0locale@2@A 10014078     v8_libplatform:default-platform.obj
 0003:000003a8       ?__type_info_root_node@@3U__type_info_node@@A 100143a8     MSVCRT:tncleanup.obj
 0003:000003d0       ?_SymInitialize@base@v8@@3P6GHPAXPADH@ZA 100143d0     v8_libbase:platform-win32.obj
 0003:000003d4       ?_SymGetOptions@base@v8@@3P6GKXZA 100143d4     v8_libbase:platform-win32.obj
 0003:000003d8       ?_SymSetOptions@base@v8@@3P6GKK@ZA 100143d8     v8_libbase:platform-win32.obj
 0003:000003dc       ?_SymGetSearchPath@base@v8@@3P6GHPAXPADK@ZA 100143dc     v8_libbase:platform-win32.obj
 0003:000003e0       ?_SymLoadModule64@base@v8@@3P6G_KPAX0PAD1_KK@ZA 100143e0     v8_libbase:platform-win32.obj
 0003:000003e4       ?_StackWalk64@base@v8@@3P6GHKPAX0PAU_tagSTACKFRAME64@@0P6GH0_K0KPAK@ZP6GPAX02@ZP6G_K02@ZP6G_K00PAU_tagADDRESS64@@@Z@ZA 100143e4     v8_libbase:platform-win32.obj
 0003:000003e8       ?_SymGetSymFromAddr64@base@v8@@3P6GHPAX_KPA_KPAU_IMAGEHLP_SYMBOL64@@@ZA 100143e8     v8_libbase:platform-win32.obj
 0003:000003ec       ?_SymGetLineFromAddr64@base@v8@@3P6GHPAX_KPAKPAU_IMAGEHLP_LINE64@@@ZA 100143ec     v8_libbase:platform-win32.obj
 0003:000003f0       ?_SymFunctionTableAccess64@base@v8@@3P6GPAXPAX_K@ZA 100143f0     v8_libbase:platform-win32.obj
 0003:000003f4       ?_SymGetModuleBase64@base@v8@@3P6G_KPAX_K@ZA 100143f4     v8_libbase:platform-win32.obj
 0003:000003f8       ?_CreateToolhelp32Snapshot@base@v8@@3P6GPAXKK@ZA 100143f8     v8_libbase:platform-win32.obj
 0003:000003fc       ?_Module32FirstW@base@v8@@3P6GHPAXPAUtagMODULEENTRY32W@@@ZA 100143fc     v8_libbase:platform-win32.obj
 0003:00000400       ?_Module32NextW@base@v8@@3P6GHPAXPAUtagMODULEENTRY32W@@@ZA 10014400     v8_libbase:platform-win32.obj
 0003:00000404       ?g_hard_abort@?A0xd8c4af26@base@v8@@3_NA 10014404     v8_libbase:platform-win32.obj
 0003:000004ec       ?_NextEngineID@V8EngineProxy@@1HA 100144ec     V8EngineProxy.obj
 0003:00000508       ?_DisposedEngines@V8EngineProxy@@1V?$vector@_NV?$allocator@_N@std@@@std@@A 10014508     V8EngineProxy.obj
 0003:0000051c       ___native_startup_lock     1001451c     <common>
 0003:00000520       ___native_startup_state    10014520     <common>
 0003:00000524       ___dyn_tls_init_callback   10014524     <common>
 0003:00000528       ___onexitend               10014528     <common>
 0003:0000052c       ___onexitbegin             1001452c     <common>

 entry point at        0001:0000b9c9

 Static symbols

 0000:fffe8000       .debug$S                   10000000     MSVCRT:MSVCR120.dll
 0000:fffe8000       .debug$S                   10000000     v8-ia32:v8-ia32.dll
 0000:fffe8000       .debug$S                   10000000     v8-ia32:v8-ia32.dll
 0000:fffe8000       .debug$S                   10000000     v8-ia32:v8-ia32.dll
 0000:fffe8000       .debug$S                   10000000     v8-ia32:v8-ia32.dll
 0000:fffe8000       .debug$S                   10000000     v8-ia32:v8-ia32.dll
 0000:fffe8000       .debug$S                   10000000     v8-ia32:v8-ia32.dll
 0000:fffe8000       .debug$S                   10000000     v8-ia32:v8-ia32.dll
 0000:fffe8000       .debug$S                   10000000     v8-ia32:v8-ia32.dll
 0000:fffe8000       .debug$S                   10000000     v8-ia32:v8-ia32.dll
 0000:fffe8000       .debug$S                   10000000     v8-ia32:v8-ia32.dll
 0000:fffe8000       .debug$S                   10000000     v8-ia32:v8-ia32.dll
 0000:fffe8000       .debug$S                   10000000     v8-ia32:v8-ia32.dll
 0000:fffe8000       .debug$S                   10000000     v8-ia32:v8-ia32.dll
 0000:fffe8000       .debug$S                   10000000     v8-ia32:v8-ia32.dll
 0000:fffe8000       .debug$S                   10000000     v8-ia32:v8-ia32.dll
 0000:fffe8000       .debug$S                   10000000     v8-ia32:v8-ia32.dll
 0000:fffe8000       .debug$S                   10000000     v8-ia32:v8-ia32.dll
 0000:fffe8000       .debug$S                   10000000     v8-ia32:v8-ia32.dll
 0000:fffe8000       .debug$S                   10000000     v8-ia32:v8-ia32.dll
 0000:fffe8000       .debug$S                   10000000     v8-ia32:v8-ia32.dll
 0000:fffe8000       .debug$S                   10000000     v8-ia32:v8-ia32.dll
 0000:fffe8000       .debug$S                   10000000     v8-ia32:v8-ia32.dll
 0000:fffe8000       .debug$S                   10000000     v8-ia32:v8-ia32.dll
 0000:fffe8000       .debug$S                   10000000     v8-ia32:v8-ia32.dll
 0000:fffe8000       .debug$S                   10000000     v8-ia32:v8-ia32.dll
 0000:fffe8000       .debug$S                   10000000     v8-ia32:v8-ia32.dll
 0000:fffe8000       .debug$S                   10000000     v8-ia32:v8-ia32.dll
 0000:fffe8000       .debug$S                   10000000     v8-ia32:v8-ia32.dll
 0000:fffe8000       .debug$S                   10000000     v8-ia32:v8-ia32.dll
 0000:fffe8000       .debug$S                   10000000     v8-ia32:v8-ia32.dll
 0000:fffe8000       .debug$S                   10000000     v8-ia32:v8-ia32.dll
 0000:fffe8000       .debug$S                   10000000     v8-ia32:v8-ia32.dll
 0000:fffe8000       .debug$S                   10000000     v8-ia32:v8-ia32.dll
 0000:fffe8000       .debug$S                   10000000     v8-ia32:v8-ia32.dll
 0000:fffe8000       .debug$S                   10000000     v8-ia32:v8-ia32.dll
 0000:fffe8000       .debug$S                   10000000     v8-ia32:v8-ia32.dll
 0000:fffe8000       .debug$S                   10000000     v8-ia32:v8-ia32.dll
 0000:fffe8000       .debug$S                   10000000     v8-ia32:v8-ia32.dll
 0000:fffe8000       .debug$S                   10000000     v8-ia32:v8-ia32.dll
 0000:fffe8000       .debug$S                   10000000     v8-ia32:v8-ia32.dll
 0000:fffe8000       .debug$S                   10000000     v8-ia32:v8-ia32.dll
 0000:fffe8000       .debug$S                   10000000     v8-ia32:v8-ia32.dll
 0000:fffe8000       .debug$S                   10000000     v8-ia32:v8-ia32.dll
 0000:fffe8000       .debug$S                   10000000     v8-ia32:v8-ia32.dll
 0000:fffe8000       .debug$S                   10000000     v8-ia32:v8-ia32.dll
 0000:fffe8000       .debug$S                   10000000     v8-ia32:v8-ia32.dll
 0000:fffe8000       .debug$S                   10000000     v8-ia32:v8-ia32.dll
 0000:fffe8000       .debug$S                   10000000     v8-ia32:v8-ia32.dll
 0000:fffe8000       .debug$S                   10000000     v8-ia32:v8-ia32.dll
 0000:fffe8000       .debug$S                   10000000     v8-ia32:v8-ia32.dll
 0000:fffe8000       .debug$S                   10000000     v8-ia32:v8-ia32.dll
 0000:fffe8000       .debug$S                   10000000     v8-ia32:v8-ia32.dll
 0000:fffe8000       .debug$S                   10000000     v8-ia32:v8-ia32.dll
 0000:fffe8000       .debug$S                   10000000     v8-ia32:v8-ia32.dll
 0000:fffe8000       .debug$S                   10000000     v8-ia32:v8-ia32.dll
 0000:fffe8000       .debug$S                   10000000     v8-ia32:v8-ia32.dll
 0000:fffe8000       .debug$S                   10000000     v8-ia32:v8-ia32.dll
 0000:fffe8000       .debug$S                   10000000     v8-ia32:v8-ia32.dll
 0000:fffe8000       .debug$S                   10000000     v8-ia32:v8-ia32.dll
 0000:fffe8000       .debug$S                   10000000     v8-ia32:v8-ia32.dll
 0000:fffe8000       .debug$S                   10000000     v8-ia32:v8-ia32.dll
 0000:fffe8000       .debug$S                   10000000     v8-ia32:v8-ia32.dll
 0000:fffe8000       .debug$S                   10000000     v8-ia32:v8-ia32.dll
 0000:fffe8000       .debug$S                   10000000     v8-ia32:v8-ia32.dll
 0000:fffe8000       .debug$S                   10000000     v8-ia32:v8-ia32.dll
 0000:fffe8000       .debug$S                   10000000     v8-ia32:v8-ia32.dll
[...]
 0002:00001af8       __catchsym$??$_Insert_nohint@AAU?$pair@QAVIsolate@v8@@V?$queue@PAVTask@v8@@V?$deque@PAVTask@v8@@V?$allocator@PAVTask@v8@@@std@@@std@@@std@@@std@@PAU?$_Tree_node@U?$pair@QAVIsolate@v8@@V?$queue@PAVTask@v8@@V?$deque@PAVTask@v8@@V?$allocator@PAVTask@v8@@@std@@@std@@@std@@@std@@PAX@2@@?$_Tree@V?$_Tmap_traits@PAVIsolate@v8@@V?$queue@PAVTask@v8@@V?$deque@PAVTask@v8@@V?$allocator@PAVTask@v8@@@std@@@std@@@std@@U?$less@PAVIsolate@v8@@@4@V?$allocator@U?$pair@QAVIsolate@v8@@V?$queue@PAVTask@v8@@V?$deque@PAVTask@v8@@V?$allocator@PAVTask@v8@@@std@@@std@@@std@@@std@@@4@$0A@@std@@@std@@IAE?AU?$pair@V?$_Tree_iterator@V?$_Tree_val@U?$_Tree_simple_types@U?$pair@QAVIsolate@v8@@V?$queue@PAVTask@v8@@V?$deque@PAVTask@v8@@V?$allocator@PAVTask@v8@@@std@@@std@@@std@@@std@@@std@@@std@@@std@@_N@1@_NAAU?$pair@QAVIsolate@v8@@V?$queue@PAVTask@v8@@V?$deque@PAVTask@v8@@V?$allocator@PAVTask@v8@@@std@@@std@@@std@@@1@PAU?$_Tree_node@U?$pair@QAVIsolate@v8@@V?$queue@PAVTask@v8@@V?$deque@PAVTask@v8@@V?$allocator@PAVTask@v8@@@std@@@std@@@std@@@std@@PAX@1@@Z$2 10010af8     v8_libplatform:default-platform.obj
 0002:00001b08       __unwindtable$??$_Insert_nohint@AAU?$pair@QAVIsolate@v8@@V?$queue@PAVTask@v8@@V?$deque@PAVTask@v8@@V?$allocator@PAVTask@v8@@@std@@@std@@@std@@@std@@PAU?$_Tree_node@U?$pair@QAVIsolate@v8@@V?$queue@PAVTask@v8@@V?$deque@PAVTask@v8@@V?$allocator@PAVTask@v8@@@std@@@std@@@std@@@std@@PAX@2@@?$_Tree@V?$_Tmap_traits@PAVIsolate@v8@@V?$queue@PAVTask@v8@@V?$deque@PAVTask@v8@@V?$allocator@PAVTask@v8@@@std@@@std@@@std@@U?$less@PAVIsolate@v8@@@4@V?$allocator@U?$pair@QAVIsolate@v8@@V?$queue@PAVTask@v8@@V?$deque@PAVTask@v8@@V?$allocator@PAVTask@v8@@@std@@@std@@@std@@@std@@@4@$0A@@std@@@std@@IAE?AU?$pair@V?$_Tree_iterator@V?$_Tree_val@U?$_Tree_simple_types@U?$pair@QAVIsolate@v8@@V?$queue@PAVTask@v8@@V?$deque@PAVTask@v8@@V?$allocator@PAVTask@v8@@@std@@@std@@@std@@@std@@@std@@@std@@@std@@_N@1@_NAAU?$pair@QAVIsolate@v8@@V?$queue@PAVTask@v8@@V?$deque@PAVTask@v8@@V?$allocator@PAVTask@v8@@@std@@@std@@@std@@@1@PAU?$_Tree_node@U?$pair@QAVIsolate@v8@@V?$queue@PAVTask@v8@@V?$deque@PAVTask@v8@@V?$allocator@PAVTask@v8@@@std@@@std@@@std@@@std@@PAX@1@@Z 10010b08     v8_libplatform:default-platform.obj
 0002:00001b18       __tryblocktable$??$_Insert_nohint@AAU?$pair@QAVIsolate@v8@@V?$queue@PAVTask@v8@@V?$deque@PAVTask@v8@@V?$allocator@PAVTask@v8@@@std@@@std@@@std@@@std@@PAU?$_Tree_node@U?$pair@QAVIsolate@v8@@V?$queue@PAVTask@v8@@V?$deque@PAVTask@v8@@V?$allocator@PAVTask@v8@@@std@@@std@@@std@@@std@@PAX@2@@?$_Tree@V?$_Tmap_traits@PAVIsolate@v8@@V?$queue@PAVTask@v8@@V?$deque@PAVTask@v8@@V?$allocator@PAVTask@v8@@@std@@@std@@@std@@U?$less@PAVIsolate@v8@@@4@V?$allocator@U?$pair@QAVIsolate@v8@@V?$queue@PAVTask@v8@@V?$deque@PAVTask@v8@@V?$allocator@PAVTask@v8@@@std@@@std@@@std@@@std@@@4@$0A@@std@@@std@@IAE?AU?$pair@V?$_Tree_iterator@V?$_Tree_val@U?$_Tree_simple_types@U?$pair@QAVIsolate@v8@@V?$queue@PAVTask@v8@@V?$deque@PAVTask@v8@@V?$allocator@PAVTask@v8@@@std@@@std@@@std@@@std@@@std@@@std@@@std@@_N@1@_NAAU?$pair@QAVIsolate@v8@@V?$queue@PAVTask@v8@@V?$deque@PAVTask@v8@@V?$allocator@PAVTask@v8@@@std@@@std@@@std@@@1@PAU?$_Tree_node@U?$pair@QAVIsolate@v8@@V?$queue@PAVTask@v8@@V?$deque@PAVTask@v8@@V?$allocator@PAVTask@v8@@@std@@@std@@@std@@@std@@PAX@1@@Z 10010b18     v8_libplatform:default-platform.obj
 0002:00001b2c       __ehfuncinfo$??$_Insert_nohint@AAU?$pair@QAVIsolate@v8@@V?$queue@PAVTask@v8@@V?$deque@PAVTask@v8@@V?$allocator@PAVTask@v8@@@std@@@std@@@std@@@std@@PAU?$_Tree_node@U?$pair@QAVIsolate@v8@@V?$queue@PAVTask@v8@@V?$deque@PAVTask@v8@@V?$allocator@PAVTask@v8@@@std@@@std@@@std@@@std@@PAX@2@@?$_Tree@V?$_Tmap_traits@PAVIsolate@v8@@V?$queue@PAVTask@v8@@V?$deque@PAVTask@v8@@V?$allocator@PAVTask@v8@@@std@@@std@@@std@@U?$less@PAVIsolate@v8@@@4@V?$allocator@U?$pair@QAVIsolate@v8@@V?$queue@PAVTask@v8@@V?$deque@PAVTask@v8@@V?$allocator@PAVTask@v8@@@std@@@std@@@std@@@std@@@4@$0A@@std@@@std@@IAE?AU?$pair@V?$_Tree_iterator@V?$_Tree_val@U?$_Tree_simple_types@U?$pair@QAVIsolate@v8@@V?$queue@PAVTask@v8@@V?$deque@PAVTask@v8@@V?$allocator@PAVTask@v8@@@std@@@std@@@std@@@std@@@std@@@std@@@std@@_N@1@_NAAU?$pair@QAVIsolate@v8@@V?$queue@PAVTask@v8@@V?$deque@PAVTask@v8@@V?$allocator@PAVTask@v8@@@std@@@std@@@std@@@1@PAU?$_Tree_node@U?$pair@QAVIsolate@v8@@V?$queue@PAVTask@v8@@V?$deque@PAVTask@v8@@V?$allocator@PAVTask@v8@@@std@@@std@@@std@@@std@@PAX@1@@Z 10010b2c     v8_libplatform:default-platform.obj
 0002:00001b50       __unwindtable$??0TaskQueue@platform@v8@@QAE@XZ 10010b50     v8_libplatform:task-queue.obj
 0002:00001b60       __ehfuncinfo$??0TaskQueue@platform@v8@@QAE@XZ 10010b60     v8_libplatform:task-queue.obj
 0002:00001b84       __unwindtable$??1TaskQueue@platform@v8@@QAE@XZ 10010b84     v8_libplatform:task-queue.obj
 0002:00001b9c       __ehfuncinfo$??1TaskQueue@platform@v8@@QAE@XZ 10010b9c     v8_libplatform:task-queue.obj
 0002:00001bc0       __unwindtable$?GetNext@TaskQueue@platform@v8@@QAEPAVTask@3@XZ 10010bc0     v8_libplatform:task-queue.obj
 0002:00001bc8       __ehfuncinfo$?GetNext@TaskQueue@platform@v8@@QAEPAVTask@3@XZ 10010bc8     v8_libplatform:task-queue.obj
 0002:00001bec       __unwindtable$?Append@TaskQueue@platform@v8@@QAEXPAVTask@3@@Z 10010bec     v8_libplatform:task-queue.obj
 0002:00001bec       __unwindtable$?Terminate@TaskQueue@platform@v8@@QAEXXZ 10010bec     v8_libplatform:task-queue.obj
 0002:00001bf4       __ehfuncinfo$?Append@TaskQueue@platform@v8@@QAEXPAVTask@3@@Z 10010bf4     v8_libplatform:task-queue.obj
 0002:00001bf4       __ehfuncinfo$?Terminate@TaskQueue@platform@v8@@QAEXXZ 10010bf4     v8_libplatform:task-queue.obj
 0002:00001c18       __unwindtable$??0WorkerThread@platform@v8@@QAE@PAVTaskQueue@12@@Z 10010c18     v8_libplatform:worker-thread.obj
 0002:00001c20       __ehfuncinfo$??0WorkerThread@platform@v8@@QAE@PAVTaskQueue@12@@Z 10010c20     v8_libplatform:worker-thread.obj
 0002:00001c44       __unwindtable$??_GWorkerThread@platform@v8@@UAEPAXI@Z 10010c44     v8_libplatform:worker-thread.obj
 0002:00001c4c       __ehfuncinfo$??_GWorkerThread@platform@v8@@UAEPAXI@Z 10010c4c     v8_libplatform:worker-thread.obj
 0002:00001c70       __sehtable$__onexit        10010c70     MSVCRT:atonexit.obj
 0002:00001c90       __sehtable$___DllMainCRTStartup 10010c90     MSVCRT:crtdll.obj
 0002:00001cb8       __sehtable$??_M@YGXPAXIHP6EX0@Z@Z 10010cb8     MSVCRT:ehvecdtr.obj
 0002:00001cd8       __sehtable$?__ArrayUnwind@@YGXPAXIHP6EX0@Z@Z 10010cd8     MSVCRT:ehvecdtr.obj
 0002:00001cf8       __sehtable$__IsNonwritableInCurrentImage 10010cf8     MSVCRT:pesect.obj
 0002:00001d50       .edata                     10010d50     V8_Net_Proxy_x86.exp
 0002:00001d78       rgpv                       10010d78     V8_Net_Proxy_x86.exp
 0002:00001e68       rgszName                   10010e68     V8_Net_Proxy_x86.exp
 0002:00001f58       rgwOrd                     10010f58     V8_Net_Proxy_x86.exp
 0002:00001fd0       szName                     10010fd0     V8_Net_Proxy_x86.exp
 0002:00001fe5       $N00001                    10010fe5     V8_Net_Proxy_x86.exp
 0002:00001fee       $N00002                    10010fee     V8_Net_Proxy_x86.exp
 0002:00002000       $N00003                    10011000     V8_Net_Proxy_x86.exp
 0002:00002010       $N00004                    10011010     V8_Net_Proxy_x86.exp
 0002:00002021       $N00005                    10011021     V8_Net_Proxy_x86.exp
 0002:00002030       $N00006                    10011030     V8_Net_Proxy_x86.exp
 0002:00002040       $N00007                    10011040     V8_Net_Proxy_x86.exp
 0002:0000205b       $N00008                    1001105b     V8_Net_Proxy_x86.exp
 0002:0000207b       $N00009                    1001107b     V8_Net_Proxy_x86.exp
 0002:0000209e       $N00010                    1001109e     V8_Net_Proxy_x86.exp
 0002:000020b7       $N00011                    100110b7     V8_Net_Proxy_x86.exp
 0002:000020c8       $N00012                    100110c8     V8_Net_Proxy_x86.exp
 0002:000020db       $N00013                    100110db     V8_Net_Proxy_x86.exp
 0002:000020ec       $N00014                    100110ec     V8_Net_Proxy_x86.exp
 0002:000020fc       $N00015                    100110fc     V8_Net_Proxy_x86.exp
 0002:00002118       $N00016                    10011118     V8_Net_Proxy_x86.exp
 0002:00002135       $N00017                    10011135     V8_Net_Proxy_x86.exp
 0002:00002156       $N00018                    10011156     V8_Net_Proxy_x86.exp
 0002:00002166       $N00019                    10011166     V8_Net_Proxy_x86.exp
 0002:0000217c       $N00020                    1001117c     V8_Net_Proxy_x86.exp
 0002:00002194       $N00021                    10011194     V8_Net_Proxy_x86.exp
 0002:000021af       $N00022                    100111af     V8_Net_Proxy_x86.exp
 0002:000021ce       $N00023                    100111ce     V8_Net_Proxy_x86.exp
 0002:000021ed       $N00024                    100111ed     V8_Net_Proxy_x86.exp
 0002:0000220b       $N00025                    1001120b     V8_Net_Proxy_x86.exp
 0002:00002228       $N00026                    10011228     V8_Net_Proxy_x86.exp
 0002:0000223a       $N00027                    1001123a     V8_Net_Proxy_x86.exp
 0002:00002252       $N00028                    10011252     V8_Net_Proxy_x86.exp
 0002:00002268       $N00029                    10011268     V8_Net_Proxy_x86.exp
 0002:0000227e       $N00030                    1001127e     V8_Net_Proxy_x86.exp
 0002:00002289       $N00031                    10011289     V8_Net_Proxy_x86.exp
 0002:0000229b       $N00032                    1001129b     V8_Net_Proxy_x86.exp
 0002:000022aa       $N00033                    100112aa     V8_Net_Proxy_x86.exp
 0002:000022ce       $N00034                    100112ce     V8_Net_Proxy_x86.exp
 0002:000022f3       $N00035                    100112f3     V8_Net_Proxy_x86.exp
 0002:0000230f       $N00036                    1001130f     V8_Net_Proxy_x86.exp
 0002:0000232b       $N00037                    1001132b     V8_Net_Proxy_x86.exp
 0002:00002346       $N00038                    10011346     V8_Net_Proxy_x86.exp
 0002:0000235c       $N00039                    1001135c     V8_Net_Proxy_x86.exp
 0002:00002373       $N00040                    10011373     V8_Net_Proxy_x86.exp
 0002:0000238c       $N00041                    1001138c     V8_Net_Proxy_x86.exp
 0002:000023a0       $N00042                    100113a0     V8_Net_Proxy_x86.exp
 0002:000023b4       $N00043                    100113b4     V8_Net_Proxy_x86.exp
 0002:000023c6       $N00044                    100113c6     V8_Net_Proxy_x86.exp
 0002:000023dc       $N00045                    100113dc     V8_Net_Proxy_x86.exp
 0002:00002400       $N00046                    10011400     V8_Net_Proxy_x86.exp
 0002:00002419       $N00047                    10011419     V8_Net_Proxy_x86.exp
 0002:0000243b       $N00048                    1001143b     V8_Net_Proxy_x86.exp
 0002:0000245b       $N00049                    1001145b     V8_Net_Proxy_x86.exp
 0002:00002476       $N00050                    10011476     V8_Net_Proxy_x86.exp
 0002:0000248c       $N00051                    1001148c     V8_Net_Proxy_x86.exp
 0002:000024a9       $N00052                    100114a9     V8_Net_Proxy_x86.exp
 0002:000024c5       $N00053                    100114c5     V8_Net_Proxy_x86.exp
 0002:000024e3       $N00054                    100114e3     V8_Net_Proxy_x86.exp
 0002:00002501       $N00055                    10011501     V8_Net_Proxy_x86.exp
 0002:00002526       $N00056                    10011526     V8_Net_Proxy_x86.exp
 0002:00002549       $N00057                    10011549     V8_Net_Proxy_x86.exp
 0002:0000255e       $N00058                    1001155e     V8_Net_Proxy_x86.exp
 0002:0000256c       $N00059                    1001156c     V8_Net_Proxy_x86.exp
 0002:0000257a       $N00060                    1001157a     V8_Net_Proxy_x86.exp
 0002:000042c4       .idata$6                   100132c4     v8-ia32:v8-ia32.dll
 0002:000042fc       .idata$6                   100132fc     kernel32:KERNEL32.dll
 0002:000043f8       .idata$6                   100133f8     msvcprt:MSVCP120.dll
 0002:00004500       .idata$6                   10013500     MSVCRT:MSVCR120.dll
 0003:00000070       __Tuple_alloc              10014070     v8_libplatform:default-platform.obj
 0003:00000071       _ignore                    10014071     v8_libplatform:default-platform.obj
 0003:00000072       _allocator_arg             10014072     v8_libplatform:default-platform.obj
 0003:00000073       _piecewise_construct       10014073     v8_libplatform:default-platform.obj
 0003:0000007c       _allocator_arg             1001407c     v8_libplatform:task-queue.obj
 0003:0000007d       _piecewise_construct       1001407d     v8_libplatform:task-queue.obj
 0003:0000007e       _allocator_arg             1001407e     v8_libplatform:worker-thread.obj
 0003:0000007f       _piecewise_construct       1001407f     v8_libplatform:worker-thread.obj
 0003:00000080       ___proc_attached           10014080     MSVCRT:crtdll.obj
 0003:00000088       _GS_ExceptionRecord        10014088     MSVCRT:gs_report.obj
 0003:000000d8       _GS_ContextRecord          100140d8     MSVCRT:gs_report.obj
 0003:000003a4       _DebuggerWasPresent        100143a4     MSVCRT:gs_report.obj
 0003:000003b0       _platform_random_number_generator 100143b0     v8_libbase:platform-win32.obj
 0003:00000408       _output_mode               10014408     v8_libbase:platform-win32.obj
 0003:0000040c       _allocator_arg             1001440c     v8_libbase:platform-win32.obj
 0003:0000040d       _piecewise_construct       1001440d     v8_libbase:platform-win32.obj
 0003:00000410       _tick_clock                10014410     v8_libbase:time.obj
 0003:00000450       _high_res_tick_clock       10014450     v8_libbase:time.obj
 0003:00000460       _clock                     10014460     v8_libbase:time.obj
 0003:000004a0       _allocator_arg             100144a0     v8_libbase:time.obj
 0003:000004a1       _piecewise_construct       100144a1     v8_libbase:time.obj
 0003:000004b0       _entropy_mutex             100144b0     v8_libbase:random-number-generator.obj
 0003:000004e0       _entropy_source            100144e0     v8_libbase:random-number-generator.obj
 0003:000004e4       _allocator_arg             100144e4     v8_libbase:cpu.obj
 0003:000004e5       _piecewise_construct       100144e5     v8_libbase:cpu.obj
 0003:000004e8       __V8Initialized            100144e8     V8EngineProxy.obj
 0003:000004f0       __Tuple_alloc              100144f0     Exports.obj
 0003:000004f1       _ignore                    100144f1     Exports.obj
 0003:000004f2       _allocator_arg             100144f2     Exports.obj
 0003:000004f3       _piecewise_construct       100144f3     Exports.obj
 0003:000004f4       __Tuple_alloc              100144f4     FunctionTemplateProxy.obj
 0003:000004f5       _ignore                    100144f5     FunctionTemplateProxy.obj
 0003:000004f6       _allocator_arg             100144f6     FunctionTemplateProxy.obj
 0003:000004f7       _piecewise_construct       100144f7     FunctionTemplateProxy.obj
 0003:000004f8       __Tuple_alloc              100144f8     HandleProxy.obj
 0003:000004f9       _ignore                    100144f9     HandleProxy.obj
 0003:000004fa       _allocator_arg             100144fa     HandleProxy.obj
 0003:000004fb       _piecewise_construct       100144fb     HandleProxy.obj
 0003:000004fc       __Tuple_alloc              100144fc     ObjectTemplateProxy.obj
 0003:000004fd       _ignore                    100144fd     ObjectTemplateProxy.obj
 0003:000004fe       _allocator_arg             100144fe     ObjectTemplateProxy.obj
 0003:000004ff       _piecewise_construct       100144ff     ObjectTemplateProxy.obj
 0003:00000500       __Tuple_alloc              10014500     Utilities.obj
 0003:00000501       _ignore                    10014501     Utilities.obj
 0003:00000502       _allocator_arg             10014502     Utilities.obj
 0003:00000503       _piecewise_construct       10014503     Utilities.obj
 0003:00000504       __Tuple_alloc              10014504     V8EngineProxy.obj
 0003:00000505       _ignore                    10014505     V8EngineProxy.obj
 0003:00000506       _allocator_arg             10014506     V8EngineProxy.obj
 0003:00000507       _piecewise_construct       10014507     V8EngineProxy.obj
 0003:00000518       __Tuple_alloc              10014518     ValueProxy.obj
 0003:00000519       _ignore                    10014519     ValueProxy.obj
 0003:0000051a       _allocator_arg             1001451a     ValueProxy.obj
 0003:0000051b       _piecewise_construct       1001451b     ValueProxy.obj
 0004:000000a0       $R000000                   100150a0     V8.Net-Proxy-32.res
 0004:00000420       $R000380                   10015420     V8.Net-Proxy-32.res

 Exports

  ordinal    name

        1    _Call@20
        2    _ConnectObject@12
        3    _CreateArray@12
        4    _CreateBoolean@8
        5    _CreateDate@12
        6    _CreateError@12
        7    _CreateFunctionInstance@16
        8    _CreateFunctionTemplateProxy@12
        9    _CreateFunctionTemplateProxyTest@0
       10    _CreateHandleProxyTest@0
       11    _CreateInteger@8
       12    _CreateNullValue@4
       13    _CreateNumber@12
       14    _CreateObject@8
       15    _CreateObjectFromTemplate@8
       16    _CreateObjectTemplateProxy@4
       17    _CreateObjectTemplateProxyTest@0
       18    _CreateString@8
       19    _CreateStringArray@12
       20    _CreateV8EngineProxy@12
       21    _CreateV8EngineProxyTest@0
       22    _DeleteFunctionTemplateProxy@4
       23    _DeleteObjectPropertyByIndex@8
       24    _DeleteObjectPropertyByName@8
       25    _DeleteObjectTemplateProxy@4
       26    _DeleteTestData@4
       27    _DestroyV8EngineProxy@4
       28    _DisposeHandleProxy@4
       29    _DoIdleNotification@8
       30    _ForceGC@4
       31    _GetArrayLength@4
       32    _GetFunction@4
       33    _GetFunctionInstanceTemplateProxy@4
       34    _GetFunctionPrototypeTemplateProxy@4
       35    _GetHandleManagedObjectID@4
       36    _GetObjectPropertyByIndex@8
       37    _GetObjectPropertyByName@8
       38    _GetObjectPrototype@4
       39    _GetOwnPropertyNames@4
       40    _GetPropertyAttributes@8
       41    _GetPropertyNames@4
       42    _MakeStrongHandle@4
       43    _MakeWeakHandle@4
       44    _RegisterGCCallback@8
       45    _RegisterIndexedPropertyHandlers@24
       46    _RegisterInvokeHandler@8
       47    _RegisterNamedPropertyHandlers@24
       48    _SetFunctionTemplateProperty@16
       49    _SetGlobalObjectTemplate@8
       50    _SetObjectAccessor@28
       51    _SetObjectPropertyByIndex@12
       52    _SetObjectPropertyByName@16
       53    _SetObjectTemplateAccessor@28
       54    _SetObjectTemplateProperty@16
       55    _UnregisterIndexedPropertyHandlers@4
       56    _UnregisterNamedPropertyHandlers@4
       57    _UpdateHandleValue@4
       58    _V8Compile@12
       59    _V8Execute@12
       60    _V8ExecuteCompiledScript@8
