 V8_Net_Proxy_x86

 Timestamp is 5282708a (Tue Nov 12 13:16:42 2013)

 Preferred load address is 10000000

 Start         Length     Name                   Class
 0001:00000000 00008e80H .text                   CODE
 0001:00008e80 00000a70H .text$x                 CODE
 0001:000098f0 00000023H .text$yc                CODE
 0001:00009920 00000090H .text$yd                CODE
 0002:00000000 000002a4H .idata$5                DATA
 0002:000002a4 00000004H .CRT$XCA                DATA
 0002:000002a8 00000004H .CRT$XCU                DATA
 0002:000002ac 00000004H .CRT$XCZ                DATA
 0002:000002b0 00000004H .CRT$XIA                DATA
 0002:000002b4 00000004H .CRT$XIAA               DATA
 0002:000002b8 00000004H .CRT$XIC                DATA
 0002:000002bc 00000004H .CRT$XIZ                DATA
 0002:000002c0 00000320H .rdata                  DATA
 0002:000005e0 0000007cH .rdata$debug            DATA
 0002:0000065c 00000048H .rdata$r                DATA
 0002:000006b0 000000c0H .rdata$sxdata           DATA
 0002:00000770 00000004H .rtc$IAA                DATA
 0002:00000774 00000004H .rtc$IZZ                DATA
 0002:00000778 00000004H .rtc$TAA                DATA
 0002:0000077c 00000004H .rtc$TZZ                DATA
 0002:00000780 00000de0H .xdata$x                DATA
 0002:00001560 00000050H .idata$2                DATA
 0002:000015b0 00000014H .idata$3                DATA
 0002:000015c4 000002a4H .idata$4                DATA
 0002:00001868 0000213cH .idata$6                DATA
 0002:000039b0 00000845H .edata                  DATA
 0003:00000000 00000040H .data                   DATA
 0003:00000040 00000378H .bss                    DATA
 0004:00000000 000000a0H .rsrc$01                DATA
 0004:000000a0 00000500H .rsrc$02                DATA

  Address         Publics by Value              Rva+Base       Lib:Object

 0000:00000000       __except_list              00000000     <absolute>
 0000:00000030       ___safe_se_handler_count   00000030     <absolute>
 0000:00009876       __ldused                   00009876     <absolute>
 0000:00009876       __fltused                  00009876     <absolute>
 0000:00000000       ___ImageBase               10000000     <linker-defined>
 0001:00000000       ??1Scope@Context@v8@@QAE@XZ 10001000 f i Exports.obj
 0001:00000010       _CreateV8EngineProxy@12    10001010 f   Exports.obj
 0001:00000090       _DestroyV8EngineProxy@4    10001090 f   Exports.obj
 0001:00000170       _RegisterGCCallback@8      10001170 f   Exports.obj
 0001:00000230       _ForceGC@4                 10001230 f   Exports.obj
 0001:00000300       _DoIdleNotification@8      10001300 f   Exports.obj
 0001:000003d0       _V8Execute@12              100013d0 f   Exports.obj
 0001:000004b0       _V8Compile@12              100014b0 f   Exports.obj
 0001:00000590       _V8ExecuteCompiledScript@8 10001590 f   Exports.obj
 0001:000006b0       _CreateObjectTemplateProxy@4 100016b0 f   Exports.obj
 0001:00000770       _DeleteObjectTemplateProxy@4 10001770 f   Exports.obj
 0001:00000830       _SetGlobalObjectTemplate@8 10001830 f   Exports.obj
 0001:000008f0       _RegisterNamedPropertyHandlers@24 100018f0 f   Exports.obj
 0001:000009d0       _RegisterIndexedPropertyHandlers@24 100019d0 f   Exports.obj
 0001:00000ab0       _UnregisterNamedPropertyHandlers@4 10001ab0 f   Exports.obj
 0001:00000b60       _UnregisterIndexedPropertyHandlers@4 10001b60 f   Exports.obj
 0001:00000c10       _RegisterInvokeHandler@8   10001c10 f   Exports.obj
 0001:00000ce0       _CreateObjectFromTemplate@8 10001ce0 f   Exports.obj
 0001:00000df0       _ConnectObject@12          10001df0 f   Exports.obj
 0001:00000f60       _GetObjectPrototype@4      10001f60 f   Exports.obj
 0001:00001090       _Call@20                   10002090 f   Exports.obj
 0001:00001380       _SetObjectPropertyByName@16 10002380 f   Exports.obj
 0001:000014d0       _SetObjectPropertyByIndex@12 100024d0 f   Exports.obj
 0001:00001600       _GetObjectPropertyByName@8 10002600 f   Exports.obj
 0001:00001750       _GetObjectPropertyByIndex@8 10002750 f   Exports.obj
 0001:00001880       _DeleteObjectPropertyByName@8 10002880 f   Exports.obj
 0001:000019b0       _DeleteObjectPropertyByIndex@8 100029b0 f   Exports.obj
 0001:00001ac0       _SetObjectAccessor@28      10002ac0 f   Exports.obj
 0001:00001cb0       _SetObjectTemplateAccessor@28 10002cb0 f   Exports.obj
 0001:00001d90       _SetObjectTemplateProperty@16 10002d90 f   Exports.obj
 0001:00001e80       _GetPropertyNames@4        10002e80 f   Exports.obj
 0001:00001fb0       _GetOwnPropertyNames@4     10002fb0 f   Exports.obj
 0001:000020e0       _GetPropertyAttributes@8   100030e0 f   Exports.obj
 0001:00002200       _GetArrayLength@4          10003200 f   Exports.obj
 0001:00002300       _CreateFunctionTemplateProxy@12 10003300 f   Exports.obj
 0001:000023d0       _DeleteFunctionTemplateProxy@4 100033d0 f   Exports.obj
 0001:00002490       _GetFunctionInstanceTemplateProxy@4 10003490 f   Exports.obj
 0001:00002550       _GetFunctionPrototypeTemplateProxy@4 10003550 f   Exports.obj
 0001:00002610       _GetFunction@4             10003610 f   Exports.obj
 0001:00002700       _CreateFunctionInstance@16 10003700 f   Exports.obj
 0001:000027e0       _SetFunctionTemplateProperty@16 100037e0 f   Exports.obj
 0001:000028d0       _CreateBoolean@8           100038d0 f   Exports.obj
 0001:000029d0       _CreateInteger@8           100039d0 f   Exports.obj
 0001:00002ac0       _CreateNumber@12           10003ac0 f   Exports.obj
 0001:00002bd0       _CreateString@8            10003bd0 f   Exports.obj
 0001:00002cd0       _CreateDate@12             10003cd0 f   Exports.obj
 0001:00002de0       _CreateObject@8            10003de0 f   Exports.obj
 0001:00002ef0       _CreateArray@12            10003ef0 f   Exports.obj
 0001:00002fd0       _CreateStringArray@12      10003fd0 f   Exports.obj
 0001:000030b0       _CreateNullValue@4         100040b0 f   Exports.obj
 0001:000031a0       _CreateError@12            100041a0 f   Exports.obj
 0001:000032d0       _MakeWeakHandle@4          100042d0 f   Exports.obj
 0001:000033c0       _MakeStrongHandle@4        100043c0 f   Exports.obj
 0001:000034a0       _DisposeHandleProxy@4      100044a0 f   Exports.obj
 0001:00003580       _UpdateHandleValue@4       10004580 f   Exports.obj
 0001:00003650       _GetHandleManagedObjectID@4 10004650 f   Exports.obj
 0001:00003740       _CreateHandleProxyTest@0   10004740 f   Exports.obj
 0001:00003770       _CreateV8EngineProxyTest@0 10004770 f   Exports.obj
 0001:000037a0       _CreateObjectTemplateProxyTest@0 100047a0 f   Exports.obj
 0001:000037d0       _CreateFunctionTemplateProxyTest@0 100047d0 f   Exports.obj
 0001:00003800       _DeleteTestData@4          10004800 f   Exports.obj
 0001:00003890       ??0FunctionTemplateProxy@@QAE@PAVV8EngineProxy@@PAGP6GPAUHandleProxy@@H_NPAU2@PAPAU2@I@Z@Z 10004890 f   FunctionTemplateProxy.obj
 0001:000039e0       ??1FunctionTemplateProxy@@QAE@XZ 100049e0 f   FunctionTemplateProxy.obj
 0001:00003b20       ?InvocationCallbackProxy@FunctionTemplateProxy@@SAXABV?$FunctionCallbackInfo@VValue@v8@@@v8@@@Z 10004b20 f   FunctionTemplateProxy.obj
 0001:00003c90       ?CreateInstance@FunctionTemplateProxy@@QAEPAUHandleProxy@@HHPAPAU2@@Z 10004c90 f   FunctionTemplateProxy.obj
 0001:00003e00       ??$Set@VValue@v8@@@?$ReturnValue@VValue@v8@@@v8@@QAEXV?$Handle@VValue@v8@@@1@@Z 10004e00 f i FunctionTemplateProxy.obj
 0001:00003e20       ??0HandleProxy@@IAE@PAVV8EngineProxy@@H@Z 10004e20 f   HandleProxy.obj
 0001:00003ee0       ?_Dispose@HandleProxy@@IAE_N_N@Z 10004ee0 f   HandleProxy.obj
 0001:00003ff0       ??_GHandleProxy@@IAEPAXI@Z 10004ff0 f i HandleProxy.obj
 0001:00004090       ?SetHandle@HandleProxy@@IAEPAU1@V?$Handle@VScript@v8@@@v8@@@Z 10005090 f   HandleProxy.obj
 0001:00004130       ?SetHandle@HandleProxy@@IAEPAU1@V?$Handle@VValue@v8@@@v8@@@Z 10005130 f   HandleProxy.obj
 0001:000043f0       ?GetManagedObjectID@HandleProxy@@QAEHXZ 100053f0 f   HandleProxy.obj
 0001:00004560       ?_RevivableCallback@HandleProxy@@CAXPAVIsolate@v8@@PAV?$Persistent@VValue@v8@@@3@PAU1@@Z 10005560 f   HandleProxy.obj
 0001:000045e0       ?UpdateValue@HandleProxy@@QAEXXZ 100055e0 f   HandleProxy.obj
 0001:00004740       ??1?$lock_guard@Vrecursive_mutex@std@@@std@@QAE@XZ 10005740 f i HandleProxy.obj
 0001:00004760       ??0ManagedAccessorInfo@@QAE@PAVObjectTemplateProxy@@HABV?$PropertyCallbackInfo@VValue@v8@@@v8@@@Z 10005760 f i ObjectTemplateProxy.obj
 0001:000047b0       ??0ObjectTemplateProxy@@QAE@PAVV8EngineProxy@@@Z 100057b0 f   ObjectTemplateProxy.obj
 0001:00004840       ??0ObjectTemplateProxy@@QAE@PAVV8EngineProxy@@V?$Local@VObjectTemplate@v8@@@v8@@@Z 10005840 f   ObjectTemplateProxy.obj
 0001:000048d0       ??1ObjectTemplateProxy@@QAE@XZ 100058d0 f   ObjectTemplateProxy.obj
 0001:00004a00       ?GetProperty@ObjectTemplateProxy@@SAXV?$Local@VString@v8@@@v8@@ABV?$PropertyCallbackInfo@VValue@v8@@@3@@Z 10005a00 f   ObjectTemplateProxy.obj
 0001:00004b80       ?SetProperty@ObjectTemplateProxy@@SAXV?$Local@VString@v8@@@v8@@V?$Local@VValue@v8@@@3@ABV?$PropertyCallbackInfo@VValue@v8@@@3@@Z 10005b80 f   ObjectTemplateProxy.obj
 0001:00004d20       ?GetPropertyAttributes@ObjectTemplateProxy@@SAXV?$Local@VString@v8@@@v8@@ABV?$PropertyCallbackInfo@VInteger@v8@@@3@@Z 10005d20 f   ObjectTemplateProxy.obj
 0001:00004e70       ?DeleteProperty@ObjectTemplateProxy@@SAXV?$Local@VString@v8@@@v8@@ABV?$PropertyCallbackInfo@VBoolean@v8@@@3@@Z 10005e70 f   ObjectTemplateProxy.obj
 0001:00004fd0       ?GetPropertyNames@ObjectTemplateProxy@@SAXABV?$PropertyCallbackInfo@VArray@v8@@@v8@@@Z 10005fd0 f   ObjectTemplateProxy.obj
 0001:00005150       ?GetProperty@ObjectTemplateProxy@@SAXIABV?$PropertyCallbackInfo@VValue@v8@@@v8@@@Z 10006150 f   ObjectTemplateProxy.obj
 0001:000052a0       ?SetProperty@ObjectTemplateProxy@@SAXIV?$Local@VValue@v8@@@v8@@ABV?$PropertyCallbackInfo@VValue@v8@@@3@@Z 100062a0 f   ObjectTemplateProxy.obj
 0001:00005410       ?GetPropertyAttributes@ObjectTemplateProxy@@SAXIABV?$PropertyCallbackInfo@VInteger@v8@@@v8@@@Z 10006410 f   ObjectTemplateProxy.obj
 0001:00005540       ?DeleteProperty@ObjectTemplateProxy@@SAXIABV?$PropertyCallbackInfo@VBoolean@v8@@@v8@@@Z 10006540 f   ObjectTemplateProxy.obj
 0001:00005680       ?GetPropertyIndices@ObjectTemplateProxy@@SAXABV?$PropertyCallbackInfo@VArray@v8@@@v8@@@Z 10006680 f   ObjectTemplateProxy.obj
 0001:00005800       ?AccessorGetterCallbackProxy@ObjectTemplateProxy@@SAXV?$Local@VString@v8@@@v8@@ABV?$PropertyCallbackInfo@VValue@v8@@@3@@Z 10006800 f   ObjectTemplateProxy.obj
 0001:00005960       ?AccessorSetterCallbackProxy@ObjectTemplateProxy@@SAXV?$Local@VString@v8@@@v8@@V?$Local@VValue@v8@@@3@ABV?$PropertyCallbackInfo@X@3@@Z 10006960 f   ObjectTemplateProxy.obj
 0001:00005a90       ?SetAccessor@ObjectTemplateProxy@@QAEXHPBGP6GPAUHandleProxy@@PAU2@PAG@ZP6GPAU2@121@ZW4AccessControl@v8@@W4PropertyAttribute@4@@Z 10006a90 f   ObjectTemplateProxy.obj
 0001:00005b50       ??3@YAXPAX0@Z              10006b50 f i V8EngineProxy.obj
 0001:00005b60       ??1_Mutex_base@std@@QAE@XZ 10006b60 f i V8EngineProxy.obj
 0001:00005b70       ??0_StringItem@@QAE@PAVV8EngineProxy@@PAVString@v8@@@Z 10006b70 f   V8EngineProxy.obj
 0001:00005bc0       ??0V8EngineProxy@@QAE@_NP6AXXZH@Z 10006bc0 f   V8EngineProxy.obj
 0001:00005dd0       ??1recursive_mutex@std@@QAE@XZ 10006dd0 f i V8EngineProxy.obj
 0001:00005e20       ??1V8EngineProxy@@QAE@XZ   10006e20 f   V8EngineProxy.obj
 0001:00006120       ?GetNativeString@V8EngineProxy@@QAE?AU_StringItem@@PAVString@v8@@@Z 10007120 f   V8EngineProxy.obj
 0001:00006210       ?GetHandleProxy@V8EngineProxy@@QAEPAUHandleProxy@@V?$Handle@VValue@v8@@@v8@@@Z 10007210 f   V8EngineProxy.obj
 0001:000063c0       ?DisposeHandleProxy@V8EngineProxy@@QAEXPAUHandleProxy@@@Z 100073c0 f   V8EngineProxy.obj
 0001:00006470       ?SetGlobalObjectTemplate@V8EngineProxy@@QAEPAUHandleProxy@@PAVObjectTemplateProxy@@@Z 10007470 f   V8EngineProxy.obj
 0001:00006570       ?_GetErrorMessage@@YA?AV?$Local@VString@v8@@@v8@@AAVTryCatch@2@@Z 10007570 f   V8EngineProxy.obj
 0001:000068a0       ?Execute@V8EngineProxy@@QAEPAUHandleProxy@@PBGPAG@Z 100078a0 f   V8EngineProxy.obj
 0001:00006a20       ?Execute@V8EngineProxy@@QAEPAUHandleProxy@@V?$Handle@VScript@v8@@@v8@@@Z 10007a20 f   V8EngineProxy.obj
 0001:00006b50       ?Compile@V8EngineProxy@@QAEPAUHandleProxy@@PBGPAG@Z 10007b50 f   V8EngineProxy.obj
 0001:00006cf0       ?CreateArray@V8EngineProxy@@QAEPAUHandleProxy@@PAPAU2@G@Z 10007cf0 f   V8EngineProxy.obj
 0001:00006ef0       ?CreateArray@V8EngineProxy@@QAEPAUHandleProxy@@PAPAGG@Z 10007ef0 f   V8EngineProxy.obj
 0001:00006f70       ??0?$vector@_NV?$allocator@_N@std@@@std@@QAE@IAB_N@Z 10007f70 f i V8EngineProxy.obj
 0001:00007020       ?resize@?$vector@_NV?$allocator@_N@std@@@std@@QAEXI_N@Z 10008020 f i V8EngineProxy.obj
 0001:000070f0       ?push_back@?$vector@_NV?$allocator@_N@std@@@std@@QAEXAB_N@Z 100080f0 f i V8EngineProxy.obj
 0001:00007150       ?clear@?$vector@_NV?$allocator@_N@std@@@std@@QAEXXZ 10008150 f i V8EngineProxy.obj
 0001:000071b0       ??1?$vector@U_StringItem@@V?$allocator@U_StringItem@@@std@@@std@@QAE@XZ 100081b0 f i V8EngineProxy.obj
 0001:000071b0       ??1?$vector@IV?$allocator@_N@std@@@std@@QAE@XZ 100081b0 f i V8EngineProxy.obj
 0001:000071b0       ?_Tidy@?$vector@PAUHandleProxy@@V?$allocator@PAUHandleProxy@@@std@@@std@@IAEXXZ 100081b0 f i V8EngineProxy.obj
 0001:000071b0       ?_Tidy@?$vector@HV?$allocator@H@std@@@std@@IAEXXZ 100081b0 f i V8EngineProxy.obj
 0001:000071b0       ?_Tidy@?$vector@IV?$allocator@_N@std@@@std@@IAEXXZ 100081b0 f i V8EngineProxy.obj
 0001:000071b0       ?_Tidy@?$vector@U_StringItem@@V?$allocator@U_StringItem@@@std@@@std@@IAEXXZ 100081b0 f i V8EngineProxy.obj
 0001:000071b0       ??1?$vector@HV?$allocator@H@std@@@std@@QAE@XZ 100081b0 f i V8EngineProxy.obj
 0001:000071b0       ??1?$vector@PAUHandleProxy@@V?$allocator@PAUHandleProxy@@@std@@@std@@QAE@XZ 100081b0 f i V8EngineProxy.obj
 0001:000071e0       ?push_back@?$vector@U_StringItem@@V?$allocator@U_StringItem@@@std@@@std@@QAEXABU_StringItem@@@Z 100081e0 f i V8EngineProxy.obj
 0001:000072a0       ?push_back@?$vector@HV?$allocator@H@std@@@std@@QAEXABH@Z 100082a0 f i V8EngineProxy.obj
 0001:00007340       ?end@?$vector@_NV?$allocator@_N@std@@@std@@QAE?AV?$_Vb_iterator@U?$_Wrap_alloc@V?$allocator@I@std@@@std@@@2@XZ 10008340 f i V8EngineProxy.obj
 0001:000073b0       ?erase@?$vector@_NV?$allocator@_N@std@@@std@@QAE?AV?$_Vb_iterator@U?$_Wrap_alloc@V?$allocator@I@std@@@std@@@2@V?$_Vb_const_iterator@U?$_Wrap_alloc@V?$allocator@I@std@@@std@@@2@0@Z 100083b0 f i V8EngineProxy.obj
 0001:00007530       ?_Insert_n@?$vector@_NV?$allocator@_N@std@@@std@@QAE?AV?$_Vb_iterator@U?$_Wrap_alloc@V?$allocator@I@std@@@std@@@2@V?$_Vb_const_iterator@U?$_Wrap_alloc@V?$allocator@I@std@@@std@@@2@IAB_N@Z 10008530 f i V8EngineProxy.obj
 0001:00007640       ?_Trim@?$vector@_NV?$allocator@_N@std@@@std@@QAEXI@Z 10008640 f i V8EngineProxy.obj
 0001:000076d0       ??1?$_Vb_val@V?$allocator@_N@std@@@std@@QAE@XZ 100086d0 f i V8EngineProxy.obj
 0001:00007750       ?_Construct_n@?$vector@U_StringItem@@V?$allocator@U_StringItem@@@std@@@std@@QAEXIPBU_StringItem@@@Z 10008750 f i V8EngineProxy.obj
 0001:00007810       ?_Reserve@?$vector@U_StringItem@@V?$allocator@U_StringItem@@@std@@@std@@IAEXI@Z 10008810 f i V8EngineProxy.obj
 0001:000078a0       ?_Construct_n@?$vector@PAUHandleProxy@@V?$allocator@PAUHandleProxy@@@std@@@std@@QAEXIPBQAUHandleProxy@@@Z 100088a0 f i V8EngineProxy.obj
 0001:000078a0       ?_Construct_n@?$vector@HV?$allocator@H@std@@@std@@QAEXIPBH@Z 100088a0 f i V8EngineProxy.obj
 0001:00007970       ?_Reserve@?$vector@PAUHandleProxy@@V?$allocator@PAUHandleProxy@@@std@@@std@@IAEXI@Z 10008970 f i V8EngineProxy.obj
 0001:00007970       ?_Reserve@?$vector@HV?$allocator@H@std@@@std@@IAEXI@Z 10008970 f i V8EngineProxy.obj
 0001:000079e0       ??H?$_Vb_iterator@U?$_Wrap_alloc@V?$allocator@I@std@@@std@@@std@@QBE?AV01@H@Z 100089e0 f i V8EngineProxy.obj
 0001:00007a40       ?_Insert_x@?$vector@_NV?$allocator@_N@std@@@std@@QAEIV?$_Vb_const_iterator@U?$_Wrap_alloc@V?$allocator@I@std@@@std@@@2@I@Z 10008a40 f i V8EngineProxy.obj
 0001:00007b20       ?_Reallocate@?$vector@U_StringItem@@V?$allocator@U_StringItem@@@std@@@std@@IAEXI@Z 10008b20 f i V8EngineProxy.obj
 0001:00007c10       ?_Reallocate@?$vector@PAUHandleProxy@@V?$allocator@PAUHandleProxy@@@std@@@std@@IAEXI@Z 10008c10 f i V8EngineProxy.obj
 0001:00007c10       ?_Reallocate@?$vector@HV?$allocator@H@std@@@std@@IAEXI@Z 10008c10 f i V8EngineProxy.obj
 0001:00007cf0       ?_Construct_n@?$vector@IV?$allocator@_N@std@@@std@@QAEXIPBI@Z 10008cf0 f i V8EngineProxy.obj
 0001:00007dc0       ?resize@?$vector@IV?$allocator@_N@std@@@std@@QAEXIABI@Z 10008dc0 f i V8EngineProxy.obj
 0001:00007e30       ?_Destroy@?$vector@IV?$allocator@_N@std@@@std@@IAEXPAI0@Z 10008e30 f i V8EngineProxy.obj
 0001:00007e40       ?_Insert_n@?$vector@IV?$allocator@_N@std@@@std@@IAE?AV?$_Vector_iterator@V?$_Vector_val@U?$_Simple_types@I@std@@@std@@@2@V?$_Vector_const_iterator@V?$_Vector_val@U?$_Simple_types@I@std@@@std@@@2@IABI@Z 10008e40 f i V8EngineProxy.obj
 0001:000080d0       ?_Ufill@?$vector@IV?$allocator@_N@std@@@std@@IAEPAIPAIIPBI@Z 100090d0 f i V8EngineProxy.obj
 0001:00008100       ?_Grow_to@?$vector@IV?$allocator@_N@std@@@std@@IBEII@Z 10009100 f i V8EngineProxy.obj
 0001:00008140       ??0?$_Wrap_alloc@V?$allocator@I@std@@@std@@QAE@XZ 10009140 f i V8EngineProxy.obj
 0001:00008150       ??$_Umove@PAI@?$vector@IV?$allocator@_N@std@@@std@@IAEPAIPAI00@Z 10009150 f i V8EngineProxy.obj
 0001:00008180       ??$_Fill@V?$_Vb_iterator@U?$_Wrap_alloc@V?$allocator@I@std@@@std@@@std@@_N@std@@YAXV?$_Vb_iterator@U?$_Wrap_alloc@V?$allocator@I@std@@@std@@@0@0AB_N@Z 10009180 f i V8EngineProxy.obj
 0001:000081d0       ??$_Uninit_fill_n@PAU_StringItem@@IU1@V?$allocator@U_StringItem@@@std@@U1@@std@@YAXPAU_StringItem@@IPBU1@AAU?$_Wrap_alloc@V?$allocator@U_StringItem@@@std@@@0@0U_Nonscalar_ptr_iterator_tag@0@@Z 100091d0 f i V8EngineProxy.obj
 0001:00008260       ??$_Copy_impl@V?$_Vb_iterator@U?$_Wrap_alloc@V?$allocator@I@std@@@std@@@std@@V12@@std@@YA?AV?$_Vb_iterator@U?$_Wrap_alloc@V?$allocator@I@std@@@std@@@0@V10@00U_Nonscalar_ptr_iterator_tag@0@@Z 10009260 f i V8EngineProxy.obj
 0001:000082e0       ??$_Copy_backward@V?$_Vb_iterator@U?$_Wrap_alloc@V?$allocator@I@std@@@std@@@std@@V12@@std@@YA?AV?$_Vb_iterator@U?$_Wrap_alloc@V?$allocator@I@std@@@std@@@0@V10@00U_Nonscalar_ptr_iterator_tag@0@@Z 100092e0 f i V8EngineProxy.obj
 0001:00008370       ??$_Uninit_move@PAU_StringItem@@PAU1@V?$allocator@U_StringItem@@@std@@U1@@std@@YAPAU_StringItem@@PAU1@00AAU?$_Wrap_alloc@V?$allocator@U_StringItem@@@std@@@0@0U_Nonscalar_ptr_iterator_tag@0@@Z 10009370 f i V8EngineProxy.obj
 0001:00008400       ??1HandleValue@@QAE@XZ     10009400 f   ValueProxy.obj
 0001:00008421       ??_U@YAPAXI@Z              10009421 f   msvcprt:newaop_s.obj
 0001:0000842a       @__security_check_cookie@4 1000942a f   MSVCRT:secchk.obj
 0001:0000843a       ??1exception@std@@UAE@XZ   1000943a f   MSVCRT:MSVCR110.dll
 0001:00008440       ??0exception@std@@QAE@ABV01@@Z 10009440 f   MSVCRT:MSVCR110.dll
 0001:00008446       ??3@YAXPAX@Z               10009446 f   MSVCRT:MSVCR110.dll
 0001:0000844c       ??_Etype_info@@UAEPAXI@Z   1000944c f i MSVCRT:ti_inst.obj
 0001:00008496       ??2@YAPAXI@Z               10009496 f   MSVCRT:MSVCR110.dll
 0001:0000849c       ___atonexitinit            1000949c f   MSVCRT:atonexit.obj
 0001:000084d8       __onexit                   100094d8 f   MSVCRT:atonexit.obj
 0001:0000857d       _atexit                    1000957d f   MSVCRT:atonexit.obj
 0001:000085de       __CRT_INIT@12              100095de f   MSVCRT:crtdll.obj
 0001:000087d3       __DllMainCRTStartup@12     100097d3 f   MSVCRT:crtdll.obj
 0001:00008929       ___raise_securityfailure   10009929 f   MSVCRT:gs_report.obj
 0001:00008966       ___report_gsfailure        10009966 f   MSVCRT:gs_report.obj
 0001:00008a5f       ??_M@YGXPAXIHP6EX0@Z@Z     10009a5f f   MSVCRT:ehvecdtr.obj
 0001:00008ace       ?__ArrayUnwind@@YGXPAXIHP6EX0@Z@Z 10009ace f   MSVCRT:ehvecdtr.obj
 0001:00008b2c       ??1type_info@@UAE@XZ       10009b2c f   MSVCRT:MSVCR110.dll
 0001:00008b32       __lock                     10009b32 f   MSVCRT:MSVCR110.dll
 0001:00008b38       __unlock                   10009b38 f   MSVCRT:MSVCR110.dll
 0001:00008b3e       ___dllonexit               10009b3e f   MSVCRT:MSVCR110.dll
 0001:00008b50       __SEH_prolog4              10009b50 f   MSVCRT:sehprolg4.obj
 0001:00008b95       __SEH_epilog4              10009b95 f   MSVCRT:sehprolg4.obj
 0001:00008ba9       __except_handler4          10009ba9 f   MSVCRT:chandler4gs.obj
 0001:00008bcc       ___CppXcptFilter           10009bcc f   MSVCRT:MSVCR110.dll
 0001:00008bd2       __amsg_exit                10009bd2 f   MSVCRT:MSVCR110.dll
 0001:00008be0       __FindPESection            10009be0 f   MSVCRT:pesect.obj
 0001:00008c30       __IsNonwritableInCurrentImage 10009c30 f   MSVCRT:pesect.obj
 0001:00008cf0       __ValidateImageBase        10009cf0 f   MSVCRT:pesect.obj
 0001:00008d21       ___security_init_cookie    10009d21 f   MSVCRT:gs_support.obj
 0001:00008dbb       _DllMain@12                10009dbb f   MSVCRT:dllmain.obj
 0001:00008ddd       __RTC_Initialize           10009ddd f   MSVCRT:initsect.obj
 0001:00008dfd       __RTC_Terminate            10009dfd f   MSVCRT:initsect.obj
 0001:00008e1e       __initterm                 10009e1e f   MSVCRT:MSVCR110.dll
 0001:00008e24       __initterm_e               10009e24 f   MSVCRT:MSVCR110.dll
 0001:00008e2a       ___clean_type_info_names   10009e2a f   MSVCRT:tncleanup.obj
 0001:00008e36       __crt_debugger_hook        10009e36 f   MSVCRT:MSVCR110.dll
 0001:00008e3c       ___crtUnhandledException   10009e3c f   MSVCRT:MSVCR110.dll
 0001:00008e42       ___crtTerminateProcess     10009e42 f   MSVCRT:MSVCR110.dll
 0001:00008e48       ?terminate@@YAXXZ          10009e48 f   MSVCRT:MSVCR110.dll
 0001:00008e4e       __except_handler4_common   10009e4e f   MSVCRT:MSVCR110.dll
 0001:00008e54       ___clean_type_info_names_internal 10009e54 f   MSVCRT:MSVCR110.dll
 0001:00008e5a       _IsProcessorFeaturePresent@4 10009e5a f   kernel32:KERNEL32.dll
 0001:00008e60       __CxxThrowException@8      10009e60 f   MSVCRT:MSVCR110.dll
 0001:00008e66       ___CxxFrameHandler3        10009e66 f   MSVCRT:MSVCR110.dll
 0001:00008e6c       _memset                    10009e6c f   MSVCRT:MSVCR110.dll
 0002:00000000       __imp__GlobalAlloc@8       1000b000     kernel32:KERNEL32.dll
 0002:00000004       __imp__GlobalReAlloc@12    1000b004     kernel32:KERNEL32.dll
 0002:00000008       __imp__DisableThreadLibraryCalls@4 1000b008     kernel32:KERNEL32.dll
 0002:0000000c       __imp__GetSystemTimeAsFileTime@4 1000b00c     kernel32:KERNEL32.dll
 0002:00000010       __imp__GetCurrentThreadId@0 1000b010     kernel32:KERNEL32.dll
 0002:00000014       __imp__GetCurrentProcessId@0 1000b014     kernel32:KERNEL32.dll
 0002:00000018       __imp__QueryPerformanceCounter@4 1000b018     kernel32:KERNEL32.dll
 0002:0000001c       __imp__IsProcessorFeaturePresent@4 1000b01c     kernel32:KERNEL32.dll
 0002:00000020       __imp__IsDebuggerPresent@0 1000b020     kernel32:KERNEL32.dll
 0002:00000024       __imp__DecodePointer@4     1000b024     kernel32:KERNEL32.dll
 0002:00000028       __imp__EncodePointer@4     1000b028     kernel32:KERNEL32.dll
 0002:0000002c       __imp__GlobalFree@4        1000b02c     kernel32:KERNEL32.dll
 0002:00000030       \177KERNEL32_NULL_THUNK_DATA 1000b030     kernel32:KERNEL32.dll
 0002:00000034       __imp_?_Throw_C_error@std@@YAXH@Z 1000b034     msvcprt:MSVCP110.dll
 0002:00000038       __imp___Mtx_lock           1000b038     msvcprt:MSVCP110.dll
 0002:0000003c       __imp_?_Xbad_alloc@std@@YAXXZ 1000b03c     msvcprt:MSVCP110.dll
 0002:00000040       __imp_?_Xout_of_range@std@@YAXPBD@Z 1000b040     msvcprt:MSVCP110.dll
 0002:00000044       __imp_?_Xlength_error@std@@YAXPBD@Z 1000b044     msvcprt:MSVCP110.dll
 0002:00000048       __imp___Mtx_destroy        1000b048     msvcprt:MSVCP110.dll
 0002:0000004c       __imp___Mtx_init           1000b04c     msvcprt:MSVCP110.dll
 0002:00000050       __imp___Mtx_unlock         1000b050     msvcprt:MSVCP110.dll
 0002:00000054       \177MSVCP110_NULL_THUNK_DATA 1000b054     msvcprt:MSVCP110.dll
 0002:00000058       __imp____CppXcptFilter     1000b058     MSVCRT:MSVCR110.dll
 0002:0000005c       __imp___onexit             1000b05c     MSVCRT:MSVCR110.dll
 0002:00000060       __imp___except_handler4_common 1000b060     MSVCRT:MSVCR110.dll
 0002:00000064       __imp___calloc_crt         1000b064     MSVCRT:MSVCR110.dll
 0002:00000068       __imp___unlock             1000b068     MSVCRT:MSVCR110.dll
 0002:0000006c       __imp___lock               1000b06c     MSVCRT:MSVCR110.dll
 0002:00000070       __imp_??1type_info@@UAE@XZ 1000b070     MSVCRT:MSVCR110.dll
 0002:00000074       __imp___amsg_exit          1000b074     MSVCRT:MSVCR110.dll
 0002:00000078       __imp_?what@exception@std@@UBEPBDXZ 1000b078     MSVCRT:MSVCR110.dll
 0002:0000007c       __imp_??2@YAPAXI@Z         1000b07c     MSVCRT:MSVCR110.dll
 0002:00000080       __imp_??3@YAXPAX@Z         1000b080     MSVCRT:MSVCR110.dll
 0002:00000084       __imp_??_V@YAXPAX@Z        1000b084     MSVCRT:MSVCR110.dll
 0002:00000088       __imp_??0exception@std@@QAE@ABV01@@Z 1000b088     MSVCRT:MSVCR110.dll
 0002:0000008c       __imp_??0exception@std@@QAE@ABQBD@Z 1000b08c     MSVCRT:MSVCR110.dll
 0002:00000090       __imp_??1exception@std@@UAE@XZ 1000b090     MSVCRT:MSVCR110.dll
 0002:00000094       __imp__free                1000b094     MSVCRT:MSVCR110.dll
 0002:00000098       __imp___malloc_crt         1000b098     MSVCRT:MSVCR110.dll
 0002:0000009c       __imp___initterm           1000b09c     MSVCRT:MSVCR110.dll
 0002:000000a0       __imp___initterm_e         1000b0a0     MSVCRT:MSVCR110.dll
 0002:000000a4       __imp___crt_debugger_hook  1000b0a4     MSVCRT:MSVCR110.dll
 0002:000000a8       __imp____crtUnhandledException 1000b0a8     MSVCRT:MSVCR110.dll
 0002:000000ac       __imp____crtTerminateProcess 1000b0ac     MSVCRT:MSVCR110.dll
 0002:000000b0       __imp__memmove             1000b0b0     MSVCRT:MSVCR110.dll
 0002:000000b4       __imp_?terminate@@YAXXZ    1000b0b4     MSVCRT:MSVCR110.dll
 0002:000000b8       __imp____clean_type_info_names_internal 1000b0b8     MSVCRT:MSVCR110.dll
 0002:000000bc       __imp___CxxThrowException@8 1000b0bc     MSVCRT:MSVCR110.dll
 0002:000000c0       __imp____dllonexit         1000b0c0     MSVCRT:MSVCR110.dll
 0002:000000c4       __imp__memset              1000b0c4     MSVCRT:MSVCR110.dll
 0002:000000c8       __imp____CxxFrameHandler3  1000b0c8     MSVCRT:MSVCR110.dll
 0002:000000cc       \177MSVCR110_NULL_THUNK_DATA 1000b0cc     MSVCRT:MSVCR110.dll
 0002:000000d0       __imp_?Data@?$FunctionCallbackInfo@VValue@v8@@@v8@@QBE?AV?$Local@VValue@v8@@@2@XZ 1000b0d0     v8-ia32:v8-ia32.dll
 0002:000000d4       __imp_?IsConstructCall@?$FunctionCallbackInfo@VValue@v8@@@v8@@QBE_NXZ 1000b0d4     v8-ia32:v8-ia32.dll
 0002:000000d8       __imp_?Holder@?$FunctionCallbackInfo@VValue@v8@@@v8@@QBE?AV?$Local@VObject@v8@@@2@XZ 1000b0d8     v8-ia32:v8-ia32.dll
 0002:000000dc       __imp_??A?$FunctionCallbackInfo@VValue@v8@@@v8@@QBE?AV?$Local@VValue@v8@@@1@H@Z 1000b0dc     v8-ia32:v8-ia32.dll
 0002:000000e0       __imp_?Length@?$FunctionCallbackInfo@VValue@v8@@@v8@@QBEHXZ 1000b0e0     v8-ia32:v8-ia32.dll
 0002:000000e4       __imp_?Set@Template@v8@@QAEXV?$Handle@VString@v8@@@2@V?$Handle@VData@v8@@@2@W4PropertyAttribute@2@@Z 1000b0e4     v8-ia32:v8-ia32.dll
 0002:000000e8       __imp_?NewInstance@Function@v8@@QBE?AV?$Local@VObject@v8@@@2@HQAV?$Handle@VValue@v8@@@2@@Z 1000b0e8     v8-ia32:v8-ia32.dll
 0002:000000ec       __imp_?Value@External@v8@@QBEPAXXZ 1000b0ec     v8-ia32:v8-ia32.dll
 0002:000000f0       __imp_?ThrowException@v8@@YA?AV?$Handle@VValue@v8@@@1@V21@@Z 1000b0f0     v8-ia32:v8-ia32.dll
 0002:000000f4       __imp_?ClearWeak@V8@v8@@CAXPAPAVObject@internal@2@@Z 1000b0f4     v8-ia32:v8-ia32.dll
 0002:000000f8       __imp_?MakeWeak@V8@v8@@CAXPAPAVObject@internal@2@PAXP6AXPAVIsolate@2@PAV?$Persistent@VValue@v8@@@2@1@Z@Z 1000b0f8     v8-ia32:v8-ia32.dll
 0002:000000fc       __imp_?Int32Value@Value@v8@@QBEHXZ 1000b0fc     v8-ia32:v8-ia32.dll
 0002:00000100       __imp_?NumberValue@Value@v8@@QBENXZ 1000b100     v8-ia32:v8-ia32.dll
 0002:00000104       __imp_?BooleanValue@Value@v8@@QBE_NXZ 1000b104     v8-ia32:v8-ia32.dll
 0002:00000108       __imp_?IsRegExp@Value@v8@@QBE_NXZ 1000b108     v8-ia32:v8-ia32.dll
 0002:0000010c       __imp_?IsNativeError@Value@v8@@QBE_NXZ 1000b10c     v8-ia32:v8-ia32.dll
 0002:00000110       __imp_?IsStringObject@Value@v8@@QBE_NXZ 1000b110     v8-ia32:v8-ia32.dll
 0002:00000114       __imp_?IsNumberObject@Value@v8@@QBE_NXZ 1000b114     v8-ia32:v8-ia32.dll
 0002:00000118       __imp_?IsBooleanObject@Value@v8@@QBE_NXZ 1000b118     v8-ia32:v8-ia32.dll
 0002:0000011c       __imp_?IsDate@Value@v8@@QBE_NXZ 1000b11c     v8-ia32:v8-ia32.dll
 0002:00000120       __imp_?IsInt32@Value@v8@@QBE_NXZ 1000b120     v8-ia32:v8-ia32.dll
 0002:00000124       __imp_?IsExternal@Value@v8@@QBE_NXZ 1000b124     v8-ia32:v8-ia32.dll
 0002:00000128       __imp_?IsNumber@Value@v8@@QBE_NXZ 1000b128     v8-ia32:v8-ia32.dll
 0002:0000012c       __imp_?IsBoolean@Value@v8@@QBE_NXZ 1000b12c     v8-ia32:v8-ia32.dll
 0002:00000130       __imp_?IsFalse@Value@v8@@QBE_NXZ 1000b130     v8-ia32:v8-ia32.dll
 0002:00000134       __imp_?IsTrue@Value@v8@@QBE_NXZ 1000b134     v8-ia32:v8-ia32.dll
 0002:00000138       __imp_?CreateHandle@HandleScope@v8@@SAPAPAVObject@internal@2@PAV342@@Z 1000b138     v8-ia32:v8-ia32.dll
 0002:0000013c       __imp_?SlowGetInternalField@Object@v8@@AAE?AV?$Local@VValue@v8@@@2@H@Z 1000b13c     v8-ia32:v8-ia32.dll
 0002:00000140       __imp_?GetHiddenValue@Object@v8@@QAE?AV?$Local@VValue@v8@@@2@V?$Handle@VString@v8@@@2@@Z 1000b140     v8-ia32:v8-ia32.dll
 0002:00000144       __imp_?Has@Object@v8@@QAE_NV?$Handle@VValue@v8@@@2@@Z 1000b144     v8-ia32:v8-ia32.dll
 0002:00000148       __imp_?False@v8@@YA?AV?$Handle@VBoolean@v8@@@1@XZ 1000b148     v8-ia32:v8-ia32.dll
 0002:0000014c       __imp_?GetReturnValue@?$FunctionCallbackInfo@VValue@v8@@@v8@@QBE?AV?$ReturnValue@VValue@v8@@@2@XZ 1000b14c     v8-ia32:v8-ia32.dll
 0002:00000150       __imp_?SetInternalFieldCount@ObjectTemplate@v8@@QAEXH@Z 1000b150     v8-ia32:v8-ia32.dll
 0002:00000154       __imp_?SetCallAsFunctionHandler@ObjectTemplate@v8@@QAEXP6AXABV?$FunctionCallbackInfo@VValue@v8@@@2@@ZV?$Handle@VValue@v8@@@2@@Z 1000b154     v8-ia32:v8-ia32.dll
 0002:00000158       __imp_?SetIndexedPropertyHandler@ObjectTemplate@v8@@QAEXP6AXIABV?$PropertyCallbackInfo@VValue@v8@@@2@@ZP6AXIV?$Local@VValue@v8@@@2@0@ZP6AXIABV?$PropertyCallbackInfo@VInteger@v8@@@2@@ZP6AXIABV?$PropertyCallbackInfo@VBoolean@v8@@@2@@ZP6AXABV?$PropertyCallbackInfo@VArray@v8@@@2@@ZV?$Handle@VValue@v8@@@2@@Z 1000b158     v8-ia32:v8-ia32.dll
 0002:0000015c       __imp_?SetNamedPropertyHandler@ObjectTemplate@v8@@QAEXP6AXV?$Local@VString@v8@@@2@ABV?$PropertyCallbackInfo@VValue@v8@@@2@@ZP6AX0V?$Local@VValue@v8@@@2@1@ZP6AX0ABV?$PropertyCallbackInfo@VInteger@v8@@@2@@ZP6AX0ABV?$PropertyCallbackInfo@VBoolean@v8@@@2@@ZP6AXABV?$PropertyCallbackInfo@VArray@v8@@@2@@ZV?$Handle@VValue@v8@@@2@@Z 1000b15c     v8-ia32:v8-ia32.dll
 0002:00000160       __imp_?SetAccessor@ObjectTemplate@v8@@QAEXV?$Handle@VString@v8@@@2@P6AXV?$Local@VString@v8@@@2@ABV?$PropertyCallbackInfo@VValue@v8@@@2@@ZP6AX1V?$Local@VValue@v8@@@2@ABV?$PropertyCallbackInfo@X@2@@ZV?$Handle@VValue@v8@@@2@W4AccessControl@2@W4PropertyAttribute@2@V?$Handle@VAccessorSignature@v8@@@2@@Z 1000b160     v8-ia32:v8-ia32.dll
 0002:00000164       __imp_?NewInstance@ObjectTemplate@v8@@QAE?AV?$Local@VObject@v8@@@2@XZ 1000b164     v8-ia32:v8-ia32.dll
 0002:00000168       __imp_?New@ObjectTemplate@v8@@SA?AV?$Local@VObjectTemplate@v8@@@2@XZ 1000b168     v8-ia32:v8-ia32.dll
 0002:0000016c       __imp_?GetReturnValue@?$PropertyCallbackInfo@VValue@v8@@@v8@@QBE?AV?$ReturnValue@VValue@v8@@@2@XZ 1000b16c     v8-ia32:v8-ia32.dll
 0002:00000170       __imp_?Holder@?$PropertyCallbackInfo@VValue@v8@@@v8@@QBE?AV?$Local@VObject@v8@@@2@XZ 1000b170     v8-ia32:v8-ia32.dll
 0002:00000174       __imp_?This@?$PropertyCallbackInfo@VValue@v8@@@v8@@QBE?AV?$Local@VObject@v8@@@2@XZ 1000b174     v8-ia32:v8-ia32.dll
 0002:00000178       __imp_?Data@?$PropertyCallbackInfo@VValue@v8@@@v8@@QBE?AV?$Local@VValue@v8@@@2@XZ 1000b178     v8-ia32:v8-ia32.dll
 0002:0000017c       __imp_?GetIsolate@?$PropertyCallbackInfo@VValue@v8@@@v8@@QBEPAVIsolate@2@XZ 1000b17c     v8-ia32:v8-ia32.dll
 0002:00000180       __imp_?True@v8@@YA?AV?$Handle@VBoolean@v8@@@1@XZ 1000b180     v8-ia32:v8-ia32.dll
 0002:00000184       __imp_?Message@TryCatch@v8@@QBE?AV?$Local@VMessage@v8@@@2@XZ 1000b184     v8-ia32:v8-ia32.dll
 0002:00000188       __imp_?StackTrace@TryCatch@v8@@QBE?AV?$Local@VValue@v8@@@2@XZ 1000b188     v8-ia32:v8-ia32.dll
 0002:0000018c       __imp_?Exception@TryCatch@v8@@QBE?AV?$Local@VValue@v8@@@2@XZ 1000b18c     v8-ia32:v8-ia32.dll
 0002:00000190       __imp_?HasCaught@TryCatch@v8@@QBE_NXZ 1000b190     v8-ia32:v8-ia32.dll
 0002:00000194       __imp_??1TryCatch@v8@@QAE@XZ 1000b194     v8-ia32:v8-ia32.dll
 0002:00000198       __imp_??0TryCatch@v8@@QAE@XZ 1000b198     v8-ia32:v8-ia32.dll
 0002:0000019c       __imp_?GetStartColumn@Message@v8@@QBEHXZ 1000b19c     v8-ia32:v8-ia32.dll
 0002:000001a0       __imp_?GetLineNumber@Message@v8@@QBEHXZ 1000b1a0     v8-ia32:v8-ia32.dll
 0002:000001a4       __imp_?New@Context@v8@@SA?AV?$Local@VContext@v8@@@2@PAVIsolate@2@PAVExtensionConfiguration@2@V?$Handle@VObjectTemplate@v8@@@2@V?$Handle@VValue@v8@@@2@@Z 1000b1a4     v8-ia32:v8-ia32.dll
 0002:000001a8       __imp_?Global@Context@v8@@QAE?AV?$Local@VObject@v8@@@2@XZ 1000b1a8     v8-ia32:v8-ia32.dll
 0002:000001ac       __imp_?Null@v8@@YA?AV?$Handle@VPrimitive@v8@@@1@XZ 1000b1ac     v8-ia32:v8-ia32.dll
 0002:000001b0       __imp_?New@Date@v8@@SA?AV?$Local@VValue@v8@@@2@N@Z 1000b1b0     v8-ia32:v8-ia32.dll
 0002:000001b4       __imp_?Run@Script@v8@@QAE?AV?$Local@VValue@v8@@@2@XZ 1000b1b4     v8-ia32:v8-ia32.dll
 0002:000001b8       __imp_?Compile@Script@v8@@SA?AV?$Local@VScript@v8@@@2@V?$Handle@VString@v8@@@2@V?$Handle@VValue@v8@@@2@0@Z 1000b1b8     v8-ia32:v8-ia32.dll
 0002:000001bc       __imp_?Initialize@V8@v8@@SA_NXZ 1000b1bc     v8-ia32:v8-ia32.dll
 0002:000001c0       __imp_?Equals@Value@v8@@QBE_NV?$Handle@VValue@v8@@@2@@Z 1000b1c0     v8-ia32:v8-ia32.dll
 0002:000001c4       __imp_?ToObject@Value@v8@@QBE?AV?$Local@VObject@v8@@@2@XZ 1000b1c4     v8-ia32:v8-ia32.dll
 0002:000001c8       __imp_?Concat@String@v8@@SA?AV?$Local@VString@v8@@@2@V?$Handle@VString@v8@@@2@0@Z 1000b1c8     v8-ia32:v8-ia32.dll
 0002:000001cc       __imp_?Write@String@v8@@QBEHPAGHHH@Z 1000b1cc     v8-ia32:v8-ia32.dll
 0002:000001d0       __imp_?Length@String@v8@@QBEHXZ 1000b1d0     v8-ia32:v8-ia32.dll
 0002:000001d4       __imp_?New@Number@v8@@SA?AV?$Local@VNumber@v8@@@2@N@Z 1000b1d4     v8-ia32:v8-ia32.dll
 0002:000001d8       __imp_?New@Object@v8@@SA?AV?$Local@VObject@v8@@@2@XZ 1000b1d8     v8-ia32:v8-ia32.dll
 0002:000001dc       __imp_?Dispose@Isolate@v8@@QAEXXZ 1000b1dc     v8-ia32:v8-ia32.dll
 0002:000001e0       __imp_?New@Isolate@v8@@SAPAV12@XZ 1000b1e0     v8-ia32:v8-ia32.dll
 0002:000001e4       __imp_?Error@Exception@v8@@SA?AV?$Local@VValue@v8@@@2@V?$Handle@VString@v8@@@2@@Z 1000b1e4     v8-ia32:v8-ia32.dll
 0002:000001e8       __imp_?New@FunctionTemplate@v8@@SA?AV?$Local@VFunctionTemplate@v8@@@2@P6AXABV?$FunctionCallbackInfo@VValue@v8@@@2@@ZV?$Handle@VValue@v8@@@2@V?$Handle@VSignature@v8@@@2@H@Z 1000b1e8     v8-ia32:v8-ia32.dll
 0002:000001ec       __imp_?GetFunction@FunctionTemplate@v8@@QAE?AV?$Local@VFunction@v8@@@2@XZ 1000b1ec     v8-ia32:v8-ia32.dll
 0002:000001f0       __imp_?InstanceTemplate@FunctionTemplate@v8@@QAE?AV?$Local@VObjectTemplate@v8@@@2@XZ 1000b1f0     v8-ia32:v8-ia32.dll
 0002:000001f4       __imp_?PrototypeTemplate@FunctionTemplate@v8@@QAE?AV?$Local@VObjectTemplate@v8@@@2@XZ 1000b1f4     v8-ia32:v8-ia32.dll
 0002:000001f8       __imp_?SetClassName@FunctionTemplate@v8@@QAEXV?$Handle@VString@v8@@@2@@Z 1000b1f8     v8-ia32:v8-ia32.dll
 0002:000001fc       __imp_?ToString@Value@v8@@QBE?AV?$Local@VString@v8@@@2@XZ 1000b1fc     v8-ia32:v8-ia32.dll
 0002:00000200       __imp_?GlobalizeReference@V8@v8@@CAPAPAVObject@internal@2@PAVIsolate@42@PAPAV342@@Z 1000b200     v8-ia32:v8-ia32.dll
 0002:00000204       __imp_?DisposeGlobal@V8@v8@@CAXPAPAVObject@internal@2@@Z 1000b204     v8-ia32:v8-ia32.dll
 0002:00000208       __imp_??0Scope@Isolate@v8@@QAE@PAV12@@Z 1000b208     v8-ia32:v8-ia32.dll
 0002:0000020c       __imp_??1Scope@Isolate@v8@@QAE@XZ 1000b20c     v8-ia32:v8-ia32.dll
 0002:00000210       __imp_?New@External@v8@@SA?AV?$Local@VExternal@v8@@@2@PAX@Z 1000b210     v8-ia32:v8-ia32.dll
 0002:00000214       __imp_?GetCurrent@Isolate@v8@@SAPAV12@XZ 1000b214     v8-ia32:v8-ia32.dll
 0002:00000218       __imp_?Call@Function@v8@@QAE?AV?$Local@VValue@v8@@@2@V?$Handle@VObject@v8@@@2@HQAV?$Handle@VValue@v8@@@2@@Z 1000b218     v8-ia32:v8-ia32.dll
 0002:0000021c       __imp_?New@Integer@v8@@SA?AV?$Local@VInteger@v8@@@2@H@Z 1000b21c     v8-ia32:v8-ia32.dll
 0002:00000220       __imp_?Set@Object@v8@@QAE_NIV?$Handle@VValue@v8@@@2@@Z 1000b220     v8-ia32:v8-ia32.dll
 0002:00000224       __imp_?Set@Object@v8@@QAE_NV?$Handle@VValue@v8@@@2@0W4PropertyAttribute@2@@Z 1000b224     v8-ia32:v8-ia32.dll
 0002:00000228       __imp_?Get@Object@v8@@QAE?AV?$Local@VValue@v8@@@2@I@Z 1000b228     v8-ia32:v8-ia32.dll
 0002:0000022c       __imp_?Get@Object@v8@@QAE?AV?$Local@VValue@v8@@@2@V?$Handle@VValue@v8@@@2@@Z 1000b22c     v8-ia32:v8-ia32.dll
 0002:00000230       __imp_?GetPropertyAttributes@Object@v8@@QAE?AW4PropertyAttribute@2@V?$Handle@VValue@v8@@@2@@Z 1000b230     v8-ia32:v8-ia32.dll
 0002:00000234       __imp_?Delete@Object@v8@@QAE_NI@Z 1000b234     v8-ia32:v8-ia32.dll
 0002:00000238       __imp_?Delete@Object@v8@@QAE_NV?$Handle@VValue@v8@@@2@@Z 1000b238     v8-ia32:v8-ia32.dll
 0002:0000023c       __imp_?SetAccessor@Object@v8@@QAE_NV?$Handle@VString@v8@@@2@P6AXV?$Local@VString@v8@@@2@ABV?$PropertyCallbackInfo@VValue@v8@@@2@@ZP6AX1V?$Local@VValue@v8@@@2@ABV?$PropertyCallbackInfo@X@2@@ZV?$Handle@VValue@v8@@@2@W4AccessControl@2@W4PropertyAttribute@2@@Z 1000b23c     v8-ia32:v8-ia32.dll
 0002:00000240       __imp_?GetPropertyNames@Object@v8@@QAE?AV?$Local@VArray@v8@@@2@XZ 1000b240     v8-ia32:v8-ia32.dll
 0002:00000244       __imp_?GetOwnPropertyNames@Object@v8@@QAE?AV?$Local@VArray@v8@@@2@XZ 1000b244     v8-ia32:v8-ia32.dll
 0002:00000248       __imp_?GetPrototype@Object@v8@@QAE?AV?$Local@VValue@v8@@@2@XZ 1000b248     v8-ia32:v8-ia32.dll
 0002:0000024c       __imp_?InternalFieldCount@Object@v8@@QAEHXZ 1000b24c     v8-ia32:v8-ia32.dll
 0002:00000250       __imp_?SetInternalField@Object@v8@@QAEXHV?$Handle@VValue@v8@@@2@@Z 1000b250     v8-ia32:v8-ia32.dll
 0002:00000254       __imp_?SetAlignedPointerInInternalField@Object@v8@@QAEXHPAX@Z 1000b254     v8-ia32:v8-ia32.dll
 0002:00000258       __imp_?SetHiddenValue@Object@v8@@QAE_NV?$Handle@VString@v8@@@2@V?$Handle@VValue@v8@@@2@@Z 1000b258     v8-ia32:v8-ia32.dll
 0002:0000025c       __imp_??0HandleScope@v8@@QAE@XZ 1000b25c     v8-ia32:v8-ia32.dll
 0002:00000260       __imp_??1HandleScope@v8@@QAE@XZ 1000b260     v8-ia32:v8-ia32.dll
 0002:00000264       __imp_?Undefined@v8@@YA?AV?$Handle@VPrimitive@v8@@@1@XZ 1000b264     v8-ia32:v8-ia32.dll
 0002:00000268       __imp_?Length@Array@v8@@QBEIXZ 1000b268     v8-ia32:v8-ia32.dll
 0002:0000026c       __imp_?New@Array@v8@@SA?AV?$Local@VArray@v8@@@2@H@Z 1000b26c     v8-ia32:v8-ia32.dll
 0002:00000270       __imp_?NewFromUtf8@String@v8@@SA?AV?$Local@VString@v8@@@2@PAVIsolate@2@PBDW4NewStringType@12@H@Z 1000b270     v8-ia32:v8-ia32.dll
 0002:00000274       __imp_?NewFromTwoByte@String@v8@@SA?AV?$Local@VString@v8@@@2@PAVIsolate@2@PBGW4NewStringType@12@H@Z 1000b274     v8-ia32:v8-ia32.dll
 0002:00000278       __imp_?IsFunction@Value@v8@@QBE_NXZ 1000b278     v8-ia32:v8-ia32.dll
 0002:0000027c       __imp_?IsArray@Value@v8@@QBE_NXZ 1000b27c     v8-ia32:v8-ia32.dll
 0002:00000280       __imp_?IsObject@Value@v8@@QBE_NXZ 1000b280     v8-ia32:v8-ia32.dll
 0002:00000284       __imp_?IdleNotification@V8@v8@@SA_NH@Z 1000b284     v8-ia32:v8-ia32.dll
 0002:00000288       __imp_?LowMemoryNotification@V8@v8@@SAXXZ 1000b288     v8-ia32:v8-ia32.dll
 0002:0000028c       __imp_?Enter@Context@v8@@QAEXXZ 1000b28c     v8-ia32:v8-ia32.dll
 0002:00000290       __imp_?Exit@Context@v8@@QAEXXZ 1000b290     v8-ia32:v8-ia32.dll
 0002:00000294       __imp_??1Locker@v8@@QAE@XZ 1000b294     v8-ia32:v8-ia32.dll
 0002:00000298       __imp_?SlowGetAlignedPointerFromInternalField@Object@v8@@AAEPAXH@Z 1000b298     v8-ia32:v8-ia32.dll
 0002:0000029c       __imp_?Initialize@Locker@v8@@AAEXPAVIsolate@2@@Z 1000b29c     v8-ia32:v8-ia32.dll
 0002:000002a0       \177v8-ia32_NULL_THUNK_DATA 1000b2a0     v8-ia32:v8-ia32.dll
 0002:000002a4       ___xc_a                    1000b2a4     MSVCRT:cinitexe.obj
 0002:000002ac       ___xc_z                    1000b2ac     MSVCRT:cinitexe.obj
 0002:000002b0       ___xi_a                    1000b2b0     MSVCRT:cinitexe.obj
 0002:000002bc       ___xi_z                    1000b2bc     MSVCRT:cinitexe.obj
 0002:000002fc       ??_7type_info@@6B@         1000b2fc     MSVCRT:ti_inst.obj
 0002:00000300       __pRawDllMain              1000b300     MSVCRT:crtdll.obj
 0002:00000300       __pDefaultRawDllMain       1000b300     MSVCRT:crtdll.obj
 0002:0000030c       ??_C@_0BL@OFLPLJAM@Not?5a?5valid?5script?5handle?4?$AA@ 1000b30c     Exports.obj
 0002:00000328       ??_C@_0BA@MLFILMMN@ManagedObjectID?$AA@ 1000b328     Exports.obj
 0002:00000338       ??_C@_0CJ@MCOIAANP@The?5handle?5does?5not?5represent?5an@ 1000b338     Exports.obj
 0002:00000368       ??_C@_0EI@NBCEMGHA@Call?3?5The?5target?5instance?5handle@ 1000b368     Exports.obj
 0002:000003b0       ??_C@_0DH@GEIHKHBI@Call?3?5The?5subject?5handle?5does?5no@ 1000b3b0     Exports.obj
 0002:000003e8       ??_C@_0DM@EFLNDFCL@Call?3?5The?5specified?5property?5doe@ 1000b3e8     Exports.obj
 0002:00000424       ??_C@_0DI@IBPEFPGB@Call?3?5The?5subject?5handle?5does?5no@ 1000b424     Exports.obj
 0002:0000045c       ??_C@_0CP@MICEEFHB@The?5handle?5does?5not?5represent?5an@ 1000b45c     Exports.obj
 0002:00000490       ??_C@_0EE@OBNIJAJP@?8Data?8?5points?5to?5an?5invalid?5obje@ 1000b490     Exports.obj
 0002:000004d4       ??_C@_0CB@PFDHPICG@?8args?4Data?$CI?$CJ?8?5is?5not?5recognized?4@ 1000b4d4     FunctionTemplateProxy.obj
 0002:000004f8       ??_C@_09JOONBBPD@$__TypeID?$AA@ 1000b4f8     HandleProxy.obj
 0002:00000504       ??_C@_08NKLFIIDP@$__Value?$AA@ 1000b504     HandleProxy.obj
 0002:00000510       ??_C@_02PCIJFNDE@?$AN?6?$AA@ 1000b510     V8EngineProxy.obj
 0002:00000514       ??_C@_08FIKDMAMC@?5?5Line?3?5?$AA@ 1000b514     V8EngineProxy.obj
 0002:00000520       ??_C@_0L@KCLHICAK@?5?5Column?3?5?$AA@ 1000b520     V8EngineProxy.obj
 0002:0000052c       ??_C@_09FPDCPDGD@?5?5Stack?3?5?$AA@ 1000b52c     V8EngineProxy.obj
 0002:00000538       ??_C@_11LOCGONAA@?$AA?$AA@ 1000b538     V8EngineProxy.obj
 0002:0000053c       ??_C@_0BE@HBKMHPCH@Invalid?5error?5type?4?$AA@ 1000b53c     V8EngineProxy.obj
 0002:00000550       ??_C@_0BM@NMJKDPPO@invalid?5vector?$DMT?$DO?5subscript?$AA@ 1000b550     V8EngineProxy.obj
 0002:0000056c       ??_C@_0BG@EOMJEIFA@vector?$DMbool?$DO?5too?5long?$AA@ 1000b56c     V8EngineProxy.obj
 0002:00000584       ??_C@_0BD@OLBABOEK@vector?$DMT?$DO?5too?5long?$AA@ 1000b584     V8EngineProxy.obj
 0002:00000598       __load_config_used         1000b598     MSVCRT:loadcfg.obj
 0002:0000065c       ??_R4type_info@@6B@        1000b65c     MSVCRT:ti_inst.obj
 0002:00000670       ??_R3type_info@@8          1000b670     MSVCRT:ti_inst.obj
 0002:00000680       ??_R2type_info@@8          1000b680     MSVCRT:ti_inst.obj
 0002:00000688       ??_R1A@?0A@EA@type_info@@8 1000b688     MSVCRT:ti_inst.obj
 0002:000006b0       ___safe_se_handler_table   1000b6b0     <linker-defined>
 0002:00000770       ___rtc_iaa                 1000b770     MSVCRT:initsect.obj
 0002:00000774       ___rtc_izz                 1000b774     MSVCRT:initsect.obj
 0002:00000778       ___rtc_taa                 1000b778     MSVCRT:initsect.obj
 0002:0000077c       ___rtc_tzz                 1000b77c     MSVCRT:initsect.obj
 0002:00000824       __CT??_R0?AVexception@std@@@8??0exception@std@@QAE@ABV01@@Z12 1000b824     Exports.obj
 0002:00000840       __TI1?AVexception@std@@    1000b840     Exports.obj
 0002:00000850       __CTA1?AVexception@std@@   1000b850     Exports.obj
 0002:00001560       __IMPORT_DESCRIPTOR_v8-ia32 1000c560     v8-ia32:v8-ia32.dll
 0002:00001574       __IMPORT_DESCRIPTOR_KERNEL32 1000c574     kernel32:KERNEL32.dll
 0002:00001588       __IMPORT_DESCRIPTOR_MSVCP110 1000c588     msvcprt:MSVCP110.dll
 0002:0000159c       __IMPORT_DESCRIPTOR_MSVCR110 1000c59c     MSVCRT:MSVCR110.dll
 0002:000015b0       __NULL_IMPORT_DESCRIPTOR   1000c5b0     v8-ia32:v8-ia32.dll
 0003:00000000       ??_R0?AVtype_info@@@8      10010000     MSVCRT:ti_inst.obj
 0003:00000018       ___security_cookie         10010018     MSVCRT:gs_cookie.obj
 0003:0000001c       ___security_cookie_complement 1001001c     MSVCRT:gs_cookie.obj
 0003:00000020       ___native_dllmain_reason   10010020     MSVCRT:natstart.obj
 0003:00000024       ??_R0?AVexception@std@@@8  10010024     Exports.obj
 0003:00000368       ?__type_info_root_node@@3U__type_info_node@@A 10010368     MSVCRT:tncleanup.obj
 0003:00000374       ?_NextEngineID@V8EngineProxy@@1HA 10010374     V8EngineProxy.obj
 0003:00000390       ?_DisposedEngines@V8EngineProxy@@1V?$vector@_NV?$allocator@_N@std@@@std@@A 10010390     V8EngineProxy.obj
 0003:000003a4       ___native_startup_lock     100103a4     <common>
 0003:000003a8       ___native_startup_state    100103a8     <common>
 0003:000003ac       ___dyn_tls_init_callback   100103ac     <common>
 0003:000003b0       ___onexitend               100103b0     <common>
 0003:000003b4       ___onexitbegin             100103b4     <common>

 entry point at        0001:000087d3

 Static symbols

 0000:fffec000       .debug$S                   10000000     MSVCRT:MSVCR110.dll
 0000:fffec000       .debug$S                   10000000     MSVCRT:MSVCR110.dll
 0000:fffec000       .debug$S                   10000000     MSVCRT:MSVCR110.dll
 0000:fffec000       .debug$S                   10000000     MSVCRT:MSVCR110.dll
 0000:fffec000       .debug$S                   10000000     MSVCRT:MSVCR110.dll
 0000:fffec000       .debug$S                   10000000     MSVCRT:MSVCR110.dll
 0000:fffec000       .debug$S                   10000000     MSVCRT:MSVCR110.dll
 0000:fffec000       .debug$S                   10000000     MSVCRT:MSVCR110.dll
 0000:fffec000       .debug$S                   10000000     MSVCRT:MSVCR110.dll
 0000:fffec000       .debug$S                   10000000     MSVCRT:MSVCR110.dll
 0000:fffec000       .debug$S                   10000000     MSVCRT:MSVCR110.dll
 0000:fffec000       .debug$S                   10000000     MSVCRT:MSVCR110.dll
 0000:fffec000       .debug$S                   10000000     MSVCRT:MSVCR110.dll
 0000:fffec000       .debug$S                   10000000     MSVCRT:MSVCR110.dll
 0000:fffec000       .debug$S                   10000000     MSVCRT:MSVCR110.dll
 0000:fffec000       .debug$S                   10000000     MSVCRT:MSVCR110.dll
 0000:fffec000       .debug$S                   10000000     MSVCRT:MSVCR110.dll
 0000:fffec000       .debug$S                   10000000     MSVCRT:MSVCR110.dll
 0000:fffec000       .debug$S                   10000000     MSVCRT:MSVCR110.dll
 0000:fffec000       .debug$S                   10000000     MSVCRT:MSVCR110.dll
 0000:fffec000       .debug$S                   10000000     MSVCRT:MSVCR110.dll
 0000:fffec000       .debug$S                   10000000     MSVCRT:MSVCR110.dll
 0000:fffec000       .debug$S                   10000000     MSVCRT:MSVCR110.dll
 0000:fffec000       .debug$S                   10000000     MSVCRT:MSVCR110.dll
 0000:fffec000       .debug$S                   10000000     MSVCRT:MSVCR110.dll
 0000:fffec000       .debug$S                   10000000     MSVCRT:MSVCR110.dll
 0000:fffec000       .debug$S                   10000000     MSVCRT:MSVCR110.dll
 0000:fffec000       .debug$S                   10000000     MSVCRT:MSVCR110.dll
 0000:fffec000       .debug$S                   10000000     MSVCRT:MSVCR110.dll
 0000:fffec000       .debug$S                   10000000     msvcprt:MSVCP110.dll
 0000:fffec000       .debug$S                   10000000     msvcprt:MSVCP110.dll
 0000:fffec000       .debug$S                   10000000     msvcprt:MSVCP110.dll
 0000:fffec000       .debug$S                   10000000     msvcprt:MSVCP110.dll
 0000:fffec000       .debug$S                   10000000     msvcprt:MSVCP110.dll
 0000:fffec000       .debug$S                   10000000     msvcprt:MSVCP110.dll
 0000:fffec000       .debug$S                   10000000     msvcprt:MSVCP110.dll
 0000:fffec000       .debug$S                   10000000     msvcprt:MSVCP110.dll
 0000:fffec000       .debug$S                   10000000     msvcprt:MSVCP110.dll
 0000:fffec000       .debug$S                   10000000     kernel32:KERNEL32.dll
 0000:fffec000       .debug$S                   10000000     kernel32:KERNEL32.dll
 0000:fffec000       .debug$S                   10000000     kernel32:KERNEL32.dll
 0000:fffec000       .debug$S                   10000000     kernel32:KERNEL32.dll
 0000:fffec000       .debug$S                   10000000     kernel32:KERNEL32.dll
 0000:fffec000       .debug$S                   10000000     kernel32:KERNEL32.dll
 0000:fffec000       .debug$S                   10000000     kernel32:KERNEL32.dll
 0000:fffec000       .debug$S                   10000000     kernel32:KERNEL32.dll
 0000:fffec000       .debug$S                   10000000     kernel32:KERNEL32.dll
 0000:fffec000       .debug$S                   10000000     kernel32:KERNEL32.dll
 0000:fffec000       .debug$S                   10000000     kernel32:KERNEL32.dll
 0000:fffec000       .debug$S                   10000000     kernel32:KERNEL32.dll
 0000:fffec000       .debug$S                   10000000     v8-ia32:v8-ia32.dll
 0000:fffec000       .debug$S                   10000000     v8-ia32:v8-ia32.dll
 0000:fffec000       .debug$S                   10000000     v8-ia32:v8-ia32.dll
 0000:fffec000       .debug$S                   10000000     v8-ia32:v8-ia32.dll
 0000:fffec000       .debug$S                   10000000     v8-ia32:v8-ia32.dll
 0000:fffec000       .debug$S                   10000000     v8-ia32:v8-ia32.dll
 0000:fffec000       .debug$S                   10000000     v8-ia32:v8-ia32.dll
 0000:fffec000       .debug$S                   10000000     v8-ia32:v8-ia32.dll
 0000:fffec000       .debug$S                   10000000     v8-ia32:v8-ia32.dll
 0000:fffec000       .debug$S                   10000000     v8-ia32:v8-ia32.dll
 0000:fffec000       .debug$S                   10000000     v8-ia32:v8-ia32.dll
 0000:fffec000       .debug$S                   10000000     v8-ia32:v8-ia32.dll
 0000:fffec000       .debug$S                   10000000     v8-ia32:v8-ia32.dll
 0000:fffec000       .debug$S                   10000000     v8-ia32:v8-ia32.dll
 0000:fffec000       .debug$S                   10000000     v8-ia32:v8-ia32.dll
 0000:fffec000       .debug$S                   10000000     v8-ia32:v8-ia32.dll
 0000:fffec000       .debug$S                   10000000     v8-ia32:v8-ia32.dll
 0000:fffec000       .debug$S                   10000000     v8-ia32:v8-ia32.dll
 0000:fffec000       .debug$S                   10000000     v8-ia32:v8-ia32.dll
 0000:fffec000       .debug$S                   10000000     v8-ia32:v8-ia32.dll
 0000:fffec000       .debug$S                   10000000     v8-ia32:v8-ia32.dll
 0000:fffec000       .debug$S                   10000000     v8-ia32:v8-ia32.dll
 0000:fffec000       .debug$S                   10000000     v8-ia32:v8-ia32.dll
 0000:fffec000       .debug$S                   10000000     v8-ia32:v8-ia32.dll
 0000:fffec000       .debug$S                   10000000     v8-ia32:v8-ia32.dll
 0000:fffec000       .debug$S                   10000000     v8-ia32:v8-ia32.dll
 0000:fffec000       .debug$S                   10000000     v8-ia32:v8-ia32.dll
 0000:fffec000       .debug$S                   10000000     v8-ia32:v8-ia32.dll
 0000:fffec000       .debug$S                   10000000     v8-ia32:v8-ia32.dll
 0000:fffec000       .debug$S                   10000000     v8-ia32:v8-ia32.dll
 0000:fffec000       .debug$S                   10000000     v8-ia32:v8-ia32.dll
 0000:fffec000       .debug$S                   10000000     v8-ia32:v8-ia32.dll
 0000:fffec000       .debug$S                   10000000     v8-ia32:v8-ia32.dll
 0000:fffec000       .debug$S                   10000000     v8-ia32:v8-ia32.dll
 0000:fffec000       .debug$S                   10000000     v8-ia32:v8-ia32.dll
 0000:fffec000       .debug$S                   10000000     v8-ia32:v8-ia32.dll
 0000:fffec000       .debug$S                   10000000     v8-ia32:v8-ia32.dll
 0000:fffec000       .debug$S                   10000000     v8-ia32:v8-ia32.dll
 0000:fffec000       .debug$S                   10000000     v8-ia32:v8-ia32.dll
 0000:fffec000       .debug$S                   10000000     v8-ia32:v8-ia32.dll
 0000:fffec000       .debug$S                   10000000     v8-ia32:v8-ia32.dll
 0000:fffec000       .debug$S                   10000000     v8-ia32:v8-ia32.dll
 0000:fffec000       .debug$S                   10000000     v8-ia32:v8-ia32.dll
 0000:fffec000       .debug$S                   10000000     v8-ia32:v8-ia32.dll
 0000:fffec000       .debug$S                   10000000     v8-ia32:v8-ia32.dll
 0000:fffec000       .debug$S                   10000000     v8-ia32:v8-ia32.dll
 0000:fffec000       .debug$S                   10000000     v8-ia32:v8-ia32.dll
 0000:fffec000       .debug$S                   10000000     v8-ia32:v8-ia32.dll
 0000:fffec000       .debug$S                   10000000     v8-ia32:v8-ia32.dll
 0000:fffec000       .debug$S                   10000000     v8-ia32:v8-ia32.dll
 0000:fffec000       .debug$S                   10000000     v8-ia32:v8-ia32.dll
 0000:fffec000       .debug$S                   10000000     v8-ia32:v8-ia32.dll
 0000:fffec000       .debug$S                   10000000     v8-ia32:v8-ia32.dll
 0000:fffec000       .debug$S                   10000000     v8-ia32:v8-ia32.dll
 0000:fffec000       .debug$S                   10000000     v8-ia32:v8-ia32.dll
 0000:fffec000       .debug$S                   10000000     v8-ia32:v8-ia32.dll
 0000:fffec000       .debug$S                   10000000     v8-ia32:v8-ia32.dll
 0000:fffec000       .debug$S                   10000000     v8-ia32:v8-ia32.dll
 0000:fffec000       .debug$S                   10000000     v8-ia32:v8-ia32.dll
 0000:fffec000       .debug$S                   10000000     v8-ia32:v8-ia32.dll
 0000:fffec000       .debug$S                   10000000     v8-ia32:v8-ia32.dll
 0000:fffec000       .debug$S                   10000000     v8-ia32:v8-ia32.dll
 0000:fffec000       .debug$S                   10000000     v8-ia32:v8-ia32.dll
 0000:fffec000       .debug$S                   10000000     v8-ia32:v8-ia32.dll
 0000:fffec000       .debug$S                   10000000     v8-ia32:v8-ia32.dll
 0000:fffec000       .debug$S                   10000000     v8-ia32:v8-ia32.dll
 0000:fffec000       .debug$S                   10000000     v8-ia32:v8-ia32.dll
 0000:fffec000       .debug$S                   10000000     v8-ia32:v8-ia32.dll
 0000:fffec000       .debug$S                   10000000     v8-ia32:v8-ia32.dll
 0000:fffec000       .debug$S                   10000000     v8-ia32:v8-ia32.dll
 0000:fffec000       .debug$S                   10000000     v8-ia32:v8-ia32.dll
 0000:fffec000       .debug$S                   10000000     v8-ia32:v8-ia32.dll
 0000:fffec000       .debug$S                   10000000     v8-ia32:v8-ia32.dll
 0000:fffec000       .debug$S                   10000000     v8-ia32:v8-ia32.dll
 0000:fffec000       .debug$S                   10000000     v8-ia32:v8-ia32.dll
 0000:fffec000       .debug$S                   10000000     v8-ia32:v8-ia32.dll
 0000:fffec000       .debug$S                   10000000     v8-ia32:v8-ia32.dll
 0000:fffec000       .debug$S                   10000000     v8-ia32:v8-ia32.dll
 0000:fffec000       .debug$S                   10000000     v8-ia32:v8-ia32.dll
 0000:fffec000       .debug$S                   10000000     v8-ia32:v8-ia32.dll
 0000:fffec000       .debug$S                   10000000     v8-ia32:v8-ia32.dll
 0000:fffec000       .debug$S                   10000000     v8-ia32:v8-ia32.dll
 0000:fffec000       .debug$S                   10000000     v8-ia32:v8-ia32.dll
 0000:fffec000       .debug$S                   10000000     v8-ia32:v8-ia32.dll
 0000:fffec000       .debug$S                   10000000     v8-ia32:v8-ia32.dll
 0000:fffec000       .debug$S                   10000000     v8-ia32:v8-ia32.dll
 0000:fffec000       .debug$S                   10000000     v8-ia32:v8-ia32.dll
 0000:fffec000       .debug$S                   10000000     v8-ia32:v8-ia32.dll
 0000:fffec000       .debug$S                   10000000     v8-ia32:v8-ia32.dll
 0000:fffec000       .debug$S                   10000000     v8-ia32:v8-ia32.dll
 0000:fffec000       .debug$S                   10000000     v8-ia32:v8-ia32.dll
 0000:fffec000       .debug$S                   10000000     v8-ia32:v8-ia32.dll
 0000:fffec000       .debug$S                   10000000     v8-ia32:v8-ia32.dll
 0000:fffec000       .debug$S                   10000000     v8-ia32:v8-ia32.dll
 0000:fffec000       .debug$S                   10000000     v8-ia32:v8-ia32.dll
 0000:fffec000       .debug$S                   10000000     v8-ia32:v8-ia32.dll
 0000:fffec000       .debug$S                   10000000     v8-ia32:v8-ia32.dll
 0000:fffec000       .debug$S                   10000000     v8-ia32:v8-ia32.dll
 0000:fffec000       .debug$S                   10000000     v8-ia32:v8-ia32.dll
 0000:fffec000       .debug$S                   10000000     v8-ia32:v8-ia32.dll
 0000:fffec000       .debug$S                   10000000     v8-ia32:v8-ia32.dll
 0000:fffec000       .debug$S                   10000000     v8-ia32:v8-ia32.dll
 0000:fffec000       .debug$S                   10000000     v8-ia32:v8-ia32.dll
 0000:fffec000       .debug$S                   10000000     v8-ia32:v8-ia32.dll
 0000:fffec000       .debug$S                   10000000     v8-ia32:v8-ia32.dll
 0000:fffec000       .debug$S                   10000000     v8-ia32:v8-ia32.dll
 0000:fffec000       .debug$S                   10000000     v8-ia32:v8-ia32.dll
 0000:fffec000       .debug$S                   10000000     v8-ia32:v8-ia32.dll
 0000:fffec000       .debug$S                   10000000     v8-ia32:v8-ia32.dll
 0000:fffec000       .debug$S                   10000000     v8-ia32:v8-ia32.dll
 0000:fffec000       .debug$S                   10000000     v8-ia32:v8-ia32.dll
 0000:fffec000       .debug$S                   10000000     v8-ia32:v8-ia32.dll
 0000:fffec000       .debug$S                   10000000     v8-ia32:v8-ia32.dll
 0000:fffec000       .debug$S                   10000000     v8-ia32:v8-ia32.dll
 0000:fffec000       .debug$S                   10000000     v8-ia32:v8-ia32.dll
 0000:fffec000       .debug$S                   10000000     v8-ia32:v8-ia32.dll
 0000:fffec000       .debug$S                   10000000     v8-ia32:v8-ia32.dll
 0000:fffec000       .debug$S                   10000000     v8-ia32:v8-ia32.dll
 0000:fffec000       .debug$S                   10000000     v8-ia32:v8-ia32.dll
 0000:fffec000       .debug$S                   10000000     v8-ia32:v8-ia32.dll
 0000:fffec000       .debug$S                   10000000     v8-ia32:v8-ia32.dll
 0000:fffec000       .debug$S                   10000000     v8-ia32:v8-ia32.dll
 0000:fffec000       .debug$S                   10000000     v8-ia32:v8-ia32.dll
 0000:fffec000       .debug$S                   10000000     v8-ia32:v8-ia32.dll
 0000:fffec000       .debug$S                   10000000     v8-ia32:v8-ia32.dll
 0000:fffec000       .debug$S                   10000000     v8-ia32:v8-ia32.dll
 0000:fffec000       .debug$S                   10000000     v8-ia32:v8-ia32.dll
 0000:fffec000       .debug$S                   10000000     v8-ia32:v8-ia32.dll
 0000:fffec000       .debug$S                   10000000     v8-ia32:v8-ia32.dll
 0000:fffec000       .debug$S                   10000000     v8-ia32:v8-ia32.dll
 0000:fffec000       .debug$S                   10000000     v8-ia32:v8-ia32.dll
 0000:fffec000       .debug$S                   10000000     v8-ia32:v8-ia32.dll
 0000:fffec000       .debug$S                   10000000     v8-ia32:v8-ia32.dll
 0000:fffec000       .debug$S                   10000000     v8-ia32:v8-ia32.dll
 0000:fffec000       .debug$S                   10000000     v8-ia32:v8-ia32.dll
 0000:fffec000       .debug$S                   10000000     v8-ia32:v8-ia32.dll
 0001:00004704       $LN84                      10005704     * CIL library *:* CIL module *
 0001:000069ad       __catch$?Execute@V8EngineProxy@@QAEPAUHandleProxy@@PBGPAG@Z$0 100079ad f   * CIL library *:* CIL module *
 0001:00006ade       __catch$?Execute@V8EngineProxy@@QAEPAUHandleProxy@@V?$Handle@VScript@v8@@@v8@@@Z$0 10007ade f   * CIL library *:* CIL module *
 0001:00006c76       __catch$?Compile@V8EngineProxy@@QAEPAUHandleProxy@@PBGPAG@Z$0 10007c76 f   * CIL library *:* CIL module *
 0001:000077f3       __catch$?_Construct_n@?$vector@U_StringItem@@V?$allocator@U_StringItem@@@std@@@std@@QAEXIPBU_StringItem@@@Z$0 100087f3 f i * CIL library *:* CIL module *
 0001:00007950       __catch$?_Construct_n@?$vector@HV?$allocator@H@std@@@std@@QAEXIPBH@Z$0 10008950 f i * CIL library *:* CIL module *
 0001:00007950       __catch$?_Construct_n@?$vector@PAUHandleProxy@@V?$allocator@PAUHandleProxy@@@std@@@std@@QAEXIPBQAUHandleProxy@@@Z$0 10008950 f i * CIL library *:* CIL module *
 0001:00007bf5       __catch$?_Reallocate@?$vector@U_StringItem@@V?$allocator@U_StringItem@@@std@@@std@@IAEXI@Z$0 10008bf5 f i * CIL library *:* CIL module *
 0001:00007cd5       __catch$?_Reallocate@?$vector@HV?$allocator@H@std@@@std@@IAEXI@Z$0 10008cd5 f i * CIL library *:* CIL module *
 0001:00007cd5       __catch$?_Reallocate@?$vector@PAUHandleProxy@@V?$allocator@PAUHandleProxy@@@std@@@std@@IAEXI@Z$0 10008cd5 f i * CIL library *:* CIL module *
 0001:00007d9d       __catch$?_Construct_n@?$vector@IV?$allocator@_N@std@@@std@@QAEXIPBI@Z$0 10008d9d f i * CIL library *:* CIL module *
 0001:00007f9a       __catch$?_Insert_n@?$vector@IV?$allocator@_N@std@@@std@@IAE?AV?$_Vector_iterator@V?$_Vector_val@U?$_Simple_types@I@std@@@std@@@2@V?$_Vector_const_iterator@V?$_Vector_val@U?$_Simple_types@I@std@@@std@@@2@IABI@Z$0 10008f9a f i * CIL library *:* CIL module *
 0001:00007fa6       __catch$?_Insert_n@?$vector@IV?$allocator@_N@std@@@std@@IAE?AV?$_Vector_iterator@V?$_Vector_val@U?$_Simple_types@I@std@@@std@@@2@V?$_Vector_const_iterator@V?$_Vector_val@U?$_Simple_types@I@std@@@std@@@2@IABI@Z$2 10008fa6 f i * CIL library *:* CIL module *
 0001:0000824b       __catch$??$_Uninit_fill_n@PAU_StringItem@@IU1@V?$allocator@U_StringItem@@@std@@U1@@std@@YAXPAU_StringItem@@IPBU1@AAU?$_Wrap_alloc@V?$allocator@U_StringItem@@@std@@@0@0U_Nonscalar_ptr_iterator_tag@0@@Z$0 1000924b f i * CIL library *:* CIL module *
 0001:000083ec       __catch$??$_Uninit_move@PAU_StringItem@@PAU1@V?$allocator@U_StringItem@@@std@@U1@@std@@YAPAU_StringItem@@PAU1@00AAU?$_Wrap_alloc@V?$allocator@U_StringItem@@@std@@@0@0U_Nonscalar_ptr_iterator_tag@0@@Z$0 100093ec f i * CIL library *:* CIL module *
 0001:00008592       _pre_c_init                10009592 f   MSVCRT:crtdll.obj
 0001:000087f6       ___DllMainCRTStartup       100097f6 f   MSVCRT:crtdll.obj
 0001:00008b50       $$000000                   10009b50     MSVCRT:sehprolg4.obj
 0001:00008e80       __unwindfunclet$_Call@20$0 10009e80 f   * CIL library *:* CIL module *
 0001:00008e89       __unwindfunclet$_Call@20$1 10009e89 f   * CIL library *:* CIL module *
 0001:00008e92       __unwindfunclet$_Call@20$2 10009e92 f   * CIL library *:* CIL module *
 0001:00008e9b       __unwindfunclet$_Call@20$3 10009e9b f   * CIL library *:* CIL module *
 0001:00008ea3       __unwindfunclet$_Call@20$4 10009ea3 f   * CIL library *:* CIL module *
 0001:00008eaf       __ehhandler$_Call@20       10009eaf f   * CIL library *:* CIL module *
 0001:00008ed0       __unwindfunclet$_ConnectObject@12$0 10009ed0 f   * CIL library *:* CIL module *
 0001:00008ed9       __unwindfunclet$_ConnectObject@12$1 10009ed9 f   * CIL library *:* CIL module *
 0001:00008ee2       __unwindfunclet$_ConnectObject@12$2 10009ee2 f   * CIL library *:* CIL module *
 0001:00008eeb       __unwindfunclet$_ConnectObject@12$3 10009eeb f   * CIL library *:* CIL module *
 0001:00008ef3       __ehhandler$_ConnectObject@12 10009ef3 f   * CIL library *:* CIL module *
 0001:00008f10       __unwindfunclet$_CreateBoolean@8$0 10009f10 f   * CIL library *:* CIL module *
 0001:00008f19       __unwindfunclet$_CreateBoolean@8$1 10009f19 f   * CIL library *:* CIL module *
 0001:00008f22       __unwindfunclet$_CreateBoolean@8$2 10009f22 f   * CIL library *:* CIL module *
 0001:00008f2b       __unwindfunclet$_CreateBoolean@8$3 10009f2b f   * CIL library *:* CIL module *
 0001:00008f33       __ehhandler$_CreateBoolean@8 10009f33 f   * CIL library *:* CIL module *
 0001:00008f50       __unwindfunclet$_CreateError@12$0 10009f50 f   * CIL library *:* CIL module *
 0001:00008f59       __unwindfunclet$_CreateError@12$1 10009f59 f   * CIL library *:* CIL module *
 0001:00008f62       __unwindfunclet$_CreateError@12$2 10009f62 f   * CIL library *:* CIL module *
 0001:00008f6b       __unwindfunclet$_CreateError@12$3 10009f6b f   * CIL library *:* CIL module *
 0001:00008f73       __ehhandler$_CreateError@12 10009f73 f   * CIL library *:* CIL module *
 0001:00008f90       __unwindfunclet$_CreateInteger@8$0 10009f90 f   * CIL library *:* CIL module *
 0001:00008f90       __unwindfunclet$_CreateObject@8$0 10009f90 f   * CIL library *:* CIL module *
 0001:00008f90       __unwindfunclet$_CreateNullValue@4$0 10009f90 f   * CIL library *:* CIL module *
 0001:00008f99       __unwindfunclet$_CreateObject@8$1 10009f99 f   * CIL library *:* CIL module *
 0001:00008f99       __unwindfunclet$_CreateNullValue@4$1 10009f99 f   * CIL library *:* CIL module *
 0001:00008f99       __unwindfunclet$_CreateInteger@8$1 10009f99 f   * CIL library *:* CIL module *
 0001:00008fa2       __unwindfunclet$_CreateNullValue@4$2 10009fa2 f   * CIL library *:* CIL module *
 0001:00008fa2       __unwindfunclet$_CreateObject@8$2 10009fa2 f   * CIL library *:* CIL module *
 0001:00008fa2       __unwindfunclet$_CreateInteger@8$2 10009fa2 f   * CIL library *:* CIL module *
 0001:00008fab       __unwindfunclet$_CreateObject@8$3 10009fab f   * CIL library *:* CIL module *
 0001:00008fab       __unwindfunclet$_CreateInteger@8$3 10009fab f   * CIL library *:* CIL module *
 0001:00008fab       __unwindfunclet$_CreateNullValue@4$3 10009fab f   * CIL library *:* CIL module *
 0001:00008fb3       __ehhandler$_CreateInteger@8 10009fb3 f   * CIL library *:* CIL module *
 0001:00008fb3       __ehhandler$_CreateObject@8 10009fb3 f   * CIL library *:* CIL module *
 0001:00008fb3       __ehhandler$_CreateNullValue@4 10009fb3 f   * CIL library *:* CIL module *
 0001:00008fd0       __unwindfunclet$_CreateDate@12$0 10009fd0 f   * CIL library *:* CIL module *
 0001:00008fd0       __unwindfunclet$_CreateNumber@12$0 10009fd0 f   * CIL library *:* CIL module *
 0001:00008fd9       __unwindfunclet$_CreateDate@12$1 10009fd9 f   * CIL library *:* CIL module *
 0001:00008fd9       __unwindfunclet$_CreateNumber@12$1 10009fd9 f   * CIL library *:* CIL module *
 0001:00008fe2       __unwindfunclet$_CreateNumber@12$2 10009fe2 f   * CIL library *:* CIL module *
 0001:00008fe2       __unwindfunclet$_CreateDate@12$2 10009fe2 f   * CIL library *:* CIL module *
 0001:00008feb       __unwindfunclet$_CreateNumber@12$3 10009feb f   * CIL library *:* CIL module *
 0001:00008feb       __unwindfunclet$_CreateDate@12$3 10009feb f   * CIL library *:* CIL module *
 0001:00008ff3       __ehhandler$_CreateNumber@12 10009ff3 f   * CIL library *:* CIL module *
 0001:00008ff3       __ehhandler$_CreateDate@12 10009ff3 f   * CIL library *:* CIL module *
 0001:00009010       __unwindfunclet$_V8ExecuteCompiledScript@8$0 1000a010 f   * CIL library *:* CIL module *
 0001:00009010       __unwindfunclet$_CreateString@8$0 1000a010 f   * CIL library *:* CIL module *
 0001:00009010       __unwindfunclet$_CreateObjectFromTemplate@8$0 1000a010 f   * CIL library *:* CIL module *
 0001:00009010       __unwindfunclet$_GetFunction@4$0 1000a010 f   * CIL library *:* CIL module *
 0001:00009019       __unwindfunclet$_V8ExecuteCompiledScript@8$1 1000a019 f   * CIL library *:* CIL module *
 0001:00009019       __unwindfunclet$_CreateString@8$1 1000a019 f   * CIL library *:* CIL module *
 0001:00009019       __unwindfunclet$_CreateObjectFromTemplate@8$1 1000a019 f   * CIL library *:* CIL module *
 0001:00009019       __unwindfunclet$_GetFunction@4$1 1000a019 f   * CIL library *:* CIL module *
 0001:00009022       __unwindfunclet$_CreateObjectFromTemplate@8$2 1000a022 f   * CIL library *:* CIL module *
 0001:00009022       __unwindfunclet$_V8ExecuteCompiledScript@8$2 1000a022 f   * CIL library *:* CIL module *
 0001:00009022       __unwindfunclet$_GetFunction@4$2 1000a022 f   * CIL library *:* CIL module *
 0001:00009022       __unwindfunclet$_CreateString@8$2 1000a022 f   * CIL library *:* CIL module *
 0001:0000902b       __unwindfunclet$_CreateString@8$3 1000a02b f   * CIL library *:* CIL module *
 0001:0000902b       __unwindfunclet$_V8ExecuteCompiledScript@8$3 1000a02b f   * CIL library *:* CIL module *
 0001:0000902b       __unwindfunclet$_GetFunction@4$3 1000a02b f   * CIL library *:* CIL module *
 0001:0000902b       __unwindfunclet$_CreateObjectFromTemplate@8$3 1000a02b f   * CIL library *:* CIL module *
 0001:00009033       __ehhandler$_V8ExecuteCompiledScript@8 1000a033 f   * CIL library *:* CIL module *
 0001:00009033       __ehhandler$_CreateString@8 1000a033 f   * CIL library *:* CIL module *
 0001:00009033       __ehhandler$_GetFunction@4 1000a033 f   * CIL library *:* CIL module *
 0001:00009033       __ehhandler$_CreateObjectFromTemplate@8 1000a033 f   * CIL library *:* CIL module *
 0001:00009050       __unwindfunclet$_CreateFunctionTemplateProxy@12$0 1000a050 f   * CIL library *:* CIL module *
 0001:00009050       __unwindfunclet$_CreateObjectTemplateProxy@4$0 1000a050 f   * CIL library *:* CIL module *
 0001:00009059       __unwindfunclet$_CreateFunctionTemplateProxy@12$1 1000a059 f   * CIL library *:* CIL module *
 0001:00009059       __unwindfunclet$_CreateObjectTemplateProxy@4$1 1000a059 f   * CIL library *:* CIL module *
 0001:00009062       __unwindfunclet$_CreateObjectTemplateProxy@4$2 1000a062 f   * CIL library *:* CIL module *
 0001:00009062       __unwindfunclet$_CreateFunctionTemplateProxy@12$2 1000a062 f   * CIL library *:* CIL module *
 0001:0000906b       __unwindfunclet$_CreateObjectTemplateProxy@4$3 1000a06b f   * CIL library *:* CIL module *
 0001:0000906b       __unwindfunclet$_CreateFunctionTemplateProxy@12$3 1000a06b f   * CIL library *:* CIL module *
 0001:00009077       __ehhandler$_CreateObjectTemplateProxy@4 1000a077 f   * CIL library *:* CIL module *
 0001:00009077       __ehhandler$_CreateFunctionTemplateProxy@12 1000a077 f   * CIL library *:* CIL module *
 0001:000090a0       __unwindfunclet$_CreateV8EngineProxy@12$0 1000a0a0 f   * CIL library *:* CIL module *
 0001:000090ac       __ehhandler$_CreateV8EngineProxy@12 1000a0ac f   * CIL library *:* CIL module *
 0001:000090d0       __unwindfunclet$_DeleteObjectPropertyByIndex@8$0 1000a0d0 f   * CIL library *:* CIL module *
 0001:000090d9       __unwindfunclet$_DeleteObjectPropertyByIndex@8$1 1000a0d9 f   * CIL library *:* CIL module *
 0001:000090e2       __unwindfunclet$_DeleteObjectPropertyByIndex@8$2 1000a0e2 f   * CIL library *:* CIL module *
 0001:000090eb       __unwindfunclet$_DeleteObjectPropertyByIndex@8$3 1000a0eb f   * CIL library *:* CIL module *
 0001:000090f3       __ehhandler$_DeleteObjectPropertyByIndex@8 1000a0f3 f   * CIL library *:* CIL module *
 0001:00009110       __unwindfunclet$_SetObjectPropertyByIndex@12$0 1000a110 f   * CIL library *:* CIL module *
 0001:00009110       __unwindfunclet$_SetObjectPropertyByName@16$0 1000a110 f   * CIL library *:* CIL module *
 0001:00009110       __unwindfunclet$_DeleteObjectPropertyByName@8$0 1000a110 f   * CIL library *:* CIL module *
 0001:00009119       __unwindfunclet$_SetObjectPropertyByIndex@12$1 1000a119 f   * CIL library *:* CIL module *
 0001:00009119       __unwindfunclet$_SetObjectPropertyByName@16$1 1000a119 f   * CIL library *:* CIL module *
 0001:00009119       __unwindfunclet$_DeleteObjectPropertyByName@8$1 1000a119 f   * CIL library *:* CIL module *
 0001:00009122       __unwindfunclet$_SetObjectPropertyByName@16$2 1000a122 f   * CIL library *:* CIL module *
 0001:00009122       __unwindfunclet$_DeleteObjectPropertyByName@8$2 1000a122 f   * CIL library *:* CIL module *
 0001:00009122       __unwindfunclet$_SetObjectPropertyByIndex@12$2 1000a122 f   * CIL library *:* CIL module *
 0001:0000912b       __unwindfunclet$_DeleteObjectPropertyByName@8$3 1000a12b f   * CIL library *:* CIL module *
 0001:0000912b       __unwindfunclet$_SetObjectPropertyByIndex@12$3 1000a12b f   * CIL library *:* CIL module *
 0001:0000912b       __unwindfunclet$_SetObjectPropertyByName@16$3 1000a12b f   * CIL library *:* CIL module *
 0001:00009133       __ehhandler$_SetObjectPropertyByName@16 1000a133 f   * CIL library *:* CIL module *
 0001:00009133       __ehhandler$_SetObjectPropertyByIndex@12 1000a133 f   * CIL library *:* CIL module *
 0001:00009133       __ehhandler$_DeleteObjectPropertyByName@8 1000a133 f   * CIL library *:* CIL module *
 0001:00009150       __unwindfunclet$_DeleteObjectTemplateProxy@4$0 1000a150 f   * CIL library *:* CIL module *
 0001:00009150       __unwindfunclet$_DeleteFunctionTemplateProxy@4$0 1000a150 f   * CIL library *:* CIL module *
 0001:00009159       __unwindfunclet$_DeleteFunctionTemplateProxy@4$1 1000a159 f   * CIL library *:* CIL module *
 0001:00009159       __unwindfunclet$_DeleteObjectTemplateProxy@4$1 1000a159 f   * CIL library *:* CIL module *
 0001:00009162       __unwindfunclet$_DeleteObjectTemplateProxy@4$2 1000a162 f   * CIL library *:* CIL module *
 0001:00009162       __unwindfunclet$_DeleteFunctionTemplateProxy@4$2 1000a162 f   * CIL library *:* CIL module *
 0001:0000916b       __ehhandler$_DeleteObjectTemplateProxy@4 1000a16b f   * CIL library *:* CIL module *
 0001:0000916b       __ehhandler$_DeleteFunctionTemplateProxy@4 1000a16b f   * CIL library *:* CIL module *
 0001:00009190       __unwindfunclet$_GetArrayLength@4$0 1000a190 f   * CIL library *:* CIL module *
 0001:00009199       __unwindfunclet$_GetArrayLength@4$1 1000a199 f   * CIL library *:* CIL module *
 0001:000091a2       __unwindfunclet$_GetArrayLength@4$2 1000a1a2 f   * CIL library *:* CIL module *
 0001:000091ab       __unwindfunclet$_GetArrayLength@4$3 1000a1ab f   * CIL library *:* CIL module *
 0001:000091b3       __ehhandler$_GetArrayLength@4 1000a1b3 f   * CIL library *:* CIL module *
 0001:000091d0       __unwindfunclet$_GetObjectPropertyByIndex@8$0 1000a1d0 f   * CIL library *:* CIL module *
 0001:000091d0       __unwindfunclet$_GetObjectPrototype@4$0 1000a1d0 f   * CIL library *:* CIL module *
 0001:000091d0       __unwindfunclet$_GetPropertyNames@4$0 1000a1d0 f   * CIL library *:* CIL module *
 0001:000091d0       __unwindfunclet$_GetOwnPropertyNames@4$0 1000a1d0 f   * CIL library *:* CIL module *
 0001:000091d9       __unwindfunclet$_GetObjectPrototype@4$1 1000a1d9 f   * CIL library *:* CIL module *
 0001:000091d9       __unwindfunclet$_GetOwnPropertyNames@4$1 1000a1d9 f   * CIL library *:* CIL module *
 0001:000091d9       __unwindfunclet$_GetObjectPropertyByIndex@8$1 1000a1d9 f   * CIL library *:* CIL module *
 0001:000091d9       __unwindfunclet$_GetPropertyNames@4$1 1000a1d9 f   * CIL library *:* CIL module *
 0001:000091e2       __unwindfunclet$_GetOwnPropertyNames@4$2 1000a1e2 f   * CIL library *:* CIL module *
 0001:000091e2       __unwindfunclet$_GetObjectPropertyByIndex@8$2 1000a1e2 f   * CIL library *:* CIL module *
 0001:000091e2       __unwindfunclet$_GetPropertyNames@4$2 1000a1e2 f   * CIL library *:* CIL module *
 0001:000091e2       __unwindfunclet$_GetObjectPrototype@4$2 1000a1e2 f   * CIL library *:* CIL module *
 0001:000091eb       __unwindfunclet$_GetPropertyNames@4$3 1000a1eb f   * CIL library *:* CIL module *
 0001:000091eb       __unwindfunclet$_GetObjectPrototype@4$3 1000a1eb f   * CIL library *:* CIL module *
 0001:000091eb       __unwindfunclet$_GetObjectPropertyByIndex@8$3 1000a1eb f   * CIL library *:* CIL module *
 0001:000091eb       __unwindfunclet$_GetOwnPropertyNames@4$3 1000a1eb f   * CIL library *:* CIL module *
 0001:000091f3       __ehhandler$_GetObjectPropertyByIndex@8 1000a1f3 f   * CIL library *:* CIL module *
 0001:000091f3       __ehhandler$_GetPropertyNames@4 1000a1f3 f   * CIL library *:* CIL module *
 0001:000091f3       __ehhandler$_GetOwnPropertyNames@4 1000a1f3 f   * CIL library *:* CIL module *
 0001:000091f3       __ehhandler$_GetObjectPrototype@4 1000a1f3 f   * CIL library *:* CIL module *
 0001:00009210       __unwindfunclet$_GetObjectPropertyByName@8$0 1000a210 f   * CIL library *:* CIL module *
 0001:00009219       __unwindfunclet$_GetObjectPropertyByName@8$1 1000a219 f   * CIL library *:* CIL module *
 0001:00009222       __unwindfunclet$_GetObjectPropertyByName@8$2 1000a222 f   * CIL library *:* CIL module *
 0001:0000922b       __unwindfunclet$_GetObjectPropertyByName@8$3 1000a22b f   * CIL library *:* CIL module *
 0001:00009233       __ehhandler$_GetObjectPropertyByName@8 1000a233 f   * CIL library *:* CIL module *
 0001:00009250       __unwindfunclet$_GetPropertyAttributes@8$0 1000a250 f   * CIL library *:* CIL module *
 0001:00009259       __unwindfunclet$_GetPropertyAttributes@8$1 1000a259 f   * CIL library *:* CIL module *
 0001:00009262       __unwindfunclet$_GetPropertyAttributes@8$2 1000a262 f   * CIL library *:* CIL module *
 0001:0000926b       __unwindfunclet$_GetPropertyAttributes@8$3 1000a26b f   * CIL library *:* CIL module *
 0001:00009273       __ehhandler$_GetPropertyAttributes@8 1000a273 f   * CIL library *:* CIL module *
 0001:00009290       __unwindfunclet$_SetFunctionTemplateProperty@16$0 1000a290 f   * CIL library *:* CIL module *
 0001:00009290       __unwindfunclet$??1ObjectTemplateProxy@@QAE@XZ$0 1000a290 f   * CIL library *:* CIL module *
 0001:00009290       __unwindfunclet$_SetObjectTemplateProperty@16$0 1000a290 f   * CIL library *:* CIL module *
 0001:00009290       __unwindfunclet$??1FunctionTemplateProxy@@QAE@XZ$0 1000a290 f   * CIL library *:* CIL module *
 0001:00009299       __unwindfunclet$??1ObjectTemplateProxy@@QAE@XZ$1 1000a299 f   * CIL library *:* CIL module *
 0001:00009299       __unwindfunclet$_SetObjectTemplateProperty@16$1 1000a299 f   * CIL library *:* CIL module *
 0001:00009299       __unwindfunclet$_SetFunctionTemplateProperty@16$1 1000a299 f   * CIL library *:* CIL module *
 0001:00009299       __unwindfunclet$??1FunctionTemplateProxy@@QAE@XZ$1 1000a299 f   * CIL library *:* CIL module *
[...]
 0002:00001038       __tryblocktable$?_Construct_n@?$vector@IV?$allocator@_N@std@@@std@@QAEXIPBI@Z 1000c038     * CIL library *:* CIL module *
 0002:0000104c       __catchsym$?_Construct_n@?$vector@IV?$allocator@_N@std@@@std@@QAEXIPBI@Z$2 1000c04c     * CIL library *:* CIL module *
 0002:0000105c       __ehfuncinfo$?_Reallocate@?$vector@HV?$allocator@H@std@@@std@@IAEXI@Z 1000c05c     * CIL library *:* CIL module *
 0002:0000105c       __ehfuncinfo$?_Reallocate@?$vector@PAUHandleProxy@@V?$allocator@PAUHandleProxy@@@std@@@std@@IAEXI@Z 1000c05c     * CIL library *:* CIL module *
 0002:00001080       __unwindtable$?_Reallocate@?$vector@PAUHandleProxy@@V?$allocator@PAUHandleProxy@@@std@@@std@@IAEXI@Z 1000c080     * CIL library *:* CIL module *
 0002:00001080       __unwindtable$?_Reallocate@?$vector@HV?$allocator@H@std@@@std@@IAEXI@Z 1000c080     * CIL library *:* CIL module *
 0002:00001090       __tryblocktable$?_Reallocate@?$vector@HV?$allocator@H@std@@@std@@IAEXI@Z 1000c090     * CIL library *:* CIL module *
 0002:00001090       __tryblocktable$?_Reallocate@?$vector@PAUHandleProxy@@V?$allocator@PAUHandleProxy@@@std@@@std@@IAEXI@Z 1000c090     * CIL library *:* CIL module *
 0002:000010a4       __catchsym$?_Reallocate@?$vector@HV?$allocator@H@std@@@std@@IAEXI@Z$2 1000c0a4     * CIL library *:* CIL module *
 0002:000010a4       __catchsym$?_Reallocate@?$vector@PAUHandleProxy@@V?$allocator@PAUHandleProxy@@@std@@@std@@IAEXI@Z$2 1000c0a4     * CIL library *:* CIL module *
 0002:000010b4       __ehfuncinfo$?_Reallocate@?$vector@U_StringItem@@V?$allocator@U_StringItem@@@std@@@std@@IAEXI@Z 1000c0b4     * CIL library *:* CIL module *
 0002:000010d8       __unwindtable$?_Reallocate@?$vector@U_StringItem@@V?$allocator@U_StringItem@@@std@@@std@@IAEXI@Z 1000c0d8     * CIL library *:* CIL module *
 0002:000010e8       __tryblocktable$?_Reallocate@?$vector@U_StringItem@@V?$allocator@U_StringItem@@@std@@@std@@IAEXI@Z 1000c0e8     * CIL library *:* CIL module *
 0002:000010fc       __catchsym$?_Reallocate@?$vector@U_StringItem@@V?$allocator@U_StringItem@@@std@@@std@@IAEXI@Z$2 1000c0fc     * CIL library *:* CIL module *
 0002:0000110c       __ehfuncinfo$?_Construct_n@?$vector@PAUHandleProxy@@V?$allocator@PAUHandleProxy@@@std@@@std@@QAEXIPBQAUHandleProxy@@@Z 1000c10c     * CIL library *:* CIL module *
 0002:0000110c       __ehfuncinfo$?_Construct_n@?$vector@HV?$allocator@H@std@@@std@@QAEXIPBH@Z 1000c10c     * CIL library *:* CIL module *
 0002:00001130       __unwindtable$?_Construct_n@?$vector@PAUHandleProxy@@V?$allocator@PAUHandleProxy@@@std@@@std@@QAEXIPBQAUHandleProxy@@@Z 1000c130     * CIL library *:* CIL module *
 0002:00001130       __unwindtable$?_Construct_n@?$vector@HV?$allocator@H@std@@@std@@QAEXIPBH@Z 1000c130     * CIL library *:* CIL module *
 0002:00001140       __tryblocktable$?_Construct_n@?$vector@HV?$allocator@H@std@@@std@@QAEXIPBH@Z 1000c140     * CIL library *:* CIL module *
 0002:00001140       __tryblocktable$?_Construct_n@?$vector@PAUHandleProxy@@V?$allocator@PAUHandleProxy@@@std@@@std@@QAEXIPBQAUHandleProxy@@@Z 1000c140     * CIL library *:* CIL module *
 0002:00001154       __catchsym$?_Construct_n@?$vector@HV?$allocator@H@std@@@std@@QAEXIPBH@Z$2 1000c154     * CIL library *:* CIL module *
 0002:00001154       __catchsym$?_Construct_n@?$vector@PAUHandleProxy@@V?$allocator@PAUHandleProxy@@@std@@@std@@QAEXIPBQAUHandleProxy@@@Z$2 1000c154     * CIL library *:* CIL module *
 0002:00001164       __ehfuncinfo$?_Construct_n@?$vector@U_StringItem@@V?$allocator@U_StringItem@@@std@@@std@@QAEXIPBU_StringItem@@@Z 1000c164     * CIL library *:* CIL module *
 0002:00001188       __unwindtable$?_Construct_n@?$vector@U_StringItem@@V?$allocator@U_StringItem@@@std@@@std@@QAEXIPBU_StringItem@@@Z 1000c188     * CIL library *:* CIL module *
 0002:00001198       __tryblocktable$?_Construct_n@?$vector@U_StringItem@@V?$allocator@U_StringItem@@@std@@@std@@QAEXIPBU_StringItem@@@Z 1000c198     * CIL library *:* CIL module *
 0002:000011ac       __catchsym$?_Construct_n@?$vector@U_StringItem@@V?$allocator@U_StringItem@@@std@@@std@@QAEXIPBU_StringItem@@@Z$2 1000c1ac     * CIL library *:* CIL module *
 0002:000011bc       __ehfuncinfo$??1?$_Vb_val@V?$allocator@_N@std@@@std@@QAE@XZ 1000c1bc     * CIL library *:* CIL module *
 0002:000011e0       __unwindtable$??1?$_Vb_val@V?$allocator@_N@std@@@std@@QAE@XZ 1000c1e0     * CIL library *:* CIL module *
 0002:000011e8       __ehfuncinfo$?push_back@?$vector@U_StringItem@@V?$allocator@U_StringItem@@@std@@@std@@QAEXABU_StringItem@@@Z 1000c1e8     * CIL library *:* CIL module *
 0002:000011e8       __ehfuncinfo$?push_back@?$vector@HV?$allocator@H@std@@@std@@QAEXABH@Z 1000c1e8     * CIL library *:* CIL module *
 0002:0000120c       __unwindtable$?push_back@?$vector@U_StringItem@@V?$allocator@U_StringItem@@@std@@@std@@QAEXABU_StringItem@@@Z 1000c20c     * CIL library *:* CIL module *
 0002:0000120c       __unwindtable$?push_back@?$vector@HV?$allocator@H@std@@@std@@QAEXABH@Z 1000c20c     * CIL library *:* CIL module *
 0002:00001214       __ehfuncinfo$??0?$vector@_NV?$allocator@_N@std@@@std@@QAE@IAB_N@Z 1000c214     * CIL library *:* CIL module *
 0002:00001238       __unwindtable$??0?$vector@_NV?$allocator@_N@std@@@std@@QAE@IAB_N@Z 1000c238     * CIL library *:* CIL module *
 0002:00001248       __ehfuncinfo$??1recursive_mutex@std@@QAE@XZ 1000c248     * CIL library *:* CIL module *
 0002:0000126c       __unwindtable$??1recursive_mutex@std@@QAE@XZ 1000c26c     * CIL library *:* CIL module *
 0002:00001274       __ehfuncinfo$??__F?_DisposedEngines@V8EngineProxy@@1V?$vector@_NV?$allocator@_N@std@@@std@@A@@YAXXZ 1000c274     * CIL library *:* CIL module *
 0002:00001298       __unwindtable$??__F?_DisposedEngines@V8EngineProxy@@1V?$vector@_NV?$allocator@_N@std@@@std@@A@@YAXXZ 1000c298     * CIL library *:* CIL module *
 0002:000012a8       __ehfuncinfo$?DisposeHandleProxy@V8EngineProxy@@QAEXPAUHandleProxy@@@Z 1000c2a8     * CIL library *:* CIL module *
 0002:000012cc       __unwindtable$?DisposeHandleProxy@V8EngineProxy@@QAEXPAUHandleProxy@@@Z 1000c2cc     * CIL library *:* CIL module *
 0002:000012d4       __ehfuncinfo$?CreateArray@V8EngineProxy@@QAEPAUHandleProxy@@PAPAU2@G@Z 1000c2d4     * CIL library *:* CIL module *
 0002:000012f8       __unwindtable$?CreateArray@V8EngineProxy@@QAEPAUHandleProxy@@PAPAU2@G@Z 1000c2f8     * CIL library *:* CIL module *
 0002:00001310       __ehfuncinfo$?Compile@V8EngineProxy@@QAEPAUHandleProxy@@PBGPAG@Z 1000c310     * CIL library *:* CIL module *
 0002:00001334       __unwindtable$?Compile@V8EngineProxy@@QAEPAUHandleProxy@@PBGPAG@Z 1000c334     * CIL library *:* CIL module *
 0002:00001354       __tryblocktable$?Compile@V8EngineProxy@@QAEPAUHandleProxy@@PBGPAG@Z 1000c354     * CIL library *:* CIL module *
 0002:00001368       __catchsym$?Compile@V8EngineProxy@@QAEPAUHandleProxy@@PBGPAG@Z$4 1000c368     * CIL library *:* CIL module *
 0002:00001378       __ehfuncinfo$?Execute@V8EngineProxy@@QAEPAUHandleProxy@@PBGPAG@Z 1000c378     * CIL library *:* CIL module *
 0002:0000139c       __unwindtable$?Execute@V8EngineProxy@@QAEPAUHandleProxy@@PBGPAG@Z 1000c39c     * CIL library *:* CIL module *
 0002:000013bc       __tryblocktable$?Execute@V8EngineProxy@@QAEPAUHandleProxy@@PBGPAG@Z 1000c3bc     * CIL library *:* CIL module *
 0002:000013d0       __catchsym$?Execute@V8EngineProxy@@QAEPAUHandleProxy@@PBGPAG@Z$4 1000c3d0     * CIL library *:* CIL module *
 0002:000013e0       __ehfuncinfo$?Execute@V8EngineProxy@@QAEPAUHandleProxy@@V?$Handle@VScript@v8@@@v8@@@Z 1000c3e0     * CIL library *:* CIL module *
 0002:00001404       __unwindtable$?Execute@V8EngineProxy@@QAEPAUHandleProxy@@V?$Handle@VScript@v8@@@v8@@@Z 1000c404     * CIL library *:* CIL module *
 0002:00001424       __tryblocktable$?Execute@V8EngineProxy@@QAEPAUHandleProxy@@V?$Handle@VScript@v8@@@v8@@@Z 1000c424     * CIL library *:* CIL module *
 0002:00001438       __catchsym$?Execute@V8EngineProxy@@QAEPAUHandleProxy@@V?$Handle@VScript@v8@@@v8@@@Z$4 1000c438     * CIL library *:* CIL module *
 0002:00001448       __ehfuncinfo$?GetHandleProxy@V8EngineProxy@@QAEPAUHandleProxy@@V?$Handle@VValue@v8@@@v8@@@Z 1000c448     * CIL library *:* CIL module *
 0002:0000146c       __unwindtable$?GetHandleProxy@V8EngineProxy@@QAEPAUHandleProxy@@V?$Handle@VValue@v8@@@v8@@@Z 1000c46c     * CIL library *:* CIL module *
 0002:00001488       __ehfuncinfo$??1V8EngineProxy@@QAE@XZ 1000c488     * CIL library *:* CIL module *
 0002:000014b0       __unwindtable$??1V8EngineProxy@@QAE@XZ 1000c4b0     * CIL library *:* CIL module *
 0002:000014f8       __ehfuncinfo$??0V8EngineProxy@@QAE@_NP6AXXZH@Z 1000c4f8     * CIL library *:* CIL module *
 0002:00001520       __unwindtable$??0V8EngineProxy@@QAE@_NP6AXXZH@Z 1000c520     * CIL library *:* CIL module *
 0002:000035a0       .idata$6                   1000e5a0     v8-ia32:v8-ia32.dll
 0002:000035d8       .idata$6                   1000e5d8     kernel32:KERNEL32.dll
 0002:00003694       .idata$6                   1000e694     msvcprt:MSVCP110.dll
 0002:0000375a       .idata$6                   1000e75a     MSVCRT:MSVCR110.dll
 0002:000039b0       .edata                     1000e9b0     V8_Net_Proxy_x86.exp
 0002:000039d8       rgpv                       1000e9d8     V8_Net_Proxy_x86.exp
 0002:00003ac8       rgszName                   1000eac8     V8_Net_Proxy_x86.exp
 0002:00003bb8       rgwOrd                     1000ebb8     V8_Net_Proxy_x86.exp
 0002:00003c30       szName                     1000ec30     V8_Net_Proxy_x86.exp
 0002:00003c45       $N00001                    1000ec45     V8_Net_Proxy_x86.exp
 0002:00003c4e       $N00002                    1000ec4e     V8_Net_Proxy_x86.exp
 0002:00003c60       $N00003                    1000ec60     V8_Net_Proxy_x86.exp
 0002:00003c70       $N00004                    1000ec70     V8_Net_Proxy_x86.exp
 0002:00003c81       $N00005                    1000ec81     V8_Net_Proxy_x86.exp
 0002:00003c90       $N00006                    1000ec90     V8_Net_Proxy_x86.exp
 0002:00003ca0       $N00007                    1000eca0     V8_Net_Proxy_x86.exp
 0002:00003cbb       $N00008                    1000ecbb     V8_Net_Proxy_x86.exp
 0002:00003cdb       $N00009                    1000ecdb     V8_Net_Proxy_x86.exp
 0002:00003cfe       $N00010                    1000ecfe     V8_Net_Proxy_x86.exp
 0002:00003d17       $N00011                    1000ed17     V8_Net_Proxy_x86.exp
 0002:00003d28       $N00012                    1000ed28     V8_Net_Proxy_x86.exp
 0002:00003d3b       $N00013                    1000ed3b     V8_Net_Proxy_x86.exp
 0002:00003d4c       $N00014                    1000ed4c     V8_Net_Proxy_x86.exp
 0002:00003d5c       $N00015                    1000ed5c     V8_Net_Proxy_x86.exp
 0002:00003d78       $N00016                    1000ed78     V8_Net_Proxy_x86.exp
 0002:00003d95       $N00017                    1000ed95     V8_Net_Proxy_x86.exp
 0002:00003db6       $N00018                    1000edb6     V8_Net_Proxy_x86.exp
 0002:00003dc6       $N00019                    1000edc6     V8_Net_Proxy_x86.exp
 0002:00003ddc       $N00020                    1000eddc     V8_Net_Proxy_x86.exp
 0002:00003df4       $N00021                    1000edf4     V8_Net_Proxy_x86.exp
 0002:00003e0f       $N00022                    1000ee0f     V8_Net_Proxy_x86.exp
 0002:00003e2e       $N00023                    1000ee2e     V8_Net_Proxy_x86.exp
 0002:00003e4d       $N00024                    1000ee4d     V8_Net_Proxy_x86.exp
 0002:00003e6b       $N00025                    1000ee6b     V8_Net_Proxy_x86.exp
 0002:00003e88       $N00026                    1000ee88     V8_Net_Proxy_x86.exp
 0002:00003e9a       $N00027                    1000ee9a     V8_Net_Proxy_x86.exp
 0002:00003eb2       $N00028                    1000eeb2     V8_Net_Proxy_x86.exp
 0002:00003ec8       $N00029                    1000eec8     V8_Net_Proxy_x86.exp
 0002:00003ede       $N00030                    1000eede     V8_Net_Proxy_x86.exp
 0002:00003ee9       $N00031                    1000eee9     V8_Net_Proxy_x86.exp
 0002:00003efb       $N00032                    1000eefb     V8_Net_Proxy_x86.exp
 0002:00003f0a       $N00033                    1000ef0a     V8_Net_Proxy_x86.exp
 0002:00003f2e       $N00034                    1000ef2e     V8_Net_Proxy_x86.exp
 0002:00003f53       $N00035                    1000ef53     V8_Net_Proxy_x86.exp
 0002:00003f6f       $N00036                    1000ef6f     V8_Net_Proxy_x86.exp
 0002:00003f8b       $N00037                    1000ef8b     V8_Net_Proxy_x86.exp
 0002:00003fa6       $N00038                    1000efa6     V8_Net_Proxy_x86.exp
 0002:00003fbc       $N00039                    1000efbc     V8_Net_Proxy_x86.exp
 0002:00003fd3       $N00040                    1000efd3     V8_Net_Proxy_x86.exp
 0002:00003fec       $N00041                    1000efec     V8_Net_Proxy_x86.exp
 0002:00004000       $N00042                    1000f000     V8_Net_Proxy_x86.exp
 0002:00004014       $N00043                    1000f014     V8_Net_Proxy_x86.exp
 0002:00004026       $N00044                    1000f026     V8_Net_Proxy_x86.exp
 0002:0000403c       $N00045                    1000f03c     V8_Net_Proxy_x86.exp
 0002:00004060       $N00046                    1000f060     V8_Net_Proxy_x86.exp
 0002:00004079       $N00047                    1000f079     V8_Net_Proxy_x86.exp
 0002:0000409b       $N00048                    1000f09b     V8_Net_Proxy_x86.exp
 0002:000040bb       $N00049                    1000f0bb     V8_Net_Proxy_x86.exp
 0002:000040d6       $N00050                    1000f0d6     V8_Net_Proxy_x86.exp
 0002:000040ec       $N00051                    1000f0ec     V8_Net_Proxy_x86.exp
 0002:00004109       $N00052                    1000f109     V8_Net_Proxy_x86.exp
 0002:00004125       $N00053                    1000f125     V8_Net_Proxy_x86.exp
 0002:00004143       $N00054                    1000f143     V8_Net_Proxy_x86.exp
 0002:00004161       $N00055                    1000f161     V8_Net_Proxy_x86.exp
 0002:00004186       $N00056                    1000f186     V8_Net_Proxy_x86.exp
 0002:000041a9       $N00057                    1000f1a9     V8_Net_Proxy_x86.exp
 0002:000041be       $N00058                    1000f1be     V8_Net_Proxy_x86.exp
 0002:000041cc       $N00059                    1000f1cc     V8_Net_Proxy_x86.exp
 0002:000041da       $N00060                    1000f1da     V8_Net_Proxy_x86.exp
 0003:00000040       ___proc_attached           10010040     MSVCRT:crtdll.obj
 0003:00000048       _GS_ExceptionRecord        10010048     MSVCRT:gs_report.obj
 0003:00000098       _GS_ContextRecord          10010098     MSVCRT:gs_report.obj
 0003:00000364       _DebuggerWasPresent        10010364     MSVCRT:gs_report.obj
 0003:00000370       __V8Initialized            10010370     * CIL library *:* CIL module *
 0003:00000378       __Tuple_alloc              10010378     * CIL library *:* CIL module *
 0003:00000379       _ignore                    10010379     * CIL library *:* CIL module *
 0003:0000037a       _allocator_arg             1001037a     * CIL library *:* CIL module *
 0003:0000037b       _piecewise_construct       1001037b     * CIL library *:* CIL module *
 0003:0000037c       __Tuple_alloc              1001037c     * CIL library *:* CIL module *
 0003:0000037d       _ignore                    1001037d     * CIL library *:* CIL module *
 0003:0000037e       _allocator_arg             1001037e     * CIL library *:* CIL module *
 0003:0000037f       _piecewise_construct       1001037f     * CIL library *:* CIL module *
 0003:00000380       __Tuple_alloc              10010380     * CIL library *:* CIL module *
 0003:00000381       _ignore                    10010381     * CIL library *:* CIL module *
 0003:00000382       _allocator_arg             10010382     * CIL library *:* CIL module *
 0003:00000383       _piecewise_construct       10010383     * CIL library *:* CIL module *
 0003:00000384       __Tuple_alloc              10010384     * CIL library *:* CIL module *
 0003:00000385       _ignore                    10010385     * CIL library *:* CIL module *
 0003:00000386       _allocator_arg             10010386     * CIL library *:* CIL module *
 0003:00000387       _piecewise_construct       10010387     * CIL library *:* CIL module *
 0003:00000388       __Tuple_alloc              10010388     * CIL library *:* CIL module *
 0003:00000389       _ignore                    10010389     * CIL library *:* CIL module *
 0003:0000038a       _allocator_arg             1001038a     * CIL library *:* CIL module *
 0003:0000038b       _piecewise_construct       1001038b     * CIL library *:* CIL module *
 0003:0000038c       __Tuple_alloc              1001038c     * CIL library *:* CIL module *
 0003:0000038d       _ignore                    1001038d     * CIL library *:* CIL module *
 0003:0000038e       _allocator_arg             1001038e     * CIL library *:* CIL module *
 0003:0000038f       _piecewise_construct       1001038f     * CIL library *:* CIL module *
 0003:000003a0       __Tuple_alloc              100103a0     * CIL library *:* CIL module *
 0003:000003a1       _ignore                    100103a1     * CIL library *:* CIL module *
 0003:000003a2       _allocator_arg             100103a2     * CIL library *:* CIL module *
 0003:000003a3       _piecewise_construct       100103a3     * CIL library *:* CIL module *
 0004:000000a0       $R000000                   100110a0     V8.Net-Proxy-32.res
 0004:00000420       $R000380                   10011420     V8.Net-Proxy-32.res

 Exports

  ordinal    name

        1    _Call@20
        2    _ConnectObject@12
        3    _CreateArray@12
        4    _CreateBoolean@8
        5    _CreateDate@12
        6    _CreateError@12
        7    _CreateFunctionInstance@16
        8    _CreateFunctionTemplateProxy@12
        9    _CreateFunctionTemplateProxyTest@0
       10    _CreateHandleProxyTest@0
       11    _CreateInteger@8
       12    _CreateNullValue@4
       13    _CreateNumber@12
       14    _CreateObject@8
       15    _CreateObjectFromTemplate@8
       16    _CreateObjectTemplateProxy@4
       17    _CreateObjectTemplateProxyTest@0
       18    _CreateString@8
       19    _CreateStringArray@12
       20    _CreateV8EngineProxy@12
       21    _CreateV8EngineProxyTest@0
       22    _DeleteFunctionTemplateProxy@4
       23    _DeleteObjectPropertyByIndex@8
       24    _DeleteObjectPropertyByName@8
       25    _DeleteObjectTemplateProxy@4
       26    _DeleteTestData@4
       27    _DestroyV8EngineProxy@4
       28    _DisposeHandleProxy@4
       29    _DoIdleNotification@8
       30    _ForceGC@4
       31    _GetArrayLength@4
       32    _GetFunction@4
       33    _GetFunctionInstanceTemplateProxy@4
       34    _GetFunctionPrototypeTemplateProxy@4
       35    _GetHandleManagedObjectID@4
       36    _GetObjectPropertyByIndex@8
       37    _GetObjectPropertyByName@8
       38    _GetObjectPrototype@4
       39    _GetOwnPropertyNames@4
       40    _GetPropertyAttributes@8
       41    _GetPropertyNames@4
       42    _MakeStrongHandle@4
       43    _MakeWeakHandle@4
       44    _RegisterGCCallback@8
       45    _RegisterIndexedPropertyHandlers@24
       46    _RegisterInvokeHandler@8
       47    _RegisterNamedPropertyHandlers@24
       48    _SetFunctionTemplateProperty@16
       49    _SetGlobalObjectTemplate@8
       50    _SetObjectAccessor@28
       51    _SetObjectPropertyByIndex@12
       52    _SetObjectPropertyByName@16
       53    _SetObjectTemplateAccessor@28
       54    _SetObjectTemplateProperty@16
       55    _UnregisterIndexedPropertyHandlers@4
       56    _UnregisterNamedPropertyHandlers@4
       57    _UpdateHandleValue@4
       58    _V8Compile@12
       59    _V8Execute@12
       60    _V8ExecuteCompiledScript@8
