 V8_Net_Proxy_x64

 Timestamp is 54ad1fcc (Wed Jan 07 07:00:12 2015)

 Preferred load address is 0000000180000000

 Start         Length     Name                   Class
 0001:00000000 0000007cH .text$di                CODE
 0001:00000080 0000cd70H .text$mn                CODE
 0001:0000cdf0 00001420H .text$x                 CODE
 0001:0000e210 0000008fH .text$yd                CODE
 0002:00000000 00000560H .idata$5                DATA
 0002:00000560 00000008H .CRT$XCA                DATA
 0002:00000568 00000020H .CRT$XCU                DATA
 0002:00000588 00000008H .CRT$XCZ                DATA
 0002:00000590 00000008H .CRT$XIA                DATA
 0002:00000598 00000008H .CRT$XIAA               DATA
 0002:000005a0 00000008H .CRT$XIC                DATA
 0002:000005a8 00000008H .CRT$XIZ                DATA
 0002:000005b0 00001590H .rdata                  DATA
 0002:00001b40 00000080H .rdata$debug            DATA
 0002:00001bc0 00000074H .rdata$r                DATA
 0002:00001c38 00000008H .rtc$IAA                DATA
 0002:00001c40 00000008H .rtc$IZZ                DATA
 0002:00001c48 00000008H .rtc$TAA                DATA
 0002:00001c50 00000008H .rtc$TZZ                DATA
 0002:00001c60 000038dcH .xdata                  DATA
 0002:00005540 00000054H .xdata$x                DATA
 0002:000055a0 0000077dH .edata                  DATA
 0002:00005d20 00000050H .idata$2                DATA
 0002:00005d70 00000014H .idata$3                DATA
 0002:00005d88 00000560H .idata$4                DATA
 0002:000062e8 0000203aH .idata$6                DATA
 0003:00000000 00000034H .data                   DATA
 0003:00000038 00000044H .data$r                 DATA
 0003:00000080 000007b8H .bss                    DATA
 0004:00000000 00000f18H .pdata                  DATA
 0005:00000000 000000a0H .rsrc$01                DATA
 0005:000000a0 00000500H .rsrc$02                DATA

  Address         Publics by Value              Rva+Base               Lib:Object

 0000:00000000       ___safe_se_handler_count   0000000000000000     <absolute>
 0000:00000000       __guard_fids_count         0000000000000000     <absolute>
 0000:00000000       ___safe_se_handler_table   0000000000000000     <absolute>
 0000:00000000       __guard_fids_table         0000000000000000     <absolute>
 0000:00000000       __guard_flags              0000000000000000     <absolute>
 0000:00000000       __ImageBase                0000000180000000     <linker-defined>
 0001:00000080       ??1Scope@Context@v8@@QEAA@XZ 0000000180001080 f i Exports.obj
 0001:00000090       CreateV8EngineProxy        0000000180001090 f   Exports.obj
 0001:000000d0       DestroyV8EngineProxy       00000001800010d0 f   Exports.obj
 0001:00000100       RegisterGCCallback         0000000180001100 f   Exports.obj
 0001:000001d0       ForceGC                    00000001800011d0 f   Exports.obj
 0001:00000280       DoIdleNotification         0000000180001280 f   Exports.obj
 0001:00000290       V8Execute                  0000000180001290 f   Exports.obj
 0001:00000370       V8Compile                  0000000180001370 f   Exports.obj
 0001:00000450       V8ExecuteCompiledScript    0000000180001450 f   Exports.obj
 0001:00000590       CreateObjectTemplateProxy  0000000180001590 f   Exports.obj
 0001:00000630       DeleteObjectTemplateProxy  0000000180001630 f   Exports.obj
 0001:000006c0       SetGlobalObjectTemplate    00000001800016c0 f   Exports.obj
 0001:00000750       RegisterNamedPropertyHandlers 0000000180001750 f   Exports.obj
 0001:00000820       RegisterIndexedPropertyHandlers 0000000180001820 f   Exports.obj
 0001:000008f0       UnregisterNamedPropertyHandlers 00000001800018f0 f   Exports.obj
 0001:000009d0       UnregisterIndexedPropertyHandlers 00000001800019d0 f   Exports.obj
 0001:00000ab0       RegisterInvokeHandler      0000000180001ab0 f   Exports.obj
 0001:00000b90       CreateObjectFromTemplate   0000000180001b90 f   Exports.obj
 0001:00000c70       ConnectObject              0000000180001c70 f   Exports.obj
 0001:00000e60       GetObjectPrototype         0000000180001e60 f   Exports.obj
 0001:00000fb0       Call                       0000000180001fb0 f   Exports.obj
 0001:000010c0       SetObjectPropertyByName    00000001800020c0 f   Exports.obj
 0001:000012a0       SetObjectPropertyByIndex   00000001800022a0 f   Exports.obj
 0001:00001450       GetObjectPropertyByName    0000000180002450 f   Exports.obj
 0001:000015e0       GetObjectPropertyByIndex   00000001800025e0 f   Exports.obj
 0001:00001740       DeleteObjectPropertyByName 0000000180002740 f   Exports.obj
 0001:000018b0       DeleteObjectPropertyByIndex 00000001800028b0 f   Exports.obj
 0001:000019f0       SetObjectAccessor          00000001800029f0 f   Exports.obj
 0001:00001ca0       SetObjectTemplateAccessor  0000000180002ca0 f   Exports.obj
 0001:00001dc0       SetObjectTemplateProperty  0000000180002dc0 f   Exports.obj
 0001:00001eb0       GetPropertyNames           0000000180002eb0 f   Exports.obj
 0001:00002000       GetOwnPropertyNames        0000000180003000 f   Exports.obj
 0001:00002150       GetPropertyAttributes      0000000180003150 f   Exports.obj
 0001:000022c0       GetArrayLength             00000001800032c0 f   Exports.obj
 0001:00002400       CreateFunctionTemplateProxy 0000000180003400 f   Exports.obj
 0001:000024c0       DeleteFunctionTemplateProxy 00000001800034c0 f   Exports.obj
 0001:00002550       GetFunctionInstanceTemplateProxy 0000000180003550 f   Exports.obj
 0001:00002610       GetFunctionPrototypeTemplateProxy 0000000180003610 f   Exports.obj
 0001:000026d0       GetFunction                00000001800036d0 f   Exports.obj
 0001:000027d0       CreateFunctionInstance     00000001800037d0 f   Exports.obj
 0001:000028c0       SetFunctionTemplateProperty 00000001800038c0 f   Exports.obj
 0001:000029b0       CreateBoolean              00000001800039b0 f   Exports.obj
 0001:00002aa0       CreateInteger              0000000180003aa0 f   Exports.obj
 0001:00002b80       CreateNumber               0000000180003b80 f   Exports.obj
 0001:00002c70       CreateString               0000000180003c70 f   Exports.obj
 0001:00002d70       CreateDate                 0000000180003d70 f   Exports.obj
 0001:00002e60       CreateObject               0000000180003e60 f   Exports.obj
 0001:00002f60       CreateArray                0000000180003f60 f   Exports.obj
 0001:00003040       CreateStringArray          0000000180004040 f   Exports.obj
 0001:00003120       CreateNullValue            0000000180004120 f   Exports.obj
 0001:000031f0       CreateError                00000001800041f0 f   Exports.obj
 0001:000032d0       MakeWeakHandle             00000001800042d0 f   Exports.obj
 0001:000033c0       MakeStrongHandle           00000001800043c0 f   Exports.obj
 0001:000034a0       DisposeHandleProxy         00000001800044a0 f   Exports.obj
 0001:00003570       UpdateHandleValue          0000000180004570 f   Exports.obj
 0001:00003640       GetHandleManagedObjectID   0000000180004640 f   Exports.obj
 0001:00003720       CreateHandleProxyTest      0000000180004720 f   Exports.obj
 0001:00003750       CreateV8EngineProxyTest    0000000180004750 f   Exports.obj
 0001:00003780       CreateObjectTemplateProxyTest 0000000180004780 f   Exports.obj
 0001:000037b0       CreateFunctionTemplateProxyTest 00000001800047b0 f   Exports.obj
 0001:000037e0       DeleteTestData             00000001800047e0 f   Exports.obj
 0001:000038b0       ??0FunctionTemplateProxy@@QEAA@PEAVV8EngineProxy@@PEAGP6APEAUHandleProxy@@H_NPEAU2@PEAPEAU2@I@Z@Z 00000001800048b0 f   FunctionTemplateProxy.obj
 0001:00003b20       ??1FunctionTemplateProxy@@QEAA@XZ 0000000180004b20 f   FunctionTemplateProxy.obj
 0001:00003c70       ?InvocationCallbackProxy@FunctionTemplateProxy@@SAXAEBV?$FunctionCallbackInfo@VValue@v8@@@v8@@@Z 0000000180004c70 f   FunctionTemplateProxy.obj
 0001:00003e90       ?CreateInstance@FunctionTemplateProxy@@QEAAPEAUHandleProxy@@HHPEAPEAU2@@Z 0000000180004e90 f   FunctionTemplateProxy.obj
 0001:00004080       ?Set@FunctionTemplateProxy@@QEAAXPEBGPEAUHandleProxy@@W4PropertyAttribute@v8@@@Z 0000000180005080 f   FunctionTemplateProxy.obj
 0001:00004130       ??1?$CopyablePersistent@VScript@v8@@@@QEAA@XZ 0000000180005130 f i HandleProxy.obj
 0001:00004130       ??1?$CopyablePersistent@VObject@v8@@@@QEAA@XZ 0000000180005130 f i V8EngineProxy.obj
 0001:00004130       ??1?$CopyablePersistent@VValue@v8@@@@QEAA@XZ 0000000180005130 f i HandleProxy.obj
 0001:00004130       ??1?$CopyablePersistent@VFunctionTemplate@v8@@@@QEAA@XZ 0000000180005130 f i FunctionTemplateProxy.obj
 0001:00004130       ??1?$CopyablePersistent@VObjectTemplate@v8@@@@QEAA@XZ 0000000180005130 f i ObjectTemplateProxy.obj
 0001:00004130       ??1?$CopyablePersistent@VContext@v8@@@@QEAA@XZ 0000000180005130 f i V8EngineProxy.obj
 0001:00004180       ??1?$Persistent@VFunctionTemplate@v8@@U?$CopyablePersistentTraits@VFunctionTemplate@v8@@@2@@v8@@QEAA@XZ 0000000180005180 f i FunctionTemplateProxy.obj
 0001:00004180       ??1?$Persistent@VObjectTemplate@v8@@U?$CopyablePersistentTraits@VObjectTemplate@v8@@@2@@v8@@QEAA@XZ 0000000180005180 f i ObjectTemplateProxy.obj
 0001:00004180       ??1?$Persistent@VObject@v8@@U?$CopyablePersistentTraits@VObject@v8@@@2@@v8@@QEAA@XZ 0000000180005180 f i V8EngineProxy.obj
 0001:00004180       ??1?$Persistent@VScript@v8@@U?$CopyablePersistentTraits@VScript@v8@@@2@@v8@@QEAA@XZ 0000000180005180 f i HandleProxy.obj
 0001:00004180       ??1?$Persistent@VValue@v8@@U?$CopyablePersistentTraits@VValue@v8@@@2@@v8@@QEAA@XZ 0000000180005180 f i HandleProxy.obj
 0001:00004180       ??1?$Persistent@VContext@v8@@U?$CopyablePersistentTraits@VContext@v8@@@2@@v8@@QEAA@XZ 0000000180005180 f i V8EngineProxy.obj
 0001:000041b0       ??1HandleProxy@@IEAA@XZ    00000001800051b0 f   HandleProxy.obj
 0001:00004270       ?_Dispose@HandleProxy@@IEAA_N_N@Z 0000000180005270 f   HandleProxy.obj
 0001:00004370       ?_ClearHandleValue@HandleProxy@@IEAAXXZ 0000000180005370 f   HandleProxy.obj
 0001:000043e0       ?SetHandle@HandleProxy@@IEAAPEAU1@V?$Handle@VScript@v8@@@v8@@@Z 00000001800053e0 f   HandleProxy.obj
 0001:00004510       ?SetHandle@HandleProxy@@IEAAPEAU1@V?$Handle@VValue@v8@@@v8@@@Z 0000000180005510 f   HandleProxy.obj
 0001:00004990       ?GetManagedObjectID@HandleProxy@@QEAAHXZ 0000000180005990 f   HandleProxy.obj
 0001:00004b80       ?_RevivableCallback@HandleProxy@@CAXAEBV?$WeakCallbackData@VValue@v8@@UHandleProxy@@@v8@@@Z 0000000180005b80 f   HandleProxy.obj
 0001:00004bc0       ?UpdateValue@HandleProxy@@QEAAXXZ 0000000180005bc0 f   HandleProxy.obj
 0001:00004db0       ??C?$CopyablePersistent@VValue@v8@@@@QEBAPEAVValue@v8@@XZ 0000000180005db0 f i HandleProxy.obj
 0001:00004df0       ??1?$lock_guard@Vrecursive_mutex@std@@@std@@QEAA@XZ 0000000180005df0 f i HandleProxy.obj
 0001:00004e20       ??0ObjectTemplateProxy@@QEAA@PEAVV8EngineProxy@@@Z 0000000180005e20 f   ObjectTemplateProxy.obj
 0001:00004f70       ??0ObjectTemplateProxy@@QEAA@PEAVV8EngineProxy@@V?$Local@VObjectTemplate@v8@@@v8@@@Z 0000000180005f70 f   ObjectTemplateProxy.obj
 0001:000050b0       ??1ObjectTemplateProxy@@QEAA@XZ 00000001800060b0 f   ObjectTemplateProxy.obj
 0001:000051f0       ?RegisterNamedPropertyHandlers@ObjectTemplateProxy@@QEAAXP6APEAUHandleProxy@@PEAGAEBUManagedAccessorInfo@@@ZP6APEAU2@0PEAU2@1@ZP6A?AW4PropertyAttribute@v8@@01@ZP6AH01@ZP6APEAU2@1@Z@Z 00000001800061f0 f   ObjectTemplateProxy.obj
 0001:00005280       ?RegisterIndexedPropertyHandlers@ObjectTemplateProxy@@QEAAXP6APEAUHandleProxy@@IAEBUManagedAccessorInfo@@@ZP6APEAU2@IPEAU2@0@ZP6A?AW4PropertyAttribute@v8@@I0@ZP6AHI0@ZP6APEAU2@0@Z@Z 0000000180006280 f   ObjectTemplateProxy.obj
 0001:00005310       ?GetProperty@ObjectTemplateProxy@@SAXV?$Local@VString@v8@@@v8@@AEBV?$PropertyCallbackInfo@VValue@v8@@@3@@Z 0000000180006310 f   ObjectTemplateProxy.obj
 0001:00005580       ?SetProperty@ObjectTemplateProxy@@SAXV?$Local@VString@v8@@@v8@@V?$Local@VValue@v8@@@3@AEBV?$PropertyCallbackInfo@VValue@v8@@@3@@Z 0000000180006580 f   ObjectTemplateProxy.obj
 0001:000057f0       ?GetPropertyAttributes@ObjectTemplateProxy@@SAXV?$Local@VString@v8@@@v8@@AEBV?$PropertyCallbackInfo@VInteger@v8@@@3@@Z 00000001800067f0 f   ObjectTemplateProxy.obj
 0001:000059b0       ?DeleteProperty@ObjectTemplateProxy@@SAXV?$Local@VString@v8@@@v8@@AEBV?$PropertyCallbackInfo@VBoolean@v8@@@3@@Z 00000001800069b0 f   ObjectTemplateProxy.obj
 0001:00005b80       ?GetPropertyNames@ObjectTemplateProxy@@SAXAEBV?$PropertyCallbackInfo@VArray@v8@@@v8@@@Z 0000000180006b80 f   ObjectTemplateProxy.obj
 0001:00005dc0       ?GetProperty@ObjectTemplateProxy@@SAXIAEBV?$PropertyCallbackInfo@VValue@v8@@@v8@@@Z 0000000180006dc0 f   ObjectTemplateProxy.obj
 0001:00005fe0       ?SetProperty@ObjectTemplateProxy@@SAXIV?$Local@VValue@v8@@@v8@@AEBV?$PropertyCallbackInfo@VValue@v8@@@3@@Z 0000000180006fe0 f   ObjectTemplateProxy.obj
 0001:00006220       ?GetPropertyAttributes@ObjectTemplateProxy@@SAXIAEBV?$PropertyCallbackInfo@VInteger@v8@@@v8@@@Z 0000000180007220 f   ObjectTemplateProxy.obj
 0001:000063a0       ?DeleteProperty@ObjectTemplateProxy@@SAXIAEBV?$PropertyCallbackInfo@VBoolean@v8@@@v8@@@Z 00000001800073a0 f   ObjectTemplateProxy.obj
 0001:00006520       ?GetPropertyIndices@ObjectTemplateProxy@@SAXAEBV?$PropertyCallbackInfo@VArray@v8@@@v8@@@Z 0000000180007520 f   ObjectTemplateProxy.obj
 0001:00006760       ?CreateObject@ObjectTemplateProxy@@QEAAPEAUHandleProxy@@H@Z 0000000180007760 f   ObjectTemplateProxy.obj
 0001:000067f0       ?AccessorGetterCallbackProxy@ObjectTemplateProxy@@SAXV?$Local@VString@v8@@@v8@@AEBV?$PropertyCallbackInfo@VValue@v8@@@3@@Z 00000001800077f0 f   ObjectTemplateProxy.obj
 0001:000069a0       ?AccessorSetterCallbackProxy@ObjectTemplateProxy@@SAXV?$Local@VString@v8@@@v8@@V?$Local@VValue@v8@@@3@AEBV?$PropertyCallbackInfo@X@3@@Z 00000001800079a0 f   ObjectTemplateProxy.obj
 0001:00006b60       ?SetAccessor@ObjectTemplateProxy@@QEAAXHPEBGP6APEAUHandleProxy@@PEAU2@PEAG@ZP6APEAU2@121@ZW4AccessControl@v8@@W4PropertyAttribute@4@@Z 0000000180007b60 f   ObjectTemplateProxy.obj
 0001:00006cc0       ?Set@ObjectTemplateProxy@@QEAAXPEBGPEAUHandleProxy@@W4PropertyAttribute@v8@@@Z 0000000180007cc0 f   ObjectTemplateProxy.obj
 0001:00006d70       ?_Destroy@?$vector@IV?$allocator@_N@std@@@std@@IEAAXPEAI0@Z 0000000180007d70 f i V8EngineProxy.obj
 0001:00006d70       ??3@YAXPEAX0@Z             0000000180007d70 f i V8EngineProxy.obj
 0001:00006d80       ??1_Mutex_base@std@@QEAA@XZ 0000000180007d80 f i V8EngineProxy.obj
 0001:00006d90       ??0_StringItem@@QEAA@PEAVV8EngineProxy@@PEAVString@v8@@@Z 0000000180007d90 f   V8EngineProxy.obj
 0001:00006e00       ??0V8EngineProxy@@QEAA@_NP6AXXZH@Z 0000000180007e00 f   V8EngineProxy.obj
 0001:00007080       ??1recursive_mutex@std@@QEAA@XZ 0000000180008080 f i V8EngineProxy.obj
 0001:000070a0       ??1V8EngineProxy@@QEAA@XZ  00000001800080a0 f   V8EngineProxy.obj
 0001:000073d0       ?GetNativeString@V8EngineProxy@@QEAA?AU_StringItem@@PEAVString@v8@@@Z 00000001800083d0 f   V8EngineProxy.obj
 0001:00007500       ?GetHandleProxy@V8EngineProxy@@QEAAPEAUHandleProxy@@V?$Handle@VValue@v8@@@v8@@@Z 0000000180008500 f   V8EngineProxy.obj
 0001:000076e0       ?DisposeHandleProxy@V8EngineProxy@@QEAAXPEAUHandleProxy@@@Z 00000001800086e0 f   V8EngineProxy.obj
 0001:00007770       ?SetGlobalObjectTemplate@V8EngineProxy@@QEAAPEAUHandleProxy@@PEAVObjectTemplateProxy@@@Z 0000000180008770 f   V8EngineProxy.obj
 0001:00007970       ?GetErrorMessage@V8EngineProxy@@SA?AV?$Local@VString@v8@@@v8@@AEAVTryCatch@3@@Z 0000000180008970 f   V8EngineProxy.obj
 0001:00007d60       ?Execute@V8EngineProxy@@QEAAPEAUHandleProxy@@PEBGPEAG@Z 0000000180008d60 f   V8EngineProxy.obj
 0001:00007e80       ?Execute@V8EngineProxy@@QEAAPEAUHandleProxy@@V?$Handle@VScript@v8@@@v8@@@Z 0000000180008e80 f   V8EngineProxy.obj
 0001:00007f40       ?Compile@V8EngineProxy@@QEAAPEAUHandleProxy@@PEBGPEAG@Z 0000000180008f40 f   V8EngineProxy.obj
 0001:00008090       ?Call@V8EngineProxy@@QEAAPEAUHandleProxy@@PEAU2@PEBG0GPEAPEAU2@@Z 0000000180009090 f   V8EngineProxy.obj
 0001:000083c0       ?CreateError@V8EngineProxy@@QEAAPEAUHandleProxy@@PEBGW4JSValueType@@@Z 00000001800093c0 f   V8EngineProxy.obj
 0001:00008450       ?CreateArray@V8EngineProxy@@QEAAPEAUHandleProxy@@PEAPEAU2@G@Z 0000000180009450 f   V8EngineProxy.obj
 0001:00008500       ?CreateArray@V8EngineProxy@@QEAAPEAUHandleProxy@@PEAPEAGG@Z 0000000180009500 f   V8EngineProxy.obj
 0001:00008770       ?resize@?$vector@_NV?$allocator@_N@std@@@std@@QEAAX_K_N@Z 0000000180009770 f i V8EngineProxy.obj
 0001:000088f0       ?clear@?$vector@_NV?$allocator@_N@std@@@std@@QEAAXXZ 00000001800098f0 f i V8EngineProxy.obj
 0001:00008990       ??1?$vector@U_StringItem@@V?$allocator@U_StringItem@@@std@@@std@@QEAA@XZ 0000000180009990 f i V8EngineProxy.obj
 0001:00008990       ??1?$vector@PEAVWorkerThread@platform@v8@@V?$allocator@PEAVWorkerThread@platform@v8@@@std@@@std@@QEAA@XZ 0000000180009990 f i v8_libplatform:default-platform.obj
 0001:00008990       ??1?$vector@PEAUHandleProxy@@V?$allocator@PEAUHandleProxy@@@std@@@std@@QEAA@XZ 0000000180009990 f i V8EngineProxy.obj
 0001:00008990       ??1?$vector@HV?$allocator@H@std@@@std@@QEAA@XZ 0000000180009990 f i V8EngineProxy.obj
 0001:000089c0       ?push_back@?$vector@U_StringItem@@V?$allocator@U_StringItem@@@std@@@std@@QEAAXAEBU_StringItem@@@Z 00000001800099c0 f i V8EngineProxy.obj
 0001:00008a90       ?push_back@?$vector@HV?$allocator@H@std@@@std@@QEAAXAEBH@Z 0000000180009a90 f i V8EngineProxy.obj
 0001:00008b20       ?erase@?$vector@_NV?$allocator@_N@std@@@std@@QEAA?AV?$_Vb_iterator@U?$_Wrap_alloc@V?$allocator@I@std@@@std@@@2@V?$_Vb_const_iterator@U?$_Wrap_alloc@V?$allocator@I@std@@@std@@@2@0@Z 0000000180009b20 f i V8EngineProxy.obj
 0001:00008d90       ?_Insert_n@?$vector@_NV?$allocator@_N@std@@@std@@QEAA?AV?$_Vb_iterator@U?$_Wrap_alloc@V?$allocator@I@std@@@std@@@2@V?$_Vb_const_iterator@U?$_Wrap_alloc@V?$allocator@I@std@@@std@@@2@_KAEB_N@Z 0000000180009d90 f i V8EngineProxy.obj
 0001:00008f50       ?_Trim@?$vector@_NV?$allocator@_N@std@@@std@@QEAAX_K@Z 0000000180009f50 f i V8EngineProxy.obj
 0001:00009020       ??1?$_Vb_val@V?$allocator@_N@std@@@std@@QEAA@XZ 000000018000a020 f i V8EngineProxy.obj
 0001:00009070       ?_Construct_n@?$vector@U_StringItem@@V?$allocator@U_StringItem@@@std@@@std@@QEAAX_KPEBU_StringItem@@@Z 000000018000a070 f i V8EngineProxy.obj
 0001:00009100       ?_Reserve@?$vector@U_StringItem@@V?$allocator@U_StringItem@@@std@@@std@@IEAAX_K@Z 000000018000a100 f i V8EngineProxy.obj
 0001:000091d0       ?_Construct_n@?$vector@PEAUHandleProxy@@V?$allocator@PEAUHandleProxy@@@std@@@std@@QEAAX_KPEBQEAUHandleProxy@@@Z 000000018000a1d0 f i V8EngineProxy.obj
 0001:00009270       ?_Reserve@?$vector@PEAUHandleProxy@@V?$allocator@PEAUHandleProxy@@@std@@@std@@IEAAX_K@Z 000000018000a270 f i V8EngineProxy.obj
 0001:00009300       ?_Construct_n@?$vector@HV?$allocator@H@std@@@std@@QEAAX_KPEBH@Z 000000018000a300 f i V8EngineProxy.obj
 0001:000093a0       ?_Reserve@?$vector@HV?$allocator@H@std@@@std@@IEAAX_K@Z 000000018000a3a0 f i V8EngineProxy.obj
 0001:00009430       ?_Insert_x@?$vector@_NV?$allocator@_N@std@@@std@@QEAA_KV?$_Vb_const_iterator@U?$_Wrap_alloc@V?$allocator@I@std@@@std@@@2@_K@Z 000000018000a430 f i V8EngineProxy.obj
 0001:00009650       ?_Tidy@?$vector@IV?$allocator@_N@std@@@std@@IEAAXXZ 000000018000a650 f i V8EngineProxy.obj
 0001:00009650       ??1?$vector@IV?$allocator@_N@std@@@std@@QEAA@XZ 000000018000a650 f i V8EngineProxy.obj
 0001:00009690       ?_Reallocate@?$vector@U_StringItem@@V?$allocator@U_StringItem@@@std@@@std@@IEAAX_K@Z 000000018000a690 f i V8EngineProxy.obj
 0001:00009770       ?_Reallocate@?$vector@PEAUHandleProxy@@V?$allocator@PEAUHandleProxy@@@std@@@std@@IEAAX_K@Z 000000018000a770 f i V8EngineProxy.obj
 0001:00009840       ?_Reallocate@?$vector@HV?$allocator@H@std@@@std@@IEAAX_K@Z 000000018000a840 f i V8EngineProxy.obj
 0001:00009910       ?_Construct_n@?$vector@IV?$allocator@_N@std@@@std@@QEAAX_KPEBI@Z 000000018000a910 f i V8EngineProxy.obj
 0001:00009980       ?resize@?$vector@IV?$allocator@_N@std@@@std@@QEAAX_KAEBI@Z 000000018000a980 f i V8EngineProxy.obj
 0001:00009a60       ?_Buy@?$vector@IV?$allocator@_N@std@@@std@@IEAA_N_K@Z 000000018000aa60 f i V8EngineProxy.obj
 0001:00009af0       ?_Reserve@?$vector@IV?$allocator@_N@std@@@std@@IEAAX_K@Z 000000018000aaf0 f i V8EngineProxy.obj
 0001:00009b90       ?_Reallocate@?$vector@IV?$allocator@_N@std@@@std@@IEAAX_K@Z 000000018000ab90 f i V8EngineProxy.obj
 0001:00009c70       ??0?$_Wrap_alloc@V?$allocator@I@std@@@std@@QEAA@XZ 000000018000ac70 f i V8EngineProxy.obj
 0001:00009c80       ??$_Uninit_fill_n@PEAU_StringItem@@_KU1@V?$allocator@U_StringItem@@@std@@U1@@std@@YAXPEAU_StringItem@@_KPEBU1@AEAU?$_Wrap_alloc@V?$allocator@U_StringItem@@@std@@@0@0U_Nonscalar_ptr_iterator_tag@0@@Z 000000018000ac80 f i V8EngineProxy.obj
 0001:00009cd0       ??$_Uninit_move@PEAU_StringItem@@PEAU1@V?$allocator@U_StringItem@@@std@@U1@@std@@YAPEAU_StringItem@@PEAU1@00AEAU?$_Wrap_alloc@V?$allocator@U_StringItem@@@std@@@0@0U_Nonscalar_ptr_iterator_tag@0@@Z 000000018000acd0 f i V8EngineProxy.obj
 0001:00009d30       ??1HandleValue@@QEAA@XZ    000000018000ad30 f   ValueProxy.obj
 0001:00009d70       ??1Platform@v8@@UEAA@XZ    000000018000ad70 f i v8_libplatform:default-platform.obj
 0001:00009d80       ??_GPlatform@v8@@UEAAPEAXI@Z 000000018000ad80 f i v8_libplatform:default-platform.obj
 0001:00009d80       ??_EPlatform@v8@@UEAAPEAXI@Z 000000018000ad80 f i * CIL library *:* CIL module *
 0001:00009db0       ??_G_Generic_error_category@std@@UEAAPEAXI@Z 000000018000adb0 f i v8_libplatform:default-platform.obj
 0001:00009db0       ??_G_System_error_category@std@@UEAAPEAXI@Z 000000018000adb0 f i v8_libplatform:default-platform.obj
 0001:00009db0       ??_E_System_error_category@std@@UEAAPEAXI@Z 000000018000adb0 f i * CIL library *:* CIL module *
 0001:00009db0       ??_Eerror_category@std@@UEAAPEAXI@Z 000000018000adb0 f i * CIL library *:* CIL module *
 0001:00009db0       ??_G_Iostream_error_category@std@@UEAAPEAXI@Z 000000018000adb0 f i v8_libplatform:default-platform.obj
 0001:00009db0       ??_E_Iostream_error_category@std@@UEAAPEAXI@Z 000000018000adb0 f i * CIL library *:* CIL module *
 0001:00009db0       ??_E_Generic_error_category@std@@UEAAPEAXI@Z 000000018000adb0 f i * CIL library *:* CIL module *
 0001:00009db0       ??_Gerror_category@std@@UEAAPEAXI@Z 000000018000adb0 f i v8_libplatform:default-platform.obj
 0001:00009de0       ?default_error_condition@error_category@std@@UEBA?AVerror_condition@2@H@Z 000000018000ade0 f i v8_libplatform:default-platform.obj
 0001:00009df0       ?equivalent@error_category@std@@UEBA_NHAEBVerror_condition@2@@Z 000000018000adf0 f i v8_libplatform:default-platform.obj
 0001:00009e30       ?equivalent@error_category@std@@UEBA_NAEBVerror_code@2@H@Z 000000018000ae30 f i v8_libplatform:default-platform.obj
 0001:00009e50       ?name@_Generic_error_category@std@@UEBAPEBDXZ 000000018000ae50 f i v8_libplatform:default-platform.obj
 0001:00009e60       ?message@_Generic_error_category@std@@UEBA?AV?$basic_string@DU?$char_traits@D@std@@V?$allocator@D@2@@2@H@Z 000000018000ae60 f i v8_libplatform:default-platform.obj
 0001:00009ed0       ?name@_Iostream_error_category@std@@UEBAPEBDXZ 000000018000aed0 f i v8_libplatform:default-platform.obj
 0001:00009ee0       ?message@_Iostream_error_category@std@@UEBA?AV?$basic_string@DU?$char_traits@D@std@@V?$allocator@D@2@@2@H@Z 000000018000aee0 f i v8_libplatform:default-platform.obj
 0001:00009f30       ?name@_System_error_category@std@@UEBAPEBDXZ 000000018000af30 f i v8_libplatform:default-platform.obj
 0001:00009f40       ?message@_System_error_category@std@@UEBA?AV?$basic_string@DU?$char_traits@D@std@@V?$allocator@D@2@@2@H@Z 000000018000af40 f i v8_libplatform:default-platform.obj
 0001:00009fb0       ?default_error_condition@_System_error_category@std@@UEBA?AVerror_condition@2@H@Z 000000018000afb0 f i v8_libplatform:default-platform.obj
 0001:00009ff0       ?CreateDefaultPlatform@platform@v8@@YAPEAVPlatform@2@H@Z 000000018000aff0 f   v8_libplatform:default-platform.obj
 0001:0000a040       ??0DefaultPlatform@platform@v8@@QEAA@XZ 000000018000b040 f   v8_libplatform:default-platform.obj
 0001:0000a0c0       ??_EDefaultPlatform@platform@v8@@UEAAPEAXI@Z 000000018000b0c0 f i * CIL library *:* CIL module *
 0001:0000a0c0       ??_GDefaultPlatform@platform@v8@@UEAAPEAXI@Z 000000018000b0c0 f i v8_libplatform:default-platform.obj
 0001:0000a0f0       ??1?$map@PEAVIsolate@v8@@V?$queue@PEAVTask@v8@@V?$deque@PEAVTask@v8@@V?$allocator@PEAVTask@v8@@@std@@@std@@@std@@U?$less@PEAVIsolate@v8@@@4@V?$allocator@U?$pair@QEAVIsolate@v8@@V?$queue@PEAVTask@v8@@V?$deque@PEAVTask@v8@@V?$allocator@PEAVTask@v8@@@std@@@std@@@std@@@std@@@4@@std@@QEAA@XZ 000000018000b0f0 f i v8_libplatform:default-platform.obj
 0001:0000a120       ??1DefaultPlatform@platform@v8@@UEAA@XZ 000000018000b120 f   v8_libplatform:default-platform.obj
 0001:0000a3e0       ?SetThreadPoolSize@DefaultPlatform@platform@v8@@QEAAXH@Z 000000018000b3e0 f   v8_libplatform:default-platform.obj
 0001:0000a480       ?EnsureInitialized@DefaultPlatform@platform@v8@@QEAAXXZ 000000018000b480 f   v8_libplatform:default-platform.obj
 0001:0000a5a0       ?CallOnBackgroundThread@DefaultPlatform@platform@v8@@UEAAXPEAVTask@3@W4ExpectedRuntime@Platform@3@@Z 000000018000b5a0 f   v8_libplatform:default-platform.obj
 0001:0000a610       ?CallOnForegroundThread@DefaultPlatform@platform@v8@@UEAAXPEAVIsolate@3@PEAVTask@3@@Z 000000018000b610 f   v8_libplatform:default-platform.obj
 0001:0000a6e0       ??1?$LockGuard@VMutex@base@v8@@@base@v8@@QEAA@XZ 000000018000b6e0 f i v8_libplatform:default-platform.obj
 0001:0000a6f0       ?assign@?$basic_string@DU?$char_traits@D@std@@V?$allocator@D@2@@std@@QEAAAEAV12@AEBV12@_K1@Z 000000018000b6f0 f i v8_libplatform:default-platform.obj
 0001:0000a7d0       ?push_back@?$deque@PEAVTask@v8@@V?$allocator@PEAVTask@v8@@@std@@@std@@QEAAXAEBQEAVTask@v8@@@Z 000000018000b7d0 f i v8_libplatform:default-platform.obj
 0001:0000a8a0       ?_Reserve@?$vector@PEAVWorkerThread@platform@v8@@V?$allocator@PEAVWorkerThread@platform@v8@@@std@@@std@@IEAAX_K@Z 000000018000b8a0 f i v8_libplatform:default-platform.obj
 0001:0000a930       ?assign@?$basic_string@DU?$char_traits@D@std@@V?$allocator@D@2@@std@@QEAAAEAV12@PEBD_K@Z 000000018000b930 f i v8_libplatform:default-platform.obj
 0001:0000aa00       ?erase@?$basic_string@DU?$char_traits@D@std@@V?$allocator@D@2@@std@@QEAAAEAV12@_K0@Z 000000018000ba00 f i v8_libplatform:default-platform.obj
 0001:0000aab0       ?_Grow@?$basic_string@DU?$char_traits@D@std@@V?$allocator@D@2@@std@@QEAA_N_K_N@Z 000000018000bab0 f i v8_libplatform:default-platform.obj
 0001:0000ab20       ?begin@?$deque@PEAVTask@v8@@V?$allocator@PEAVTask@v8@@@std@@@std@@QEAA?AV?$_Deque_iterator@V?$_Deque_val@U?$_Deque_simple_types@PEAVTask@v8@@@std@@@std@@@2@XZ 000000018000bb20 f i v8_libplatform:default-platform.obj
 0001:0000ab40       ?_Growmap@?$deque@PEAVTask@v8@@V?$allocator@PEAVTask@v8@@@std@@@std@@IEAAX_K@Z 000000018000bb40 f i v8_libplatform:default-platform.obj
 0001:0000ad00       ?_Reallocate@?$vector@PEAVWorkerThread@platform@v8@@V?$allocator@PEAVWorkerThread@platform@v8@@@std@@@std@@IEAAX_K@Z 000000018000bd00 f i v8_libplatform:default-platform.obj
 0001:0000add0       ?erase@?$_Tree@V?$_Tmap_traits@PEAVIsolate@v8@@V?$queue@PEAVTask@v8@@V?$deque@PEAVTask@v8@@V?$allocator@PEAVTask@v8@@@std@@@std@@@std@@U?$less@PEAVIsolate@v8@@@4@V?$allocator@U?$pair@QEAVIsolate@v8@@V?$queue@PEAVTask@v8@@V?$deque@PEAVTask@v8@@V?$allocator@PEAVTask@v8@@@std@@@std@@@std@@@std@@@4@$0A@@std@@@std@@QEAA?AV?$_Tree_iterator@V?$_Tree_val@U?$_Tree_simple_types@U?$pair@QEAVIsolate@v8@@V?$queue@PEAVTask@v8@@V?$deque@PEAVTask@v8@@V?$allocator@PEAVTask@v8@@@std@@@std@@@std@@@std@@@std@@@std@@@2@V?$_Tree_const_iterator@V?$_Tree_val@U?$_Tree_simple_types@U?$pair@QEAVIsolate@v8@@V?$queue@PEAVTask@v8@@V?$deque@PEAVTask@v8@@V?$allocator@PEAVTask@v8@@@std@@@std@@@std@@@std@@@std@@@std@@@2@0@Z 000000018000bdd0 f i v8_libplatform:default-platform.obj
 0001:0000aed0       ?_Copy@?$basic_string@DU?$char_traits@D@std@@V?$allocator@D@2@@std@@QEAAX_K0@Z 000000018000bed0 f i v8_libplatform:default-platform.obj
 0001:0000afe0       ?erase@?$_Tree@V?$_Tmap_traits@PEAVIsolate@v8@@V?$queue@PEAVTask@v8@@V?$deque@PEAVTask@v8@@V?$allocator@PEAVTask@v8@@@std@@@std@@@std@@U?$less@PEAVIsolate@v8@@@4@V?$allocator@U?$pair@QEAVIsolate@v8@@V?$queue@PEAVTask@v8@@V?$deque@PEAVTask@v8@@V?$allocator@PEAVTask@v8@@@std@@@std@@@std@@@std@@@4@$0A@@std@@@std@@QEAA?AV?$_Tree_iterator@V?$_Tree_val@U?$_Tree_simple_types@U?$pair@QEAVIsolate@v8@@V?$queue@PEAVTask@v8@@V?$deque@PEAVTask@v8@@V?$allocator@PEAVTask@v8@@@std@@@std@@@std@@@std@@@std@@@std@@@2@V?$_Tree_const_iterator@V?$_Tree_val@U?$_Tree_simple_types@U?$pair@QEAVIsolate@v8@@V?$queue@PEAVTask@v8@@V?$deque@PEAVTask@v8@@V?$allocator@PEAVTask@v8@@@std@@@std@@@std@@@std@@@std@@@std@@@2@@Z 000000018000bfe0 f i v8_libplatform:default-platform.obj
 0001:0000b4a0       ?_Erase@?$_Tree@V?$_Tmap_traits@PEAVIsolate@v8@@V?$queue@PEAVTask@v8@@V?$deque@PEAVTask@v8@@V?$allocator@PEAVTask@v8@@@std@@@std@@@std@@U?$less@PEAVIsolate@v8@@@4@V?$allocator@U?$pair@QEAVIsolate@v8@@V?$queue@PEAVTask@v8@@V?$deque@PEAVTask@v8@@V?$allocator@PEAVTask@v8@@@std@@@std@@@std@@@std@@@4@$0A@@std@@@std@@IEAAXPEAU?$_Tree_node@U?$pair@QEAVIsolate@v8@@V?$queue@PEAVTask@v8@@V?$deque@PEAVTask@v8@@V?$allocator@PEAVTask@v8@@@std@@@std@@@std@@@std@@PEAX@2@@Z 000000018000c4a0 f i v8_libplatform:default-platform.obj
 0001:0000b580       ?_Lrotate@?$_Tree@V?$_Tmap_traits@PEAVIsolate@v8@@V?$queue@PEAVTask@v8@@V?$deque@PEAVTask@v8@@V?$allocator@PEAVTask@v8@@@std@@@std@@@std@@U?$less@PEAVIsolate@v8@@@4@V?$allocator@U?$pair@QEAVIsolate@v8@@V?$queue@PEAVTask@v8@@V?$deque@PEAVTask@v8@@V?$allocator@PEAVTask@v8@@@std@@@std@@@std@@@std@@@4@$0A@@std@@@std@@IEAAXPEAU?$_Tree_node@U?$pair@QEAVIsolate@v8@@V?$queue@PEAVTask@v8@@V?$deque@PEAVTask@v8@@V?$allocator@PEAVTask@v8@@@std@@@std@@@std@@@std@@PEAX@2@@Z 000000018000c580 f i v8_libplatform:default-platform.obj
 0001:0000b5e0       ?_Rrotate@?$_Tree@V?$_Tmap_traits@PEAVIsolate@v8@@V?$queue@PEAVTask@v8@@V?$deque@PEAVTask@v8@@V?$allocator@PEAVTask@v8@@@std@@@std@@@std@@U?$less@PEAVIsolate@v8@@@4@V?$allocator@U?$pair@QEAVIsolate@v8@@V?$queue@PEAVTask@v8@@V?$deque@PEAVTask@v8@@V?$allocator@PEAVTask@v8@@@std@@@std@@@std@@@std@@@4@$0A@@std@@@std@@IEAAXPEAU?$_Tree_node@U?$pair@QEAVIsolate@v8@@V?$queue@PEAVTask@v8@@V?$deque@PEAVTask@v8@@V?$allocator@PEAVTask@v8@@@std@@@std@@@std@@@std@@PEAX@2@@Z 000000018000c5e0 f i v8_libplatform:default-platform.obj
 0001:0000b640       ?_Buyheadnode@?$_Tree_alloc@$0A@U?$_Tree_base_types@U?$pair@QEAVIsolate@v8@@V?$queue@PEAVTask@v8@@V?$deque@PEAVTask@v8@@V?$allocator@PEAVTask@v8@@@std@@@std@@@std@@@std@@V?$allocator@U?$pair@QEAVIsolate@v8@@V?$queue@PEAVTask@v8@@V?$deque@PEAVTask@v8@@V?$allocator@PEAVTask@v8@@@std@@@std@@@std@@@std@@@2@@std@@@std@@QEAAPEAU?$_Tree_node@U?$pair@QEAVIsolate@v8@@V?$queue@PEAVTask@v8@@V?$deque@PEAVTask@v8@@V?$allocator@PEAVTask@v8@@@std@@@std@@@std@@@std@@PEAX@2@XZ 000000018000c640 f i v8_libplatform:default-platform.obj
 0001:0000b6a0       ??$_Buynode@AEBUpiecewise_construct_t@std@@V?$tuple@AEBQEAVIsolate@v8@@@2@V?$tuple@$$$V@2@@?$_Tree_buy@U?$pair@QEAVIsolate@v8@@V?$queue@PEAVTask@v8@@V?$deque@PEAVTask@v8@@V?$allocator@PEAVTask@v8@@@std@@@std@@@std@@@std@@V?$allocator@U?$pair@QEAVIsolate@v8@@V?$queue@PEAVTask@v8@@V?$deque@PEAVTask@v8@@V?$allocator@PEAVTask@v8@@@std@@@std@@@std@@@std@@@2@@std@@QEAAPEAU?$_Tree_node@U?$pair@QEAVIsolate@v8@@V?$queue@PEAVTask@v8@@V?$deque@PEAVTask@v8@@V?$allocator@PEAVTask@v8@@@std@@@std@@@std@@@std@@PEAX@1@AEBUpiecewise_construct_t@1@$$QEAV?$tuple@AEBQEAVIsolate@v8@@@1@$$QEAV?$tuple@$$$V@1@@Z 000000018000c6a0 f i v8_libplatform:default-platform.obj
 0001:0000b760       ??$_Insert_hint@AEAU?$pair@QEAVIsolate@v8@@V?$queue@PEAVTask@v8@@V?$deque@PEAVTask@v8@@V?$allocator@PEAVTask@v8@@@std@@@std@@@std@@@std@@PEAU?$_Tree_node@U?$pair@QEAVIsolate@v8@@V?$queue@PEAVTask@v8@@V?$deque@PEAVTask@v8@@V?$allocator@PEAVTask@v8@@@std@@@std@@@std@@@std@@PEAX@2@@?$_Tree@V?$_Tmap_traits@PEAVIsolate@v8@@V?$queue@PEAVTask@v8@@V?$deque@PEAVTask@v8@@V?$allocator@PEAVTask@v8@@@std@@@std@@@std@@U?$less@PEAVIsolate@v8@@@4@V?$allocator@U?$pair@QEAVIsolate@v8@@V?$queue@PEAVTask@v8@@V?$deque@PEAVTask@v8@@V?$allocator@PEAVTask@v8@@@std@@@std@@@std@@@std@@@4@$0A@@std@@@std@@IEAA?AV?$_Tree_iterator@V?$_Tree_val@U?$_Tree_simple_types@U?$pair@QEAVIsolate@v8@@V?$queue@PEAVTask@v8@@V?$deque@PEAVTask@v8@@V?$allocator@PEAVTask@v8@@@std@@@std@@@std@@@std@@@std@@@std@@@1@V?$_Tree_const_iterator@V?$_Tree_val@U?$_Tree_simple_types@U?$pair@QEAVIsolate@v8@@V?$queue@PEAVTask@v8@@V?$deque@PEAVTask@v8@@V?$allocator@PEAVTask@v8@@@std@@@std@@@std@@@std@@@std@@@std@@@1@AEAU?$pair@QEAVIsolate@v8@@V?$queue@PEAVTask@v8@@V?$deque@PEAVTask@v8@@V?$allocator@PEAVTask@v8@@@std@@@std@@@std@@@1@PEAU?$_Tree_node@U?$pair@QEAVIsolate@v8@@V?$queue@PEAVTask@v8@@V?$deque@PEAVTask@v8@@V?$allocator@PEAVTask@v8@@@std@@@std@@@std@@@std@@PEAX@1@@Z 000000018000c760 f i v8_libplatform:default-platform.obj
 0001:0000b980       ?_Destroy_if_not_nil@?$_Tree@V?$_Tmap_traits@PEAVIsolate@v8@@V?$queue@PEAVTask@v8@@V?$deque@PEAVTask@v8@@V?$allocator@PEAVTask@v8@@@std@@@std@@@std@@U?$less@PEAVIsolate@v8@@@4@V?$allocator@U?$pair@QEAVIsolate@v8@@V?$queue@PEAVTask@v8@@V?$deque@PEAVTask@v8@@V?$allocator@PEAVTask@v8@@@std@@@std@@@std@@@std@@@4@$0A@@std@@@std@@IEAAXPEAU?$_Tree_node@U?$pair@QEAVIsolate@v8@@V?$queue@PEAVTask@v8@@V?$deque@PEAVTask@v8@@V?$allocator@PEAVTask@v8@@@std@@@std@@@std@@@std@@PEAX@2@@Z 000000018000c980 f i v8_libplatform:default-platform.obj
 0001:0000b9c0       ?_Buynode0@?$_Tree_buy@U?$pair@QEAVIsolate@v8@@V?$queue@PEAVTask@v8@@V?$deque@PEAVTask@v8@@V?$allocator@PEAVTask@v8@@@std@@@std@@@std@@@std@@V?$allocator@U?$pair@QEAVIsolate@v8@@V?$queue@PEAVTask@v8@@V?$deque@PEAVTask@v8@@V?$allocator@PEAVTask@v8@@@std@@@std@@@std@@@std@@@2@@std@@QEAAPEAU?$_Tree_node@U?$pair@QEAVIsolate@v8@@V?$queue@PEAVTask@v8@@V?$deque@PEAVTask@v8@@V?$allocator@PEAVTask@v8@@@std@@@std@@@std@@@std@@PEAX@2@XZ 000000018000c9c0 f i v8_libplatform:default-platform.obj
 0001:0000ba20       ??$_Insert_at@AEAU?$pair@QEAVIsolate@v8@@V?$queue@PEAVTask@v8@@V?$deque@PEAVTask@v8@@V?$allocator@PEAVTask@v8@@@std@@@std@@@std@@@std@@PEAU?$_Tree_node@U?$pair@QEAVIsolate@v8@@V?$queue@PEAVTask@v8@@V?$deque@PEAVTask@v8@@V?$allocator@PEAVTask@v8@@@std@@@std@@@std@@@std@@PEAX@2@@?$_Tree@V?$_Tmap_traits@PEAVIsolate@v8@@V?$queue@PEAVTask@v8@@V?$deque@PEAVTask@v8@@V?$allocator@PEAVTask@v8@@@std@@@std@@@std@@U?$less@PEAVIsolate@v8@@@4@V?$allocator@U?$pair@QEAVIsolate@v8@@V?$queue@PEAVTask@v8@@V?$deque@PEAVTask@v8@@V?$allocator@PEAVTask@v8@@@std@@@std@@@std@@@std@@@4@$0A@@std@@@std@@IEAA?AV?$_Tree_iterator@V?$_Tree_val@U?$_Tree_simple_types@U?$pair@QEAVIsolate@v8@@V?$queue@PEAVTask@v8@@V?$deque@PEAVTask@v8@@V?$allocator@PEAVTask@v8@@@std@@@std@@@std@@@std@@@std@@@std@@@1@_NPEAU?$_Tree_node@U?$pair@QEAVIsolate@v8@@V?$queue@PEAVTask@v8@@V?$deque@PEAVTask@v8@@V?$allocator@PEAVTask@v8@@@std@@@std@@@std@@@std@@PEAX@1@AEAU?$pair@QEAVIsolate@v8@@V?$queue@PEAVTask@v8@@V?$deque@PEAVTask@v8@@V?$allocator@PEAVTask@v8@@@std@@@std@@@std@@@1@1@Z 000000018000ca20 f i v8_libplatform:default-platform.obj
 0001:0000bcf0       ??$_Insert_nohint@AEAU?$pair@QEAVIsolate@v8@@V?$queue@PEAVTask@v8@@V?$deque@PEAVTask@v8@@V?$allocator@PEAVTask@v8@@@std@@@std@@@std@@@std@@PEAU?$_Tree_node@U?$pair@QEAVIsolate@v8@@V?$queue@PEAVTask@v8@@V?$deque@PEAVTask@v8@@V?$allocator@PEAVTask@v8@@@std@@@std@@@std@@@std@@PEAX@2@@?$_Tree@V?$_Tmap_traits@PEAVIsolate@v8@@V?$queue@PEAVTask@v8@@V?$deque@PEAVTask@v8@@V?$allocator@PEAVTask@v8@@@std@@@std@@@std@@U?$less@PEAVIsolate@v8@@@4@V?$allocator@U?$pair@QEAVIsolate@v8@@V?$queue@PEAVTask@v8@@V?$deque@PEAVTask@v8@@V?$allocator@PEAVTask@v8@@@std@@@std@@@std@@@std@@@4@$0A@@std@@@std@@IEAA?AU?$pair@V?$_Tree_iterator@V?$_Tree_val@U?$_Tree_simple_types@U?$pair@QEAVIsolate@v8@@V?$queue@PEAVTask@v8@@V?$deque@PEAVTask@v8@@V?$allocator@PEAVTask@v8@@@std@@@std@@@std@@@std@@@std@@@std@@@std@@_N@1@_NAEAU?$pair@QEAVIsolate@v8@@V?$queue@PEAVTask@v8@@V?$deque@PEAVTask@v8@@V?$allocator@PEAVTask@v8@@@std@@@std@@@std@@@1@PEAU?$_Tree_node@U?$pair@QEAVIsolate@v8@@V?$queue@PEAVTask@v8@@V?$deque@PEAVTask@v8@@V?$allocator@PEAVTask@v8@@@std@@@std@@@std@@@std@@PEAX@1@@Z 000000018000ccf0 f i v8_libplatform:default-platform.obj
 0001:0000be70       ??1?$pair@QEAVIsolate@v8@@V?$queue@PEAVTask@v8@@V?$deque@PEAVTask@v8@@V?$allocator@PEAVTask@v8@@@std@@@std@@@std@@@std@@QEAA@XZ 000000018000ce70 f i v8_libplatform:default-platform.obj
 0001:0000bea0       ??1?$deque@PEAVTask@v8@@V?$allocator@PEAVTask@v8@@@std@@@std@@QEAA@XZ 000000018000cea0 f i v8_libplatform:default-platform.obj
 0001:0000bea0       ??1?$queue@PEAVTask@v8@@V?$deque@PEAVTask@v8@@V?$allocator@PEAVTask@v8@@@std@@@std@@@std@@QEAA@XZ 000000018000cea0 f i v8_libplatform:default-platform.obj
 0001:0000bed0       ?_Tidy@?$deque@PEAVTask@v8@@V?$allocator@PEAVTask@v8@@@std@@@std@@IEAAXXZ 000000018000ced0 f i v8_libplatform:default-platform.obj
 0001:0000bf60       ??1?$_Deque_alloc@$0A@U?$_Deque_base_types@PEAVTask@v8@@V?$allocator@PEAVTask@v8@@@std@@@std@@@std@@QEAA@XZ 000000018000cf60 f i v8_libplatform:default-platform.obj
 0001:0000bf80       ??0TaskQueue@platform@v8@@QEAA@XZ 000000018000cf80 f   v8_libplatform:task-queue.obj
 0001:0000c020       ??1TaskQueue@platform@v8@@QEAA@XZ 000000018000d020 f   v8_libplatform:task-queue.obj
 0001:0000c080       ??0WorkerThread@platform@v8@@QEAA@PEAVTaskQueue@12@@Z 000000018000d080 f   v8_libplatform:worker-thread.obj
 0001:0000c130       ??_GWorkerThread@platform@v8@@UEAAPEAXI@Z 000000018000d130 f i v8_libplatform:worker-thread.obj
 0001:0000c130       ??_EWorkerThread@platform@v8@@UEAAPEAXI@Z 000000018000d130 f i * CIL library *:* CIL module *
 0001:0000c1c0       ?Run@WorkerThread@platform@v8@@UEAAXXZ 000000018000d1c0 f   v8_libplatform:worker-thread.obj
 0001:0000c2d0       ??1Mutex@base@v8@@QEAA@XZ  000000018000d2d0 f   v8_libbase:mutex.obj
 0001:0000c2e0       ??1Semaphore@base@v8@@QEAA@XZ 000000018000d2e0 f   v8_libbase:semaphore.obj
 0001:0000c330       ??_EThread@base@v8@@UEAAPEAXI@Z 000000018000d330 f i * CIL library *:* CIL module *
 0001:0000c330       ??_GThread@base@v8@@UEAAPEAXI@Z 000000018000d330 f i v8_libbase:platform-win32.obj
 0001:0000c384       ??_U@YAPEAX_K@Z            000000018000d384 f   msvcprt:newaop_s.obj
 0001:0000c3a0       __security_check_cookie    000000018000d3a0 f   MSVCRT:amdsecgs.obj
 0001:0000c3c0       ??1exception@std@@UEAA@XZ  000000018000d3c0 f   MSVCRT:MSVCR120.dll
 0001:0000c3c6       ??0exception@std@@QEAA@AEBV01@@Z 000000018000d3c6 f   MSVCRT:MSVCR120.dll
 0001:0000c3cc       ??3@YAXPEAX@Z              000000018000d3cc f   MSVCRT:MSVCR120.dll
 0001:0000c3d4       ??_Etype_info@@UEAAPEAXI@Z 000000018000d3d4 f i MSVCRT:ti_inst.obj
 0001:0000c43e       ??2@YAPEAX_K@Z             000000018000d43e f   MSVCRT:MSVCR120.dll
 0001:0000c444       __atonexitinit             000000018000d444 f   MSVCRT:atonexit.obj
 0001:0000c494       _onexit                    000000018000d494 f   MSVCRT:atonexit.obj
 0001:0000c544       atexit                     000000018000d544 f   MSVCRT:atonexit.obj
 0001:0000c5bc       _CRT_INIT                  000000018000d5bc f   MSVCRT:crtdll.obj
 0001:0000c808       _DllMainCRTStartup         000000018000d808 f   MSVCRT:crtdll.obj
 0001:0000c97e       _purecall                  000000018000d97e f   MSVCRT:MSVCR120.dll
 0001:0000c984       __raise_securityfailure    000000018000d984 f   MSVCRT:gs_report.obj
 0001:0000c9d0       __report_gsfailure         000000018000d9d0 f   MSVCRT:gs_report.obj
 0001:0000caa4       ??_M@YAXPEAX_KHP6AX0@Z@Z   000000018000daa4 f   MSVCRT:ehvecdtr.obj
 0001:0000cb04       ?__ArrayUnwind@@YAXPEAX_KHP6AX0@Z@Z 000000018000db04 f   MSVCRT:ehvecdtr.obj
 0001:0000cb4e       _lock                      000000018000db4e f   MSVCRT:MSVCR120.dll
 0001:0000cb54       _unlock                    000000018000db54 f   MSVCRT:MSVCR120.dll
 0001:0000cb5a       __dllonexit                000000018000db5a f   MSVCRT:MSVCR120.dll
 0001:0000cb60       __C_specific_handler       000000018000db60 f   MSVCRT:MSVCR120.dll
 0001:0000cb66       __CppXcptFilter            000000018000db66 f   MSVCRT:MSVCR120.dll
 0001:0000cb6c       _amsg_exit                 000000018000db6c f   MSVCRT:MSVCR120.dll
 0001:0000cb80       _FindPESection             000000018000db80 f   MSVCRT:pesect.obj
 0001:0000cbd0       _IsNonwritableInCurrentImage 000000018000dbd0 f   MSVCRT:pesect.obj
 0001:0000cc20       _ValidateImageBase         000000018000dc20 f   MSVCRT:pesect.obj
 0001:0000cc50       __security_init_cookie     000000018000dc50 f   MSVCRT:gs_support.obj
 0001:0000ccfc       DllMain                    000000018000dcfc f   MSVCRT:dllmain.obj
 0001:0000cd20       _RTC_Initialize            000000018000dd20 f   MSVCRT:initsect.obj
 0001:0000cd58       _RTC_Terminate             000000018000dd58 f   MSVCRT:initsect.obj
 0001:0000cd90       _initterm                  000000018000dd90 f   MSVCRT:MSVCR120.dll
 0001:0000cd96       _initterm_e                000000018000dd96 f   MSVCRT:MSVCR120.dll
 0001:0000cd9c       __clean_type_info_names    000000018000dd9c f   MSVCRT:tncleanup.obj
 0001:0000cda8       __crt_debugger_hook        000000018000dda8 f   MSVCRT:MSVCR120.dll
 0001:0000cdae       __crtUnhandledException    000000018000ddae f   MSVCRT:MSVCR120.dll
 0001:0000cdb4       __crtTerminateProcess      000000018000ddb4 f   MSVCRT:MSVCR120.dll
 0001:0000cdba       __crtCapturePreviousContext 000000018000ddba f   MSVCRT:MSVCR120.dll
 0001:0000cdc0       ?terminate@@YAXXZ          000000018000ddc0 f   MSVCRT:MSVCR120.dll
 0001:0000cdc6       ?_type_info_dtor_internal_method@type_info@@QEAAXXZ 000000018000ddc6 f   MSVCRT:MSVCR120.dll
 0001:0000cdc6       ??1type_info@@UEAA@XZ      000000018000ddc6 f   MSVCRT:MSVCR120.dll
 0001:0000cdcc       __clean_type_info_names_internal 000000018000ddcc f   MSVCRT:MSVCR120.dll
 0001:0000cdd2       IsProcessorFeaturePresent  000000018000ddd2 f   kernel32:KERNEL32.dll
 0001:0000cdd8       _CxxThrowException         000000018000ddd8 f   MSVCRT:MSVCR120.dll
 0001:0000cdde       __CxxFrameHandler3         000000018000ddde f   MSVCRT:MSVCR120.dll
 0001:0000cde4       memcpy                     000000018000dde4 f   MSVCRT:MSVCR120.dll
 0001:0000cdea       memset                     000000018000ddea f   MSVCRT:MSVCR120.dll
 0002:00000000       __imp_GetSystemTimeAsFileTime 0000000180010000     kernel32:KERNEL32.dll
 0002:00000008       __imp_GlobalFree           0000000180010008     kernel32:KERNEL32.dll
 0002:00000010       __imp_GlobalReAlloc        0000000180010010     kernel32:KERNEL32.dll
 0002:00000018       __imp_EncodePointer        0000000180010018     kernel32:KERNEL32.dll
 0002:00000020       __imp_DecodePointer        0000000180010020     kernel32:KERNEL32.dll
 0002:00000028       __imp_IsDebuggerPresent    0000000180010028     kernel32:KERNEL32.dll
 0002:00000030       __imp_IsProcessorFeaturePresent 0000000180010030     kernel32:KERNEL32.dll
 0002:00000038       __imp_QueryPerformanceCounter 0000000180010038     kernel32:KERNEL32.dll
 0002:00000040       __imp_GetCurrentProcessId  0000000180010040     kernel32:KERNEL32.dll
 0002:00000048       __imp_GetCurrentThreadId   0000000180010048     kernel32:KERNEL32.dll
 0002:00000050       __imp_GlobalAlloc          0000000180010050     kernel32:KERNEL32.dll
 0002:00000058       __imp_DisableThreadLibraryCalls 0000000180010058     kernel32:KERNEL32.dll
 0002:00000060       __imp_GetNativeSystemInfo  0000000180010060     kernel32:KERNEL32.dll
 0002:00000068       __imp_CloseHandle          0000000180010068     kernel32:KERNEL32.dll
 0002:00000070       __imp_ReleaseSemaphore     0000000180010070     kernel32:KERNEL32.dll
 0002:00000078       __imp_CreateSemaphoreA     0000000180010078     kernel32:KERNEL32.dll
 0002:00000080       __imp_WaitForSingleObject  0000000180010080     kernel32:KERNEL32.dll
 0002:00000088       __imp_DeleteCriticalSection 0000000180010088     kernel32:KERNEL32.dll
 0002:00000090       __imp_EnterCriticalSection 0000000180010090     kernel32:KERNEL32.dll
 0002:00000098       __imp_LeaveCriticalSection 0000000180010098     kernel32:KERNEL32.dll
 0002:000000a0       __imp_InitializeCriticalSection 00000001800100a0     kernel32:KERNEL32.dll
 0002:000000a8       \177KERNEL32_NULL_THUNK_DATA 00000001800100a8     kernel32:KERNEL32.dll
 0002:000000b0       __imp__Mtx_unlock          00000001800100b0     msvcprt:MSVCP120.dll
 0002:000000b8       __imp__Mtx_lock            00000001800100b8     msvcprt:MSVCP120.dll
 0002:000000c0       __imp_?_Xbad_alloc@std@@YAXXZ 00000001800100c0     msvcprt:MSVCP120.dll
 0002:000000c8       __imp_?_Xout_of_range@std@@YAXPEBD@Z 00000001800100c8     msvcprt:MSVCP120.dll
 0002:000000d0       __imp_?_Xlength_error@std@@YAXPEBD@Z 00000001800100d0     msvcprt:MSVCP120.dll
 0002:000000d8       __imp__Mtx_destroy         00000001800100d8     msvcprt:MSVCP120.dll
 0002:000000e0       __imp__Mtx_init            00000001800100e0     msvcprt:MSVCP120.dll
 0002:000000e8       __imp_?_Winerror_map@std@@YAPEBDH@Z 00000001800100e8     msvcprt:MSVCP120.dll
 0002:000000f0       __imp_?_Syserror_map@std@@YAPEBDH@Z 00000001800100f0     msvcprt:MSVCP120.dll
 0002:000000f8       __imp_?_Throw_C_error@std@@YAXH@Z 00000001800100f8     msvcprt:MSVCP120.dll
 0002:00000100       \177MSVCP120_NULL_THUNK_DATA 0000000180010100     msvcprt:MSVCP120.dll
 0002:00000108       __imp___crtTerminateProcess 0000000180010108     MSVCRT:MSVCR120.dll
 0002:00000110       __imp___crtUnhandledException 0000000180010110     MSVCRT:MSVCR120.dll
 0002:00000118       __imp___crt_debugger_hook  0000000180010118     MSVCRT:MSVCR120.dll
 0002:00000120       __imp__initterm_e          0000000180010120     MSVCRT:MSVCR120.dll
 0002:00000128       __imp__initterm            0000000180010128     MSVCRT:MSVCR120.dll
 0002:00000130       __imp__malloc_crt          0000000180010130     MSVCRT:MSVCR120.dll
 0002:00000138       __imp_free                 0000000180010138     MSVCRT:MSVCR120.dll
 0002:00000140       __imp__amsg_exit           0000000180010140     MSVCRT:MSVCR120.dll
 0002:00000148       __imp___CppXcptFilter      0000000180010148     MSVCRT:MSVCR120.dll
 0002:00000150       __imp__onexit              0000000180010150     MSVCRT:MSVCR120.dll
 0002:00000158       __imp___C_specific_handler 0000000180010158     MSVCRT:MSVCR120.dll
 0002:00000160       __imp___crtCapturePreviousContext 0000000180010160     MSVCRT:MSVCR120.dll
 0002:00000168       __imp__calloc_crt          0000000180010168     MSVCRT:MSVCR120.dll
 0002:00000170       __imp__unlock              0000000180010170     MSVCRT:MSVCR120.dll
 0002:00000178       __imp__lock                0000000180010178     MSVCRT:MSVCR120.dll
 0002:00000180       __imp__purecall            0000000180010180     MSVCRT:MSVCR120.dll
 0002:00000188       __imp_memmove              0000000180010188     MSVCRT:MSVCR120.dll
 0002:00000190       __imp_?what@exception@std@@UEBAPEBDXZ 0000000180010190     MSVCRT:MSVCR120.dll
 0002:00000198       __imp_??2@YAPEAX_K@Z       0000000180010198     MSVCRT:MSVCR120.dll
 0002:000001a0       __imp_??3@YAXPEAX@Z        00000001800101a0     MSVCRT:MSVCR120.dll
 0002:000001a8       __imp_??_V@YAXPEAX@Z       00000001800101a8     MSVCRT:MSVCR120.dll
 0002:000001b0       __imp_??0exception@std@@QEAA@AEBV01@@Z 00000001800101b0     MSVCRT:MSVCR120.dll
 0002:000001b8       __imp_??0exception@std@@QEAA@AEBQEBD@Z 00000001800101b8     MSVCRT:MSVCR120.dll
 0002:000001c0       __imp_??1exception@std@@UEAA@XZ 00000001800101c0     MSVCRT:MSVCR120.dll
 0002:000001c8       __imp_?terminate@@YAXXZ    00000001800101c8     MSVCRT:MSVCR120.dll
 0002:000001d0       __imp_?_type_info_dtor_internal_method@type_info@@QEAAXXZ 00000001800101d0     MSVCRT:MSVCR120.dll
 0002:000001d8       __imp___clean_type_info_names_internal 00000001800101d8     MSVCRT:MSVCR120.dll
 0002:000001e0       __imp_strncpy_s            00000001800101e0     MSVCRT:MSVCR120.dll
 0002:000001e8       __imp__beginthreadex       00000001800101e8     MSVCRT:MSVCR120.dll
 0002:000001f0       __imp___dllonexit          00000001800101f0     MSVCRT:MSVCR120.dll
 0002:000001f8       __imp__CxxThrowException   00000001800101f8     MSVCRT:MSVCR120.dll
 0002:00000200       __imp___CxxFrameHandler3   0000000180010200     MSVCRT:MSVCR120.dll
 0002:00000208       __imp_memset               0000000180010208     MSVCRT:MSVCR120.dll
 0002:00000210       __imp_memcpy               0000000180010210     MSVCRT:MSVCR120.dll
 0002:00000218       \177MSVCR120_NULL_THUNK_DATA 0000000180010218     MSVCRT:MSVCR120.dll
 0002:00000220       __imp_?Dispose@Isolate@v8@@QEAAXXZ 0000000180010220     v8-x64:v8-x64.dll
 0002:00000228       __imp_?Call@Function@v8@@QEAA?AV?$Local@VValue@v8@@@2@V?$Handle@VValue@v8@@@2@HQEAV42@@Z 0000000180010228     v8-x64:v8-x64.dll
 0002:00000230       __imp_?New@Object@v8@@SA?AV?$Local@VObject@v8@@@2@PEAVIsolate@2@@Z 0000000180010230     v8-x64:v8-x64.dll
 0002:00000238       __imp_?New@Number@v8@@SA?AV?$Local@VNumber@v8@@@2@PEAVIsolate@2@N@Z 0000000180010238     v8-x64:v8-x64.dll
 0002:00000240       __imp_?Length@String@v8@@QEBAHXZ 0000000180010240     v8-x64:v8-x64.dll
 0002:00000248       __imp_?Write@String@v8@@QEBAHPEAGHHH@Z 0000000180010248     v8-x64:v8-x64.dll
 0002:00000250       __imp_?Concat@String@v8@@SA?AV?$Local@VString@v8@@@2@V?$Handle@VString@v8@@@2@0@Z 0000000180010250     v8-x64:v8-x64.dll
 0002:00000258       __imp_?ToObject@Value@v8@@QEBA?AV?$Local@VObject@v8@@@2@XZ 0000000180010258     v8-x64:v8-x64.dll
 0002:00000260       __imp_?Equals@Value@v8@@QEBA_NV?$Handle@VValue@v8@@@2@@Z 0000000180010260     v8-x64:v8-x64.dll
 0002:00000268       __imp_?Initialize@V8@v8@@SA_NXZ 0000000180010268     v8-x64:v8-x64.dll
 0002:00000270       __imp_?InitializeICU@V8@v8@@SA_NPEBD@Z 0000000180010270     v8-x64:v8-x64.dll
 0002:00000278       __imp_?InitializePlatform@V8@v8@@SAXPEAVPlatform@2@@Z 0000000180010278     v8-x64:v8-x64.dll
 0002:00000280       __imp_?Compile@Script@v8@@SA?AV?$Local@VScript@v8@@@2@V?$Handle@VString@v8@@@2@0@Z 0000000180010280     v8-x64:v8-x64.dll
 0002:00000288       __imp_?Run@Script@v8@@QEAA?AV?$Local@VValue@v8@@@2@XZ 0000000180010288     v8-x64:v8-x64.dll
 0002:00000290       __imp_?New@Date@v8@@SA?AV?$Local@VValue@v8@@@2@PEAVIsolate@2@N@Z 0000000180010290     v8-x64:v8-x64.dll
 0002:00000298       __imp_?Global@Context@v8@@QEAA?AV?$Local@VObject@v8@@@2@XZ 0000000180010298     v8-x64:v8-x64.dll
 0002:000002a0       __imp_?New@Context@v8@@SA?AV?$Local@VContext@v8@@@2@PEAVIsolate@2@PEAVExtensionConfiguration@2@V?$Handle@VObjectTemplate@v8@@@2@V?$Handle@VValue@v8@@@2@@Z 00000001800102a0     v8-x64:v8-x64.dll
 0002:000002a8       __imp_?GetLineNumber@Message@v8@@QEBAHXZ 00000001800102a8     v8-x64:v8-x64.dll
 0002:000002b0       __imp_?GetStartColumn@Message@v8@@QEBAHXZ 00000001800102b0     v8-x64:v8-x64.dll
 0002:000002b8       __imp_??0TryCatch@v8@@QEAA@XZ 00000001800102b8     v8-x64:v8-x64.dll
 0002:000002c0       __imp_??1TryCatch@v8@@QEAA@XZ 00000001800102c0     v8-x64:v8-x64.dll
 0002:000002c8       __imp_?HasCaught@TryCatch@v8@@QEBA_NXZ 00000001800102c8     v8-x64:v8-x64.dll
 0002:000002d0       __imp_?Exception@TryCatch@v8@@QEBA?AV?$Local@VValue@v8@@@2@XZ 00000001800102d0     v8-x64:v8-x64.dll
 0002:000002d8       __imp_?StackTrace@TryCatch@v8@@QEBA?AV?$Local@VValue@v8@@@2@XZ 00000001800102d8     v8-x64:v8-x64.dll
 0002:000002e0       __imp_?Message@TryCatch@v8@@QEBA?AV?$Local@VMessage@v8@@@2@XZ 00000001800102e0     v8-x64:v8-x64.dll
 0002:000002e8       __imp_?New@ObjectTemplate@v8@@SA?AV?$Local@VObjectTemplate@v8@@@2@PEAVIsolate@2@@Z 00000001800102e8     v8-x64:v8-x64.dll
 0002:000002f0       __imp_?NewInstance@ObjectTemplate@v8@@QEAA?AV?$Local@VObject@v8@@@2@XZ 00000001800102f0     v8-x64:v8-x64.dll
 0002:000002f8       __imp_?SetAccessor@ObjectTemplate@v8@@QEAAXV?$Handle@VString@v8@@@2@P6AXV?$Local@VString@v8@@@2@AEBV?$PropertyCallbackInfo@VValue@v8@@@2@@ZP6AX1V?$Local@VValue@v8@@@2@AEBV?$PropertyCallbackInfo@X@2@@ZV?$Handle@VValue@v8@@@2@W4AccessControl@2@W4PropertyAttribute@2@V?$Handle@VAccessorSignature@v8@@@2@@Z 00000001800102f8     v8-x64:v8-x64.dll
 0002:00000300       __imp_?SetNamedPropertyHandler@ObjectTemplate@v8@@QEAAXP6AXV?$Local@VString@v8@@@2@AEBV?$PropertyCallbackInfo@VValue@v8@@@2@@ZP6AX0V?$Local@VValue@v8@@@2@1@ZP6AX0AEBV?$PropertyCallbackInfo@VInteger@v8@@@2@@ZP6AX0AEBV?$PropertyCallbackInfo@VBoolean@v8@@@2@@ZP6AXAEBV?$PropertyCallbackInfo@VArray@v8@@@2@@ZV?$Handle@VValue@v8@@@2@@Z 0000000180010300     v8-x64:v8-x64.dll
 0002:00000308       __imp_?SetIndexedPropertyHandler@ObjectTemplate@v8@@QEAAXP6AXIAEBV?$PropertyCallbackInfo@VValue@v8@@@2@@ZP6AXIV?$Local@VValue@v8@@@2@0@ZP6AXIAEBV?$PropertyCallbackInfo@VInteger@v8@@@2@@ZP6AXIAEBV?$PropertyCallbackInfo@VBoolean@v8@@@2@@ZP6AXAEBV?$PropertyCallbackInfo@VArray@v8@@@2@@ZV?$Handle@VValue@v8@@@2@@Z 0000000180010308     v8-x64:v8-x64.dll
 0002:00000310       __imp_?SetCallAsFunctionHandler@ObjectTemplate@v8@@QEAAXP6AXAEBV?$FunctionCallbackInfo@VValue@v8@@@2@@ZV?$Handle@VValue@v8@@@2@@Z 0000000180010310     v8-x64:v8-x64.dll
 0002:00000318       __imp_?SetInternalFieldCount@ObjectTemplate@v8@@QEAAXH@Z 0000000180010318     v8-x64:v8-x64.dll
 0002:00000320       __imp_?SlowGetAlignedPointerFromInternalField@Object@v8@@AEAAPEAXH@Z 0000000180010320     v8-x64:v8-x64.dll
 0002:00000328       __imp_?Has@Object@v8@@QEAA_NV?$Handle@VValue@v8@@@2@@Z 0000000180010328     v8-x64:v8-x64.dll
 0002:00000330       __imp_?GetHiddenValue@Object@v8@@QEAA?AV?$Local@VValue@v8@@@2@V?$Handle@VString@v8@@@2@@Z 0000000180010330     v8-x64:v8-x64.dll
 0002:00000338       __imp_?SlowGetInternalField@Object@v8@@AEAA?AV?$Local@VValue@v8@@@2@H@Z 0000000180010338     v8-x64:v8-x64.dll
 0002:00000340       __imp_?CreateHandle@HandleScope@v8@@CAPEAPEAVObject@internal@2@PEAVHeapObject@42@PEAV342@@Z 0000000180010340     v8-x64:v8-x64.dll
 0002:00000348       __imp_?IsTrue@Value@v8@@QEBA_NXZ 0000000180010348     v8-x64:v8-x64.dll
 0002:00000350       __imp_?IsFunction@Value@v8@@QEBA_NXZ 0000000180010350     v8-x64:v8-x64.dll
 0002:00000358       __imp_?IsBoolean@Value@v8@@QEBA_NXZ 0000000180010358     v8-x64:v8-x64.dll
 0002:00000360       __imp_?IsNumber@Value@v8@@QEBA_NXZ 0000000180010360     v8-x64:v8-x64.dll
 0002:00000368       __imp_?IsExternal@Value@v8@@QEBA_NXZ 0000000180010368     v8-x64:v8-x64.dll
 0002:00000370       __imp_?IsInt32@Value@v8@@QEBA_NXZ 0000000180010370     v8-x64:v8-x64.dll
 0002:00000378       __imp_?IsDate@Value@v8@@QEBA_NXZ 0000000180010378     v8-x64:v8-x64.dll
 0002:00000380       __imp_?IsBooleanObject@Value@v8@@QEBA_NXZ 0000000180010380     v8-x64:v8-x64.dll
 0002:00000388       __imp_?IsNumberObject@Value@v8@@QEBA_NXZ 0000000180010388     v8-x64:v8-x64.dll
 0002:00000390       __imp_?IsStringObject@Value@v8@@QEBA_NXZ 0000000180010390     v8-x64:v8-x64.dll
 0002:00000398       __imp_?IsNativeError@Value@v8@@QEBA_NXZ 0000000180010398     v8-x64:v8-x64.dll
 0002:000003a0       __imp_?IsRegExp@Value@v8@@QEBA_NXZ 00000001800103a0     v8-x64:v8-x64.dll
 0002:000003a8       __imp_?BooleanValue@Value@v8@@QEBA_NXZ 00000001800103a8     v8-x64:v8-x64.dll
 0002:000003b0       __imp_?NumberValue@Value@v8@@QEBANXZ 00000001800103b0     v8-x64:v8-x64.dll
 0002:000003b8       __imp_?Int32Value@Value@v8@@QEBAHXZ 00000001800103b8     v8-x64:v8-x64.dll
 0002:000003c0       __imp_?MakeWeak@V8@v8@@CAXPEAPEAVObject@internal@2@PEAXP6AXAEBV?$WeakCallbackData@VValue@v8@@X@2@@Z@Z 00000001800103c0     v8-x64:v8-x64.dll
 0002:000003c8       __imp_?ClearWeak@V8@v8@@CAPEAXPEAPEAVObject@internal@2@@Z 00000001800103c8     v8-x64:v8-x64.dll
 0002:000003d0       __imp_?Value@External@v8@@QEBAPEAXXZ 00000001800103d0     v8-x64:v8-x64.dll
 0002:000003d8       __imp_?ThrowException@Isolate@v8@@QEAA?AV?$Local@VValue@v8@@@2@V32@@Z 00000001800103d8     v8-x64:v8-x64.dll
 0002:000003e0       __imp_?NewInstance@Function@v8@@QEBA?AV?$Local@VObject@v8@@@2@HQEAV?$Handle@VValue@v8@@@2@@Z 00000001800103e0     v8-x64:v8-x64.dll
 0002:000003e8       __imp_?Set@Template@v8@@QEAAXV?$Handle@VName@v8@@@2@V?$Handle@VData@v8@@@2@W4PropertyAttribute@2@@Z 00000001800103e8     v8-x64:v8-x64.dll
 0002:000003f0       __imp_?CreateHandle@HandleScope@v8@@KAPEAPEAVObject@internal@2@PEAVIsolate@42@PEAV342@@Z 00000001800103f0     v8-x64:v8-x64.dll
 0002:000003f8       __imp_?Error@Exception@v8@@SA?AV?$Local@VValue@v8@@@2@V?$Handle@VString@v8@@@2@@Z 00000001800103f8     v8-x64:v8-x64.dll
 0002:00000400       __imp_?New@FunctionTemplate@v8@@SA?AV?$Local@VFunctionTemplate@v8@@@2@PEAVIsolate@2@P6AXAEBV?$FunctionCallbackInfo@VValue@v8@@@2@@ZV?$Handle@VValue@v8@@@2@V?$Handle@VSignature@v8@@@2@H@Z 0000000180010400     v8-x64:v8-x64.dll
 0002:00000408       __imp_?GetFunction@FunctionTemplate@v8@@QEAA?AV?$Local@VFunction@v8@@@2@XZ 0000000180010408     v8-x64:v8-x64.dll
 0002:00000410       __imp_?InstanceTemplate@FunctionTemplate@v8@@QEAA?AV?$Local@VObjectTemplate@v8@@@2@XZ 0000000180010410     v8-x64:v8-x64.dll
 0002:00000418       __imp_?PrototypeTemplate@FunctionTemplate@v8@@QEAA?AV?$Local@VObjectTemplate@v8@@@2@XZ 0000000180010418     v8-x64:v8-x64.dll
 0002:00000420       __imp_?SetClassName@FunctionTemplate@v8@@QEAAXV?$Handle@VString@v8@@@2@@Z 0000000180010420     v8-x64:v8-x64.dll
 0002:00000428       __imp_?ToString@Value@v8@@QEBA?AV?$Local@VString@v8@@@2@XZ 0000000180010428     v8-x64:v8-x64.dll
 0002:00000430       __imp_?GlobalizeReference@V8@v8@@CAPEAPEAVObject@internal@2@PEAVIsolate@42@PEAPEAV342@@Z 0000000180010430     v8-x64:v8-x64.dll
 0002:00000438       __imp_?CopyPersistent@V8@v8@@CAPEAPEAVObject@internal@2@PEAPEAV342@@Z 0000000180010438     v8-x64:v8-x64.dll
 0002:00000440       __imp_?DisposeGlobal@V8@v8@@CAXPEAPEAVObject@internal@2@@Z 0000000180010440     v8-x64:v8-x64.dll
 0002:00000448       __imp_??0Scope@Isolate@v8@@QEAA@PEAV12@@Z 0000000180010448     v8-x64:v8-x64.dll
 0002:00000450       __imp_??1Scope@Isolate@v8@@QEAA@XZ 0000000180010450     v8-x64:v8-x64.dll
 0002:00000458       __imp_?New@External@v8@@SA?AV?$Local@VExternal@v8@@@2@PEAVIsolate@2@PEAX@Z 0000000180010458     v8-x64:v8-x64.dll
 0002:00000460       __imp_?GetCurrent@Isolate@v8@@SAPEAV12@XZ 0000000180010460     v8-x64:v8-x64.dll
 0002:00000468       __imp_?New@Integer@v8@@SA?AV?$Local@VInteger@v8@@@2@PEAVIsolate@2@H@Z 0000000180010468     v8-x64:v8-x64.dll
 0002:00000470       __imp_?Set@Object@v8@@QEAA_NIV?$Handle@VValue@v8@@@2@@Z 0000000180010470     v8-x64:v8-x64.dll
 0002:00000478       __imp_?ForceSet@Object@v8@@QEAA_NV?$Handle@VValue@v8@@@2@0W4PropertyAttribute@2@@Z 0000000180010478     v8-x64:v8-x64.dll
 0002:00000480       __imp_?Get@Object@v8@@QEAA?AV?$Local@VValue@v8@@@2@I@Z 0000000180010480     v8-x64:v8-x64.dll
 0002:00000488       __imp_?Get@Object@v8@@QEAA?AV?$Local@VValue@v8@@@2@V?$Handle@VValue@v8@@@2@@Z 0000000180010488     v8-x64:v8-x64.dll
 0002:00000490       __imp_?GetPropertyAttributes@Object@v8@@QEAA?AW4PropertyAttribute@2@V?$Handle@VValue@v8@@@2@@Z 0000000180010490     v8-x64:v8-x64.dll
 0002:00000498       __imp_?Delete@Object@v8@@QEAA_NI@Z 0000000180010498     v8-x64:v8-x64.dll
 0002:000004a0       __imp_?Delete@Object@v8@@QEAA_NV?$Handle@VValue@v8@@@2@@Z 00000001800104a0     v8-x64:v8-x64.dll
 0002:000004a8       __imp_?SetAccessor@Object@v8@@QEAA_NV?$Handle@VString@v8@@@2@P6AXV?$Local@VString@v8@@@2@AEBV?$PropertyCallbackInfo@VValue@v8@@@2@@ZP6AX1V?$Local@VValue@v8@@@2@AEBV?$PropertyCallbackInfo@X@2@@ZV?$Handle@VValue@v8@@@2@W4AccessControl@2@W4PropertyAttribute@2@@Z 00000001800104a8     v8-x64:v8-x64.dll
 0002:000004b0       __imp_?GetPropertyNames@Object@v8@@QEAA?AV?$Local@VArray@v8@@@2@XZ 00000001800104b0     v8-x64:v8-x64.dll
 0002:000004b8       __imp_?GetOwnPropertyNames@Object@v8@@QEAA?AV?$Local@VArray@v8@@@2@XZ 00000001800104b8     v8-x64:v8-x64.dll
 0002:000004c0       __imp_?GetPrototype@Object@v8@@QEAA?AV?$Local@VValue@v8@@@2@XZ 00000001800104c0     v8-x64:v8-x64.dll
 0002:000004c8       __imp_?InternalFieldCount@Object@v8@@QEAAHXZ 00000001800104c8     v8-x64:v8-x64.dll
 0002:000004d0       __imp_?IsFalse@Value@v8@@QEBA_NXZ 00000001800104d0     v8-x64:v8-x64.dll
 0002:000004d8       __imp_?New@Isolate@v8@@SAPEAV12@XZ 00000001800104d8     v8-x64:v8-x64.dll
 0002:000004e0       __imp_?SetInternalField@Object@v8@@QEAAXHV?$Handle@VValue@v8@@@2@@Z 00000001800104e0     v8-x64:v8-x64.dll
 0002:000004e8       __imp_?SetAlignedPointerInInternalField@Object@v8@@QEAAXHPEAX@Z 00000001800104e8     v8-x64:v8-x64.dll
 0002:000004f0       __imp_?SetHiddenValue@Object@v8@@QEAA_NV?$Handle@VString@v8@@@2@V?$Handle@VValue@v8@@@2@@Z 00000001800104f0     v8-x64:v8-x64.dll
 0002:000004f8       __imp_??0HandleScope@v8@@QEAA@PEAVIsolate@1@@Z 00000001800104f8     v8-x64:v8-x64.dll
 0002:00000500       __imp_??1HandleScope@v8@@QEAA@XZ 0000000180010500     v8-x64:v8-x64.dll
 0002:00000508       __imp_?Length@Array@v8@@QEBAIXZ 0000000180010508     v8-x64:v8-x64.dll
 0002:00000510       __imp_?New@Array@v8@@SA?AV?$Local@VArray@v8@@@2@PEAVIsolate@2@H@Z 0000000180010510     v8-x64:v8-x64.dll
 0002:00000518       __imp_?NewFromUtf8@String@v8@@SA?AV?$Local@VString@v8@@@2@PEAVIsolate@2@PEBDW4NewStringType@12@H@Z 0000000180010518     v8-x64:v8-x64.dll
 0002:00000520       __imp_?NewFromTwoByte@String@v8@@SA?AV?$Local@VString@v8@@@2@PEAVIsolate@2@PEBGW4NewStringType@12@H@Z 0000000180010520     v8-x64:v8-x64.dll
 0002:00000528       __imp_?IsArray@Value@v8@@QEBA_NXZ 0000000180010528     v8-x64:v8-x64.dll
 0002:00000530       __imp_?IsObject@Value@v8@@QEBA_NXZ 0000000180010530     v8-x64:v8-x64.dll
 0002:00000538       __imp_?Enter@Context@v8@@QEAAXXZ 0000000180010538     v8-x64:v8-x64.dll
 0002:00000540       __imp_?Exit@Context@v8@@QEAAXXZ 0000000180010540     v8-x64:v8-x64.dll
 0002:00000548       __imp_??1Locker@v8@@QEAA@XZ 0000000180010548     v8-x64:v8-x64.dll
 0002:00000550       __imp_?Initialize@Locker@v8@@AEAAXPEAVIsolate@2@@Z 0000000180010550     v8-x64:v8-x64.dll
 0002:00000558       \177v8-x64_NULL_THUNK_DATA 0000000180010558     v8-x64:v8-x64.dll
 0002:00000560       __xc_a                     0000000180010560     MSVCRT:cinitexe.obj
 0002:00000588       __xc_z                     0000000180010588     MSVCRT:cinitexe.obj
 0002:00000590       __xi_a                     0000000180010590     MSVCRT:cinitexe.obj
 0002:000005a8       __xi_z                     00000001800105a8     MSVCRT:cinitexe.obj
 0002:000005f0       ??_7type_info@@6B@         00000001800105f0     MSVCRT:ti_inst.obj
 0002:000005f8       _pRawDllMain               00000001800105f8     MSVCRT:crtdll.obj
 0002:000005f8       _pDefaultRawDllMain        00000001800105f8     MSVCRT:crtdll.obj
 0002:00000610       ??_C@_0BL@OFLPLJAM@Not?5a?5valid?5script?5handle?4?$AA@ 0000000180010610     Exports.obj
 0002:00000630       ??_C@_0BA@MLFILMMN@ManagedObjectID?$AA@ 0000000180010630     Exports.obj
 0002:00000640       ??_C@_0CJ@MCOIAANP@The?5handle?5does?5not?5represent?5an@ 0000000180010640     Exports.obj
 0002:00000670       ??_C@_0CP@MICEEFHB@The?5handle?5does?5not?5represent?5an@ 0000000180010670     Exports.obj
 0002:000006a0       ??_C@_0EE@OBNIJAJP@?8Data?8?5points?5to?5an?5invalid?5obje@ 00000001800106a0     Exports.obj
 0002:000006e8       ??_C@_0CB@PFDHPICG@?8args?4Data?$CI?$CJ?8?5is?5not?5recognized?4@ 00000001800106e8     FunctionTemplateProxy.obj
 0002:00000710       ??_C@_09JOONBBPD@$__TypeID?$AA@ 0000000180010710     HandleProxy.obj
 0002:00000720       ??_C@_08NKLFIIDP@$__Value?$AA@ 0000000180010720     HandleProxy.obj
 0002:0000072c       ??_C@_02PCIJFNDE@?$AN?6?$AA@ 000000018001072c     V8EngineProxy.obj
 0002:00000730       ??_C@_08FIKDMAMC@?5?5Line?3?5?$AA@ 0000000180010730     V8EngineProxy.obj
 0002:00000740       ??_C@_0L@KCLHICAK@?5?5Column?3?5?$AA@ 0000000180010740     V8EngineProxy.obj
 0002:00000750       ??_C@_09FPDCPDGD@?5?5Stack?3?5?$AA@ 0000000180010750     V8EngineProxy.obj
 0002:0000075c       ??_C@_11LOCGONAA@?$AA?$AA@ 000000018001075c     V8EngineProxy.obj
 0002:00000760       ??_C@_0EI@NBCEMGHA@Call?3?5The?5target?5instance?5handle@ 0000000180010760     V8EngineProxy.obj
 0002:000007a8       ??_C@_0DH@GEIHKHBI@Call?3?5The?5subject?5handle?5does?5no@ 00000001800107a8     V8EngineProxy.obj
 0002:000007e0       ??_C@_0DM@EFLNDFCL@Call?3?5The?5specified?5property?5doe@ 00000001800107e0     V8EngineProxy.obj
 0002:00000820       ??_C@_0DI@IBPEFPGB@Call?3?5The?5subject?5handle?5does?5no@ 0000000180010820     V8EngineProxy.obj
 0002:00000858       ??_C@_0BE@HBKMHPCH@Invalid?5error?5type?4?$AA@ 0000000180010858     V8EngineProxy.obj
 0002:00000870       ??_C@_0BM@NMJKDPPO@invalid?5vector?$DMT?$DO?5subscript?$AA@ 0000000180010870     V8EngineProxy.obj
 0002:00000890       ??_C@_0BG@EOMJEIFA@vector?$DMbool?$DO?5too?5long?$AA@ 0000000180010890     V8EngineProxy.obj
 0002:000008a8       ??_C@_0BD@OLBABOEK@vector?$DMT?$DO?5too?5long?$AA@ 00000001800108a8     V8EngineProxy.obj
 0002:000008c0       ??_C@_07DCLBNMLN@generic?$AA@ 00000001800108c0     v8_libplatform:default-platform.obj
 0002:000008c8       ??_C@_0O@BFJCFAAK@unknown?5error?$AA@ 00000001800108c8     v8_libplatform:default-platform.obj
 0002:000008d8       ??_C@_08LLGCOLLL@iostream?$AA@ 00000001800108d8     v8_libplatform:default-platform.obj
 0002:000008e8       ??_C@_0BG@PADBLCHM@iostream?5stream?5error?$AA@ 00000001800108e8     v8_libplatform:default-platform.obj
 0002:00000900       ??_C@_06FHFOAHML@system?$AA@ 0000000180010900     v8_libplatform:default-platform.obj
 0002:00000908       ??_C@_0BA@JFNIOLAK@string?5too?5long?$AA@ 0000000180010908     v8_libplatform:default-platform.obj
 0002:00000918       ??_C@_0BI@CFPLBAOH@invalid?5string?5position?$AA@ 0000000180010918     v8_libplatform:default-platform.obj
 0002:00000930       ??_C@_0BC@KBDMBKEH@deque?$DMT?$DO?5too?5long?$AA@ 0000000180010930     v8_libplatform:default-platform.obj
 0002:00000948       ??_C@_0BE@JONHPENG@map?1set?$DMT?$DO?5too?5long?$AA@ 0000000180010948     v8_libplatform:default-platform.obj
 0002:00000960       ??_7_Generic_error_category@std@@6B@ 0000000180010960     v8_libplatform:default-platform.obj
 0002:00000990       ?kMaxThreadPoolSize@DefaultPlatform@platform@v8@@0HB 0000000180010990     v8_libplatform:default-platform.obj
 0002:00000998       ??_7_System_error_category@std@@6B@ 0000000180010998     v8_libplatform:default-platform.obj
 0002:000009c8       ??_7_Iostream_error_category@std@@6B@ 00000001800109c8     v8_libplatform:default-platform.obj
 0002:000009f8       ??_7DefaultPlatform@platform@v8@@6B@ 00000001800109f8     v8_libplatform:default-platform.obj
 0002:00000a10       ??_7error_category@std@@6B@ 0000000180010a10     v8_libplatform:default-platform.obj
 0002:00000a40       ??_7Platform@v8@@6B@       0000000180010a40     v8_libplatform:default-platform.obj
 0002:00000a58       ??_C@_0BA@OLGCHPPO@V8?5WorkerThread?$AA@ 0000000180010a58     v8_libplatform:worker-thread.obj
 0002:00000a68       ??_7WorkerThread@platform@v8@@6B@ 0000000180010a68     v8_libplatform:worker-thread.obj
 0002:00000a78       ??_7Thread@base@v8@@6B@    0000000180010a78     v8_libbase:platform-win32.obj
 0002:00001ad0       _load_config_used          0000000180011ad0     MSVCRT:loadcfg.obj
 0002:00001bc0       ??_R4type_info@@6B@        0000000180011bc0     MSVCRT:ti_inst.obj
 0002:00001be8       ??_R3type_info@@8          0000000180011be8     MSVCRT:ti_inst.obj
 0002:00001c00       ??_R2type_info@@8          0000000180011c00     MSVCRT:ti_inst.obj
 0002:00001c10       ??_R1A@?0A@EA@type_info@@8 0000000180011c10     MSVCRT:ti_inst.obj
 0002:00001c38       __rtc_iaa                  0000000180011c38     MSVCRT:initsect.obj
 0002:00001c40       __rtc_izz                  0000000180011c40     MSVCRT:initsect.obj
 0002:00001c48       __rtc_taa                  0000000180011c48     MSVCRT:initsect.obj
 0002:00001c50       __rtc_tzz                  0000000180011c50     MSVCRT:initsect.obj
 0002:00005540       _CT??_R0?AVexception@std@@@8??0exception@std@@QEAA@AEBV01@@Z24 0000000180015540     Exports.obj
 0002:00005568       _TI1?AVexception@std@@     0000000180015568     Exports.obj
 0002:00005588       _CTA1?AVexception@std@@    0000000180015588     Exports.obj
 0002:00005d20       __IMPORT_DESCRIPTOR_v8-x64 0000000180015d20     v8-x64:v8-x64.dll
 0002:00005d34       __IMPORT_DESCRIPTOR_KERNEL32 0000000180015d34     kernel32:KERNEL32.dll
 0002:00005d48       __IMPORT_DESCRIPTOR_MSVCP120 0000000180015d48     msvcprt:MSVCP120.dll
 0002:00005d5c       __IMPORT_DESCRIPTOR_MSVCR120 0000000180015d5c     MSVCRT:MSVCR120.dll
 0002:00005d70       __NULL_IMPORT_DESCRIPTOR   0000000180015d70     v8-x64:v8-x64.dll
 0003:00000000       __security_cookie          0000000180019000     MSVCRT:gs_cookie.obj
 0003:00000008       __security_cookie_complement 0000000180019008     MSVCRT:gs_cookie.obj
 0003:00000010       __native_dllmain_reason    0000000180019010     MSVCRT:natstart.obj
 0003:00000018       ?_System_object@?$_Error_objects@H@std@@2V_System_error_category@2@A 0000000180019018     v8_libplatform:default-platform.obj
 0003:00000020       ?_Iostream_object@?$_Error_objects@H@std@@2V_Iostream_error_category@2@A 0000000180019020     v8_libplatform:default-platform.obj
 0003:00000028       ?_Generic_object@?$_Error_objects@H@std@@2V_Generic_error_category@2@A 0000000180019028     v8_libplatform:default-platform.obj
 0003:00000030       _fltused                   0000000180019030     MSVCRT:dllsupp.obj
 0003:00000038       ??_R0?AVtype_info@@@8      0000000180019038     MSVCRT:ti_inst.obj
 0003:00000058       ??_R0?AVexception@std@@@8  0000000180019058     Exports.obj
 0003:00000608       ?__type_info_root_node@@3U__type_info_node@@A 0000000180019608     MSVCRT:tncleanup.obj
 0003:00000624       ?_NextEngineID@V8EngineProxy@@1HA 0000000180019624     V8EngineProxy.obj
 0003:00000628       ?_SymSetOptions@base@v8@@3P6AKK@ZEA 0000000180019628     v8_libbase:platform-win32.obj
 0003:00000630       ?_SymFunctionTableAccess64@base@v8@@3P6APEAXPEAX_K@ZEA 0000000180019630     v8_libbase:platform-win32.obj
 0003:00000638       ?_SymGetLineFromAddr64@base@v8@@3P6AHPEAX_KPEAKPEAU_IMAGEHLP_LINE64@@@ZEA 0000000180019638     v8_libbase:platform-win32.obj
 0003:00000640       ?_SymGetOptions@base@v8@@3P6AKXZEA 0000000180019640     v8_libbase:platform-win32.obj
 0003:00000648       ?_StackWalk64@base@v8@@3P6AHKPEAX0PEAU_tagSTACKFRAME64@@0P6AH0_K0KPEAK@ZP6APEAX02@ZP6A_K02@ZP6A_K00PEAU_tagADDRESS64@@@Z@ZEA 0000000180019648     v8_libbase:platform-win32.obj
 0003:00000650       ?_Module32NextW@base@v8@@3P6AHPEAXPEAUtagMODULEENTRY32W@@@ZEA 0000000180019650     v8_libbase:platform-win32.obj
 0003:00000658       ?_SymLoadModule64@base@v8@@3P6A_KPEAX0PEAD1_KK@ZEA 0000000180019658     v8_libbase:platform-win32.obj
 0003:00000688       ?_CreateToolhelp32Snapshot@base@v8@@3P6APEAXKK@ZEA 0000000180019688     v8_libbase:platform-win32.obj
 0003:00000690       ?_SymGetModuleBase64@base@v8@@3P6A_KPEAX_K@ZEA 0000000180019690     v8_libbase:platform-win32.obj
 0003:00000698       ?_Module32FirstW@base@v8@@3P6AHPEAXPEAUtagMODULEENTRY32W@@@ZEA 0000000180019698     v8_libbase:platform-win32.obj
 0003:000006a0       ?_SymInitialize@base@v8@@3P6AHPEAXPEADH@ZEA 00000001800196a0     v8_libbase:platform-win32.obj
 0003:000006a8       ?_SymGetSymFromAddr64@base@v8@@3P6AHPEAX_KPEA_KPEAU_IMAGEHLP_SYMBOL64@@@ZEA 00000001800196a8     v8_libbase:platform-win32.obj
 0003:000006b0       ?_SymGetSearchPath@base@v8@@3P6AHPEAXPEADK@ZEA 00000001800196b0     v8_libbase:platform-win32.obj
 0003:000007c8       ?_DisposedEngines@V8EngineProxy@@1V?$vector@_NV?$allocator@_N@std@@@std@@A 00000001800197c8     V8EngineProxy.obj
 0003:00000800       ?id@?$num_put@_WV?$back_insert_iterator@V?$basic_string@_WU?$char_traits@_W@std@@V?$allocator@_W@2@@std@@@std@@@std@@2V0locale@2@A 0000000180019800     v8_libplatform:default-platform.obj
 0003:00000808       ?id@?$num_put@DV?$back_insert_iterator@V?$basic_string@DU?$char_traits@D@std@@V?$allocator@D@2@@std@@@std@@@std@@2V0locale@2@A 0000000180019808     v8_libplatform:default-platform.obj
 0003:00000810       __native_startup_lock      0000000180019810     <common>
 0003:00000818       __native_startup_state     0000000180019818     <common>
 0003:00000820       __dyn_tls_init_callback    0000000180019820     <common>
 0003:00000828       __onexitend                0000000180019828     <common>
 0003:00000830       __onexitbegin              0000000180019830     <common>

 entry point at        0001:0000c808

 Static symbols

 0000:fffe3000       .debug$S                   0000000180000000     MSVCRT:MSVCR120.dll
 0000:fffe3000       .debug$S                   0000000180000000     MSVCRT:MSVCR120.dll
 0000:fffe3000       .debug$S                   0000000180000000     MSVCRT:MSVCR120.dll
 0000:fffe3000       .debug$S                   0000000180000000     MSVCRT:MSVCR120.dll
 0000:fffe3000       .debug$S                   0000000180000000     MSVCRT:MSVCR120.dll
 0000:fffe3000       .debug$S                   0000000180000000     MSVCRT:MSVCR120.dll
 0000:fffe3000       .debug$S                   0000000180000000     MSVCRT:MSVCR120.dll
 0000:fffe3000       .debug$S                   0000000180000000     MSVCRT:MSVCR120.dll
 0000:fffe3000       .debug$S                   0000000180000000     v8-x64:v8-x64.dll
 0000:fffe3000       .debug$S                   0000000180000000     v8-x64:v8-x64.dll
 0000:fffe3000       .debug$S                   0000000180000000     v8-x64:v8-x64.dll
 0000:fffe3000       .debug$S                   0000000180000000     v8-x64:v8-x64.dll
 0000:fffe3000       .debug$S                   0000000180000000     v8-x64:v8-x64.dll
 0000:fffe3000       .debug$S                   0000000180000000     v8-x64:v8-x64.dll
 0000:fffe3000       .debug$S                   0000000180000000     v8-x64:v8-x64.dll
 0000:fffe3000       .debug$S                   0000000180000000     v8-x64:v8-x64.dll
 0000:fffe3000       .debug$S                   0000000180000000     v8-x64:v8-x64.dll
 0000:fffe3000       .debug$S                   0000000180000000     v8-x64:v8-x64.dll
 0000:fffe3000       .debug$S                   0000000180000000     v8-x64:v8-x64.dll
 0000:fffe3000       .debug$S                   0000000180000000     v8-x64:v8-x64.dll
 0000:fffe3000       .debug$S                   0000000180000000     v8-x64:v8-x64.dll
 0000:fffe3000       .debug$S                   0000000180000000     v8-x64:v8-x64.dll
 0000:fffe3000       .debug$S                   0000000180000000     v8-x64:v8-x64.dll
 0000:fffe3000       .debug$S                   0000000180000000     v8-x64:v8-x64.dll
 0000:fffe3000       .debug$S                   0000000180000000     v8-x64:v8-x64.dll
 0000:fffe3000       .debug$S                   0000000180000000     v8-x64:v8-x64.dll
 0000:fffe3000       .debug$S                   0000000180000000     v8-x64:v8-x64.dll
 0000:fffe3000       .debug$S                   0000000180000000     v8-x64:v8-x64.dll
 0000:fffe3000       .debug$S                   0000000180000000     v8-x64:v8-x64.dll
 0000:fffe3000       .debug$S                   0000000180000000     v8-x64:v8-x64.dll
 0000:fffe3000       .debug$S                   0000000180000000     v8-x64:v8-x64.dll
 0000:fffe3000       .debug$S                   0000000180000000     v8-x64:v8-x64.dll
 0000:fffe3000       .debug$S                   0000000180000000     v8-x64:v8-x64.dll
 0000:fffe3000       .debug$S                   0000000180000000     v8-x64:v8-x64.dll
 0000:fffe3000       .debug$S                   0000000180000000     v8-x64:v8-x64.dll
 0000:fffe3000       .debug$S                   0000000180000000     v8-x64:v8-x64.dll
 0000:fffe3000       .debug$S                   0000000180000000     v8-x64:v8-x64.dll
 0000:fffe3000       .debug$S                   0000000180000000     v8-x64:v8-x64.dll
 0000:fffe3000       .debug$S                   0000000180000000     v8-x64:v8-x64.dll
 0000:fffe3000       .debug$S                   0000000180000000     v8-x64:v8-x64.dll
 0000:fffe3000       .debug$S                   0000000180000000     v8-x64:v8-x64.dll
 0000:fffe3000       .debug$S                   0000000180000000     v8-x64:v8-x64.dll
 0000:fffe3000       .debug$S                   0000000180000000     v8-x64:v8-x64.dll
 0000:fffe3000       .debug$S                   0000000180000000     v8-x64:v8-x64.dll
 0000:fffe3000       .debug$S                   0000000180000000     v8-x64:v8-x64.dll
 0000:fffe3000       .debug$S                   0000000180000000     v8-x64:v8-x64.dll
 0000:fffe3000       .debug$S                   0000000180000000     v8-x64:v8-x64.dll
 0000:fffe3000       .debug$S                   0000000180000000     v8-x64:v8-x64.dll
 0000:fffe3000       .debug$S                   0000000180000000     v8-x64:v8-x64.dll
 0000:fffe3000       .debug$S                   0000000180000000     v8-x64:v8-x64.dll
 0000:fffe3000       .debug$S                   0000000180000000     v8-x64:v8-x64.dll
 0000:fffe3000       .debug$S                   0000000180000000     v8-x64:v8-x64.dll
 0000:fffe3000       .debug$S                   0000000180000000     v8-x64:v8-x64.dll
 0000:fffe3000       .debug$S                   0000000180000000     v8-x64:v8-x64.dll
 0000:fffe3000       .debug$S                   0000000180000000     v8-x64:v8-x64.dll
 0000:fffe3000       .debug$S                   0000000180000000     v8-x64:v8-x64.dll
 0000:fffe3000       .debug$S                   0000000180000000     v8-x64:v8-x64.dll
 0000:fffe3000       .debug$S                   0000000180000000     v8-x64:v8-x64.dll
 0000:fffe3000       .debug$S                   0000000180000000     v8-x64:v8-x64.dll
 0000:fffe3000       .debug$S                   0000000180000000     v8-x64:v8-x64.dll
 0000:fffe3000       .debug$S                   0000000180000000     v8-x64:v8-x64.dll
 0000:fffe3000       .debug$S                   0000000180000000     v8-x64:v8-x64.dll
 0000:fffe3000       .debug$S                   0000000180000000     v8-x64:v8-x64.dll
 0000:fffe3000       .debug$S                   0000000180000000     v8-x64:v8-x64.dll
 0000:fffe3000       .debug$S                   0000000180000000     v8-x64:v8-x64.dll
 0000:fffe3000       .debug$S                   0000000180000000     v8-x64:v8-x64.dll
 0000:fffe3000       .debug$S                   0000000180000000     v8-x64:v8-x64.dll
 0000:fffe3000       .debug$S                   0000000180000000     v8-x64:v8-x64.dll
 0000:fffe3000       .debug$S                   0000000180000000     v8-x64:v8-x64.dll
 0000:fffe3000       .debug$S                   0000000180000000     v8-x64:v8-x64.dll
 0000:fffe3000       .debug$S                   0000000180000000     v8-x64:v8-x64.dll
 0000:fffe3000       .debug$S                   0000000180000000     v8-x64:v8-x64.dll
 0000:fffe3000       .debug$S                   0000000180000000     v8-x64:v8-x64.dll
 0000:fffe3000       .debug$S                   0000000180000000     v8-x64:v8-x64.dll
 0000:fffe3000       .debug$S                   0000000180000000     v8-x64:v8-x64.dll
 0000:fffe3000       .debug$S                   0000000180000000     v8-x64:v8-x64.dll
 0000:fffe3000       .debug$S                   0000000180000000     v8-x64:v8-x64.dll
 0000:fffe3000       .debug$S                   0000000180000000     v8-x64:v8-x64.dll
 0000:fffe3000       .debug$S                   0000000180000000     v8-x64:v8-x64.dll
 0000:fffe3000       .debug$S                   0000000180000000     v8-x64:v8-x64.dll
 0000:fffe3000       .debug$S                   0000000180000000     v8-x64:v8-x64.dll
 0000:fffe3000       .debug$S                   0000000180000000     v8-x64:v8-x64.dll
[...]
 0004:00000bf4       $pdata$??$_Insert_at@AEAU?$pair@QEAVIsolate@v8@@V?$queue@PEAVTask@v8@@V?$deque@PEAVTask@v8@@V?$allocator@PEAVTask@v8@@@std@@@std@@@std@@@std@@PEAU?$_Tree_node@U?$pair@QEAVIsolate@v8@@V?$queue@PEAVTask@v8@@V?$deque@PEAVTask@v8@@V?$allocator@PEAVTask@v8@@@std@@@std@@@std@@@std@@PEAX@2@@?$_Tree@V?$_Tmap_traits@PEAVIsolate@v8@@V?$queue@PEAVTask@v8@@V?$deque@PEAVTask@v8@@V?$allocator@PEAVTask@v8@@@std@@@std@@@std@@U?$less@PEAVIsolate@v8@@@4@V?$allocator@U?$pair@QEAVIsolate@v8@@V?$queue@PEAVTask@v8@@V?$deque@PEAVTask@v8@@V?$allocator@PEAVTask@v8@@@std@@@std@@@std@@@std@@@4@$0A@@std@@@std@@IEAA?AV?$_Tree_iterator@V?$_Tree_val@U?$_Tree_simple_types@U?$pair@QEAVIsolate@v8@@V?$queue@PEAVTask@v8@@V?$deque@PEAVTask@v8@@V?$allocator@PEAVTask@v8@@@std@@@std@@@std@@@std@@@std@@@std@@@1@_NPEAU?$_Tree_node@U?$pair@QEAVIsolate@v8@@V?$queue@PEAVTask@v8@@V?$deque@PEAVTask@v8@@V?$allocator@PEAVTask@v8@@@std@@@std@@@std@@@std@@PEAX@1@AEAU?$pair@QEAVIsolate@v8@@V?$queue@PEAVTask@v8@@V?$deque@PEAVTask@v8@@V?$allocator@PEAVTask@v8@@@std@@@std@@@std@@@1@1@Z 000000018001abf4     v8_libplatform:default-platform.obj
 0004:00000c00       $pdata$0$??$_Insert_at@AEAU?$pair@QEAVIsolate@v8@@V?$queue@PEAVTask@v8@@V?$deque@PEAVTask@v8@@V?$allocator@PEAVTask@v8@@@std@@@std@@@std@@@std@@PEAU?$_Tree_node@U?$pair@QEAVIsolate@v8@@V?$queue@PEAVTask@v8@@V?$deque@PEAVTask@v8@@V?$allocator@PEAVTask@v8@@@std@@@std@@@std@@@std@@PEAX@2@@?$_Tree@V?$_Tmap_traits@PEAVIsolate@v8@@V?$queue@PEAVTask@v8@@V?$deque@PEAVTask@v8@@V?$allocator@PEAVTask@v8@@@std@@@std@@@std@@U?$less@PEAVIsolate@v8@@@4@V?$allocator@U?$pair@QEAVIsolate@v8@@V?$queue@PEAVTask@v8@@V?$deque@PEAVTask@v8@@V?$allocator@PEAVTask@v8@@@std@@@std@@@std@@@std@@@4@$0A@@std@@@std@@IEAA?AV?$_Tree_iterator@V?$_Tree_val@U?$_Tree_simple_types@U?$pair@QEAVIsolate@v8@@V?$queue@PEAVTask@v8@@V?$deque@PEAVTask@v8@@V?$allocator@PEAVTask@v8@@@std@@@std@@@std@@@std@@@std@@@std@@@1@_NPEAU?$_Tree_node@U?$pair@QEAVIsolate@v8@@V?$queue@PEAVTask@v8@@V?$deque@PEAVTask@v8@@V?$allocator@PEAVTask@v8@@@std@@@std@@@std@@@std@@PEAX@1@AEAU?$pair@QEAVIsolate@v8@@V?$queue@PEAVTask@v8@@V?$deque@PEAVTask@v8@@V?$allocator@PEAVTask@v8@@@std@@@std@@@std@@@1@1@Z 000000018001ac00     v8_libplatform:default-platform.obj
 0004:00000c0c       $pdata$1$??$_Insert_at@AEAU?$pair@QEAVIsolate@v8@@V?$queue@PEAVTask@v8@@V?$deque@PEAVTask@v8@@V?$allocator@PEAVTask@v8@@@std@@@std@@@std@@@std@@PEAU?$_Tree_node@U?$pair@QEAVIsolate@v8@@V?$queue@PEAVTask@v8@@V?$deque@PEAVTask@v8@@V?$allocator@PEAVTask@v8@@@std@@@std@@@std@@@std@@PEAX@2@@?$_Tree@V?$_Tmap_traits@PEAVIsolate@v8@@V?$queue@PEAVTask@v8@@V?$deque@PEAVTask@v8@@V?$allocator@PEAVTask@v8@@@std@@@std@@@std@@U?$less@PEAVIsolate@v8@@@4@V?$allocator@U?$pair@QEAVIsolate@v8@@V?$queue@PEAVTask@v8@@V?$deque@PEAVTask@v8@@V?$allocator@PEAVTask@v8@@@std@@@std@@@std@@@std@@@4@$0A@@std@@@std@@IEAA?AV?$_Tree_iterator@V?$_Tree_val@U?$_Tree_simple_types@U?$pair@QEAVIsolate@v8@@V?$queue@PEAVTask@v8@@V?$deque@PEAVTask@v8@@V?$allocator@PEAVTask@v8@@@std@@@std@@@std@@@std@@@std@@@std@@@1@_NPEAU?$_Tree_node@U?$pair@QEAVIsolate@v8@@V?$queue@PEAVTask@v8@@V?$deque@PEAVTask@v8@@V?$allocator@PEAVTask@v8@@@std@@@std@@@std@@@std@@PEAX@1@AEAU?$pair@QEAVIsolate@v8@@V?$queue@PEAVTask@v8@@V?$deque@PEAVTask@v8@@V?$allocator@PEAVTask@v8@@@std@@@std@@@std@@@1@1@Z 000000018001ac0c     v8_libplatform:default-platform.obj
 0004:00000c18       $pdata$??$_Insert_nohint@AEAU?$pair@QEAVIsolate@v8@@V?$queue@PEAVTask@v8@@V?$deque@PEAVTask@v8@@V?$allocator@PEAVTask@v8@@@std@@@std@@@std@@@std@@PEAU?$_Tree_node@U?$pair@QEAVIsolate@v8@@V?$queue@PEAVTask@v8@@V?$deque@PEAVTask@v8@@V?$allocator@PEAVTask@v8@@@std@@@std@@@std@@@std@@PEAX@2@@?$_Tree@V?$_Tmap_traits@PEAVIsolate@v8@@V?$queue@PEAVTask@v8@@V?$deque@PEAVTask@v8@@V?$allocator@PEAVTask@v8@@@std@@@std@@@std@@U?$less@PEAVIsolate@v8@@@4@V?$allocator@U?$pair@QEAVIsolate@v8@@V?$queue@PEAVTask@v8@@V?$deque@PEAVTask@v8@@V?$allocator@PEAVTask@v8@@@std@@@std@@@std@@@std@@@4@$0A@@std@@@std@@IEAA?AU?$pair@V?$_Tree_iterator@V?$_Tree_val@U?$_Tree_simple_types@U?$pair@QEAVIsolate@v8@@V?$queue@PEAVTask@v8@@V?$deque@PEAVTask@v8@@V?$allocator@PEAVTask@v8@@@std@@@std@@@std@@@std@@@std@@@std@@@std@@_N@1@_NAEAU?$pair@QEAVIsolate@v8@@V?$queue@PEAVTask@v8@@V?$deque@PEAVTask@v8@@V?$allocator@PEAVTask@v8@@@std@@@std@@@std@@@1@PEAU?$_Tree_node@U?$pair@QEAVIsolate@v8@@V?$queue@PEAVTask@v8@@V?$deque@PEAVTask@v8@@V?$allocator@PEAVTask@v8@@@std@@@std@@@std@@@std@@PEAX@1@@Z 000000018001ac18     v8_libplatform:default-platform.obj
 0004:00000c24       $pdata$??1?$pair@QEAVIsolate@v8@@V?$queue@PEAVTask@v8@@V?$deque@PEAVTask@v8@@V?$allocator@PEAVTask@v8@@@std@@@std@@@std@@@std@@QEAA@XZ 000000018001ac24     v8_libplatform:default-platform.obj
 0004:00000c30       $pdata$??1?$queue@PEAVTask@v8@@V?$deque@PEAVTask@v8@@V?$allocator@PEAVTask@v8@@@std@@@std@@@std@@QEAA@XZ 000000018001ac30     v8_libplatform:default-platform.obj
 0004:00000c30       $pdata$??1?$deque@PEAVTask@v8@@V?$allocator@PEAVTask@v8@@@std@@@std@@QEAA@XZ 000000018001ac30     v8_libplatform:default-platform.obj
 0004:00000c3c       $pdata$?_Tidy@?$deque@PEAVTask@v8@@V?$allocator@PEAVTask@v8@@@std@@@std@@IEAAXXZ 000000018001ac3c     v8_libplatform:default-platform.obj
 0004:00000c48       $pdata$??1?$_Deque_alloc@$0A@U?$_Deque_base_types@PEAVTask@v8@@V?$allocator@PEAVTask@v8@@@std@@@std@@@std@@QEAA@XZ 000000018001ac48     v8_libplatform:default-platform.obj
 0004:00000c54       $pdata$??0TaskQueue@platform@v8@@QEAA@XZ 000000018001ac54     v8_libplatform:task-queue.obj
 0004:00000c60       $pdata$??1TaskQueue@platform@v8@@QEAA@XZ 000000018001ac60     v8_libplatform:task-queue.obj
 0004:00000c6c       $pdata$??0WorkerThread@platform@v8@@QEAA@PEAVTaskQueue@12@@Z 000000018001ac6c     v8_libplatform:worker-thread.obj
 0004:00000c78       $pdata$??_GWorkerThread@platform@v8@@UEAAPEAXI@Z 000000018001ac78     v8_libplatform:worker-thread.obj
 0004:00000c84       $pdata$?Run@WorkerThread@platform@v8@@UEAAXXZ 000000018001ac84     v8_libplatform:worker-thread.obj
 0004:00000c90       $pdata$?ThreadEntry@base@v8@@YAIPEAX@Z 000000018001ac90     v8_libbase:platform-win32.obj
 0004:00000c9c       $pdata$??_GThread@base@v8@@UEAAPEAXI@Z 000000018001ac9c     v8_libbase:platform-win32.obj
 0004:00000cb4       $pdata$??_Etype_info@@UEAAPEAXI@Z 000000018001acb4     MSVCRT:ti_inst.obj
 0004:00000cc0       $pdata$__atonexitinit      000000018001acc0     MSVCRT:atonexit.obj
 0004:00000ccc       $pdata$_onexit             000000018001accc     MSVCRT:atonexit.obj
 0004:00000cd8       $pdata$atexit              000000018001acd8     MSVCRT:atonexit.obj
 0004:00000ce4       $pdata$pre_c_init          000000018001ace4     MSVCRT:crtdll.obj
 0004:00000cf0       $pdata$_CRT_INIT           000000018001acf0     MSVCRT:crtdll.obj
 0004:00000cfc       $pdata$_DllMainCRTStartup  000000018001acfc     MSVCRT:crtdll.obj
 0004:00000d08       $pdata$__DllMainCRTStartup 000000018001ad08     MSVCRT:crtdll.obj
 0004:00000d14       $pdata$__raise_securityfailure 000000018001ad14     MSVCRT:gs_report.obj
 0004:00000d20       $pdata$__report_gsfailure  000000018001ad20     MSVCRT:gs_report.obj
 0004:00000d2c       $pdata$??_M@YAXPEAX_KHP6AX0@Z@Z 000000018001ad2c     MSVCRT:ehvecdtr.obj
 0004:00000d38       $pdata$?__ArrayUnwind@@YAXPEAX_KHP6AX0@Z@Z 000000018001ad38     MSVCRT:ehvecdtr.obj
 0004:00000d44       $pdata$_IsNonwritableInCurrentImage 000000018001ad44     MSVCRT:pesect.obj
 0004:00000d50       $pdata$__security_init_cookie 000000018001ad50     MSVCRT:gs_support.obj
 0004:00000d5c       $pdata$DllMain             000000018001ad5c     MSVCRT:dllmain.obj
 0004:00000d68       $pdata$_RTC_Initialize     000000018001ad68     MSVCRT:initsect.obj
 0004:00000d74       $pdata$_RTC_Terminate      000000018001ad74     MSVCRT:initsect.obj
 0004:00000d80       $pdata$?dtor$7@?0??GetHandleProxy@V8EngineProxy@@QEAAPEAUHandleProxy@@V?$Handle@VValue@v8@@@v8@@@Z@4HA 000000018001ad80     V8EngineProxy.obj
 0004:00000d8c       $pdata$?catch$0@?0??Execute@V8EngineProxy@@QEAAPEAUHandleProxy@@PEBGPEAG@Z@4HA 000000018001ad8c     V8EngineProxy.obj
 0004:00000d98       $pdata$?catch$0@?0??Execute@V8EngineProxy@@QEAAPEAUHandleProxy@@V?$Handle@VScript@v8@@@v8@@@Z@4HA 000000018001ad98     V8EngineProxy.obj
 0004:00000da4       $pdata$?catch$0@?0??Compile@V8EngineProxy@@QEAAPEAUHandleProxy@@PEBGPEAG@Z@4HA 000000018001ada4     V8EngineProxy.obj
 0004:00000db0       $pdata$?dtor$7@?0??CreateArray@V8EngineProxy@@QEAAPEAUHandleProxy@@PEAPEAGG@Z@4HA 000000018001adb0     V8EngineProxy.obj
 0004:00000dbc       $pdata$?dtor$0@?0??push_back@?$vector@U_StringItem@@V?$allocator@U_StringItem@@@std@@@std@@QEAAXAEBU_StringItem@@@Z@4HA 000000018001adbc     V8EngineProxy.obj
 0004:00000dbc       $pdata$?dtor$0@?0??push_back@?$vector@HV?$allocator@H@std@@@std@@QEAAXAEBH@Z@4HA 000000018001adbc     V8EngineProxy.obj
 0004:00000dc8       $pdata$?catch$0@?0??_Construct_n@?$vector@U_StringItem@@V?$allocator@U_StringItem@@@std@@@std@@QEAAX_KPEBU_StringItem@@@Z@4HA 000000018001adc8     V8EngineProxy.obj
 0004:00000dd4       $pdata$?catch$0@?0??_Construct_n@?$vector@PEAUHandleProxy@@V?$allocator@PEAUHandleProxy@@@std@@@std@@QEAAX_KPEBQEAUHandleProxy@@@Z@4HA 000000018001add4     V8EngineProxy.obj
 0004:00000de0       $pdata$?catch$0@?0??_Construct_n@?$vector@HV?$allocator@H@std@@@std@@QEAAX_KPEBH@Z@4HA 000000018001ade0     V8EngineProxy.obj
 0004:00000dec       $pdata$?catch$0@?0??_Reallocate@?$vector@U_StringItem@@V?$allocator@U_StringItem@@@std@@@std@@IEAAX_K@Z@4HA 000000018001adec     V8EngineProxy.obj
 0004:00000df8       $pdata$?catch$0@?0??_Reallocate@?$vector@PEAUHandleProxy@@V?$allocator@PEAUHandleProxy@@@std@@@std@@IEAAX_K@Z@4HA 000000018001adf8     V8EngineProxy.obj
 0004:00000e04       $pdata$?catch$0@?0??_Reallocate@?$vector@HV?$allocator@H@std@@@std@@IEAAX_K@Z@4HA 000000018001ae04     V8EngineProxy.obj
 0004:00000e10       $pdata$?catch$0@?0??_Construct_n@?$vector@IV?$allocator@_N@std@@@std@@QEAAX_KPEBI@Z@4HA 000000018001ae10     V8EngineProxy.obj
 0004:00000e1c       $pdata$?catch$0@?0??resize@?$vector@IV?$allocator@_N@std@@@std@@QEAAX_KAEBI@Z@4HA 000000018001ae1c     V8EngineProxy.obj
 0004:00000e28       $pdata$?catch$0@?0??_Reallocate@?$vector@IV?$allocator@_N@std@@@std@@IEAAX_K@Z@4HA 000000018001ae28     V8EngineProxy.obj
 0004:00000e34       $pdata$?catch$0@?0???$_Uninit_fill_n@PEAU_StringItem@@_KU1@V?$allocator@U_StringItem@@@std@@U1@@std@@YAXPEAU_StringItem@@_KPEBU1@AEAU?$_Wrap_alloc@V?$allocator@U_StringItem@@@std@@@0@0U_Nonscalar_ptr_iterator_tag@0@@Z@4HA 000000018001ae34     V8EngineProxy.obj
 0004:00000e40       $pdata$?dtor$0@?0???$_Uninit_move@PEAU_StringItem@@PEAU1@V?$allocator@U_StringItem@@@std@@U1@@std@@YAPEAU_StringItem@@PEAU1@00AEAU?$_Wrap_alloc@V?$allocator@U_StringItem@@@std@@@0@0U_Nonscalar_ptr_iterator_tag@0@@Z@4HA 000000018001ae40     V8EngineProxy.obj
 0004:00000e4c       $pdata$?catch$0@?0???$_Uninit_move@PEAU_StringItem@@PEAU1@V?$allocator@U_StringItem@@@std@@U1@@std@@YAPEAU_StringItem@@PEAU1@00AEAU?$_Wrap_alloc@V?$allocator@U_StringItem@@@std@@@0@0U_Nonscalar_ptr_iterator_tag@0@@Z@4HA 000000018001ae4c     V8EngineProxy.obj
 0004:00000e58       $pdata$?catch$0@?0??_Reallocate@?$vector@PEAVWorkerThread@platform@v8@@V?$allocator@PEAVWorkerThread@platform@v8@@@std@@@std@@IEAAX_K@Z@4HA 000000018001ae58     v8_libplatform:default-platform.obj
 0004:00000e64       $pdata$?catch$1@?0??_Copy@?$basic_string@DU?$char_traits@D@std@@V?$allocator@D@2@@std@@QEAAX_K0@Z@4HA 000000018001ae64     v8_libplatform:default-platform.obj
 0004:00000e70       $pdata$?catch$0@?0??_Copy@?$basic_string@DU?$char_traits@D@std@@V?$allocator@D@2@@std@@QEAAX_K0@Z@4HA 000000018001ae70     v8_libplatform:default-platform.obj
 0004:00000e7c       $pdata$?catch$0@?0??_Buyheadnode@?$_Tree_alloc@$0A@U?$_Tree_base_types@U?$pair@QEAVIsolate@v8@@V?$queue@PEAVTask@v8@@V?$deque@PEAVTask@v8@@V?$allocator@PEAVTask@v8@@@std@@@std@@@std@@@std@@V?$allocator@U?$pair@QEAVIsolate@v8@@V?$queue@PEAVTask@v8@@V?$deque@PEAVTask@v8@@V?$allocator@PEAVTask@v8@@@std@@@std@@@std@@@std@@@2@@std@@@std@@QEAAPEAU?$_Tree_node@U?$pair@QEAVIsolate@v8@@V?$queue@PEAVTask@v8@@V?$deque@PEAVTask@v8@@V?$allocator@PEAVTask@v8@@@std@@@std@@@std@@@std@@PEAX@2@XZ@4HA 000000018001ae7c     v8_libplatform:default-platform.obj
 0004:00000e88       $pdata$?dtor$0@?0???$_Buynode@AEBUpiecewise_construct_t@std@@V?$tuple@AEBQEAVIsolate@v8@@@2@V?$tuple@$$$V@2@@?$_Tree_buy@U?$pair@QEAVIsolate@v8@@V?$queue@PEAVTask@v8@@V?$deque@PEAVTask@v8@@V?$allocator@PEAVTask@v8@@@std@@@std@@@std@@@std@@V?$allocator@U?$pair@QEAVIsolate@v8@@V?$queue@PEAVTask@v8@@V?$deque@PEAVTask@v8@@V?$allocator@PEAVTask@v8@@@std@@@std@@@std@@@std@@@2@@std@@QEAAPEAU?$_Tree_node@U?$pair@QEAVIsolate@v8@@V?$queue@PEAVTask@v8@@V?$deque@PEAVTask@v8@@V?$allocator@PEAVTask@v8@@@std@@@std@@@std@@@std@@PEAX@1@AEBUpiecewise_construct_t@1@$$QEAV?$tuple@AEBQEAVIsolate@v8@@@1@$$QEAV?$tuple@$$$V@1@@Z@4HA 000000018001ae88     v8_libplatform:default-platform.obj
 0004:00000e94       $pdata$?catch$0@?0???$_Buynode@AEBUpiecewise_construct_t@std@@V?$tuple@AEBQEAVIsolate@v8@@@2@V?$tuple@$$$V@2@@?$_Tree_buy@U?$pair@QEAVIsolate@v8@@V?$queue@PEAVTask@v8@@V?$deque@PEAVTask@v8@@V?$allocator@PEAVTask@v8@@@std@@@std@@@std@@@std@@V?$allocator@U?$pair@QEAVIsolate@v8@@V?$queue@PEAVTask@v8@@V?$deque@PEAVTask@v8@@V?$allocator@PEAVTask@v8@@@std@@@std@@@std@@@std@@@2@@std@@QEAAPEAU?$_Tree_node@U?$pair@QEAVIsolate@v8@@V?$queue@PEAVTask@v8@@V?$deque@PEAVTask@v8@@V?$allocator@PEAVTask@v8@@@std@@@std@@@std@@@std@@PEAX@1@AEBUpiecewise_construct_t@1@$$QEAV?$tuple@AEBQEAVIsolate@v8@@@1@$$QEAV?$tuple@$$$V@1@@Z@4HA 000000018001ae94     v8_libplatform:default-platform.obj
 0004:00000ea0       $pdata$?catch$0@?0???$_Insert_hint@AEAU?$pair@QEAVIsolate@v8@@V?$queue@PEAVTask@v8@@V?$deque@PEAVTask@v8@@V?$allocator@PEAVTask@v8@@@std@@@std@@@std@@@std@@PEAU?$_Tree_node@U?$pair@QEAVIsolate@v8@@V?$queue@PEAVTask@v8@@V?$deque@PEAVTask@v8@@V?$allocator@PEAVTask@v8@@@std@@@std@@@std@@@std@@PEAX@2@@?$_Tree@V?$_Tmap_traits@PEAVIsolate@v8@@V?$queue@PEAVTask@v8@@V?$deque@PEAVTask@v8@@V?$allocator@PEAVTask@v8@@@std@@@std@@@std@@U?$less@PEAVIsolate@v8@@@4@V?$allocator@U?$pair@QEAVIsolate@v8@@V?$queue@PEAVTask@v8@@V?$deque@PEAVTask@v8@@V?$allocator@PEAVTask@v8@@@std@@@std@@@std@@@std@@@4@$0A@@std@@@std@@IEAA?AV?$_Tree_iterator@V?$_Tree_val@U?$_Tree_simple_types@U?$pair@QEAVIsolate@v8@@V?$queue@PEAVTask@v8@@V?$deque@PEAVTask@v8@@V?$allocator@PEAVTask@v8@@@std@@@std@@@std@@@std@@@std@@@std@@@1@V?$_Tree_const_iterator@V?$_Tree_val@U?$_Tree_simple_types@U?$pair@QEAVIsolate@v8@@V?$queue@PEAVTask@v8@@V?$deque@PEAVTask@v8@@V?$allocator@PEAVTask@v8@@@std@@@std@@@std@@@std@@@std@@@std@@@1@AEAU?$pair@QEAVIsolate@v8@@V?$queue@PEAVTask@v8@@V?$deque@PEAVTask@v8@@V?$allocator@PEAVTask@v8@@@std@@@std@@@std@@@1@PEAU?$_Tree_node@U?$pair@QEAVIsolate@v8@@V?$queue@PEAVTask@v8@@V?$deque@PEAVTask@v8@@V?$allocator@PEAVTask@v8@@@std@@@std@@@std@@@std@@PEAX@1@@Z@4HA 000000018001aea0     v8_libplatform:default-platform.obj
 0004:00000eac       $pdata$?catch$0@?0??_Buynode0@?$_Tree_buy@U?$pair@QEAVIsolate@v8@@V?$queue@PEAVTask@v8@@V?$deque@PEAVTask@v8@@V?$allocator@PEAVTask@v8@@@std@@@std@@@std@@@std@@V?$allocator@U?$pair@QEAVIsolate@v8@@V?$queue@PEAVTask@v8@@V?$deque@PEAVTask@v8@@V?$allocator@PEAVTask@v8@@@std@@@std@@@std@@@std@@@2@@std@@QEAAPEAU?$_Tree_node@U?$pair@QEAVIsolate@v8@@V?$queue@PEAVTask@v8@@V?$deque@PEAVTask@v8@@V?$allocator@PEAVTask@v8@@@std@@@std@@@std@@@std@@PEAX@2@XZ@4HA 000000018001aeac     v8_libplatform:default-platform.obj
 0004:00000eb8       $pdata$?catch$0@?0???$_Insert_nohint@AEAU?$pair@QEAVIsolate@v8@@V?$queue@PEAVTask@v8@@V?$deque@PEAVTask@v8@@V?$allocator@PEAVTask@v8@@@std@@@std@@@std@@@std@@PEAU?$_Tree_node@U?$pair@QEAVIsolate@v8@@V?$queue@PEAVTask@v8@@V?$deque@PEAVTask@v8@@V?$allocator@PEAVTask@v8@@@std@@@std@@@std@@@std@@PEAX@2@@?$_Tree@V?$_Tmap_traits@PEAVIsolate@v8@@V?$queue@PEAVTask@v8@@V?$deque@PEAVTask@v8@@V?$allocator@PEAVTask@v8@@@std@@@std@@@std@@U?$less@PEAVIsolate@v8@@@4@V?$allocator@U?$pair@QEAVIsolate@v8@@V?$queue@PEAVTask@v8@@V?$deque@PEAVTask@v8@@V?$allocator@PEAVTask@v8@@@std@@@std@@@std@@@std@@@4@$0A@@std@@@std@@IEAA?AU?$pair@V?$_Tree_iterator@V?$_Tree_val@U?$_Tree_simple_types@U?$pair@QEAVIsolate@v8@@V?$queue@PEAVTask@v8@@V?$deque@PEAVTask@v8@@V?$allocator@PEAVTask@v8@@@std@@@std@@@std@@@std@@@std@@@std@@@std@@_N@1@_NAEAU?$pair@QEAVIsolate@v8@@V?$queue@PEAVTask@v8@@V?$deque@PEAVTask@v8@@V?$allocator@PEAVTask@v8@@@std@@@std@@@std@@@1@PEAU?$_Tree_node@U?$pair@QEAVIsolate@v8@@V?$queue@PEAVTask@v8@@V?$deque@PEAVTask@v8@@V?$allocator@PEAVTask@v8@@@std@@@std@@@std@@@std@@PEAX@1@@Z@4HA 000000018001aeb8     v8_libplatform:default-platform.obj
 0004:00000ec4       $pdata$_onexit$fin$0       000000018001aec4     MSVCRT:atonexit.obj
 0004:00000ed0       $pdata$__DllMainCRTStartup$filt$0 000000018001aed0     MSVCRT:crtdll.obj
 0004:00000edc       $pdata$__DllMainCRTStartup$fin$1 000000018001aedc     MSVCRT:crtdll.obj
 0004:00000ee8       $pdata$?fin$0@?0???_M@YAXPEAX_KHP6AX0@Z@Z@4HA 000000018001aee8     MSVCRT:ehvecdtr.obj
 0004:00000ef4       $pdata$?filt$0@?0??__ArrayUnwind@@YAXPEAX_KHP6AX0@Z@Z@4HA 000000018001aef4     MSVCRT:ehvecdtr.obj
 0004:00000f00       $pdata$_IsNonwritableInCurrentImage$filt$0 000000018001af00     MSVCRT:pesect.obj
 0004:00000f0c       $pdata$??__F?_DisposedEngines@V8EngineProxy@@1V?$vector@_NV?$allocator@_N@std@@@std@@A@@YAXXZ 000000018001af0c     V8EngineProxy.obj
 0005:000000a0       $R000000                   000000018001b0a0     V8.Net-Proxy-64.res
 0005:00000420       $R000380                   000000018001b420     V8.Net-Proxy-64.res

 Exports

  ordinal    name

        1    Call
        2    ConnectObject
        3    CreateArray
        4    CreateBoolean
        5    CreateDate
        6    CreateError
        7    CreateFunctionInstance
        8    CreateFunctionTemplateProxy
        9    CreateFunctionTemplateProxyTest
       10    CreateHandleProxyTest
       11    CreateInteger
       12    CreateNullValue
       13    CreateNumber
       14    CreateObject
       15    CreateObjectFromTemplate
       16    CreateObjectTemplateProxy
       17    CreateObjectTemplateProxyTest
       18    CreateString
       19    CreateStringArray
       20    CreateV8EngineProxy
       21    CreateV8EngineProxyTest
       22    DeleteFunctionTemplateProxy
       23    DeleteObjectPropertyByIndex
       24    DeleteObjectPropertyByName
       25    DeleteObjectTemplateProxy
       26    DeleteTestData
       27    DestroyV8EngineProxy
       28    DisposeHandleProxy
       29    DoIdleNotification
       30    ForceGC
       31    GetArrayLength
       32    GetFunction
       33    GetFunctionInstanceTemplateProxy
       34    GetFunctionPrototypeTemplateProxy
       35    GetHandleManagedObjectID
       36    GetObjectPropertyByIndex
       37    GetObjectPropertyByName
       38    GetObjectPrototype
       39    GetOwnPropertyNames
       40    GetPropertyAttributes
       41    GetPropertyNames
       42    MakeStrongHandle
       43    MakeWeakHandle
       44    RegisterGCCallback
       45    RegisterIndexedPropertyHandlers
       46    RegisterInvokeHandler
       47    RegisterNamedPropertyHandlers
       48    SetFunctionTemplateProperty
       49    SetGlobalObjectTemplate
       50    SetObjectAccessor
       51    SetObjectPropertyByIndex
       52    SetObjectPropertyByName
       53    SetObjectTemplateAccessor
       54    SetObjectTemplateProperty
       55    UnregisterIndexedPropertyHandlers
       56    UnregisterNamedPropertyHandlers
       57    UpdateHandleValue
       58    V8Compile
       59    V8Execute
       60    V8ExecuteCompiledScript
