 V8_Net_Proxy_x64

 Timestamp is 5282708a (Tue Nov 12 13:16:42 2013)

 Preferred load address is 0000000180000000

 Start         Length     Name                   Class
 0001:00000000 0000908aH .text                   CODE
 0001:00009090 00000eacH .text$x                 CODE
 0001:00009f40 000000daH .text$yc                CODE
 0001:0000a020 00000058H .text$yd                CODE
 0002:00000000 00000550H .idata$5                DATA
 0002:00000550 00000008H .CRT$XCA                DATA
 0002:00000558 00000008H .CRT$XCU                DATA
 0002:00000560 00000008H .CRT$XCZ                DATA
 0002:00000568 00000008H .CRT$XIA                DATA
 0002:00000570 00000008H .CRT$XIAA               DATA
 0002:00000578 00000008H .CRT$XIC                DATA
 0002:00000580 00000008H .CRT$XIZ                DATA
 0002:00000590 000010b0H .rdata                  DATA
 0002:00001640 0000007cH .rdata$debug            DATA
 0002:000016c0 00000074H .rdata$r                DATA
 0002:00001738 00000008H .rtc$IAA                DATA
 0002:00001740 00000008H .rtc$IZZ                DATA
 0002:00001748 00000008H .rtc$TAA                DATA
 0002:00001750 00000008H .rtc$TZZ                DATA
 0002:00001758 00002bd0H .xdata                  DATA
 0002:00004328 00000054H .xdata$x                DATA
 0002:0000437c 00000050H .idata$2                DATA
 0002:000043cc 00000014H .idata$3                DATA
 0002:000043e0 00000550H .idata$4                DATA
 0002:00004930 0000221cH .idata$6                DATA
 0002:00006b50 0000077dH .edata                  DATA
 0003:00000000 00000060H .data                   DATA
 0003:00000060 00000608H .bss                    DATA
 0004:00000000 00000a80H .pdata                  DATA
 0005:00000000 000000a0H .rsrc$01                DATA
 0005:000000a0 00000500H .rsrc$02                DATA

  Address         Publics by Value              Rva+Base               Lib:Object

 0000:00000000       ___safe_se_handler_count   0000000000000000     <absolute>
 0000:00000000       ___safe_se_handler_table   0000000000000000     <absolute>
 0000:00000000       __ImageBase                0000000180000000     <linker-defined>
 0001:00000000       ??1Scope@Context@v8@@QEAA@XZ 0000000180001000 f i Exports.obj
 0001:00000010       CreateV8EngineProxy        0000000180001010 f   Exports.obj
 0001:00000050       DestroyV8EngineProxy       0000000180001050 f   Exports.obj
 0001:00000100       RegisterGCCallback         0000000180001100 f   Exports.obj
 0001:000001a0       ForceGC                    00000001800011a0 f   Exports.obj
 0001:00000250       DoIdleNotification         0000000180001250 f   Exports.obj
 0001:00000300       V8Execute                  0000000180001300 f   Exports.obj
 0001:000003c0       V8Compile                  00000001800013c0 f   Exports.obj
 0001:00000480       V8ExecuteCompiledScript    0000000180001480 f   Exports.obj
 0001:00000570       CreateObjectTemplateProxy  0000000180001570 f   Exports.obj
 0001:00000610       DeleteObjectTemplateProxy  0000000180001610 f   Exports.obj
 0001:000006a0       SetGlobalObjectTemplate    00000001800016a0 f   Exports.obj
 0001:00000730       RegisterNamedPropertyHandlers 0000000180001730 f   Exports.obj
 0001:00000830       RegisterIndexedPropertyHandlers 0000000180001830 f   Exports.obj
 0001:00000930       UnregisterNamedPropertyHandlers 0000000180001930 f   Exports.obj
 0001:000009e0       UnregisterIndexedPropertyHandlers 00000001800019e0 f   Exports.obj
 0001:00000a90       RegisterInvokeHandler      0000000180001a90 f   Exports.obj
 0001:00000b40       CreateObjectFromTemplate   0000000180001b40 f   Exports.obj
 0001:00000c30       ConnectObject              0000000180001c30 f   Exports.obj
 0001:00000db0       GetObjectPrototype         0000000180001db0 f   Exports.obj
 0001:00000ec0       Call                       0000000180001ec0 f   Exports.obj
 0001:000011b0       SetObjectPropertyByName    00000001800021b0 f   Exports.obj
 0001:00001330       SetObjectPropertyByIndex   0000000180002330 f   Exports.obj
 0001:00001480       GetObjectPropertyByName    0000000180002480 f   Exports.obj
 0001:000015d0       GetObjectPropertyByIndex   00000001800025d0 f   Exports.obj
 0001:000016f0       DeleteObjectPropertyByName 00000001800026f0 f   Exports.obj
 0001:00001820       DeleteObjectPropertyByIndex 0000000180002820 f   Exports.obj
 0001:00001920       SetObjectAccessor          0000000180002920 f   Exports.obj
 0001:00001b30       SetObjectTemplateAccessor  0000000180002b30 f   Exports.obj
 0001:00001c20       SetObjectTemplateProperty  0000000180002c20 f   Exports.obj
 0001:00001d10       GetPropertyNames           0000000180002d10 f   Exports.obj
 0001:00001e20       GetOwnPropertyNames        0000000180002e20 f   Exports.obj
 0001:00001f30       GetPropertyAttributes      0000000180002f30 f   Exports.obj
 0001:00002060       GetArrayLength             0000000180003060 f   Exports.obj
 0001:00002160       CreateFunctionTemplateProxy 0000000180003160 f   Exports.obj
 0001:00002220       DeleteFunctionTemplateProxy 0000000180003220 f   Exports.obj
 0001:000022b0       GetFunctionInstanceTemplateProxy 00000001800032b0 f   Exports.obj
 0001:00002350       GetFunctionPrototypeTemplateProxy 0000000180003350 f   Exports.obj
 0001:000023f0       GetFunction                00000001800033f0 f   Exports.obj
 0001:000024b0       CreateFunctionInstance     00000001800034b0 f   Exports.obj
 0001:00002580       SetFunctionTemplateProperty 0000000180003580 f   Exports.obj
 0001:00002670       CreateBoolean              0000000180003670 f   Exports.obj
 0001:00002740       CreateInteger              0000000180003740 f   Exports.obj
 0001:00002800       CreateNumber               0000000180003800 f   Exports.obj
 0001:000028d0       CreateString               00000001800038d0 f   Exports.obj
 0001:000029a0       CreateDate                 00000001800039a0 f   Exports.obj
 0001:00002a70       CreateObject               0000000180003a70 f   Exports.obj
 0001:00002b40       CreateArray                0000000180003b40 f   Exports.obj
 0001:00002c00       CreateStringArray          0000000180003c00 f   Exports.obj
 0001:00002cc0       CreateNullValue            0000000180003cc0 f   Exports.obj
 0001:00002d80       CreateError                0000000180003d80 f   Exports.obj
 0001:00002e40       MakeWeakHandle             0000000180003e40 f   Exports.obj
 0001:00002f10       MakeStrongHandle           0000000180003f10 f   Exports.obj
 0001:00002fd0       DisposeHandleProxy         0000000180003fd0 f   Exports.obj
 0001:00003080       UpdateHandleValue          0000000180004080 f   Exports.obj
 0001:00003130       GetHandleManagedObjectID   0000000180004130 f   Exports.obj
 0001:000031e0       CreateHandleProxyTest      00000001800041e0 f   Exports.obj
 0001:00003210       CreateV8EngineProxyTest    0000000180004210 f   Exports.obj
 0001:00003240       CreateObjectTemplateProxyTest 0000000180004240 f   Exports.obj
 0001:00003270       CreateFunctionTemplateProxyTest 0000000180004270 f   Exports.obj
 0001:000032a0       DeleteTestData             00000001800042a0 f   Exports.obj
 0001:00003370       ??0FunctionTemplateProxy@@QEAA@PEAVV8EngineProxy@@PEAGP6APEAUHandleProxy@@H_NPEAU2@PEAPEAU2@I@Z@Z 0000000180004370 f   FunctionTemplateProxy.obj
 0001:000034c0       ??1FunctionTemplateProxy@@QEAA@XZ 00000001800044c0 f   FunctionTemplateProxy.obj
 0001:000035b0       ?InvocationCallbackProxy@FunctionTemplateProxy@@SAXAEBV?$FunctionCallbackInfo@VValue@v8@@@v8@@@Z 00000001800045b0 f   FunctionTemplateProxy.obj
 0001:00003790       ?CreateInstance@FunctionTemplateProxy@@QEAAPEAUHandleProxy@@HHPEAPEAU2@@Z 0000000180004790 f   FunctionTemplateProxy.obj
 0001:00003920       ?_Dispose@HandleProxy@@IEAA_N_N@Z 0000000180004920 f   HandleProxy.obj
 0001:00003a30       ?SetHandle@HandleProxy@@IEAAPEAU1@V?$Handle@VValue@v8@@@v8@@@Z 0000000180004a30 f   HandleProxy.obj
 0001:00003d70       ?GetManagedObjectID@HandleProxy@@QEAAHXZ 0000000180004d70 f   HandleProxy.obj
 0001:00003f30       ?_RevivableCallback@HandleProxy@@CAXPEAVIsolate@v8@@PEAV?$Persistent@VValue@v8@@@3@PEAU1@@Z 0000000180004f30 f   HandleProxy.obj
 0001:00003fb0       ?UpdateValue@HandleProxy@@QEAAXXZ 0000000180004fb0 f   HandleProxy.obj
 0001:00004100       ??1?$lock_guard@Vrecursive_mutex@std@@@std@@QEAA@XZ 0000000180005100 f i HandleProxy.obj
 0001:00004130       ??0ObjectTemplateProxy@@QEAA@PEAVV8EngineProxy@@@Z 0000000180005130 f   ObjectTemplateProxy.obj
 0001:000041d0       ??0ObjectTemplateProxy@@QEAA@PEAVV8EngineProxy@@V?$Local@VObjectTemplate@v8@@@v8@@@Z 00000001800051d0 f   ObjectTemplateProxy.obj
 0001:00004270       ??1ObjectTemplateProxy@@QEAA@XZ 0000000180005270 f   ObjectTemplateProxy.obj
 0001:00004350       ?GetProperty@ObjectTemplateProxy@@SAXV?$Local@VString@v8@@@v8@@AEBV?$PropertyCallbackInfo@VValue@v8@@@3@@Z 0000000180005350 f   ObjectTemplateProxy.obj
 0001:00004550       ?SetProperty@ObjectTemplateProxy@@SAXV?$Local@VString@v8@@@v8@@V?$Local@VValue@v8@@@3@AEBV?$PropertyCallbackInfo@VValue@v8@@@3@@Z 0000000180005550 f   ObjectTemplateProxy.obj
 0001:00004750       ?GetPropertyAttributes@ObjectTemplateProxy@@SAXV?$Local@VString@v8@@@v8@@AEBV?$PropertyCallbackInfo@VInteger@v8@@@3@@Z 0000000180005750 f   ObjectTemplateProxy.obj
 0001:00004900       ?DeleteProperty@ObjectTemplateProxy@@SAXV?$Local@VString@v8@@@v8@@AEBV?$PropertyCallbackInfo@VBoolean@v8@@@3@@Z 0000000180005900 f   ObjectTemplateProxy.obj
 0001:00004ad0       ?GetPropertyNames@ObjectTemplateProxy@@SAXAEBV?$PropertyCallbackInfo@VArray@v8@@@v8@@@Z 0000000180005ad0 f   ObjectTemplateProxy.obj
 0001:00004c90       ?GetProperty@ObjectTemplateProxy@@SAXIAEBV?$PropertyCallbackInfo@VValue@v8@@@v8@@@Z 0000000180005c90 f   ObjectTemplateProxy.obj
 0001:00004e50       ?SetProperty@ObjectTemplateProxy@@SAXIV?$Local@VValue@v8@@@v8@@AEBV?$PropertyCallbackInfo@VValue@v8@@@3@@Z 0000000180005e50 f   ObjectTemplateProxy.obj
 0001:00005020       ?GetPropertyAttributes@ObjectTemplateProxy@@SAXIAEBV?$PropertyCallbackInfo@VInteger@v8@@@v8@@@Z 0000000180006020 f   ObjectTemplateProxy.obj
 0001:00005190       ?DeleteProperty@ObjectTemplateProxy@@SAXIAEBV?$PropertyCallbackInfo@VBoolean@v8@@@v8@@@Z 0000000180006190 f   ObjectTemplateProxy.obj
 0001:00005310       ?GetPropertyIndices@ObjectTemplateProxy@@SAXAEBV?$PropertyCallbackInfo@VArray@v8@@@v8@@@Z 0000000180006310 f   ObjectTemplateProxy.obj
 0001:000054d0       ?AccessorGetterCallbackProxy@ObjectTemplateProxy@@SAXV?$Local@VString@v8@@@v8@@AEBV?$PropertyCallbackInfo@VValue@v8@@@3@@Z 00000001800064d0 f   ObjectTemplateProxy.obj
 0001:00005680       ?AccessorSetterCallbackProxy@ObjectTemplateProxy@@SAXV?$Local@VString@v8@@@v8@@V?$Local@VValue@v8@@@3@AEBV?$PropertyCallbackInfo@X@3@@Z 0000000180006680 f   ObjectTemplateProxy.obj
 0001:00005800       ?SetAccessor@ObjectTemplateProxy@@QEAAXHPEBGP6APEAUHandleProxy@@PEAU2@PEAG@ZP6APEAU2@121@ZW4AccessControl@v8@@W4PropertyAttribute@4@@Z 0000000180006800 f   ObjectTemplateProxy.obj
 0001:00005910       ??3@YAXPEAX0@Z             0000000180006910 f i V8EngineProxy.obj
 0001:00005910       ?_Destroy@?$vector@IV?$allocator@_N@std@@@std@@IEAAXPEAI0@Z 0000000180006910 f i V8EngineProxy.obj
 0001:00005920       ??1_Mutex_base@std@@QEAA@XZ 0000000180006920 f i V8EngineProxy.obj
 0001:00005930       ??0_StringItem@@QEAA@PEAVV8EngineProxy@@PEAVString@v8@@@Z 0000000180006930 f   V8EngineProxy.obj
 0001:000059a0       ?IsDisposed@V8EngineProxy@@SA_NH@Z 00000001800069a0 f   V8EngineProxy.obj
 0001:00005a20       ??0V8EngineProxy@@QEAA@_NP6AXXZH@Z 0000000180006a20 f   V8EngineProxy.obj
 0001:00005c70       ??1recursive_mutex@std@@QEAA@XZ 0000000180006c70 f i V8EngineProxy.obj
 0001:00005c90       ??1V8EngineProxy@@QEAA@XZ  0000000180006c90 f   V8EngineProxy.obj
 0001:00005f70       ?GetNativeString@V8EngineProxy@@QEAA?AU_StringItem@@PEAVString@v8@@@Z 0000000180006f70 f   V8EngineProxy.obj
 0001:000060a0       ?GetHandleProxy@V8EngineProxy@@QEAAPEAUHandleProxy@@V?$Handle@VValue@v8@@@v8@@@Z 00000001800070a0 f   V8EngineProxy.obj
 0001:00006280       ?DisposeHandleProxy@V8EngineProxy@@QEAAXPEAUHandleProxy@@@Z 0000000180007280 f   V8EngineProxy.obj
 0001:00006310       ?SetGlobalObjectTemplate@V8EngineProxy@@QEAAPEAUHandleProxy@@PEAVObjectTemplateProxy@@@Z 0000000180007310 f   V8EngineProxy.obj
 0001:00006430       ?_GetErrorMessage@@YA?AV?$Local@VString@v8@@@v8@@AEAVTryCatch@2@@Z 0000000180007430 f   V8EngineProxy.obj
 0001:00006810       ?Execute@V8EngineProxy@@QEAAPEAUHandleProxy@@PEBGPEAG@Z 0000000180007810 f   V8EngineProxy.obj
 0001:00006940       ?Execute@V8EngineProxy@@QEAAPEAUHandleProxy@@V?$Handle@VScript@v8@@@v8@@@Z 0000000180007940 f   V8EngineProxy.obj
 0001:00006a00       ?Compile@V8EngineProxy@@QEAAPEAUHandleProxy@@PEBGPEAG@Z 0000000180007a00 f   V8EngineProxy.obj
 0001:00006bd0       ?CreateError@V8EngineProxy@@QEAAPEAUHandleProxy@@PEBGW4JSValueType@@@Z 0000000180007bd0 f   V8EngineProxy.obj
 0001:00006c60       ?CreateArray@V8EngineProxy@@QEAAPEAUHandleProxy@@PEAPEAU2@G@Z 0000000180007c60 f   V8EngineProxy.obj
 0001:00006e90       ?CreateArray@V8EngineProxy@@QEAAPEAUHandleProxy@@PEAPEAGG@Z 0000000180007e90 f   V8EngineProxy.obj
 0001:00006f40       ?resize@?$vector@_NV?$allocator@_N@std@@@std@@QEAAX_K_N@Z 0000000180007f40 f i V8EngineProxy.obj
 0001:000070c0       ?clear@?$vector@_NV?$allocator@_N@std@@@std@@QEAAXXZ 00000001800080c0 f i V8EngineProxy.obj
 0001:00007160       ??1?$vector@HV?$allocator@H@std@@@std@@QEAA@XZ 0000000180008160 f i V8EngineProxy.obj
 0001:00007160       ??1?$vector@U_StringItem@@V?$allocator@U_StringItem@@@std@@@std@@QEAA@XZ 0000000180008160 f i V8EngineProxy.obj
 0001:00007160       ??1?$vector@PEAUHandleProxy@@V?$allocator@PEAUHandleProxy@@@std@@@std@@QEAA@XZ 0000000180008160 f i V8EngineProxy.obj
 0001:00007160       ??1?$vector@IV?$allocator@_N@std@@@std@@QEAA@XZ 0000000180008160 f i V8EngineProxy.obj
 0001:00007190       ?push_back@?$vector@U_StringItem@@V?$allocator@U_StringItem@@@std@@@std@@QEAAXAEBU_StringItem@@@Z 0000000180008190 f i V8EngineProxy.obj
 0001:00007260       ?push_back@?$vector@HV?$allocator@H@std@@@std@@QEAAXAEBH@Z 0000000180008260 f i V8EngineProxy.obj
 0001:000072f0       ?erase@?$vector@_NV?$allocator@_N@std@@@std@@QEAA?AV?$_Vb_iterator@U?$_Wrap_alloc@V?$allocator@I@std@@@std@@@2@V?$_Vb_const_iterator@U?$_Wrap_alloc@V?$allocator@I@std@@@std@@@2@0@Z 00000001800082f0 f i V8EngineProxy.obj
 0001:00007580       ?_Insert_n@?$vector@_NV?$allocator@_N@std@@@std@@QEAA?AV?$_Vb_iterator@U?$_Wrap_alloc@V?$allocator@I@std@@@std@@@2@V?$_Vb_const_iterator@U?$_Wrap_alloc@V?$allocator@I@std@@@std@@@2@_KAEB_N@Z 0000000180008580 f i V8EngineProxy.obj
 0001:00007740       ?_Trim@?$vector@_NV?$allocator@_N@std@@@std@@QEAAX_K@Z 0000000180008740 f i V8EngineProxy.obj
 0001:000077f0       ??1?$_Vb_val@V?$allocator@_N@std@@@std@@QEAA@XZ 00000001800087f0 f i V8EngineProxy.obj
 0001:00007840       ?_Construct_n@?$vector@U_StringItem@@V?$allocator@U_StringItem@@@std@@@std@@QEAAX_KPEBU_StringItem@@@Z 0000000180008840 f i V8EngineProxy.obj
 0001:000078d0       ?_Reserve@?$vector@U_StringItem@@V?$allocator@U_StringItem@@@std@@@std@@IEAAX_K@Z 00000001800088d0 f i V8EngineProxy.obj
 0001:000079a0       ?_Construct_n@?$vector@PEAUHandleProxy@@V?$allocator@PEAUHandleProxy@@@std@@@std@@QEAAX_KPEBQEAUHandleProxy@@@Z 00000001800089a0 f i V8EngineProxy.obj
 0001:00007a40       ?_Reserve@?$vector@PEAUHandleProxy@@V?$allocator@PEAUHandleProxy@@@std@@@std@@IEAAX_K@Z 0000000180008a40 f i V8EngineProxy.obj
 0001:00007ad0       ?_Construct_n@?$vector@HV?$allocator@H@std@@@std@@QEAAX_KPEBH@Z 0000000180008ad0 f i V8EngineProxy.obj
 0001:00007b70       ?_Reserve@?$vector@HV?$allocator@H@std@@@std@@IEAAX_K@Z 0000000180008b70 f i V8EngineProxy.obj
 0001:00007c00       ?_Insert_x@?$vector@_NV?$allocator@_N@std@@@std@@QEAA_KV?$_Vb_const_iterator@U?$_Wrap_alloc@V?$allocator@I@std@@@std@@@2@_K@Z 0000000180008c00 f i V8EngineProxy.obj
 0001:00007e90       ?_Reallocate@?$vector@U_StringItem@@V?$allocator@U_StringItem@@@std@@@std@@IEAAX_K@Z 0000000180008e90 f i V8EngineProxy.obj
 0001:00007f70       ?_Reallocate@?$vector@PEAUHandleProxy@@V?$allocator@PEAUHandleProxy@@@std@@@std@@IEAAX_K@Z 0000000180008f70 f i V8EngineProxy.obj
 0001:00008040       ?_Reallocate@?$vector@HV?$allocator@H@std@@@std@@IEAAX_K@Z 0000000180009040 f i V8EngineProxy.obj
 0001:00008110       ?_Construct_n@?$vector@IV?$allocator@_N@std@@@std@@QEAAX_KPEBI@Z 0000000180009110 f i V8EngineProxy.obj
 0001:000081e0       ?_Insert_n@?$vector@IV?$allocator@_N@std@@@std@@IEAA?AV?$_Vector_iterator@V?$_Vector_val@U?$_Simple_types@I@std@@@std@@@2@V?$_Vector_const_iterator@V?$_Vector_val@U?$_Simple_types@I@std@@@std@@@2@_KAEBI@Z 00000001800091e0 f i V8EngineProxy.obj
 0001:00008540       ??0?$_Wrap_alloc@V?$allocator@I@std@@@std@@QEAA@XZ 0000000180009540 f i V8EngineProxy.obj
 0001:00008550       ??$_Uninit_fill_n@PEAU_StringItem@@_KU1@V?$allocator@U_StringItem@@@std@@U1@@std@@YAXPEAU_StringItem@@_KPEBU1@AEAU?$_Wrap_alloc@V?$allocator@U_StringItem@@@std@@@0@0U_Nonscalar_ptr_iterator_tag@0@@Z 0000000180009550 f i V8EngineProxy.obj
 0001:000085a0       ??$_Uninit_move@PEAU_StringItem@@PEAU1@V?$allocator@U_StringItem@@@std@@U1@@std@@YAPEAU_StringItem@@PEAU1@00AEAU?$_Wrap_alloc@V?$allocator@U_StringItem@@@std@@@0@0U_Nonscalar_ptr_iterator_tag@0@@Z 00000001800095a0 f i V8EngineProxy.obj
 0001:00008600       ??1HandleValue@@QEAA@XZ    0000000180009600 f   ValueProxy.obj
 0001:00008634       ??_U@YAPEAX_K@Z            0000000180009634 f   msvcprt:newaop_s.obj
 0001:00008650       __security_check_cookie    0000000180009650 f   MSVCRT:amdsecgs.obj
 0001:00008670       ??1exception@std@@UEAA@XZ  0000000180009670 f   MSVCRT:MSVCR110.dll
 0001:00008676       ??0exception@std@@QEAA@AEBV01@@Z 0000000180009676 f   MSVCRT:MSVCR110.dll
 0001:0000867c       ??3@YAXPEAX@Z              000000018000967c f   MSVCRT:MSVCR110.dll
 0001:00008684       ??_Etype_info@@UEAAPEAXI@Z 0000000180009684 f i MSVCRT:ti_inst.obj
 0001:000086ee       ??2@YAPEAX_K@Z             00000001800096ee f   MSVCRT:MSVCR110.dll
 0001:000086f4       __atonexitinit             00000001800096f4 f   MSVCRT:atonexit.obj
 0001:00008744       _onexit                    0000000180009744 f   MSVCRT:atonexit.obj
 0001:000087f4       atexit                     00000001800097f4 f   MSVCRT:atonexit.obj
 0001:0000886c       _CRT_INIT                  000000018000986c f   MSVCRT:crtdll.obj
 0001:00008ab8       _DllMainCRTStartup         0000000180009ab8 f   MSVCRT:crtdll.obj
 0001:00008c30       __raise_securityfailure    0000000180009c30 f   MSVCRT:gs_report.obj
 0001:00008c7c       __report_gsfailure         0000000180009c7c f   MSVCRT:gs_report.obj
 0001:00008d50       ??_M@YAXPEAX_KHP6AX0@Z@Z   0000000180009d50 f   MSVCRT:ehvecdtr.obj
 0001:00008db0       ?__ArrayUnwind@@YAXPEAX_KHP6AX0@Z@Z 0000000180009db0 f   MSVCRT:ehvecdtr.obj
 0001:00008dfa       _lock                      0000000180009dfa f   MSVCRT:MSVCR110.dll
 0001:00008e00       _unlock                    0000000180009e00 f   MSVCRT:MSVCR110.dll
 0001:00008e06       __dllonexit                0000000180009e06 f   MSVCRT:MSVCR110.dll
 0001:00008e0c       __C_specific_handler       0000000180009e0c f   MSVCRT:MSVCR110.dll
 0001:00008e12       __CppXcptFilter            0000000180009e12 f   MSVCRT:MSVCR110.dll
 0001:00008e18       _amsg_exit                 0000000180009e18 f   MSVCRT:MSVCR110.dll
 0001:00008e20       _FindPESection             0000000180009e20 f   MSVCRT:pesect.obj
 0001:00008e70       _IsNonwritableInCurrentImage 0000000180009e70 f   MSVCRT:pesect.obj
 0001:00008ec0       _ValidateImageBase         0000000180009ec0 f   MSVCRT:pesect.obj
 0001:00008ef0       __security_init_cookie     0000000180009ef0 f   MSVCRT:gs_support.obj
 0001:00008f9c       DllMain                    0000000180009f9c f   MSVCRT:dllmain.obj
 0001:00008fc0       _RTC_Initialize            0000000180009fc0 f   MSVCRT:initsect.obj
 0001:00008ff8       _RTC_Terminate             0000000180009ff8 f   MSVCRT:initsect.obj
 0001:00009030       _initterm                  000000018000a030 f   MSVCRT:MSVCR110.dll
 0001:00009036       _initterm_e                000000018000a036 f   MSVCRT:MSVCR110.dll
 0001:0000903c       __clean_type_info_names    000000018000a03c f   MSVCRT:tncleanup.obj
 0001:00009048       __crt_debugger_hook        000000018000a048 f   MSVCRT:MSVCR110.dll
 0001:0000904e       __crtUnhandledException    000000018000a04e f   MSVCRT:MSVCR110.dll
 0001:00009054       __crtTerminateProcess      000000018000a054 f   MSVCRT:MSVCR110.dll
 0001:0000905a       __crtCapturePreviousContext 000000018000a05a f   MSVCRT:MSVCR110.dll
 0001:00009060       ?terminate@@YAXXZ          000000018000a060 f   MSVCRT:MSVCR110.dll
 0001:00009066       ?_type_info_dtor_internal_method@type_info@@QEAAXXZ 000000018000a066 f   MSVCRT:MSVCR110.dll
 0001:00009066       ??1type_info@@UEAA@XZ      000000018000a066 f   MSVCRT:MSVCR110.dll
 0001:0000906c       __clean_type_info_names_internal 000000018000a06c f   MSVCRT:MSVCR110.dll
 0001:00009072       IsProcessorFeaturePresent  000000018000a072 f   kernel32:KERNEL32.dll
 0001:00009078       _CxxThrowException         000000018000a078 f   MSVCRT:MSVCR110.dll
 0001:0000907e       __CxxFrameHandler3         000000018000a07e f   MSVCRT:MSVCR110.dll
 0001:00009084       memset                     000000018000a084 f   MSVCRT:MSVCR110.dll
 0002:00000000       __imp_GlobalAlloc          000000018000c000     kernel32:KERNEL32.dll
 0002:00000008       __imp_GlobalReAlloc        000000018000c008     kernel32:KERNEL32.dll
 0002:00000010       __imp_DisableThreadLibraryCalls 000000018000c010     kernel32:KERNEL32.dll
 0002:00000018       __imp_GetSystemTimeAsFileTime 000000018000c018     kernel32:KERNEL32.dll
 0002:00000020       __imp_GetCurrentThreadId   000000018000c020     kernel32:KERNEL32.dll
 0002:00000028       __imp_GetCurrentProcessId  000000018000c028     kernel32:KERNEL32.dll
 0002:00000030       __imp_QueryPerformanceCounter 000000018000c030     kernel32:KERNEL32.dll
 0002:00000038       __imp_IsProcessorFeaturePresent 000000018000c038     kernel32:KERNEL32.dll
 0002:00000040       __imp_IsDebuggerPresent    000000018000c040     kernel32:KERNEL32.dll
 0002:00000048       __imp_DecodePointer        000000018000c048     kernel32:KERNEL32.dll
 0002:00000050       __imp_EncodePointer        000000018000c050     kernel32:KERNEL32.dll
 0002:00000058       __imp_GlobalFree           000000018000c058     kernel32:KERNEL32.dll
 0002:00000060       \177KERNEL32_NULL_THUNK_DATA 000000018000c060     kernel32:KERNEL32.dll
 0002:00000068       __imp_?_Throw_C_error@std@@YAXH@Z 000000018000c068     msvcprt:MSVCP110.dll
 0002:00000070       __imp__Mtx_lock            000000018000c070     msvcprt:MSVCP110.dll
 0002:00000078       __imp_?_Xbad_alloc@std@@YAXXZ 000000018000c078     msvcprt:MSVCP110.dll
 0002:00000080       __imp_?_Xout_of_range@std@@YAXPEBD@Z 000000018000c080     msvcprt:MSVCP110.dll
 0002:00000088       __imp_?_Xlength_error@std@@YAXPEBD@Z 000000018000c088     msvcprt:MSVCP110.dll
 0002:00000090       __imp__Mtx_destroy         000000018000c090     msvcprt:MSVCP110.dll
 0002:00000098       __imp__Mtx_init            000000018000c098     msvcprt:MSVCP110.dll
 0002:000000a0       __imp__Mtx_unlock          000000018000c0a0     msvcprt:MSVCP110.dll
 0002:000000a8       \177MSVCP110_NULL_THUNK_DATA 000000018000c0a8     msvcprt:MSVCP110.dll
 0002:000000b0       __imp_free                 000000018000c0b0     MSVCRT:MSVCR110.dll
 0002:000000b8       __imp__amsg_exit           000000018000c0b8     MSVCRT:MSVCR110.dll
 0002:000000c0       __imp___CppXcptFilter      000000018000c0c0     MSVCRT:MSVCR110.dll
 0002:000000c8       __imp_?_type_info_dtor_internal_method@type_info@@QEAAXXZ 000000018000c0c8     MSVCRT:MSVCR110.dll
 0002:000000d0       __imp___C_specific_handler 000000018000c0d0     MSVCRT:MSVCR110.dll
 0002:000000d8       __imp___dllonexit          000000018000c0d8     MSVCRT:MSVCR110.dll
 0002:000000e0       __imp__calloc_crt          000000018000c0e0     MSVCRT:MSVCR110.dll
 0002:000000e8       __imp__unlock              000000018000c0e8     MSVCRT:MSVCR110.dll
 0002:000000f0       __imp__malloc_crt          000000018000c0f0     MSVCRT:MSVCR110.dll
 0002:000000f8       __imp_memmove              000000018000c0f8     MSVCRT:MSVCR110.dll
 0002:00000100       __imp_?what@exception@std@@UEBAPEBDXZ 000000018000c100     MSVCRT:MSVCR110.dll
 0002:00000108       __imp_??2@YAPEAX_K@Z       000000018000c108     MSVCRT:MSVCR110.dll
 0002:00000110       __imp_??3@YAXPEAX@Z        000000018000c110     MSVCRT:MSVCR110.dll
 0002:00000118       __imp_??_V@YAXPEAX@Z       000000018000c118     MSVCRT:MSVCR110.dll
 0002:00000120       __imp_??0exception@std@@QEAA@AEBV01@@Z 000000018000c120     MSVCRT:MSVCR110.dll
 0002:00000128       __imp_??0exception@std@@QEAA@AEBQEBD@Z 000000018000c128     MSVCRT:MSVCR110.dll
 0002:00000130       __imp_??1exception@std@@UEAA@XZ 000000018000c130     MSVCRT:MSVCR110.dll
 0002:00000138       __imp__initterm            000000018000c138     MSVCRT:MSVCR110.dll
 0002:00000140       __imp__initterm_e          000000018000c140     MSVCRT:MSVCR110.dll
 0002:00000148       __imp___crt_debugger_hook  000000018000c148     MSVCRT:MSVCR110.dll
 0002:00000150       __imp___crtUnhandledException 000000018000c150     MSVCRT:MSVCR110.dll
 0002:00000158       __imp___crtTerminateProcess 000000018000c158     MSVCRT:MSVCR110.dll
 0002:00000160       __imp___crtCapturePreviousContext 000000018000c160     MSVCRT:MSVCR110.dll
 0002:00000168       __imp__lock                000000018000c168     MSVCRT:MSVCR110.dll
 0002:00000170       __imp_?terminate@@YAXXZ    000000018000c170     MSVCRT:MSVCR110.dll
 0002:00000178       __imp___clean_type_info_names_internal 000000018000c178     MSVCRT:MSVCR110.dll
 0002:00000180       __imp__CxxThrowException   000000018000c180     MSVCRT:MSVCR110.dll
 0002:00000188       __imp__onexit              000000018000c188     MSVCRT:MSVCR110.dll
 0002:00000190       __imp_memset               000000018000c190     MSVCRT:MSVCR110.dll
 0002:00000198       __imp___CxxFrameHandler3   000000018000c198     MSVCRT:MSVCR110.dll
 0002:000001a0       \177MSVCR110_NULL_THUNK_DATA 000000018000c1a0     MSVCRT:MSVCR110.dll
 0002:000001a8       __imp_?Holder@?$FunctionCallbackInfo@VValue@v8@@@v8@@QEBA?AV?$Local@VObject@v8@@@2@XZ 000000018000c1a8     v8-x64:v8-x64.dll
 0002:000001b0       __imp_??A?$FunctionCallbackInfo@VValue@v8@@@v8@@QEBA?AV?$Local@VValue@v8@@@1@H@Z 000000018000c1b0     v8-x64:v8-x64.dll
 0002:000001b8       __imp_?Length@?$FunctionCallbackInfo@VValue@v8@@@v8@@QEBAHXZ 000000018000c1b8     v8-x64:v8-x64.dll
 0002:000001c0       __imp_?Set@Template@v8@@QEAAXV?$Handle@VString@v8@@@2@V?$Handle@VData@v8@@@2@W4PropertyAttribute@2@@Z 000000018000c1c0     v8-x64:v8-x64.dll
 0002:000001c8       __imp_?NewInstance@Function@v8@@QEBA?AV?$Local@VObject@v8@@@2@HQEAV?$Handle@VValue@v8@@@2@@Z 000000018000c1c8     v8-x64:v8-x64.dll
 0002:000001d0       __imp_?Value@External@v8@@QEBAPEAXXZ 000000018000c1d0     v8-x64:v8-x64.dll
 0002:000001d8       __imp_?ThrowException@v8@@YA?AV?$Handle@VValue@v8@@@1@V21@@Z 000000018000c1d8     v8-x64:v8-x64.dll
 0002:000001e0       __imp_?ClearWeak@V8@v8@@CAXPEAPEAVObject@internal@2@@Z 000000018000c1e0     v8-x64:v8-x64.dll
 0002:000001e8       __imp_?MakeWeak@V8@v8@@CAXPEAPEAVObject@internal@2@PEAXP6AXPEAVIsolate@2@PEAV?$Persistent@VValue@v8@@@2@1@Z@Z 000000018000c1e8     v8-x64:v8-x64.dll
 0002:000001f0       __imp_?Int32Value@Value@v8@@QEBAHXZ 000000018000c1f0     v8-x64:v8-x64.dll
 0002:000001f8       __imp_?NumberValue@Value@v8@@QEBANXZ 000000018000c1f8     v8-x64:v8-x64.dll
 0002:00000200       __imp_?BooleanValue@Value@v8@@QEBA_NXZ 000000018000c200     v8-x64:v8-x64.dll
 0002:00000208       __imp_?IsRegExp@Value@v8@@QEBA_NXZ 000000018000c208     v8-x64:v8-x64.dll
 0002:00000210       __imp_?IsNativeError@Value@v8@@QEBA_NXZ 000000018000c210     v8-x64:v8-x64.dll
 0002:00000218       __imp_?IsStringObject@Value@v8@@QEBA_NXZ 000000018000c218     v8-x64:v8-x64.dll
 0002:00000220       __imp_?IsNumberObject@Value@v8@@QEBA_NXZ 000000018000c220     v8-x64:v8-x64.dll
 0002:00000228       __imp_?IsBooleanObject@Value@v8@@QEBA_NXZ 000000018000c228     v8-x64:v8-x64.dll
 0002:00000230       __imp_?IsDate@Value@v8@@QEBA_NXZ 000000018000c230     v8-x64:v8-x64.dll
 0002:00000238       __imp_?IsInt32@Value@v8@@QEBA_NXZ 000000018000c238     v8-x64:v8-x64.dll
 0002:00000240       __imp_?IsExternal@Value@v8@@QEBA_NXZ 000000018000c240     v8-x64:v8-x64.dll
 0002:00000248       __imp_?IsNumber@Value@v8@@QEBA_NXZ 000000018000c248     v8-x64:v8-x64.dll
 0002:00000250       __imp_?IsBoolean@Value@v8@@QEBA_NXZ 000000018000c250     v8-x64:v8-x64.dll
 0002:00000258       __imp_?IsFalse@Value@v8@@QEBA_NXZ 000000018000c258     v8-x64:v8-x64.dll
 0002:00000260       __imp_?IsTrue@Value@v8@@QEBA_NXZ 000000018000c260     v8-x64:v8-x64.dll
 0002:00000268       __imp_?CreateHandle@HandleScope@v8@@SAPEAPEAVObject@internal@2@PEAV342@@Z 000000018000c268     v8-x64:v8-x64.dll
 0002:00000270       __imp_?SlowGetInternalField@Object@v8@@AEAA?AV?$Local@VValue@v8@@@2@H@Z 000000018000c270     v8-x64:v8-x64.dll
 0002:00000278       __imp_?GetHiddenValue@Object@v8@@QEAA?AV?$Local@VValue@v8@@@2@V?$Handle@VString@v8@@@2@@Z 000000018000c278     v8-x64:v8-x64.dll
 0002:00000280       __imp_?Has@Object@v8@@QEAA_NV?$Handle@VValue@v8@@@2@@Z 000000018000c280     v8-x64:v8-x64.dll
 0002:00000288       __imp_?False@v8@@YA?AV?$Handle@VBoolean@v8@@@1@XZ 000000018000c288     v8-x64:v8-x64.dll
 0002:00000290       __imp_?SlowGetAlignedPointerFromInternalField@Object@v8@@AEAAPEAXH@Z 000000018000c290     v8-x64:v8-x64.dll
 0002:00000298       __imp_?IsConstructCall@?$FunctionCallbackInfo@VValue@v8@@@v8@@QEBA_NXZ 000000018000c298     v8-x64:v8-x64.dll
 0002:000002a0       __imp_?SetCallAsFunctionHandler@ObjectTemplate@v8@@QEAAXP6AXAEBV?$FunctionCallbackInfo@VValue@v8@@@2@@ZV?$Handle@VValue@v8@@@2@@Z 000000018000c2a0     v8-x64:v8-x64.dll
 0002:000002a8       __imp_?SetIndexedPropertyHandler@ObjectTemplate@v8@@QEAAXP6AXIAEBV?$PropertyCallbackInfo@VValue@v8@@@2@@ZP6AXIV?$Local@VValue@v8@@@2@0@ZP6AXIAEBV?$PropertyCallbackInfo@VInteger@v8@@@2@@ZP6AXIAEBV?$PropertyCallbackInfo@VBoolean@v8@@@2@@ZP6AXAEBV?$PropertyCallbackInfo@VArray@v8@@@2@@ZV?$Handle@VValue@v8@@@2@@Z 000000018000c2a8     v8-x64:v8-x64.dll
 0002:000002b0       __imp_?SetNamedPropertyHandler@ObjectTemplate@v8@@QEAAXP6AXV?$Local@VString@v8@@@2@AEBV?$PropertyCallbackInfo@VValue@v8@@@2@@ZP6AX0V?$Local@VValue@v8@@@2@1@ZP6AX0AEBV?$PropertyCallbackInfo@VInteger@v8@@@2@@ZP6AX0AEBV?$PropertyCallbackInfo@VBoolean@v8@@@2@@ZP6AXAEBV?$PropertyCallbackInfo@VArray@v8@@@2@@ZV?$Handle@VValue@v8@@@2@@Z 000000018000c2b0     v8-x64:v8-x64.dll
 0002:000002b8       __imp_?SetAccessor@ObjectTemplate@v8@@QEAAXV?$Handle@VString@v8@@@2@P6AXV?$Local@VString@v8@@@2@AEBV?$PropertyCallbackInfo@VValue@v8@@@2@@ZP6AX1V?$Local@VValue@v8@@@2@AEBV?$PropertyCallbackInfo@X@2@@ZV?$Handle@VValue@v8@@@2@W4AccessControl@2@W4PropertyAttribute@2@V?$Handle@VAccessorSignature@v8@@@2@@Z 000000018000c2b8     v8-x64:v8-x64.dll
 0002:000002c0       __imp_?NewInstance@ObjectTemplate@v8@@QEAA?AV?$Local@VObject@v8@@@2@XZ 000000018000c2c0     v8-x64:v8-x64.dll
 0002:000002c8       __imp_?New@ObjectTemplate@v8@@SA?AV?$Local@VObjectTemplate@v8@@@2@XZ 000000018000c2c8     v8-x64:v8-x64.dll
 0002:000002d0       __imp_?GetReturnValue@?$PropertyCallbackInfo@VValue@v8@@@v8@@QEBA?AV?$ReturnValue@VValue@v8@@@2@XZ 000000018000c2d0     v8-x64:v8-x64.dll
 0002:000002d8       __imp_?Holder@?$PropertyCallbackInfo@VValue@v8@@@v8@@QEBA?AV?$Local@VObject@v8@@@2@XZ 000000018000c2d8     v8-x64:v8-x64.dll
 0002:000002e0       __imp_?This@?$PropertyCallbackInfo@VValue@v8@@@v8@@QEBA?AV?$Local@VObject@v8@@@2@XZ 000000018000c2e0     v8-x64:v8-x64.dll
 0002:000002e8       __imp_?Data@?$PropertyCallbackInfo@VValue@v8@@@v8@@QEBA?AV?$Local@VValue@v8@@@2@XZ 000000018000c2e8     v8-x64:v8-x64.dll
 0002:000002f0       __imp_?GetIsolate@?$PropertyCallbackInfo@VValue@v8@@@v8@@QEBAPEAVIsolate@2@XZ 000000018000c2f0     v8-x64:v8-x64.dll
 0002:000002f8       __imp_?True@v8@@YA?AV?$Handle@VBoolean@v8@@@1@XZ 000000018000c2f8     v8-x64:v8-x64.dll
 0002:00000300       __imp_?Message@TryCatch@v8@@QEBA?AV?$Local@VMessage@v8@@@2@XZ 000000018000c300     v8-x64:v8-x64.dll
 0002:00000308       __imp_?StackTrace@TryCatch@v8@@QEBA?AV?$Local@VValue@v8@@@2@XZ 000000018000c308     v8-x64:v8-x64.dll
 0002:00000310       __imp_?Exception@TryCatch@v8@@QEBA?AV?$Local@VValue@v8@@@2@XZ 000000018000c310     v8-x64:v8-x64.dll
 0002:00000318       __imp_?HasCaught@TryCatch@v8@@QEBA_NXZ 000000018000c318     v8-x64:v8-x64.dll
 0002:00000320       __imp_??1TryCatch@v8@@QEAA@XZ 000000018000c320     v8-x64:v8-x64.dll
 0002:00000328       __imp_??0TryCatch@v8@@QEAA@XZ 000000018000c328     v8-x64:v8-x64.dll
 0002:00000330       __imp_?GetStartColumn@Message@v8@@QEBAHXZ 000000018000c330     v8-x64:v8-x64.dll
 0002:00000338       __imp_?GetLineNumber@Message@v8@@QEBAHXZ 000000018000c338     v8-x64:v8-x64.dll
 0002:00000340       __imp_?New@Context@v8@@SA?AV?$Local@VContext@v8@@@2@PEAVIsolate@2@PEAVExtensionConfiguration@2@V?$Handle@VObjectTemplate@v8@@@2@V?$Handle@VValue@v8@@@2@@Z 000000018000c340     v8-x64:v8-x64.dll
 0002:00000348       __imp_?Global@Context@v8@@QEAA?AV?$Local@VObject@v8@@@2@XZ 000000018000c348     v8-x64:v8-x64.dll
 0002:00000350       __imp_?Null@v8@@YA?AV?$Handle@VPrimitive@v8@@@1@XZ 000000018000c350     v8-x64:v8-x64.dll
 0002:00000358       __imp_?New@Date@v8@@SA?AV?$Local@VValue@v8@@@2@N@Z 000000018000c358     v8-x64:v8-x64.dll
 0002:00000360       __imp_?Run@Script@v8@@QEAA?AV?$Local@VValue@v8@@@2@XZ 000000018000c360     v8-x64:v8-x64.dll
 0002:00000368       __imp_?Compile@Script@v8@@SA?AV?$Local@VScript@v8@@@2@V?$Handle@VString@v8@@@2@V?$Handle@VValue@v8@@@2@0@Z 000000018000c368     v8-x64:v8-x64.dll
 0002:00000370       __imp_?Initialize@V8@v8@@SA_NXZ 000000018000c370     v8-x64:v8-x64.dll
 0002:00000378       __imp_?Equals@Value@v8@@QEBA_NV?$Handle@VValue@v8@@@2@@Z 000000018000c378     v8-x64:v8-x64.dll
 0002:00000380       __imp_?ToObject@Value@v8@@QEBA?AV?$Local@VObject@v8@@@2@XZ 000000018000c380     v8-x64:v8-x64.dll
 0002:00000388       __imp_?Concat@String@v8@@SA?AV?$Local@VString@v8@@@2@V?$Handle@VString@v8@@@2@0@Z 000000018000c388     v8-x64:v8-x64.dll
 0002:00000390       __imp_?Write@String@v8@@QEBAHPEAGHHH@Z 000000018000c390     v8-x64:v8-x64.dll
 0002:00000398       __imp_?Length@String@v8@@QEBAHXZ 000000018000c398     v8-x64:v8-x64.dll
 0002:000003a0       __imp_?New@Number@v8@@SA?AV?$Local@VNumber@v8@@@2@N@Z 000000018000c3a0     v8-x64:v8-x64.dll
 0002:000003a8       __imp_?New@Object@v8@@SA?AV?$Local@VObject@v8@@@2@XZ 000000018000c3a8     v8-x64:v8-x64.dll
 0002:000003b0       __imp_?Dispose@Isolate@v8@@QEAAXXZ 000000018000c3b0     v8-x64:v8-x64.dll
 0002:000003b8       __imp_?New@Isolate@v8@@SAPEAV12@XZ 000000018000c3b8     v8-x64:v8-x64.dll
 0002:000003c0       __imp_?Data@?$FunctionCallbackInfo@VValue@v8@@@v8@@QEBA?AV?$Local@VValue@v8@@@2@XZ 000000018000c3c0     v8-x64:v8-x64.dll
 0002:000003c8       __imp_?GetReturnValue@?$FunctionCallbackInfo@VValue@v8@@@v8@@QEBA?AV?$ReturnValue@VValue@v8@@@2@XZ 000000018000c3c8     v8-x64:v8-x64.dll
 0002:000003d0       __imp_?Error@Exception@v8@@SA?AV?$Local@VValue@v8@@@2@V?$Handle@VString@v8@@@2@@Z 000000018000c3d0     v8-x64:v8-x64.dll
 0002:000003d8       __imp_?New@FunctionTemplate@v8@@SA?AV?$Local@VFunctionTemplate@v8@@@2@P6AXAEBV?$FunctionCallbackInfo@VValue@v8@@@2@@ZV?$Handle@VValue@v8@@@2@V?$Handle@VSignature@v8@@@2@H@Z 000000018000c3d8     v8-x64:v8-x64.dll
 0002:000003e0       __imp_?GetFunction@FunctionTemplate@v8@@QEAA?AV?$Local@VFunction@v8@@@2@XZ 000000018000c3e0     v8-x64:v8-x64.dll
 0002:000003e8       __imp_?InstanceTemplate@FunctionTemplate@v8@@QEAA?AV?$Local@VObjectTemplate@v8@@@2@XZ 000000018000c3e8     v8-x64:v8-x64.dll
 0002:000003f0       __imp_?PrototypeTemplate@FunctionTemplate@v8@@QEAA?AV?$Local@VObjectTemplate@v8@@@2@XZ 000000018000c3f0     v8-x64:v8-x64.dll
 0002:000003f8       __imp_?SetClassName@FunctionTemplate@v8@@QEAAXV?$Handle@VString@v8@@@2@@Z 000000018000c3f8     v8-x64:v8-x64.dll
 0002:00000400       __imp_?ToString@Value@v8@@QEBA?AV?$Local@VString@v8@@@2@XZ 000000018000c400     v8-x64:v8-x64.dll
 0002:00000408       __imp_?GlobalizeReference@V8@v8@@CAPEAPEAVObject@internal@2@PEAVIsolate@42@PEAPEAV342@@Z 000000018000c408     v8-x64:v8-x64.dll
 0002:00000410       __imp_?DisposeGlobal@V8@v8@@CAXPEAPEAVObject@internal@2@@Z 000000018000c410     v8-x64:v8-x64.dll
 0002:00000418       __imp_??0Scope@Isolate@v8@@QEAA@PEAV12@@Z 000000018000c418     v8-x64:v8-x64.dll
 0002:00000420       __imp_??1Scope@Isolate@v8@@QEAA@XZ 000000018000c420     v8-x64:v8-x64.dll
 0002:00000428       __imp_?New@External@v8@@SA?AV?$Local@VExternal@v8@@@2@PEAX@Z 000000018000c428     v8-x64:v8-x64.dll
 0002:00000430       __imp_?GetCurrent@Isolate@v8@@SAPEAV12@XZ 000000018000c430     v8-x64:v8-x64.dll
 0002:00000438       __imp_?Call@Function@v8@@QEAA?AV?$Local@VValue@v8@@@2@V?$Handle@VObject@v8@@@2@HQEAV?$Handle@VValue@v8@@@2@@Z 000000018000c438     v8-x64:v8-x64.dll
 0002:00000440       __imp_?New@Integer@v8@@SA?AV?$Local@VInteger@v8@@@2@H@Z 000000018000c440     v8-x64:v8-x64.dll
 0002:00000448       __imp_?Set@Object@v8@@QEAA_NIV?$Handle@VValue@v8@@@2@@Z 000000018000c448     v8-x64:v8-x64.dll
 0002:00000450       __imp_?Set@Object@v8@@QEAA_NV?$Handle@VValue@v8@@@2@0W4PropertyAttribute@2@@Z 000000018000c450     v8-x64:v8-x64.dll
 0002:00000458       __imp_?Get@Object@v8@@QEAA?AV?$Local@VValue@v8@@@2@I@Z 000000018000c458     v8-x64:v8-x64.dll
 0002:00000460       __imp_?Get@Object@v8@@QEAA?AV?$Local@VValue@v8@@@2@V?$Handle@VValue@v8@@@2@@Z 000000018000c460     v8-x64:v8-x64.dll
 0002:00000468       __imp_?GetPropertyAttributes@Object@v8@@QEAA?AW4PropertyAttribute@2@V?$Handle@VValue@v8@@@2@@Z 000000018000c468     v8-x64:v8-x64.dll
 0002:00000470       __imp_?Delete@Object@v8@@QEAA_NI@Z 000000018000c470     v8-x64:v8-x64.dll
 0002:00000478       __imp_?Delete@Object@v8@@QEAA_NV?$Handle@VValue@v8@@@2@@Z 000000018000c478     v8-x64:v8-x64.dll
 0002:00000480       __imp_?SetAccessor@Object@v8@@QEAA_NV?$Handle@VString@v8@@@2@P6AXV?$Local@VString@v8@@@2@AEBV?$PropertyCallbackInfo@VValue@v8@@@2@@ZP6AX1V?$Local@VValue@v8@@@2@AEBV?$PropertyCallbackInfo@X@2@@ZV?$Handle@VValue@v8@@@2@W4AccessControl@2@W4PropertyAttribute@2@@Z 000000018000c480     v8-x64:v8-x64.dll
 0002:00000488       __imp_?GetPropertyNames@Object@v8@@QEAA?AV?$Local@VArray@v8@@@2@XZ 000000018000c488     v8-x64:v8-x64.dll
 0002:00000490       __imp_?GetOwnPropertyNames@Object@v8@@QEAA?AV?$Local@VArray@v8@@@2@XZ 000000018000c490     v8-x64:v8-x64.dll
 0002:00000498       __imp_?GetPrototype@Object@v8@@QEAA?AV?$Local@VValue@v8@@@2@XZ 000000018000c498     v8-x64:v8-x64.dll
 0002:000004a0       __imp_?InternalFieldCount@Object@v8@@QEAAHXZ 000000018000c4a0     v8-x64:v8-x64.dll
 0002:000004a8       __imp_?SetInternalField@Object@v8@@QEAAXHV?$Handle@VValue@v8@@@2@@Z 000000018000c4a8     v8-x64:v8-x64.dll
 0002:000004b0       __imp_?SetAlignedPointerInInternalField@Object@v8@@QEAAXHPEAX@Z 000000018000c4b0     v8-x64:v8-x64.dll
 0002:000004b8       __imp_?SetHiddenValue@Object@v8@@QEAA_NV?$Handle@VString@v8@@@2@V?$Handle@VValue@v8@@@2@@Z 000000018000c4b8     v8-x64:v8-x64.dll
 0002:000004c0       __imp_??0HandleScope@v8@@QEAA@XZ 000000018000c4c0     v8-x64:v8-x64.dll
 0002:000004c8       __imp_??1HandleScope@v8@@QEAA@XZ 000000018000c4c8     v8-x64:v8-x64.dll
 0002:000004d0       __imp_?Undefined@v8@@YA?AV?$Handle@VPrimitive@v8@@@1@XZ 000000018000c4d0     v8-x64:v8-x64.dll
 0002:000004d8       __imp_?Length@Array@v8@@QEBAIXZ 000000018000c4d8     v8-x64:v8-x64.dll
 0002:000004e0       __imp_?New@Array@v8@@SA?AV?$Local@VArray@v8@@@2@H@Z 000000018000c4e0     v8-x64:v8-x64.dll
 0002:000004e8       __imp_?NewFromUtf8@String@v8@@SA?AV?$Local@VString@v8@@@2@PEAVIsolate@2@PEBDW4NewStringType@12@H@Z 000000018000c4e8     v8-x64:v8-x64.dll
 0002:000004f0       __imp_?NewFromTwoByte@String@v8@@SA?AV?$Local@VString@v8@@@2@PEAVIsolate@2@PEBGW4NewStringType@12@H@Z 000000018000c4f0     v8-x64:v8-x64.dll
 0002:000004f8       __imp_?IsFunction@Value@v8@@QEBA_NXZ 000000018000c4f8     v8-x64:v8-x64.dll
 0002:00000500       __imp_?IsArray@Value@v8@@QEBA_NXZ 000000018000c500     v8-x64:v8-x64.dll
 0002:00000508       __imp_?IsObject@Value@v8@@QEBA_NXZ 000000018000c508     v8-x64:v8-x64.dll
 0002:00000510       __imp_?IdleNotification@V8@v8@@SA_NH@Z 000000018000c510     v8-x64:v8-x64.dll
 0002:00000518       __imp_?LowMemoryNotification@V8@v8@@SAXXZ 000000018000c518     v8-x64:v8-x64.dll
 0002:00000520       __imp_?Enter@Context@v8@@QEAAXXZ 000000018000c520     v8-x64:v8-x64.dll
 0002:00000528       __imp_?Exit@Context@v8@@QEAAXXZ 000000018000c528     v8-x64:v8-x64.dll
 0002:00000530       __imp_??1Locker@v8@@QEAA@XZ 000000018000c530     v8-x64:v8-x64.dll
 0002:00000538       __imp_?SetInternalFieldCount@ObjectTemplate@v8@@QEAAXH@Z 000000018000c538     v8-x64:v8-x64.dll
 0002:00000540       __imp_?Initialize@Locker@v8@@AEAAXPEAVIsolate@2@@Z 000000018000c540     v8-x64:v8-x64.dll
 0002:00000548       \177v8-x64_NULL_THUNK_DATA 000000018000c548     v8-x64:v8-x64.dll
 0002:00000550       __xc_a                     000000018000c550     MSVCRT:cinitexe.obj
 0002:00000560       __xc_z                     000000018000c560     MSVCRT:cinitexe.obj
 0002:00000568       __xi_a                     000000018000c568     MSVCRT:cinitexe.obj
 0002:00000580       __xi_z                     000000018000c580     MSVCRT:cinitexe.obj
 0002:000005d0       ??_7type_info@@6B@         000000018000c5d0     MSVCRT:ti_inst.obj
 0002:000005d8       _pDefaultRawDllMain        000000018000c5d8     MSVCRT:crtdll.obj
 0002:000005d8       _pRawDllMain               000000018000c5d8     MSVCRT:crtdll.obj
 0002:000005f0       ??_C@_0BL@OFLPLJAM@Not?5a?5valid?5script?5handle?4?$AA@ 000000018000c5f0     Exports.obj
 0002:00000610       ??_C@_0BA@MLFILMMN@ManagedObjectID?$AA@ 000000018000c610     Exports.obj
 0002:00000620       ??_C@_0CJ@MCOIAANP@The?5handle?5does?5not?5represent?5an@ 000000018000c620     Exports.obj
 0002:00000650       ??_C@_0EI@NBCEMGHA@Call?3?5The?5target?5instance?5handle@ 000000018000c650     Exports.obj
 0002:00000698       ??_C@_0DH@GEIHKHBI@Call?3?5The?5subject?5handle?5does?5no@ 000000018000c698     Exports.obj
 0002:000006d0       ??_C@_0DM@EFLNDFCL@Call?3?5The?5specified?5property?5doe@ 000000018000c6d0     Exports.obj
 0002:00000710       ??_C@_0DI@IBPEFPGB@Call?3?5The?5subject?5handle?5does?5no@ 000000018000c710     Exports.obj
 0002:00000748       ??_C@_0CP@MICEEFHB@The?5handle?5does?5not?5represent?5an@ 000000018000c748     Exports.obj
 0002:00000780       ??_C@_0EE@OBNIJAJP@?8Data?8?5points?5to?5an?5invalid?5obje@ 000000018000c780     Exports.obj
 0002:000007c8       ??_C@_0CB@PFDHPICG@?8args?4Data?$CI?$CJ?8?5is?5not?5recognized?4@ 000000018000c7c8     FunctionTemplateProxy.obj
 0002:000007f0       ??_C@_09JOONBBPD@$__TypeID?$AA@ 000000018000c7f0     HandleProxy.obj
 0002:00000800       ??_C@_08NKLFIIDP@$__Value?$AA@ 000000018000c800     HandleProxy.obj
 0002:0000080c       ??_C@_02PCIJFNDE@?$AN?6?$AA@ 000000018000c80c     V8EngineProxy.obj
 0002:00000810       ??_C@_08FIKDMAMC@?5?5Line?3?5?$AA@ 000000018000c810     V8EngineProxy.obj
 0002:00000820       ??_C@_0L@KCLHICAK@?5?5Column?3?5?$AA@ 000000018000c820     V8EngineProxy.obj
 0002:00000830       ??_C@_09FPDCPDGD@?5?5Stack?3?5?$AA@ 000000018000c830     V8EngineProxy.obj
 0002:0000083c       ??_C@_11LOCGONAA@?$AA?$AA@ 000000018000c83c     V8EngineProxy.obj
 0002:00000840       ??_C@_0BE@HBKMHPCH@Invalid?5error?5type?4?$AA@ 000000018000c840     V8EngineProxy.obj
 0002:00000858       ??_C@_0BM@NMJKDPPO@invalid?5vector?$DMT?$DO?5subscript?$AA@ 000000018000c858     V8EngineProxy.obj
 0002:00000878       ??_C@_0BG@EOMJEIFA@vector?$DMbool?$DO?5too?5long?$AA@ 000000018000c878     V8EngineProxy.obj
 0002:00000890       ??_C@_0BD@OLBABOEK@vector?$DMT?$DO?5too?5long?$AA@ 000000018000c890     V8EngineProxy.obj
 0002:000015d0       _load_config_used          000000018000d5d0     MSVCRT:loadcfg.obj
 0002:000016c0       ??_R4type_info@@6B@        000000018000d6c0     MSVCRT:ti_inst.obj
 0002:000016e8       ??_R3type_info@@8          000000018000d6e8     MSVCRT:ti_inst.obj
 0002:00001700       ??_R2type_info@@8          000000018000d700     MSVCRT:ti_inst.obj
 0002:00001710       ??_R1A@?0A@EA@type_info@@8 000000018000d710     MSVCRT:ti_inst.obj
 0002:00001738       __rtc_iaa                  000000018000d738     MSVCRT:initsect.obj
 0002:00001740       __rtc_izz                  000000018000d740     MSVCRT:initsect.obj
 0002:00001748       __rtc_taa                  000000018000d748     MSVCRT:initsect.obj
 0002:00001750       __rtc_tzz                  000000018000d750     MSVCRT:initsect.obj
 0002:00004328       _CT??_R0?AVexception@std@@@8??0exception@std@@QEAA@AEBV01@@Z24 0000000180010328     Exports.obj
 0002:00004350       _TI1?AVexception@std@@     0000000180010350     Exports.obj
 0002:00004370       _CTA1?AVexception@std@@    0000000180010370     Exports.obj
 0002:0000437c       __IMPORT_DESCRIPTOR_v8-x64 000000018001037c     v8-x64:v8-x64.dll
 0002:00004390       __IMPORT_DESCRIPTOR_KERNEL32 0000000180010390     kernel32:KERNEL32.dll
 0002:000043a4       __IMPORT_DESCRIPTOR_MSVCP110 00000001800103a4     msvcprt:MSVCP110.dll
 0002:000043b8       __IMPORT_DESCRIPTOR_MSVCR110 00000001800103b8     MSVCRT:MSVCR110.dll
 0002:000043cc       __NULL_IMPORT_DESCRIPTOR   00000001800103cc     v8-x64:v8-x64.dll
 0003:00000000       ??_R0?AVtype_info@@@8      0000000180014000     MSVCRT:ti_inst.obj
 0003:00000020       __security_cookie          0000000180014020     MSVCRT:gs_cookie.obj
 0003:00000028       __security_cookie_complement 0000000180014028     MSVCRT:gs_cookie.obj
 0003:00000030       __native_dllmain_reason    0000000180014030     MSVCRT:natstart.obj
 0003:00000038       ??_R0?AVexception@std@@@8  0000000180014038     Exports.obj
 0003:0000005c       _fltused                   000000018001405c     MSVCRT:dllsupp.obj
 0003:000005e8       ?__type_info_root_node@@3U__type_info_node@@A 00000001800145e8     MSVCRT:tncleanup.obj
 0003:000005fc       ?_NextEngineID@V8EngineProxy@@1HA 00000001800145fc     V8EngineProxy.obj
 0003:00000618       ?_DisposedEngines@V8EngineProxy@@1V?$vector@_NV?$allocator@_N@std@@@std@@A 0000000180014618     V8EngineProxy.obj
 0003:00000640       __native_startup_lock      0000000180014640     <common>
 0003:00000648       __native_startup_state     0000000180014648     <common>
 0003:00000650       __dyn_tls_init_callback    0000000180014650     <common>
 0003:00000658       __onexitend                0000000180014658     <common>
 0003:00000660       __onexitbegin              0000000180014660     <common>

 entry point at        0001:00008ab8

 Static symbols

 0000:fffe8000       .debug$S                   0000000180000000     MSVCRT:MSVCR110.dll
 0000:fffe8000       .debug$S                   0000000180000000     v8-x64:v8-x64.dll
 0000:fffe8000       .debug$S                   0000000180000000     v8-x64:v8-x64.dll
 0000:fffe8000       .debug$S                   0000000180000000     v8-x64:v8-x64.dll
 0000:fffe8000       .debug$S                   0000000180000000     v8-x64:v8-x64.dll
 0000:fffe8000       .debug$S                   0000000180000000     v8-x64:v8-x64.dll
 0000:fffe8000       .debug$S                   0000000180000000     v8-x64:v8-x64.dll
 0000:fffe8000       .debug$S                   0000000180000000     v8-x64:v8-x64.dll
 0000:fffe8000       .debug$S                   0000000180000000     v8-x64:v8-x64.dll
 0000:fffe8000       .debug$S                   0000000180000000     v8-x64:v8-x64.dll
 0000:fffe8000       .debug$S                   0000000180000000     v8-x64:v8-x64.dll
 0000:fffe8000       .debug$S                   0000000180000000     v8-x64:v8-x64.dll
 0000:fffe8000       .debug$S                   0000000180000000     v8-x64:v8-x64.dll
 0000:fffe8000       .debug$S                   0000000180000000     v8-x64:v8-x64.dll
 0000:fffe8000       .debug$S                   0000000180000000     v8-x64:v8-x64.dll
 0000:fffe8000       .debug$S                   0000000180000000     v8-x64:v8-x64.dll
 0000:fffe8000       .debug$S                   0000000180000000     v8-x64:v8-x64.dll
 0000:fffe8000       .debug$S                   0000000180000000     v8-x64:v8-x64.dll
 0000:fffe8000       .debug$S                   0000000180000000     v8-x64:v8-x64.dll
 0000:fffe8000       .debug$S                   0000000180000000     v8-x64:v8-x64.dll
 0000:fffe8000       .debug$S                   0000000180000000     v8-x64:v8-x64.dll
 0000:fffe8000       .debug$S                   0000000180000000     v8-x64:v8-x64.dll
 0000:fffe8000       .debug$S                   0000000180000000     v8-x64:v8-x64.dll
 0000:fffe8000       .debug$S                   0000000180000000     v8-x64:v8-x64.dll
 0000:fffe8000       .debug$S                   0000000180000000     v8-x64:v8-x64.dll
 0000:fffe8000       .debug$S                   0000000180000000     v8-x64:v8-x64.dll
 0000:fffe8000       .debug$S                   0000000180000000     v8-x64:v8-x64.dll
 0000:fffe8000       .debug$S                   0000000180000000     v8-x64:v8-x64.dll
 0000:fffe8000       .debug$S                   0000000180000000     v8-x64:v8-x64.dll
 0000:fffe8000       .debug$S                   0000000180000000     v8-x64:v8-x64.dll
 0000:fffe8000       .debug$S                   0000000180000000     v8-x64:v8-x64.dll
 0000:fffe8000       .debug$S                   0000000180000000     v8-x64:v8-x64.dll
 0000:fffe8000       .debug$S                   0000000180000000     v8-x64:v8-x64.dll
 0000:fffe8000       .debug$S                   0000000180000000     v8-x64:v8-x64.dll
 0000:fffe8000       .debug$S                   0000000180000000     v8-x64:v8-x64.dll
 0000:fffe8000       .debug$S                   0000000180000000     v8-x64:v8-x64.dll
 0000:fffe8000       .debug$S                   0000000180000000     v8-x64:v8-x64.dll
 0000:fffe8000       .debug$S                   0000000180000000     v8-x64:v8-x64.dll
 0000:fffe8000       .debug$S                   0000000180000000     v8-x64:v8-x64.dll
 0000:fffe8000       .debug$S                   0000000180000000     v8-x64:v8-x64.dll
 0000:fffe8000       .debug$S                   0000000180000000     v8-x64:v8-x64.dll
 0000:fffe8000       .debug$S                   0000000180000000     v8-x64:v8-x64.dll
 0000:fffe8000       .debug$S                   0000000180000000     v8-x64:v8-x64.dll
 0000:fffe8000       .debug$S                   0000000180000000     v8-x64:v8-x64.dll
 0000:fffe8000       .debug$S                   0000000180000000     v8-x64:v8-x64.dll
 0000:fffe8000       .debug$S                   0000000180000000     v8-x64:v8-x64.dll
 0000:fffe8000       .debug$S                   0000000180000000     v8-x64:v8-x64.dll
 0000:fffe8000       .debug$S                   0000000180000000     v8-x64:v8-x64.dll
 0000:fffe8000       .debug$S                   0000000180000000     v8-x64:v8-x64.dll
 0000:fffe8000       .debug$S                   0000000180000000     v8-x64:v8-x64.dll
 0000:fffe8000       .debug$S                   0000000180000000     v8-x64:v8-x64.dll
 0000:fffe8000       .debug$S                   0000000180000000     v8-x64:v8-x64.dll
 0000:fffe8000       .debug$S                   0000000180000000     v8-x64:v8-x64.dll
 0000:fffe8000       .debug$S                   0000000180000000     v8-x64:v8-x64.dll
 0000:fffe8000       .debug$S                   0000000180000000     v8-x64:v8-x64.dll
 0000:fffe8000       .debug$S                   0000000180000000     v8-x64:v8-x64.dll
 0000:fffe8000       .debug$S                   0000000180000000     v8-x64:v8-x64.dll
 0000:fffe8000       .debug$S                   0000000180000000     v8-x64:v8-x64.dll
 0000:fffe8000       .debug$S                   0000000180000000     v8-x64:v8-x64.dll
 0000:fffe8000       .debug$S                   0000000180000000     v8-x64:v8-x64.dll
 0000:fffe8000       .debug$S                   0000000180000000     v8-x64:v8-x64.dll
 0000:fffe8000       .debug$S                   0000000180000000     v8-x64:v8-x64.dll
 0000:fffe8000       .debug$S                   0000000180000000     v8-x64:v8-x64.dll
 0000:fffe8000       .debug$S                   0000000180000000     v8-x64:v8-x64.dll
 0000:fffe8000       .debug$S                   0000000180000000     v8-x64:v8-x64.dll
 0000:fffe8000       .debug$S                   0000000180000000     v8-x64:v8-x64.dll
 0000:fffe8000       .debug$S                   0000000180000000     v8-x64:v8-x64.dll
 0000:fffe8000       .debug$S                   0000000180000000     v8-x64:v8-x64.dll
 0000:fffe8000       .debug$S                   0000000180000000     v8-x64:v8-x64.dll
 0000:fffe8000       .debug$S                   0000000180000000     v8-x64:v8-x64.dll
 0000:fffe8000       .debug$S                   0000000180000000     v8-x64:v8-x64.dll
 0000:fffe8000       .debug$S                   0000000180000000     v8-x64:v8-x64.dll
 0000:fffe8000       .debug$S                   0000000180000000     v8-x64:v8-x64.dll
 0000:fffe8000       .debug$S                   0000000180000000     v8-x64:v8-x64.dll
 0000:fffe8000       .debug$S                   0000000180000000     v8-x64:v8-x64.dll
 0000:fffe8000       .debug$S                   0000000180000000     v8-x64:v8-x64.dll
 0000:fffe8000       .debug$S                   0000000180000000     v8-x64:v8-x64.dll
 0000:fffe8000       .debug$S                   0000000180000000     v8-x64:v8-x64.dll
 0000:fffe8000       .debug$S                   0000000180000000     v8-x64:v8-x64.dll
 0000:fffe8000       .debug$S                   0000000180000000     v8-x64:v8-x64.dll
 0000:fffe8000       .debug$S                   0000000180000000     v8-x64:v8-x64.dll
 0000:fffe8000       .debug$S                   0000000180000000     v8-x64:v8-x64.dll
 0000:fffe8000       .debug$S                   0000000180000000     v8-x64:v8-x64.dll
 0000:fffe8000       .debug$S                   0000000180000000     v8-x64:v8-x64.dll
 0000:fffe8000       .debug$S                   0000000180000000     v8-x64:v8-x64.dll
 0000:fffe8000       .debug$S                   0000000180000000     v8-x64:v8-x64.dll
 0000:fffe8000       .debug$S                   0000000180000000     v8-x64:v8-x64.dll
 0000:fffe8000       .debug$S                   0000000180000000     v8-x64:v8-x64.dll
 0000:fffe8000       .debug$S                   0000000180000000     v8-x64:v8-x64.dll
 0000:fffe8000       .debug$S                   0000000180000000     v8-x64:v8-x64.dll
 0000:fffe8000       .debug$S                   0000000180000000     v8-x64:v8-x64.dll
 0000:fffe8000       .debug$S                   0000000180000000     v8-x64:v8-x64.dll
 0000:fffe8000       .debug$S                   0000000180000000     v8-x64:v8-x64.dll
 0000:fffe8000       .debug$S                   0000000180000000     v8-x64:v8-x64.dll
 0000:fffe8000       .debug$S                   0000000180000000     v8-x64:v8-x64.dll
 0000:fffe8000       .debug$S                   0000000180000000     v8-x64:v8-x64.dll
 0000:fffe8000       .debug$S                   0000000180000000     v8-x64:v8-x64.dll
 0000:fffe8000       .debug$S                   0000000180000000     v8-x64:v8-x64.dll
 0000:fffe8000       .debug$S                   0000000180000000     v8-x64:v8-x64.dll
 0000:fffe8000       .debug$S                   0000000180000000     v8-x64:v8-x64.dll
 0000:fffe8000       .debug$S                   0000000180000000     v8-x64:v8-x64.dll
 0000:fffe8000       .debug$S                   0000000180000000     v8-x64:v8-x64.dll
 0000:fffe8000       .debug$S                   0000000180000000     v8-x64:v8-x64.dll
 0000:fffe8000       .debug$S                   0000000180000000     v8-x64:v8-x64.dll
 0000:fffe8000       .debug$S                   0000000180000000     v8-x64:v8-x64.dll
 0000:fffe8000       .debug$S                   0000000180000000     v8-x64:v8-x64.dll
 0000:fffe8000       .debug$S                   0000000180000000     v8-x64:v8-x64.dll
 0000:fffe8000       .debug$S                   0000000180000000     v8-x64:v8-x64.dll
 0000:fffe8000       .debug$S                   0000000180000000     v8-x64:v8-x64.dll
 0000:fffe8000       .debug$S                   0000000180000000     v8-x64:v8-x64.dll
 0000:fffe8000       .debug$S                   0000000180000000     v8-x64:v8-x64.dll
 0000:fffe8000       .debug$S                   0000000180000000     v8-x64:v8-x64.dll
 0000:fffe8000       .debug$S                   0000000180000000     v8-x64:v8-x64.dll
 0000:fffe8000       .debug$S                   0000000180000000     v8-x64:v8-x64.dll
 0000:fffe8000       .debug$S                   0000000180000000     v8-x64:v8-x64.dll
 0000:fffe8000       .debug$S                   0000000180000000     v8-x64:v8-x64.dll
 0000:fffe8000       .debug$S                   0000000180000000     v8-x64:v8-x64.dll
 0000:fffe8000       .debug$S                   0000000180000000     v8-x64:v8-x64.dll
 0000:fffe8000       .debug$S                   0000000180000000     v8-x64:v8-x64.dll
 0000:fffe8000       .debug$S                   0000000180000000     v8-x64:v8-x64.dll
 0000:fffe8000       .debug$S                   0000000180000000     v8-x64:v8-x64.dll
 0000:fffe8000       .debug$S                   0000000180000000     v8-x64:v8-x64.dll
 0000:fffe8000       .debug$S                   0000000180000000     v8-x64:v8-x64.dll
 0000:fffe8000       .debug$S                   0000000180000000     v8-x64:v8-x64.dll
 0000:fffe8000       .debug$S                   0000000180000000     v8-x64:v8-x64.dll
 0000:fffe8000       .debug$S                   0000000180000000     v8-x64:v8-x64.dll
 0000:fffe8000       .debug$S                   0000000180000000     v8-x64:v8-x64.dll
 0000:fffe8000       .debug$S                   0000000180000000     v8-x64:v8-x64.dll
 0000:fffe8000       .debug$S                   0000000180000000     v8-x64:v8-x64.dll
 0000:fffe8000       .debug$S                   0000000180000000     v8-x64:v8-x64.dll
 0000:fffe8000       .debug$S                   0000000180000000     v8-x64:v8-x64.dll
 0000:fffe8000       .debug$S                   0000000180000000     v8-x64:v8-x64.dll
 0000:fffe8000       .debug$S                   0000000180000000     v8-x64:v8-x64.dll
 0000:fffe8000       .debug$S                   0000000180000000     v8-x64:v8-x64.dll
 0000:fffe8000       .debug$S                   0000000180000000     v8-x64:v8-x64.dll
 0000:fffe8000       .debug$S                   0000000180000000     v8-x64:v8-x64.dll
 0000:fffe8000       .debug$S                   0000000180000000     v8-x64:v8-x64.dll
 0000:fffe8000       .debug$S                   0000000180000000     kernel32:KERNEL32.dll
 0000:fffe8000       .debug$S                   0000000180000000     kernel32:KERNEL32.dll
 0000:fffe8000       .debug$S                   0000000180000000     kernel32:KERNEL32.dll
 0000:fffe8000       .debug$S                   0000000180000000     kernel32:KERNEL32.dll
 0000:fffe8000       .debug$S                   0000000180000000     kernel32:KERNEL32.dll
 0000:fffe8000       .debug$S                   0000000180000000     kernel32:KERNEL32.dll
 0000:fffe8000       .debug$S                   0000000180000000     kernel32:KERNEL32.dll
 0000:fffe8000       .debug$S                   0000000180000000     kernel32:KERNEL32.dll
 0000:fffe8000       .debug$S                   0000000180000000     kernel32:KERNEL32.dll
 0000:fffe8000       .debug$S                   0000000180000000     kernel32:KERNEL32.dll
 0000:fffe8000       .debug$S                   0000000180000000     kernel32:KERNEL32.dll
 0000:fffe8000       .debug$S                   0000000180000000     kernel32:KERNEL32.dll
 0000:fffe8000       .debug$S                   0000000180000000     msvcprt:MSVCP110.dll
 0000:fffe8000       .debug$S                   0000000180000000     msvcprt:MSVCP110.dll
 0000:fffe8000       .debug$S                   0000000180000000     msvcprt:MSVCP110.dll
 0000:fffe8000       .debug$S                   0000000180000000     msvcprt:MSVCP110.dll
 0000:fffe8000       .debug$S                   0000000180000000     msvcprt:MSVCP110.dll
 0000:fffe8000       .debug$S                   0000000180000000     msvcprt:MSVCP110.dll
 0000:fffe8000       .debug$S                   0000000180000000     msvcprt:MSVCP110.dll
 0000:fffe8000       .debug$S                   0000000180000000     msvcprt:MSVCP110.dll
 0000:fffe8000       .debug$S                   0000000180000000     msvcprt:MSVCP110.dll
 0000:fffe8000       .debug$S                   0000000180000000     MSVCRT:MSVCR110.dll
 0000:fffe8000       .debug$S                   0000000180000000     MSVCRT:MSVCR110.dll
 0000:fffe8000       .debug$S                   0000000180000000     MSVCRT:MSVCR110.dll
 0000:fffe8000       .debug$S                   0000000180000000     MSVCRT:MSVCR110.dll
 0000:fffe8000       .debug$S                   0000000180000000     MSVCRT:MSVCR110.dll
 0000:fffe8000       .debug$S                   0000000180000000     MSVCRT:MSVCR110.dll
 0000:fffe8000       .debug$S                   0000000180000000     MSVCRT:MSVCR110.dll
 0000:fffe8000       .debug$S                   0000000180000000     MSVCRT:MSVCR110.dll
 0000:fffe8000       .debug$S                   0000000180000000     MSVCRT:MSVCR110.dll
 0000:fffe8000       .debug$S                   0000000180000000     MSVCRT:MSVCR110.dll
 0000:fffe8000       .debug$S                   0000000180000000     MSVCRT:MSVCR110.dll
 0000:fffe8000       .debug$S                   0000000180000000     MSVCRT:MSVCR110.dll
 0000:fffe8000       .debug$S                   0000000180000000     MSVCRT:MSVCR110.dll
 0000:fffe8000       .debug$S                   0000000180000000     MSVCRT:MSVCR110.dll
 0000:fffe8000       .debug$S                   0000000180000000     MSVCRT:MSVCR110.dll
 0000:fffe8000       .debug$S                   0000000180000000     MSVCRT:MSVCR110.dll
 0000:fffe8000       .debug$S                   0000000180000000     MSVCRT:MSVCR110.dll
 0000:fffe8000       .debug$S                   0000000180000000     MSVCRT:MSVCR110.dll
 0000:fffe8000       .debug$S                   0000000180000000     MSVCRT:MSVCR110.dll
 0000:fffe8000       .debug$S                   0000000180000000     MSVCRT:MSVCR110.dll
 0000:fffe8000       .debug$S                   0000000180000000     MSVCRT:MSVCR110.dll
 0000:fffe8000       .debug$S                   0000000180000000     MSVCRT:MSVCR110.dll
 0000:fffe8000       .debug$S                   0000000180000000     MSVCRT:MSVCR110.dll
 0000:fffe8000       .debug$S                   0000000180000000     MSVCRT:MSVCR110.dll
 0000:fffe8000       .debug$S                   0000000180000000     MSVCRT:MSVCR110.dll
 0000:fffe8000       .debug$S                   0000000180000000     MSVCRT:MSVCR110.dll
 0000:fffe8000       .debug$S                   0000000180000000     MSVCRT:MSVCR110.dll
 0000:fffe8000       .debug$S                   0000000180000000     MSVCRT:MSVCR110.dll
 0000:fffe8000       .debug$S                   0000000180000000     MSVCRT:MSVCR110.dll
 0000:fffe8000       .debug$S                   0000000180000000     MSVCRT:MSVCR110.dll
 0001:000040c4       $LN89                      00000001800050c4     * CIL library *:* CIL module *
 0001:00008640       $$000000                   0000000180009640     MSVCRT:amdsecgs.obj
 0001:0000880c       pre_c_init                 000000018000980c f   MSVCRT:crtdll.obj
 0001:00008af8       __DllMainCRTStartup        0000000180009af8 f   MSVCRT:crtdll.obj
 0001:00009090       _onexit$fin$0              000000018000a090 f   MSVCRT:atonexit.obj
 0001:000090ab       __DllMainCRTStartup$filt$0 000000018000a0ab f   MSVCRT:crtdll.obj
 0001:000090d0       __DllMainCRTStartup$fin$1  000000018000a0d0 f   MSVCRT:crtdll.obj
 0001:000090ea       ?fin$0@?0???_M@YAXPEAX_KHP6AX0@Z@Z@4HA 000000018000a0ea f   MSVCRT:ehvecdtr.obj
 0001:00009116       ?filt$0@?0??__ArrayUnwind@@YAXPEAX_KHP6AX0@Z@Z@4HA 000000018000a116 f   MSVCRT:ehvecdtr.obj
 0001:00009160       _IsNonwritableInCurrentImage$filt$0 000000018000a160 f   MSVCRT:pesect.obj
 0001:00009180       Call$dtor$0                000000018000a180 f   * CIL library *:* CIL module *
 0001:0000918e       Call$dtor$1                000000018000a18e f   * CIL library *:* CIL module *
 0001:0000919c       Call$dtor$2                000000018000a19c f   * CIL library *:* CIL module *
 0001:000091aa       Call$dtor$3                000000018000a1aa f   * CIL library *:* CIL module *
 0001:000091b6       Call$dtor$4                000000018000a1b6 f   * CIL library *:* CIL module *
 0001:000091d0       ConnectObject$dtor$0       000000018000a1d0 f   * CIL library *:* CIL module *
 0001:000091de       ConnectObject$dtor$1       000000018000a1de f   * CIL library *:* CIL module *
 0001:000091ec       ConnectObject$dtor$2       000000018000a1ec f   * CIL library *:* CIL module *
 0001:000091fa       ConnectObject$dtor$3       000000018000a1fa f   * CIL library *:* CIL module *
 0001:00009210       V8Compile$dtor$0           000000018000a210 f   * CIL library *:* CIL module *
 0001:00009210       CreateError$dtor$0         000000018000a210 f   * CIL library *:* CIL module *
 0001:00009210       CreateArray$dtor$0         000000018000a210 f   * CIL library *:* CIL module *
 0001:00009210       V8Execute$dtor$0           000000018000a210 f   * CIL library *:* CIL module *
 0001:00009210       CreateStringArray$dtor$0   000000018000a210 f   * CIL library *:* CIL module *
 0001:0000921e       CreateArray$dtor$1         000000018000a21e f   * CIL library *:* CIL module *
 0001:0000921e       CreateStringArray$dtor$1   000000018000a21e f   * CIL library *:* CIL module *
 0001:0000921e       V8Compile$dtor$1           000000018000a21e f   * CIL library *:* CIL module *
 0001:0000921e       CreateError$dtor$1         000000018000a21e f   * CIL library *:* CIL module *
 0001:0000921e       V8Execute$dtor$1           000000018000a21e f   * CIL library *:* CIL module *
 0001:0000922c       V8Compile$dtor$2           000000018000a22c f   * CIL library *:* CIL module *
 0001:0000922c       CreateStringArray$dtor$2   000000018000a22c f   * CIL library *:* CIL module *
 0001:0000922c       CreateArray$dtor$2         000000018000a22c f   * CIL library *:* CIL module *
 0001:0000922c       CreateError$dtor$2         000000018000a22c f   * CIL library *:* CIL module *
 0001:0000922c       V8Execute$dtor$2           000000018000a22c f   * CIL library *:* CIL module *
 0001:0000923a       CreateStringArray$dtor$3   000000018000a23a f   * CIL library *:* CIL module *
 0001:0000923a       CreateError$dtor$3         000000018000a23a f   * CIL library *:* CIL module *
 0001:0000923a       CreateArray$dtor$3         000000018000a23a f   * CIL library *:* CIL module *
 0001:0000923a       V8Compile$dtor$3           000000018000a23a f   * CIL library *:* CIL module *
 0001:0000923a       V8Execute$dtor$3           000000018000a23a f   * CIL library *:* CIL module *
 0001:00009250       CreateBoolean$dtor$0       000000018000a250 f   * CIL library *:* CIL module *
 0001:0000925e       CreateBoolean$dtor$1       000000018000a25e f   * CIL library *:* CIL module *
 0001:0000926c       CreateBoolean$dtor$2       000000018000a26c f   * CIL library *:* CIL module *
 0001:0000927a       CreateBoolean$dtor$3       000000018000a27a f   * CIL library *:* CIL module *
 0001:00009290       CreateFunctionInstance$dtor$0 000000018000a290 f   * CIL library *:* CIL module *
 0001:0000929e       CreateFunctionInstance$dtor$1 000000018000a29e f   * CIL library *:* CIL module *
 0001:000092ac       CreateFunctionInstance$dtor$2 000000018000a2ac f   * CIL library *:* CIL module *
 0001:000092ba       CreateFunctionInstance$dtor$3 000000018000a2ba f   * CIL library *:* CIL module *
 0001:000092d0       CreateFunctionTemplateProxy$dtor$0 000000018000a2d0 f   * CIL library *:* CIL module *
 0001:000092de       CreateFunctionTemplateProxy$dtor$1 000000018000a2de f   * CIL library *:* CIL module *
 0001:000092ec       CreateFunctionTemplateProxy$dtor$2 000000018000a2ec f   * CIL library *:* CIL module *
 0001:000092fa       CreateFunctionTemplateProxy$dtor$3 000000018000a2fa f   * CIL library *:* CIL module *
 0001:00009310       CreateNumber$dtor$0        000000018000a310 f   * CIL library *:* CIL module *
 0001:00009310       CreateObject$dtor$0        000000018000a310 f   * CIL library *:* CIL module *
 0001:00009310       CreateInteger$dtor$0       000000018000a310 f   * CIL library *:* CIL module *
 0001:00009310       CreateDate$dtor$0          000000018000a310 f   * CIL library *:* CIL module *
 0001:0000931e       CreateObject$dtor$1        000000018000a31e f   * CIL library *:* CIL module *
 0001:0000931e       CreateInteger$dtor$1       000000018000a31e f   * CIL library *:* CIL module *
 0001:0000931e       CreateDate$dtor$1          000000018000a31e f   * CIL library *:* CIL module *
 0001:0000931e       CreateNumber$dtor$1        000000018000a31e f   * CIL library *:* CIL module *
 0001:0000932c       CreateInteger$dtor$2       000000018000a32c f   * CIL library *:* CIL module *
 0001:0000932c       CreateDate$dtor$2          000000018000a32c f   * CIL library *:* CIL module *
 0001:0000932c       CreateObject$dtor$2        000000018000a32c f   * CIL library *:* CIL module *
 0001:0000932c       CreateNumber$dtor$2        000000018000a32c f   * CIL library *:* CIL module *
 0001:0000933a       CreateObject$dtor$3        000000018000a33a f   * CIL library *:* CIL module *
 0001:0000933a       CreateNumber$dtor$3        000000018000a33a f   * CIL library *:* CIL module *
 0001:0000933a       CreateDate$dtor$3          000000018000a33a f   * CIL library *:* CIL module *
 0001:0000933a       CreateInteger$dtor$3       000000018000a33a f   * CIL library *:* CIL module *
 0001:00009350       CreateObjectFromTemplate$dtor$0 000000018000a350 f   * CIL library *:* CIL module *
 0001:0000935e       CreateObjectFromTemplate$dtor$1 000000018000a35e f   * CIL library *:* CIL module *
 0001:0000936c       CreateObjectFromTemplate$dtor$2 000000018000a36c f   * CIL library *:* CIL module *
 0001:0000937a       CreateObjectFromTemplate$dtor$3 000000018000a37a f   * CIL library *:* CIL module *
 0001:00009390       CreateObjectTemplateProxy$dtor$0 000000018000a390 f   * CIL library *:* CIL module *
 0001:0000939e       CreateObjectTemplateProxy$dtor$1 000000018000a39e f   * CIL library *:* CIL module *
 0001:000093ac       CreateObjectTemplateProxy$dtor$2 000000018000a3ac f   * CIL library *:* CIL module *
 0001:000093ba       CreateObjectTemplateProxy$dtor$3 000000018000a3ba f   * CIL library *:* CIL module *
 0001:000093d0       CreateString$dtor$0        000000018000a3d0 f   * CIL library *:* CIL module *
 0001:000093de       CreateString$dtor$1        000000018000a3de f   * CIL library *:* CIL module *
 0001:000093ec       CreateString$dtor$2        000000018000a3ec f   * CIL library *:* CIL module *
 0001:000093fa       CreateString$dtor$3        000000018000a3fa f   * CIL library *:* CIL module *
 0001:00009410       CreateV8EngineProxy$dtor$0 000000018000a410 f   * CIL library *:* CIL module *
 0001:00009420       GetObjectPropertyByIndex$dtor$0 000000018000a420 f   * CIL library *:* CIL module *
 0001:00009420       DeleteObjectPropertyByIndex$dtor$0 000000018000a420 f   * CIL library *:* CIL module *
 0001:0000942e       DeleteObjectPropertyByIndex$dtor$1 000000018000a42e f   * CIL library *:* CIL module *
 0001:0000942e       GetObjectPropertyByIndex$dtor$1 000000018000a42e f   * CIL library *:* CIL module *
 0001:0000943c       GetObjectPropertyByIndex$dtor$2 000000018000a43c f   * CIL library *:* CIL module *
 0001:0000943c       DeleteObjectPropertyByIndex$dtor$2 000000018000a43c f   * CIL library *:* CIL module *
 0001:0000944a       GetObjectPropertyByIndex$dtor$3 000000018000a44a f   * CIL library *:* CIL module *
 0001:0000944a       DeleteObjectPropertyByIndex$dtor$3 000000018000a44a f   * CIL library *:* CIL module *
 0001:00009460       DeleteFunctionTemplateProxy$dtor$0 000000018000a460 f   * CIL library *:* CIL module *
 0001:00009460       DeleteObjectTemplateProxy$dtor$0 000000018000a460 f   * CIL library *:* CIL module *
 0001:00009460       RegisterInvokeHandler$dtor$0 000000018000a460 f   * CIL library *:* CIL module *
 0001:00009460       SetGlobalObjectTemplate$dtor$0 000000018000a460 f   * CIL library *:* CIL module *
 0001:0000946e       SetGlobalObjectTemplate$dtor$1 000000018000a46e f   * CIL library *:* CIL module *
 0001:0000946e       DeleteObjectTemplateProxy$dtor$1 000000018000a46e f   * CIL library *:* CIL module *
 0001:0000946e       DeleteFunctionTemplateProxy$dtor$1 000000018000a46e f   * CIL library *:* CIL module *
 0001:0000946e       RegisterInvokeHandler$dtor$1 000000018000a46e f   * CIL library *:* CIL module *
 0001:0000947c       DeleteFunctionTemplateProxy$dtor$2 000000018000a47c f   * CIL library *:* CIL module *
 0001:0000947c       RegisterInvokeHandler$dtor$2 000000018000a47c f   * CIL library *:* CIL module *
 0001:0000947c       SetGlobalObjectTemplate$dtor$2 000000018000a47c f   * CIL library *:* CIL module *
 0001:0000947c       DeleteObjectTemplateProxy$dtor$2 000000018000a47c f   * CIL library *:* CIL module *
 0001:00009490       DoIdleNotification$dtor$0  000000018000a490 f   * CIL library *:* CIL module *
 0001:0000949e       DoIdleNotification$dtor$1  000000018000a49e f   * CIL library *:* CIL module *
 0001:000094ac       DoIdleNotification$dtor$2  000000018000a4ac f   * CIL library *:* CIL module *
 0001:000094ba       DoIdleNotification$dtor$3  000000018000a4ba f   * CIL library *:* CIL module *
 0001:000094d0       GetFunctionPrototypeTemplateProxy$dtor$0 000000018000a4d0 f   * CIL library *:* CIL module *
 0001:000094d0       DisposeHandleProxy$dtor$0  000000018000a4d0 f   * CIL library *:* CIL module *
 0001:000094d0       ?dtor$0@?0???1FunctionTemplateProxy@@QEAA@XZ@4HA 000000018000a4d0 f   * CIL library *:* CIL module *
 0001:000094d0       DestroyV8EngineProxy$dtor$0 000000018000a4d0 f   * CIL library *:* CIL module *
 0001:000094d0       GetHandleManagedObjectID$dtor$0 000000018000a4d0 f   * CIL library *:* CIL module *
 0001:000094d0       GetFunctionInstanceTemplateProxy$dtor$0 000000018000a4d0 f   * CIL library *:* CIL module *
 0001:000094d0       ForceGC$dtor$0             000000018000a4d0 f   * CIL library *:* CIL module *
 0001:000094d0       RegisterGCCallback$dtor$0  000000018000a4d0 f   * CIL library *:* CIL module *
 0001:000094d0       MakeWeakHandle$dtor$0      000000018000a4d0 f   * CIL library *:* CIL module *
 0001:000094d0       UpdateHandleValue$dtor$0   000000018000a4d0 f   * CIL library *:* CIL module *
 0001:000094d0       CreateNullValue$dtor$0     000000018000a4d0 f   * CIL library *:* CIL module *
 0001:000094d0       ?dtor$0@?0???1ObjectTemplateProxy@@QEAA@XZ@4HA 000000018000a4d0 f   * CIL library *:* CIL module *
 0001:000094d0       MakeStrongHandle$dtor$0    000000018000a4d0 f   * CIL library *:* CIL module *
 0001:000094de       MakeStrongHandle$dtor$1    000000018000a4de f   * CIL library *:* CIL module *
 0001:000094de       ?dtor$1@?0???1ObjectTemplateProxy@@QEAA@XZ@4HA 000000018000a4de f   * CIL library *:* CIL module *
 0001:000094de       ForceGC$dtor$1             000000018000a4de f   * CIL library *:* CIL module *
 0001:000094de       MakeWeakHandle$dtor$1      000000018000a4de f   * CIL library *:* CIL module *
 0001:000094de       DisposeHandleProxy$dtor$1  000000018000a4de f   * CIL library *:* CIL module *
 0001:000094de       RegisterGCCallback$dtor$1  000000018000a4de f   * CIL library *:* CIL module *
 0001:000094de       DestroyV8EngineProxy$dtor$1 000000018000a4de f   * CIL library *:* CIL module *
 0001:000094de       GetHandleManagedObjectID$dtor$1 000000018000a4de f   * CIL library *:* CIL module *
 0001:000094de       CreateNullValue$dtor$1     000000018000a4de f   * CIL library *:* CIL module *
 0001:000094de       GetFunctionInstanceTemplateProxy$dtor$1 000000018000a4de f   * CIL library *:* CIL module *
 0001:000094de       ?dtor$1@?0???1FunctionTemplateProxy@@QEAA@XZ@4HA 000000018000a4de f   * CIL library *:* CIL module *
 0001:000094de       UpdateHandleValue$dtor$1   000000018000a4de f   * CIL library *:* CIL module *
 0001:000094de       GetFunctionPrototypeTemplateProxy$dtor$1 000000018000a4de f   * CIL library *:* CIL module *
 0001:000094ec       MakeStrongHandle$dtor$2    000000018000a4ec f   * CIL library *:* CIL module *
 0001:000094ec       UpdateHandleValue$dtor$2   000000018000a4ec f   * CIL library *:* CIL module *
 0001:000094ec       GetFunctionPrototypeTemplateProxy$dtor$2 000000018000a4ec f   * CIL library *:* CIL module *
 0001:000094ec       ForceGC$dtor$2             000000018000a4ec f   * CIL library *:* CIL module *
 0001:000094ec       MakeWeakHandle$dtor$2      000000018000a4ec f   * CIL library *:* CIL module *
 0001:000094ec       GetFunctionInstanceTemplateProxy$dtor$2 000000018000a4ec f   * CIL library *:* CIL module *
 0001:000094ec       CreateNullValue$dtor$2     000000018000a4ec f   * CIL library *:* CIL module *
 0001:000094ec       GetHandleManagedObjectID$dtor$2 000000018000a4ec f   * CIL library *:* CIL module *
 0001:000094ec       ?dtor$2@?0???1FunctionTemplateProxy@@QEAA@XZ@4HA 000000018000a4ec f   * CIL library *:* CIL module *
 0001:000094ec       DisposeHandleProxy$dtor$2  000000018000a4ec f   * CIL library *:* CIL module *
 0001:000094ec       RegisterGCCallback$dtor$2  000000018000a4ec f   * CIL library *:* CIL module *
 0001:000094ec       DestroyV8EngineProxy$dtor$2 000000018000a4ec f   * CIL library *:* CIL module *
 0001:000094ec       ?dtor$2@?0???1ObjectTemplateProxy@@QEAA@XZ@4HA 000000018000a4ec f   * CIL library *:* CIL module *
 0001:000094fa       CreateNullValue$dtor$3     000000018000a4fa f   * CIL library *:* CIL module *
 0001:000094fa       GetHandleManagedObjectID$dtor$3 000000018000a4fa f   * CIL library *:* CIL module *
 0001:000094fa       MakeWeakHandle$dtor$3      000000018000a4fa f   * CIL library *:* CIL module *
 0001:000094fa       UpdateHandleValue$dtor$3   000000018000a4fa f   * CIL library *:* CIL module *
 0001:000094fa       DisposeHandleProxy$dtor$3  000000018000a4fa f   * CIL library *:* CIL module *
 0001:000094fa       GetFunctionPrototypeTemplateProxy$dtor$3 000000018000a4fa f   * CIL library *:* CIL module *
 0001:000094fa       ?dtor$3@?0???1FunctionTemplateProxy@@QEAA@XZ@4HA 000000018000a4fa f   * CIL library *:* CIL module *
 0001:000094fa       MakeStrongHandle$dtor$3    000000018000a4fa f   * CIL library *:* CIL module *
 0001:000094fa       ForceGC$dtor$3             000000018000a4fa f   * CIL library *:* CIL module *
 0001:000094fa       GetFunctionInstanceTemplateProxy$dtor$3 000000018000a4fa f   * CIL library *:* CIL module *
 0001:000094fa       DestroyV8EngineProxy$dtor$3 000000018000a4fa f   * CIL library *:* CIL module *
 0001:000094fa       ?dtor$3@?0???1ObjectTemplateProxy@@QEAA@XZ@4HA 000000018000a4fa f   * CIL library *:* CIL module *
 0001:000094fa       RegisterGCCallback$dtor$3  000000018000a4fa f   * CIL library *:* CIL module *
 0001:00009510       GetArrayLength$dtor$0      000000018000a510 f   * CIL library *:* CIL module *
 0001:0000951e       GetArrayLength$dtor$1      000000018000a51e f   * CIL library *:* CIL module *
 0001:0000952c       GetArrayLength$dtor$2      000000018000a52c f   * CIL library *:* CIL module *
[...]
 0004:00000558       $pdata$2$?GetPropertyAttributes@ObjectTemplateProxy@@SAXIAEBV?$PropertyCallbackInfo@VInteger@v8@@@v8@@@Z 0000000180015558     * CIL library *:* CIL module *
 0004:00000564       $pdata$3$?GetPropertyAttributes@ObjectTemplateProxy@@SAXIAEBV?$PropertyCallbackInfo@VInteger@v8@@@v8@@@Z 0000000180015564     * CIL library *:* CIL module *
 0004:00000570       $pdata$?DeleteProperty@ObjectTemplateProxy@@SAXIAEBV?$PropertyCallbackInfo@VBoolean@v8@@@v8@@@Z 0000000180015570     * CIL library *:* CIL module *
 0004:0000057c       $pdata$0$?DeleteProperty@ObjectTemplateProxy@@SAXIAEBV?$PropertyCallbackInfo@VBoolean@v8@@@v8@@@Z 000000018001557c     * CIL library *:* CIL module *
 0004:00000588       $pdata$2$?DeleteProperty@ObjectTemplateProxy@@SAXIAEBV?$PropertyCallbackInfo@VBoolean@v8@@@v8@@@Z 0000000180015588     * CIL library *:* CIL module *
 0004:00000594       $pdata$3$?DeleteProperty@ObjectTemplateProxy@@SAXIAEBV?$PropertyCallbackInfo@VBoolean@v8@@@v8@@@Z 0000000180015594     * CIL library *:* CIL module *
 0004:000005a0       $pdata$?GetPropertyIndices@ObjectTemplateProxy@@SAXAEBV?$PropertyCallbackInfo@VArray@v8@@@v8@@@Z 00000001800155a0     * CIL library *:* CIL module *
 0004:000005ac       $pdata$0$?GetPropertyIndices@ObjectTemplateProxy@@SAXAEBV?$PropertyCallbackInfo@VArray@v8@@@v8@@@Z 00000001800155ac     * CIL library *:* CIL module *
 0004:000005b8       $pdata$2$?GetPropertyIndices@ObjectTemplateProxy@@SAXAEBV?$PropertyCallbackInfo@VArray@v8@@@v8@@@Z 00000001800155b8     * CIL library *:* CIL module *
 0004:000005c4       $pdata$3$?GetPropertyIndices@ObjectTemplateProxy@@SAXAEBV?$PropertyCallbackInfo@VArray@v8@@@v8@@@Z 00000001800155c4     * CIL library *:* CIL module *
 0004:000005d0       $pdata$?AccessorGetterCallbackProxy@ObjectTemplateProxy@@SAXV?$Local@VString@v8@@@v8@@AEBV?$PropertyCallbackInfo@VValue@v8@@@3@@Z 00000001800155d0     * CIL library *:* CIL module *
 0004:000005dc       $pdata$?AccessorSetterCallbackProxy@ObjectTemplateProxy@@SAXV?$Local@VString@v8@@@v8@@V?$Local@VValue@v8@@@3@AEBV?$PropertyCallbackInfo@X@3@@Z 00000001800155dc     * CIL library *:* CIL module *
 0004:000005e8       $pdata$?SetAccessor@ObjectTemplateProxy@@QEAAXHPEBGP6APEAUHandleProxy@@PEAU2@PEAG@ZP6APEAU2@121@ZW4AccessControl@v8@@W4PropertyAttribute@4@@Z 00000001800155e8     * CIL library *:* CIL module *
 0004:000005f4       $pdata$??0_StringItem@@QEAA@PEAVV8EngineProxy@@PEAVString@v8@@@Z 00000001800155f4     * CIL library *:* CIL module *
 0004:00000600       $pdata$?IsDisposed@V8EngineProxy@@SA_NH@Z 0000000180015600     * CIL library *:* CIL module *
 0004:0000060c       $pdata$??0V8EngineProxy@@QEAA@_NP6AXXZH@Z 000000018001560c     * CIL library *:* CIL module *
 0004:00000618       $pdata$??1recursive_mutex@std@@QEAA@XZ 0000000180015618     * CIL library *:* CIL module *
 0004:00000624       $pdata$??1V8EngineProxy@@QEAA@XZ 0000000180015624     * CIL library *:* CIL module *
 0004:00000630       $pdata$?GetNativeString@V8EngineProxy@@QEAA?AU_StringItem@@PEAVString@v8@@@Z 0000000180015630     * CIL library *:* CIL module *
 0004:0000063c       $pdata$?GetHandleProxy@V8EngineProxy@@QEAAPEAUHandleProxy@@V?$Handle@VValue@v8@@@v8@@@Z 000000018001563c     * CIL library *:* CIL module *
 0004:00000648       $pdata$?DisposeHandleProxy@V8EngineProxy@@QEAAXPEAUHandleProxy@@@Z 0000000180015648     * CIL library *:* CIL module *
 0004:00000654       $pdata$?SetGlobalObjectTemplate@V8EngineProxy@@QEAAPEAUHandleProxy@@PEAVObjectTemplateProxy@@@Z 0000000180015654     * CIL library *:* CIL module *
 0004:00000660       $pdata$?_GetErrorMessage@@YA?AV?$Local@VString@v8@@@v8@@AEAVTryCatch@2@@Z 0000000180015660     * CIL library *:* CIL module *
 0004:0000066c       $pdata$1$?_GetErrorMessage@@YA?AV?$Local@VString@v8@@@v8@@AEAVTryCatch@2@@Z 000000018001566c     * CIL library *:* CIL module *
 0004:00000678       $pdata$2$?_GetErrorMessage@@YA?AV?$Local@VString@v8@@@v8@@AEAVTryCatch@2@@Z 0000000180015678     * CIL library *:* CIL module *
 0004:00000684       $pdata$3$?_GetErrorMessage@@YA?AV?$Local@VString@v8@@@v8@@AEAVTryCatch@2@@Z 0000000180015684     * CIL library *:* CIL module *
 0004:00000690       $pdata$4$?_GetErrorMessage@@YA?AV?$Local@VString@v8@@@v8@@AEAVTryCatch@2@@Z 0000000180015690     * CIL library *:* CIL module *
 0004:0000069c       $pdata$5$?_GetErrorMessage@@YA?AV?$Local@VString@v8@@@v8@@AEAVTryCatch@2@@Z 000000018001569c     * CIL library *:* CIL module *
 0004:000006a8       $pdata$6$?_GetErrorMessage@@YA?AV?$Local@VString@v8@@@v8@@AEAVTryCatch@2@@Z 00000001800156a8     * CIL library *:* CIL module *
 0004:000006b4       $pdata$?Execute@V8EngineProxy@@QEAAPEAUHandleProxy@@PEBGPEAG@Z 00000001800156b4     * CIL library *:* CIL module *
 0004:000006c0       $pdata$?Execute@V8EngineProxy@@QEAAPEAUHandleProxy@@V?$Handle@VScript@v8@@@v8@@@Z 00000001800156c0     * CIL library *:* CIL module *
 0004:000006cc       $pdata$?Compile@V8EngineProxy@@QEAAPEAUHandleProxy@@PEBGPEAG@Z 00000001800156cc     * CIL library *:* CIL module *
 0004:000006d8       $pdata$?CreateError@V8EngineProxy@@QEAAPEAUHandleProxy@@PEBGW4JSValueType@@@Z 00000001800156d8     * CIL library *:* CIL module *
 0004:000006e4       $pdata$?CreateArray@V8EngineProxy@@QEAAPEAUHandleProxy@@PEAPEAU2@G@Z 00000001800156e4     * CIL library *:* CIL module *
 0004:000006f0       $pdata$?CreateArray@V8EngineProxy@@QEAAPEAUHandleProxy@@PEAPEAGG@Z 00000001800156f0     * CIL library *:* CIL module *
 0004:000006fc       $pdata$0$?CreateArray@V8EngineProxy@@QEAAPEAUHandleProxy@@PEAPEAGG@Z 00000001800156fc     * CIL library *:* CIL module *
 0004:00000708       $pdata$1$?CreateArray@V8EngineProxy@@QEAAPEAUHandleProxy@@PEAPEAGG@Z 0000000180015708     * CIL library *:* CIL module *
 0004:00000714       $pdata$?resize@?$vector@_NV?$allocator@_N@std@@@std@@QEAAX_K_N@Z 0000000180015714     * CIL library *:* CIL module *
 0004:00000720       $pdata$?clear@?$vector@_NV?$allocator@_N@std@@@std@@QEAAXXZ 0000000180015720     * CIL library *:* CIL module *
 0004:0000072c       $pdata$??1?$vector@IV?$allocator@_N@std@@@std@@QEAA@XZ 000000018001572c     * CIL library *:* CIL module *
 0004:0000072c       $pdata$??1?$vector@U_StringItem@@V?$allocator@U_StringItem@@@std@@@std@@QEAA@XZ 000000018001572c     * CIL library *:* CIL module *
 0004:0000072c       $pdata$??1?$vector@HV?$allocator@H@std@@@std@@QEAA@XZ 000000018001572c     * CIL library *:* CIL module *
 0004:0000072c       $pdata$??1?$vector@PEAUHandleProxy@@V?$allocator@PEAUHandleProxy@@@std@@@std@@QEAA@XZ 000000018001572c     * CIL library *:* CIL module *
 0004:00000738       $pdata$?push_back@?$vector@U_StringItem@@V?$allocator@U_StringItem@@@std@@@std@@QEAAXAEBU_StringItem@@@Z 0000000180015738     * CIL library *:* CIL module *
 0004:00000744       $pdata$?push_back@?$vector@HV?$allocator@H@std@@@std@@QEAAXAEBH@Z 0000000180015744     * CIL library *:* CIL module *
 0004:00000750       $pdata$?erase@?$vector@_NV?$allocator@_N@std@@@std@@QEAA?AV?$_Vb_iterator@U?$_Wrap_alloc@V?$allocator@I@std@@@std@@@2@V?$_Vb_const_iterator@U?$_Wrap_alloc@V?$allocator@I@std@@@std@@@2@0@Z 0000000180015750     * CIL library *:* CIL module *
 0004:0000075c       $pdata$?_Insert_n@?$vector@_NV?$allocator@_N@std@@@std@@QEAA?AV?$_Vb_iterator@U?$_Wrap_alloc@V?$allocator@I@std@@@std@@@2@V?$_Vb_const_iterator@U?$_Wrap_alloc@V?$allocator@I@std@@@std@@@2@_KAEB_N@Z 000000018001575c     * CIL library *:* CIL module *
 0004:00000768       $pdata$?_Trim@?$vector@_NV?$allocator@_N@std@@@std@@QEAAX_K@Z 0000000180015768     * CIL library *:* CIL module *
 0004:00000774       $pdata$1$?_Trim@?$vector@_NV?$allocator@_N@std@@@std@@QEAAX_K@Z 0000000180015774     * CIL library *:* CIL module *
 0004:00000780       $pdata$2$?_Trim@?$vector@_NV?$allocator@_N@std@@@std@@QEAAX_K@Z 0000000180015780     * CIL library *:* CIL module *
 0004:0000078c       $pdata$??1?$_Vb_val@V?$allocator@_N@std@@@std@@QEAA@XZ 000000018001578c     * CIL library *:* CIL module *
 0004:00000798       $pdata$?_Construct_n@?$vector@U_StringItem@@V?$allocator@U_StringItem@@@std@@@std@@QEAAX_KPEBU_StringItem@@@Z 0000000180015798     * CIL library *:* CIL module *
 0004:000007a4       $pdata$?_Reserve@?$vector@U_StringItem@@V?$allocator@U_StringItem@@@std@@@std@@IEAAX_K@Z 00000001800157a4     * CIL library *:* CIL module *
 0004:000007b0       $pdata$?_Construct_n@?$vector@PEAUHandleProxy@@V?$allocator@PEAUHandleProxy@@@std@@@std@@QEAAX_KPEBQEAUHandleProxy@@@Z 00000001800157b0     * CIL library *:* CIL module *
 0004:000007bc       $pdata$?_Reserve@?$vector@PEAUHandleProxy@@V?$allocator@PEAUHandleProxy@@@std@@@std@@IEAAX_K@Z 00000001800157bc     * CIL library *:* CIL module *
 0004:000007c8       $pdata$?_Construct_n@?$vector@HV?$allocator@H@std@@@std@@QEAAX_KPEBH@Z 00000001800157c8     * CIL library *:* CIL module *
 0004:000007d4       $pdata$?_Reserve@?$vector@HV?$allocator@H@std@@@std@@IEAAX_K@Z 00000001800157d4     * CIL library *:* CIL module *
 0004:000007e0       $pdata$?_Insert_x@?$vector@_NV?$allocator@_N@std@@@std@@QEAA_KV?$_Vb_const_iterator@U?$_Wrap_alloc@V?$allocator@I@std@@@std@@@2@_K@Z 00000001800157e0     * CIL library *:* CIL module *
 0004:000007ec       $pdata$1$?_Insert_x@?$vector@_NV?$allocator@_N@std@@@std@@QEAA_KV?$_Vb_const_iterator@U?$_Wrap_alloc@V?$allocator@I@std@@@std@@@2@_K@Z 00000001800157ec     * CIL library *:* CIL module *
 0004:000007f8       $pdata$2$?_Insert_x@?$vector@_NV?$allocator@_N@std@@@std@@QEAA_KV?$_Vb_const_iterator@U?$_Wrap_alloc@V?$allocator@I@std@@@std@@@2@_K@Z 00000001800157f8     * CIL library *:* CIL module *
 0004:00000804       $pdata$3$?_Insert_x@?$vector@_NV?$allocator@_N@std@@@std@@QEAA_KV?$_Vb_const_iterator@U?$_Wrap_alloc@V?$allocator@I@std@@@std@@@2@_K@Z 0000000180015804     * CIL library *:* CIL module *
 0004:00000810       $pdata$?_Reallocate@?$vector@U_StringItem@@V?$allocator@U_StringItem@@@std@@@std@@IEAAX_K@Z 0000000180015810     * CIL library *:* CIL module *
 0004:0000081c       $pdata$?_Reallocate@?$vector@PEAUHandleProxy@@V?$allocator@PEAUHandleProxy@@@std@@@std@@IEAAX_K@Z 000000018001581c     * CIL library *:* CIL module *
 0004:00000828       $pdata$?_Reallocate@?$vector@HV?$allocator@H@std@@@std@@IEAAX_K@Z 0000000180015828     * CIL library *:* CIL module *
 0004:00000834       $pdata$?_Construct_n@?$vector@IV?$allocator@_N@std@@@std@@QEAAX_KPEBI@Z 0000000180015834     * CIL library *:* CIL module *
 0004:00000840       $pdata$?_Insert_n@?$vector@IV?$allocator@_N@std@@@std@@IEAA?AV?$_Vector_iterator@V?$_Vector_val@U?$_Simple_types@I@std@@@std@@@2@V?$_Vector_const_iterator@V?$_Vector_val@U?$_Simple_types@I@std@@@std@@@2@_KAEBI@Z 0000000180015840     * CIL library *:* CIL module *
 0004:0000084c       $pdata$??$_Uninit_fill_n@PEAU_StringItem@@_KU1@V?$allocator@U_StringItem@@@std@@U1@@std@@YAXPEAU_StringItem@@_KPEBU1@AEAU?$_Wrap_alloc@V?$allocator@U_StringItem@@@std@@@0@0U_Nonscalar_ptr_iterator_tag@0@@Z 000000018001584c     * CIL library *:* CIL module *
 0004:00000858       $pdata$??$_Uninit_move@PEAU_StringItem@@PEAU1@V?$allocator@U_StringItem@@@std@@U1@@std@@YAPEAU_StringItem@@PEAU1@00AEAU?$_Wrap_alloc@V?$allocator@U_StringItem@@@std@@@0@0U_Nonscalar_ptr_iterator_tag@0@@Z 0000000180015858     * CIL library *:* CIL module *
 0004:00000864       $pdata$??1HandleValue@@QEAA@XZ 0000000180015864     * CIL library *:* CIL module *
 0004:0000087c       $pdata$??_Etype_info@@UEAAPEAXI@Z 000000018001587c     MSVCRT:ti_inst.obj
 0004:00000888       $pdata$__atonexitinit      0000000180015888     MSVCRT:atonexit.obj
 0004:00000894       $pdata$_onexit             0000000180015894     MSVCRT:atonexit.obj
 0004:000008a0       $pdata$atexit              00000001800158a0     MSVCRT:atonexit.obj
 0004:000008ac       $pdata$pre_c_init          00000001800158ac     MSVCRT:crtdll.obj
 0004:000008b8       $pdata$_CRT_INIT           00000001800158b8     MSVCRT:crtdll.obj
 0004:000008c4       $pdata$_DllMainCRTStartup  00000001800158c4     MSVCRT:crtdll.obj
 0004:000008d0       $pdata$__DllMainCRTStartup 00000001800158d0     MSVCRT:crtdll.obj
 0004:000008dc       $pdata$__raise_securityfailure 00000001800158dc     MSVCRT:gs_report.obj
 0004:000008e8       $pdata$__report_gsfailure  00000001800158e8     MSVCRT:gs_report.obj
 0004:000008f4       $pdata$??_M@YAXPEAX_KHP6AX0@Z@Z 00000001800158f4     MSVCRT:ehvecdtr.obj
 0004:00000900       $pdata$?__ArrayUnwind@@YAXPEAX_KHP6AX0@Z@Z 0000000180015900     MSVCRT:ehvecdtr.obj
 0004:0000090c       $pdata$_IsNonwritableInCurrentImage 000000018001590c     MSVCRT:pesect.obj
 0004:00000918       $pdata$__security_init_cookie 0000000180015918     MSVCRT:gs_support.obj
 0004:00000924       $pdata$DllMain             0000000180015924     MSVCRT:dllmain.obj
 0004:00000930       $pdata$_RTC_Initialize     0000000180015930     MSVCRT:initsect.obj
 0004:0000093c       $pdata$_RTC_Terminate      000000018001593c     MSVCRT:initsect.obj
 0004:00000948       $pdata$_onexit$fin$0       0000000180015948     MSVCRT:atonexit.obj
 0004:00000954       $pdata$__DllMainCRTStartup$filt$0 0000000180015954     MSVCRT:crtdll.obj
 0004:00000960       $pdata$__DllMainCRTStartup$fin$1 0000000180015960     MSVCRT:crtdll.obj
 0004:0000096c       $pdata$?fin$0@?0???_M@YAXPEAX_KHP6AX0@Z@Z@4HA 000000018001596c     MSVCRT:ehvecdtr.obj
 0004:00000978       $pdata$?filt$0@?0??__ArrayUnwind@@YAXPEAX_KHP6AX0@Z@Z@4HA 0000000180015978     MSVCRT:ehvecdtr.obj
 0004:00000984       $pdata$_IsNonwritableInCurrentImage$filt$0 0000000180015984     MSVCRT:pesect.obj
 0004:00000990       $pdata$?catch$0@?0???$_Uninit_fill_n@PEAU_StringItem@@_KU1@V?$allocator@U_StringItem@@@std@@U1@@std@@YAXPEAU_StringItem@@_KPEBU1@AEAU?$_Wrap_alloc@V?$allocator@U_StringItem@@@std@@@0@0U_Nonscalar_ptr_iterator_tag@0@@Z@4HA 0000000180015990     * CIL library *:* CIL module *
 0004:0000099c       $pdata$?dtor$0@?0???$_Uninit_move@PEAU_StringItem@@PEAU1@V?$allocator@U_StringItem@@@std@@U1@@std@@YAPEAU_StringItem@@PEAU1@00AEAU?$_Wrap_alloc@V?$allocator@U_StringItem@@@std@@@0@0U_Nonscalar_ptr_iterator_tag@0@@Z@4HA 000000018001599c     * CIL library *:* CIL module *
 0004:000009a8       $pdata$?catch$0@?0???$_Uninit_move@PEAU_StringItem@@PEAU1@V?$allocator@U_StringItem@@@std@@U1@@std@@YAPEAU_StringItem@@PEAU1@00AEAU?$_Wrap_alloc@V?$allocator@U_StringItem@@@std@@@0@0U_Nonscalar_ptr_iterator_tag@0@@Z@4HA 00000001800159a8     * CIL library *:* CIL module *
 0004:000009b4       $pdata$?catch$0@?0??Compile@V8EngineProxy@@QEAAPEAUHandleProxy@@PEBGPEAG@Z@4HA 00000001800159b4     * CIL library *:* CIL module *
 0004:000009c0       $pdata$?dtor$3@?0??CreateArray@V8EngineProxy@@QEAAPEAUHandleProxy@@PEAPEAU2@G@Z@4HA 00000001800159c0     * CIL library *:* CIL module *
 0004:000009cc       $pdata$?catch$0@?0??Execute@V8EngineProxy@@QEAAPEAUHandleProxy@@PEBGPEAG@Z@4HA 00000001800159cc     * CIL library *:* CIL module *
 0004:000009d8       $pdata$?catch$0@?0??Execute@V8EngineProxy@@QEAAPEAUHandleProxy@@V?$Handle@VScript@v8@@@v8@@@Z@4HA 00000001800159d8     * CIL library *:* CIL module *
 0004:000009e4       $pdata$?dtor$3@?0??GetHandleProxy@V8EngineProxy@@QEAAPEAUHandleProxy@@V?$Handle@VValue@v8@@@v8@@@Z@4HA 00000001800159e4     * CIL library *:* CIL module *
 0004:000009f0       $pdata$?catch$0@?0??_Construct_n@?$vector@HV?$allocator@H@std@@@std@@QEAAX_KPEBH@Z@4HA 00000001800159f0     * CIL library *:* CIL module *
 0004:000009fc       $pdata$?catch$0@?0??_Construct_n@?$vector@IV?$allocator@_N@std@@@std@@QEAAX_KPEBI@Z@4HA 00000001800159fc     * CIL library *:* CIL module *
 0004:00000a08       $pdata$?catch$0@?0??_Construct_n@?$vector@PEAUHandleProxy@@V?$allocator@PEAUHandleProxy@@@std@@@std@@QEAAX_KPEBQEAUHandleProxy@@@Z@4HA 0000000180015a08     * CIL library *:* CIL module *
 0004:00000a14       $pdata$?catch$0@?0??_Construct_n@?$vector@U_StringItem@@V?$allocator@U_StringItem@@@std@@@std@@QEAAX_KPEBU_StringItem@@@Z@4HA 0000000180015a14     * CIL library *:* CIL module *
 0004:00000a20       $pdata$?catch$0@?0??_Insert_n@?$vector@IV?$allocator@_N@std@@@std@@IEAA?AV?$_Vector_iterator@V?$_Vector_val@U?$_Simple_types@I@std@@@std@@@2@V?$_Vector_const_iterator@V?$_Vector_val@U?$_Simple_types@I@std@@@std@@@2@_KAEBI@Z@4HA 0000000180015a20     * CIL library *:* CIL module *
 0004:00000a2c       $pdata$?catch$1@?0??_Insert_n@?$vector@IV?$allocator@_N@std@@@std@@IEAA?AV?$_Vector_iterator@V?$_Vector_val@U?$_Simple_types@I@std@@@std@@@2@V?$_Vector_const_iterator@V?$_Vector_val@U?$_Simple_types@I@std@@@std@@@2@_KAEBI@Z@4HA 0000000180015a2c     * CIL library *:* CIL module *
 0004:00000a38       $pdata$?catch$0@?0??_Reallocate@?$vector@HV?$allocator@H@std@@@std@@IEAAX_K@Z@4HA 0000000180015a38     * CIL library *:* CIL module *
 0004:00000a44       $pdata$?catch$0@?0??_Reallocate@?$vector@PEAUHandleProxy@@V?$allocator@PEAUHandleProxy@@@std@@@std@@IEAAX_K@Z@4HA 0000000180015a44     * CIL library *:* CIL module *
 0004:00000a50       $pdata$?catch$0@?0??_Reallocate@?$vector@U_StringItem@@V?$allocator@U_StringItem@@@std@@@std@@IEAAX_K@Z@4HA 0000000180015a50     * CIL library *:* CIL module *
 0004:00000a5c       $pdata$?dtor$0@?0??push_back@?$vector@U_StringItem@@V?$allocator@U_StringItem@@@std@@@std@@QEAAXAEBU_StringItem@@@Z@4HA 0000000180015a5c     * CIL library *:* CIL module *
 0004:00000a5c       $pdata$?dtor$0@?0??push_back@?$vector@HV?$allocator@H@std@@@std@@QEAAXAEBH@Z@4HA 0000000180015a5c     * CIL library *:* CIL module *
 0004:00000a68       $pdata$??__E?_DisposedEngines@V8EngineProxy@@1V?$vector@_NV?$allocator@_N@std@@@std@@A@@YAXXZ 0000000180015a68     * CIL library *:* CIL module *
 0004:00000a74       $pdata$??__F?_DisposedEngines@V8EngineProxy@@1V?$vector@_NV?$allocator@_N@std@@@std@@A@@YAXXZ 0000000180015a74     * CIL library *:* CIL module *
 0005:000000a0       $R000000                   00000001800160a0     V8.Net-Proxy-64.res
 0005:00000420       $R000380                   0000000180016420     V8.Net-Proxy-64.res

 Exports

  ordinal    name

        1    Call
        2    ConnectObject
        3    CreateArray
        4    CreateBoolean
        5    CreateDate
        6    CreateError
        7    CreateFunctionInstance
        8    CreateFunctionTemplateProxy
        9    CreateFunctionTemplateProxyTest
       10    CreateHandleProxyTest
       11    CreateInteger
       12    CreateNullValue
       13    CreateNumber
       14    CreateObject
       15    CreateObjectFromTemplate
       16    CreateObjectTemplateProxy
       17    CreateObjectTemplateProxyTest
       18    CreateString
       19    CreateStringArray
       20    CreateV8EngineProxy
       21    CreateV8EngineProxyTest
       22    DeleteFunctionTemplateProxy
       23    DeleteObjectPropertyByIndex
       24    DeleteObjectPropertyByName
       25    DeleteObjectTemplateProxy
       26    DeleteTestData
       27    DestroyV8EngineProxy
       28    DisposeHandleProxy
       29    DoIdleNotification
       30    ForceGC
       31    GetArrayLength
       32    GetFunction
       33    GetFunctionInstanceTemplateProxy
       34    GetFunctionPrototypeTemplateProxy
       35    GetHandleManagedObjectID
       36    GetObjectPropertyByIndex
       37    GetObjectPropertyByName
       38    GetObjectPrototype
       39    GetOwnPropertyNames
       40    GetPropertyAttributes
       41    GetPropertyNames
       42    MakeStrongHandle
       43    MakeWeakHandle
       44    RegisterGCCallback
       45    RegisterIndexedPropertyHandlers
       46    RegisterInvokeHandler
       47    RegisterNamedPropertyHandlers
       48    SetFunctionTemplateProperty
       49    SetGlobalObjectTemplate
       50    SetObjectAccessor
       51    SetObjectPropertyByIndex
       52    SetObjectPropertyByName
       53    SetObjectTemplateAccessor
       54    SetObjectTemplateProperty
       55    UnregisterIndexedPropertyHandlers
       56    UnregisterNamedPropertyHandlers
       57    UpdateHandleValue
       58    V8Compile
       59    V8Execute
       60    V8ExecuteCompiledScript
