 V8_Net_Proxy_x86

 Timestamp is 52407ba0 (Mon Sep 23 13:34:24 2013)

 Preferred load address is 10000000

 Start         Length     Name                   Class
 0001:00000000 00006ab0H .text                   CODE
 0001:00006ab0 00000610H .text$x                 CODE
 0001:000070c0 00000023H .text$yc                CODE
 0001:000070f0 00000090H .text$yd                CODE
 0002:00000000 000002a4H .idata$5                DATA
 0002:000002a4 00000004H .CRT$XCA                DATA
 0002:000002a8 00000004H .CRT$XCU                DATA
 0002:000002ac 00000004H .CRT$XCZ                DATA
 0002:000002b0 00000004H .CRT$XIA                DATA
 0002:000002b4 00000004H .CRT$XIAA               DATA
 0002:000002b8 00000004H .CRT$XIC                DATA
 0002:000002bc 00000004H .CRT$XIZ                DATA
 0002:000002c0 00000320H .rdata                  DATA
 0002:000005e0 0000007cH .rdata$debug            DATA
 0002:0000065c 00000048H .rdata$r                DATA
 0002:000006b0 00000080H .rdata$sxdata           DATA
 0002:00000730 00000004H .rtc$IAA                DATA
 0002:00000734 00000004H .rtc$IZZ                DATA
 0002:00000738 00000004H .rtc$TAA                DATA
 0002:0000073c 00000004H .rtc$TZZ                DATA
 0002:00000740 00000964H .xdata$x                DATA
 0002:000010a4 00000050H .idata$2                DATA
 0002:000010f4 00000014H .idata$3                DATA
 0002:00001108 000002a4H .idata$4                DATA
 0002:000013ac 0000213cH .idata$6                DATA
 0002:000034f0 000008a2H .edata                  DATA
 0003:00000000 00000040H .data                   DATA
 0003:00000040 00000378H .bss                    DATA
 0004:00000000 000000a0H .rsrc$01                DATA
 0004:000000a0 00000500H .rsrc$02                DATA

  Address         Publics by Value              Rva+Base       Lib:Object

 0000:00000000       __except_list              00000000     <absolute>
 0000:00000020       ___safe_se_handler_count   00000020     <absolute>
 0000:00009876       __ldused                   00009876     <absolute>
 0000:00009876       __fltused                  00009876     <absolute>
 0000:00000000       ___ImageBase               10000000     <linker-defined>
 0001:00000000       _CreateV8EngineProxy@12    10001000 f   Exports.obj
 0001:00000080       _DestroyV8EngineProxy@4    10001080 f   Exports.obj
 0001:000000b0       _WithV8IsolateScope@8      100010b0 f   Exports.obj
 0001:00000150       _WithV8ContextScope@8      10001150 f   Exports.obj
 0001:00000170       _WithHandleScope@8         10001170 f   Exports.obj
 0001:000001f0       _RegisterGCCallback@8      100011f0 f   Exports.obj
 0001:00000200       _ForceGC@4                 10001200 f   Exports.obj
 0001:00000230       _DoIdleNotification@8      10001230 f   Exports.obj
 0001:00000250       _V8Execute@12              10001250 f   Exports.obj
 0001:00000270       _V8Compile@12              10001270 f   Exports.obj
 0001:00000290       _V8ExecuteCompiledScript@8 10001290 f   Exports.obj
 0001:000002f0       _CreateObjectTemplateProxy@4 100012f0 f   Exports.obj
 0001:00000370       _DeleteObjectTemplateProxy@4 10001370 f   Exports.obj
 0001:000003a0       _SetGlobalObjectTemplate@8 100013a0 f   Exports.obj
 0001:000003c0       _RegisterNamedPropertyHandlers@24 100013c0 f   Exports.obj
 0001:00000420       _RegisterIndexedPropertyHandlers@24 10001420 f   Exports.obj
 0001:00000480       _UnregisterNamedPropertyHandlers@4 10001480 f   Exports.obj
 0001:000004a0       _UnregisterIndexedPropertyHandlers@4 100014a0 f   Exports.obj
 0001:000004c0       _RegisterInvokeHandler@8   100014c0 f   Exports.obj
 0001:00000500       _CreateObjectFromTemplate@8 10001500 f   Exports.obj
 0001:00000550       _ConnectObject@12          10001550 f   Exports.obj
 0001:00000620       _GetObjectPrototype@4      10001620 f   Exports.obj
 0001:00000680       _Call@20                   10001680 f   Exports.obj
 0001:00000870       _SetObjectPropertyByName@16 10001870 f   Exports.obj
 0001:00000910       _SetObjectPropertyByIndex@12 10001910 f   Exports.obj
 0001:00000990       _GetObjectPropertyByName@8 10001990 f   Exports.obj
 0001:00000a20       _GetObjectPropertyByIndex@8 10001a20 f   Exports.obj
 0001:00000a90       _DeleteObjectPropertyByName@8 10001a90 f   Exports.obj
 0001:00000b10       _DeleteObjectPropertyByIndex@8 10001b10 f   Exports.obj
 0001:00000b70       _SetObjectAccessor@28      10001b70 f   Exports.obj
 0001:00000cb0       _SetObjectTemplateAccessor@28 10001cb0 f   Exports.obj
 0001:00000ce0       _SetObjectTemplateProperty@16 10001ce0 f   Exports.obj
 0001:00000d20       _GetPropertyNames@4        10001d20 f   Exports.obj
 0001:00000d90       _GetOwnPropertyNames@4     10001d90 f   Exports.obj
 0001:00000e00       _GetPropertyAttributes@8   10001e00 f   Exports.obj
 0001:00000e80       _GetArrayLength@4          10001e80 f   Exports.obj
 0001:00000ed0       _CreateFunctionTemplateProxy@12 10001ed0 f   Exports.obj
 0001:00000f50       _DeleteFunctionTemplateProxy@4 10001f50 f   Exports.obj
 0001:00000f80       _GetFunctionInstanceTemplateProxy@4 10001f80 f   Exports.obj
 0001:00000f90       _GetFunctionPrototypeTemplateProxy@4 10001f90 f   Exports.obj
 0001:00000fa0       _GetFunction@4             10001fa0 f   Exports.obj
 0001:00000fd0       _CreateFunctionInstance@16 10001fd0 f   Exports.obj
 0001:00000ff0       _SetFunctionTemplateProperty@16 10001ff0 f   Exports.obj
 0001:00001030       _CreateBoolean@8           10002030 f   Exports.obj
 0001:00001070       _CreateInteger@8           10002070 f   Exports.obj
 0001:000010a0       _CreateNumber@12           100020a0 f   Exports.obj
 0001:000010e0       _CreateString@8            100020e0 f   Exports.obj
 0001:00001120       _CreateDate@12             10002120 f   Exports.obj
 0001:00001160       _CreateObject@8            10002160 f   Exports.obj
 0001:000011b0       _CreateArray@12            100021b0 f   Exports.obj
 0001:000011d0       _CreateStringArray@12      100021d0 f   Exports.obj
 0001:000011f0       _CreateNullValue@4         100021f0 f   Exports.obj
 0001:00001220       _CreateError@12            10002220 f   Exports.obj
 0001:00001290       _MakeWeakHandle@4          10002290 f   Exports.obj
 0001:000012d0       _MakeStrongHandle@4        100022d0 f   Exports.obj
 0001:00001300       _DisposeHandleProxy@4      10002300 f   Exports.obj
 0001:00001320       _UpdateHandleValue@4       10002320 f   Exports.obj
 0001:00001340       _GetHandleManagedObjectID@4 10002340 f   Exports.obj
 0001:00001360       _CreateHandleProxyTest@0   10002360 f   Exports.obj
 0001:00001390       _CreateV8EngineProxyTest@0 10002390 f   Exports.obj
 0001:000013c0       _CreateObjectTemplateProxyTest@0 100023c0 f   Exports.obj
 0001:000013f0       _CreateFunctionTemplateProxyTest@0 100023f0 f   Exports.obj
 0001:00001420       _DeleteTestData@4          10002420 f   Exports.obj
 0001:000014b0       ??1Scope@Context@v8@@QAE@XZ 100024b0 f i FunctionTemplateProxy.obj
 0001:000014c0       ??0FunctionTemplateProxy@@QAE@PAVV8EngineProxy@@PAGP6GPAUHandleProxy@@H_NPAU2@PAPAU2@I@Z@Z 100024c0 f   FunctionTemplateProxy.obj
 0001:00001610       ??1FunctionTemplateProxy@@QAE@XZ 10002610 f   FunctionTemplateProxy.obj
 0001:00001760       ?InvocationCallbackProxy@FunctionTemplateProxy@@SAXABV?$FunctionCallbackInfo@VValue@v8@@@v8@@@Z 10002760 f   FunctionTemplateProxy.obj
 0001:000018d0       ?CreateInstance@FunctionTemplateProxy@@QAEPAUHandleProxy@@HHPAPAU2@@Z 100028d0 f   FunctionTemplateProxy.obj
 0001:00001a40       ??$Set@VValue@v8@@@?$ReturnValue@VValue@v8@@@v8@@QAEXV?$Handle@VValue@v8@@@1@@Z 10002a40 f i FunctionTemplateProxy.obj
 0001:00001a60       ??0HandleProxy@@IAE@PAVV8EngineProxy@@H@Z 10002a60 f   HandleProxy.obj
 0001:00001b20       ?_Dispose@HandleProxy@@IAE_N_N@Z 10002b20 f   HandleProxy.obj
 0001:00001c30       ??_GHandleProxy@@IAEPAXI@Z 10002c30 f i HandleProxy.obj
 0001:00001cd0       ?SetHandle@HandleProxy@@IAEPAU1@V?$Handle@VScript@v8@@@v8@@@Z 10002cd0 f   HandleProxy.obj
 0001:00001d70       ?SetHandle@HandleProxy@@IAEPAU1@V?$Handle@VValue@v8@@@v8@@@Z 10002d70 f   HandleProxy.obj
 0001:00002030       ?GetManagedObjectID@HandleProxy@@QAEHXZ 10003030 f   HandleProxy.obj
 0001:000021a0       ?_RevivableCallback@HandleProxy@@CAXPAVIsolate@v8@@PAV?$Persistent@VValue@v8@@@3@PAU1@@Z 100031a0 f   HandleProxy.obj
 0001:00002220       ?UpdateValue@HandleProxy@@QAEXXZ 10003220 f   HandleProxy.obj
 0001:00002370       ??1?$lock_guard@Vrecursive_mutex@std@@@std@@QAE@XZ 10003370 f i HandleProxy.obj
 0001:00002390       ??0ManagedAccessorInfo@@QAE@PAVObjectTemplateProxy@@HABV?$PropertyCallbackInfo@VValue@v8@@@v8@@@Z 10003390 f i ObjectTemplateProxy.obj
 0001:000023e0       ??0ObjectTemplateProxy@@QAE@PAVV8EngineProxy@@@Z 100033e0 f   ObjectTemplateProxy.obj
 0001:00002470       ??0ObjectTemplateProxy@@QAE@PAVV8EngineProxy@@V?$Local@VObjectTemplate@v8@@@v8@@@Z 10003470 f   ObjectTemplateProxy.obj
 0001:00002500       ??1ObjectTemplateProxy@@QAE@XZ 10003500 f   ObjectTemplateProxy.obj
 0001:00002640       ?GetProperty@ObjectTemplateProxy@@SAXV?$Local@VString@v8@@@v8@@ABV?$PropertyCallbackInfo@VValue@v8@@@3@@Z 10003640 f   ObjectTemplateProxy.obj
 0001:000027c0       ?SetProperty@ObjectTemplateProxy@@SAXV?$Local@VString@v8@@@v8@@V?$Local@VValue@v8@@@3@ABV?$PropertyCallbackInfo@VValue@v8@@@3@@Z 100037c0 f   ObjectTemplateProxy.obj
 0001:00002960       ?GetPropertyAttributes@ObjectTemplateProxy@@SAXV?$Local@VString@v8@@@v8@@ABV?$PropertyCallbackInfo@VInteger@v8@@@3@@Z 10003960 f   ObjectTemplateProxy.obj
 0001:00002ab0       ?DeleteProperty@ObjectTemplateProxy@@SAXV?$Local@VString@v8@@@v8@@ABV?$PropertyCallbackInfo@VBoolean@v8@@@3@@Z 10003ab0 f   ObjectTemplateProxy.obj
 0001:00002c10       ?GetPropertyNames@ObjectTemplateProxy@@SAXABV?$PropertyCallbackInfo@VArray@v8@@@v8@@@Z 10003c10 f   ObjectTemplateProxy.obj
 0001:00002d90       ?GetProperty@ObjectTemplateProxy@@SAXIABV?$PropertyCallbackInfo@VValue@v8@@@v8@@@Z 10003d90 f   ObjectTemplateProxy.obj
 0001:00002ee0       ?SetProperty@ObjectTemplateProxy@@SAXIV?$Local@VValue@v8@@@v8@@ABV?$PropertyCallbackInfo@VValue@v8@@@3@@Z 10003ee0 f   ObjectTemplateProxy.obj
 0001:00003050       ?GetPropertyAttributes@ObjectTemplateProxy@@SAXIABV?$PropertyCallbackInfo@VInteger@v8@@@v8@@@Z 10004050 f   ObjectTemplateProxy.obj
 0001:00003180       ?DeleteProperty@ObjectTemplateProxy@@SAXIABV?$PropertyCallbackInfo@VBoolean@v8@@@v8@@@Z 10004180 f   ObjectTemplateProxy.obj
 0001:000032c0       ?GetPropertyIndices@ObjectTemplateProxy@@SAXABV?$PropertyCallbackInfo@VArray@v8@@@v8@@@Z 100042c0 f   ObjectTemplateProxy.obj
 0001:00003440       ?AccessorGetterCallbackProxy@ObjectTemplateProxy@@SAXV?$Local@VString@v8@@@v8@@ABV?$PropertyCallbackInfo@VValue@v8@@@3@@Z 10004440 f   ObjectTemplateProxy.obj
 0001:000035a0       ?AccessorSetterCallbackProxy@ObjectTemplateProxy@@SAXV?$Local@VString@v8@@@v8@@V?$Local@VValue@v8@@@3@ABV?$PropertyCallbackInfo@X@3@@Z 100045a0 f   ObjectTemplateProxy.obj
 0001:000036d0       ?SetAccessor@ObjectTemplateProxy@@QAEXHPBGP6GPAUHandleProxy@@PAU2@PAG@ZP6GPAU2@121@ZW4AccessControl@v8@@W4PropertyAttribute@4@@Z 100046d0 f   ObjectTemplateProxy.obj
 0001:00003790       ??3@YAXPAX0@Z              10004790 f i V8EngineProxy.obj
 0001:000037a0       ??1_Mutex_base@std@@QAE@XZ 100047a0 f i V8EngineProxy.obj
 0001:000037b0       ??0_StringItem@@QAE@PAVV8EngineProxy@@PAVString@v8@@@Z 100047b0 f   V8EngineProxy.obj
 0001:00003800       ??0V8EngineProxy@@QAE@_NP6AXXZH@Z 10004800 f   V8EngineProxy.obj
 0001:000039a0       ??1recursive_mutex@std@@QAE@XZ 100049a0 f i V8EngineProxy.obj
 0001:000039f0       ??1V8EngineProxy@@QAE@XZ   100049f0 f   V8EngineProxy.obj
 0001:00003cf0       ?GetNativeString@V8EngineProxy@@QAE?AU_StringItem@@PAVString@v8@@@Z 10004cf0 f   V8EngineProxy.obj
 0001:00003de0       ?GetHandleProxy@V8EngineProxy@@QAEPAUHandleProxy@@V?$Handle@VValue@v8@@@v8@@@Z 10004de0 f   V8EngineProxy.obj
 0001:00003f90       ?DisposeHandleProxy@V8EngineProxy@@QAEXPAUHandleProxy@@@Z 10004f90 f   V8EngineProxy.obj
 0001:00004040       ?SetGlobalObjectTemplate@V8EngineProxy@@QAEPAUHandleProxy@@PAVObjectTemplateProxy@@@Z 10005040 f   V8EngineProxy.obj
 0001:00004140       ?WithContextScope@V8EngineProxy@@QAEXP6GXXZ@Z 10005140 f   V8EngineProxy.obj
 0001:00004200       ?_GetErrorMessage@@YA?AV?$Local@VString@v8@@@v8@@AAVTryCatch@2@@Z 10005200 f   V8EngineProxy.obj
 0001:00004530       ?Execute@V8EngineProxy@@QAEPAUHandleProxy@@PBGPAG@Z 10005530 f   V8EngineProxy.obj
 0001:000046b0       ?Execute@V8EngineProxy@@QAEPAUHandleProxy@@V?$Handle@VScript@v8@@@v8@@@Z 100056b0 f   V8EngineProxy.obj
 0001:000047e0       ?Compile@V8EngineProxy@@QAEPAUHandleProxy@@PBGPAG@Z 100057e0 f   V8EngineProxy.obj
 0001:00004980       ?CreateArray@V8EngineProxy@@QAEPAUHandleProxy@@PAPAU2@G@Z 10005980 f   V8EngineProxy.obj
 0001:00004b80       ?CreateArray@V8EngineProxy@@QAEPAUHandleProxy@@PAPAGG@Z 10005b80 f   V8EngineProxy.obj
 0001:00004c00       ??0?$vector@_NV?$allocator@_N@std@@@std@@QAE@IAB_N@Z 10005c00 f i V8EngineProxy.obj
 0001:00004cb0       ?resize@?$vector@_NV?$allocator@_N@std@@@std@@QAEXI_N@Z 10005cb0 f i V8EngineProxy.obj
 0001:00004d80       ?push_back@?$vector@_NV?$allocator@_N@std@@@std@@QAEXAB_N@Z 10005d80 f i V8EngineProxy.obj
 0001:00004de0       ?_Tidy@?$vector@PAUHandleProxy@@V?$allocator@PAUHandleProxy@@@std@@@std@@IAEXXZ 10005de0 f i V8EngineProxy.obj
 0001:00004de0       ?_Tidy@?$vector@U_StringItem@@V?$allocator@U_StringItem@@@std@@@std@@IAEXXZ 10005de0 f i V8EngineProxy.obj
 0001:00004de0       ??1?$vector@U_StringItem@@V?$allocator@U_StringItem@@@std@@@std@@QAE@XZ 10005de0 f i V8EngineProxy.obj
 0001:00004de0       ??1?$vector@PAUHandleProxy@@V?$allocator@PAUHandleProxy@@@std@@@std@@QAE@XZ 10005de0 f i V8EngineProxy.obj
 0001:00004de0       ?_Tidy@?$vector@HV?$allocator@H@std@@@std@@IAEXXZ 10005de0 f i V8EngineProxy.obj
 0001:00004de0       ??1?$vector@IV?$allocator@_N@std@@@std@@QAE@XZ 10005de0 f i V8EngineProxy.obj
 0001:00004de0       ??1?$vector@HV?$allocator@H@std@@@std@@QAE@XZ 10005de0 f i V8EngineProxy.obj
 0001:00004de0       ?_Tidy@?$vector@IV?$allocator@_N@std@@@std@@IAEXXZ 10005de0 f i V8EngineProxy.obj
 0001:00004e10       ?push_back@?$vector@U_StringItem@@V?$allocator@U_StringItem@@@std@@@std@@QAEXABU_StringItem@@@Z 10005e10 f i V8EngineProxy.obj
 0001:00004ed0       ?push_back@?$vector@HV?$allocator@H@std@@@std@@QAEXABH@Z 10005ed0 f i V8EngineProxy.obj
 0001:00004f70       ?end@?$vector@_NV?$allocator@_N@std@@@std@@QAE?AV?$_Vb_iterator@U?$_Wrap_alloc@V?$allocator@I@std@@@std@@@2@XZ 10005f70 f i V8EngineProxy.obj
 0001:00004fe0       ?erase@?$vector@_NV?$allocator@_N@std@@@std@@QAE?AV?$_Vb_iterator@U?$_Wrap_alloc@V?$allocator@I@std@@@std@@@2@V?$_Vb_const_iterator@U?$_Wrap_alloc@V?$allocator@I@std@@@std@@@2@0@Z 10005fe0 f i V8EngineProxy.obj
 0001:00005160       ?_Insert_n@?$vector@_NV?$allocator@_N@std@@@std@@QAE?AV?$_Vb_iterator@U?$_Wrap_alloc@V?$allocator@I@std@@@std@@@2@V?$_Vb_const_iterator@U?$_Wrap_alloc@V?$allocator@I@std@@@std@@@2@IAB_N@Z 10006160 f i V8EngineProxy.obj
 0001:00005270       ?_Trim@?$vector@_NV?$allocator@_N@std@@@std@@QAEXI@Z 10006270 f i V8EngineProxy.obj
 0001:00005300       ??1?$_Vb_val@V?$allocator@_N@std@@@std@@QAE@XZ 10006300 f i V8EngineProxy.obj
 0001:00005380       ?_Construct_n@?$vector@U_StringItem@@V?$allocator@U_StringItem@@@std@@@std@@QAEXIPBU_StringItem@@@Z 10006380 f i V8EngineProxy.obj
 0001:00005440       ?_Reserve@?$vector@U_StringItem@@V?$allocator@U_StringItem@@@std@@@std@@IAEXI@Z 10006440 f i V8EngineProxy.obj
 0001:000054d0       ?_Construct_n@?$vector@HV?$allocator@H@std@@@std@@QAEXIPBH@Z 100064d0 f i V8EngineProxy.obj
 0001:000054d0       ?_Construct_n@?$vector@PAUHandleProxy@@V?$allocator@PAUHandleProxy@@@std@@@std@@QAEXIPBQAUHandleProxy@@@Z 100064d0 f i V8EngineProxy.obj
 0001:000055a0       ?_Reserve@?$vector@HV?$allocator@H@std@@@std@@IAEXI@Z 100065a0 f i V8EngineProxy.obj
 0001:000055a0       ?_Reserve@?$vector@PAUHandleProxy@@V?$allocator@PAUHandleProxy@@@std@@@std@@IAEXI@Z 100065a0 f i V8EngineProxy.obj
 0001:00005610       ??H?$_Vb_iterator@U?$_Wrap_alloc@V?$allocator@I@std@@@std@@@std@@QBE?AV01@H@Z 10006610 f i V8EngineProxy.obj
 0001:00005670       ?_Insert_x@?$vector@_NV?$allocator@_N@std@@@std@@QAEIV?$_Vb_const_iterator@U?$_Wrap_alloc@V?$allocator@I@std@@@std@@@2@I@Z 10006670 f i V8EngineProxy.obj
 0001:00005750       ?_Reallocate@?$vector@U_StringItem@@V?$allocator@U_StringItem@@@std@@@std@@IAEXI@Z 10006750 f i V8EngineProxy.obj
 0001:00005840       ?_Reallocate@?$vector@HV?$allocator@H@std@@@std@@IAEXI@Z 10006840 f i V8EngineProxy.obj
 0001:00005840       ?_Reallocate@?$vector@PAUHandleProxy@@V?$allocator@PAUHandleProxy@@@std@@@std@@IAEXI@Z 10006840 f i V8EngineProxy.obj
 0001:00005920       ?_Construct_n@?$vector@IV?$allocator@_N@std@@@std@@QAEXIPBI@Z 10006920 f i V8EngineProxy.obj
 0001:000059f0       ?resize@?$vector@IV?$allocator@_N@std@@@std@@QAEXIABI@Z 100069f0 f i V8EngineProxy.obj
 0001:00005a60       ?_Destroy@?$vector@IV?$allocator@_N@std@@@std@@IAEXPAI0@Z 10006a60 f i V8EngineProxy.obj
 0001:00005a70       ?_Insert_n@?$vector@IV?$allocator@_N@std@@@std@@IAE?AV?$_Vector_iterator@V?$_Vector_val@U?$_Simple_types@I@std@@@std@@@2@V?$_Vector_const_iterator@V?$_Vector_val@U?$_Simple_types@I@std@@@std@@@2@IABI@Z 10006a70 f i V8EngineProxy.obj
 0001:00005d00       ?_Ufill@?$vector@IV?$allocator@_N@std@@@std@@IAEPAIPAIIPBI@Z 10006d00 f i V8EngineProxy.obj
 0001:00005d30       ?_Grow_to@?$vector@IV?$allocator@_N@std@@@std@@IBEII@Z 10006d30 f i V8EngineProxy.obj
 0001:00005d70       ??0?$_Wrap_alloc@V?$allocator@I@std@@@std@@QAE@XZ 10006d70 f i V8EngineProxy.obj
 0001:00005d80       ??$_Umove@PAI@?$vector@IV?$allocator@_N@std@@@std@@IAEPAIPAI00@Z 10006d80 f i V8EngineProxy.obj
 0001:00005db0       ??$_Fill@V?$_Vb_iterator@U?$_Wrap_alloc@V?$allocator@I@std@@@std@@@std@@_N@std@@YAXV?$_Vb_iterator@U?$_Wrap_alloc@V?$allocator@I@std@@@std@@@0@0AB_N@Z 10006db0 f i V8EngineProxy.obj
 0001:00005e00       ??$_Uninit_fill_n@PAU_StringItem@@IU1@V?$allocator@U_StringItem@@@std@@U1@@std@@YAXPAU_StringItem@@IPBU1@AAU?$_Wrap_alloc@V?$allocator@U_StringItem@@@std@@@0@0U_Nonscalar_ptr_iterator_tag@0@@Z 10006e00 f i V8EngineProxy.obj
 0001:00005e90       ??$_Copy_impl@V?$_Vb_iterator@U?$_Wrap_alloc@V?$allocator@I@std@@@std@@@std@@V12@@std@@YA?AV?$_Vb_iterator@U?$_Wrap_alloc@V?$allocator@I@std@@@std@@@0@V10@00U_Nonscalar_ptr_iterator_tag@0@@Z 10006e90 f i V8EngineProxy.obj
 0001:00005f10       ??$_Copy_backward@V?$_Vb_iterator@U?$_Wrap_alloc@V?$allocator@I@std@@@std@@@std@@V12@@std@@YA?AV?$_Vb_iterator@U?$_Wrap_alloc@V?$allocator@I@std@@@std@@@0@V10@00U_Nonscalar_ptr_iterator_tag@0@@Z 10006f10 f i V8EngineProxy.obj
 0001:00005fa0       ??$_Uninit_move@PAU_StringItem@@PAU1@V?$allocator@U_StringItem@@@std@@U1@@std@@YAPAU_StringItem@@PAU1@00AAU?$_Wrap_alloc@V?$allocator@U_StringItem@@@std@@@0@0U_Nonscalar_ptr_iterator_tag@0@@Z 10006fa0 f i V8EngineProxy.obj
 0001:00006030       ??1HandleValue@@QAE@XZ     10007030 f   ValueProxy.obj
 0001:00006051       ??_U@YAPAXI@Z              10007051 f   msvcprt:newaop_s.obj
 0001:0000605a       @__security_check_cookie@4 1000705a f   MSVCRT:secchk.obj
 0001:0000606a       ??1exception@std@@UAE@XZ   1000706a f   MSVCRT:MSVCR110.dll
 0001:00006070       ??0exception@std@@QAE@ABV01@@Z 10007070 f   MSVCRT:MSVCR110.dll
 0001:00006076       ??3@YAXPAX@Z               10007076 f   MSVCRT:MSVCR110.dll
 0001:0000607c       ??_Etype_info@@UAEPAXI@Z   1000707c f i MSVCRT:ti_inst.obj
 0001:000060c6       ??2@YAPAXI@Z               100070c6 f   MSVCRT:MSVCR110.dll
 0001:000060cc       ___atonexitinit            100070cc f   MSVCRT:atonexit.obj
 0001:00006108       __onexit                   10007108 f   MSVCRT:atonexit.obj
 0001:000061ad       _atexit                    100071ad f   MSVCRT:atonexit.obj
 0001:0000620e       __CRT_INIT@12              1000720e f   MSVCRT:crtdll.obj
 0001:00006403       __DllMainCRTStartup@12     10007403 f   MSVCRT:crtdll.obj
 0001:00006559       ___raise_securityfailure   10007559 f   MSVCRT:gs_report.obj
 0001:00006596       ___report_gsfailure        10007596 f   MSVCRT:gs_report.obj
 0001:0000668f       ??_M@YGXPAXIHP6EX0@Z@Z     1000768f f   MSVCRT:ehvecdtr.obj
 0001:000066fe       ?__ArrayUnwind@@YGXPAXIHP6EX0@Z@Z 100076fe f   MSVCRT:ehvecdtr.obj
 0001:0000675c       ??1type_info@@UAE@XZ       1000775c f   MSVCRT:MSVCR110.dll
 0001:00006762       __lock                     10007762 f   MSVCRT:MSVCR110.dll
 0001:00006768       __unlock                   10007768 f   MSVCRT:MSVCR110.dll
 0001:0000676e       ___dllonexit               1000776e f   MSVCRT:MSVCR110.dll
 0001:00006780       __SEH_prolog4              10007780 f   MSVCRT:sehprolg4.obj
 0001:000067c5       __SEH_epilog4              100077c5 f   MSVCRT:sehprolg4.obj
 0001:000067d9       __except_handler4          100077d9 f   MSVCRT:chandler4gs.obj
 0001:000067fc       ___CppXcptFilter           100077fc f   MSVCRT:MSVCR110.dll
 0001:00006802       __amsg_exit                10007802 f   MSVCRT:MSVCR110.dll
 0001:00006810       __FindPESection            10007810 f   MSVCRT:pesect.obj
 0001:00006860       __IsNonwritableInCurrentImage 10007860 f   MSVCRT:pesect.obj
 0001:00006920       __ValidateImageBase        10007920 f   MSVCRT:pesect.obj
 0001:00006951       ___security_init_cookie    10007951 f   MSVCRT:gs_support.obj
 0001:000069eb       _DllMain@12                100079eb f   MSVCRT:dllmain.obj
 0001:00006a0d       __RTC_Initialize           10007a0d f   MSVCRT:initsect.obj
 0001:00006a2d       __RTC_Terminate            10007a2d f   MSVCRT:initsect.obj
 0001:00006a4e       __initterm                 10007a4e f   MSVCRT:MSVCR110.dll
 0001:00006a54       __initterm_e               10007a54 f   MSVCRT:MSVCR110.dll
 0001:00006a5a       ___clean_type_info_names   10007a5a f   MSVCRT:tncleanup.obj
 0001:00006a66       __crt_debugger_hook        10007a66 f   MSVCRT:MSVCR110.dll
 0001:00006a6c       ___crtUnhandledException   10007a6c f   MSVCRT:MSVCR110.dll
 0001:00006a72       ___crtTerminateProcess     10007a72 f   MSVCRT:MSVCR110.dll
 0001:00006a78       ?terminate@@YAXXZ          10007a78 f   MSVCRT:MSVCR110.dll
 0001:00006a7e       __except_handler4_common   10007a7e f   MSVCRT:MSVCR110.dll
 0001:00006a84       ___clean_type_info_names_internal 10007a84 f   MSVCRT:MSVCR110.dll
 0001:00006a8a       _IsProcessorFeaturePresent@4 10007a8a f   kernel32:KERNEL32.dll
 0001:00006a90       __CxxThrowException@8      10007a90 f   MSVCRT:MSVCR110.dll
 0001:00006a96       ___CxxFrameHandler3        10007a96 f   MSVCRT:MSVCR110.dll
 0001:00006a9c       _memset                    10007a9c f   MSVCRT:MSVCR110.dll
 0002:00000000       __imp__GlobalAlloc@8       10009000     kernel32:KERNEL32.dll
 0002:00000004       __imp__GlobalReAlloc@12    10009004     kernel32:KERNEL32.dll
 0002:00000008       __imp__DisableThreadLibraryCalls@4 10009008     kernel32:KERNEL32.dll
 0002:0000000c       __imp__GetSystemTimeAsFileTime@4 1000900c     kernel32:KERNEL32.dll
 0002:00000010       __imp__GetCurrentThreadId@0 10009010     kernel32:KERNEL32.dll
 0002:00000014       __imp__GetCurrentProcessId@0 10009014     kernel32:KERNEL32.dll
 0002:00000018       __imp__QueryPerformanceCounter@4 10009018     kernel32:KERNEL32.dll
 0002:0000001c       __imp__IsProcessorFeaturePresent@4 1000901c     kernel32:KERNEL32.dll
 0002:00000020       __imp__IsDebuggerPresent@0 10009020     kernel32:KERNEL32.dll
 0002:00000024       __imp__DecodePointer@4     10009024     kernel32:KERNEL32.dll
 0002:00000028       __imp__EncodePointer@4     10009028     kernel32:KERNEL32.dll
 0002:0000002c       __imp__GlobalFree@4        1000902c     kernel32:KERNEL32.dll
 0002:00000030       \177KERNEL32_NULL_THUNK_DATA 10009030     kernel32:KERNEL32.dll
 0002:00000034       __imp_?_Throw_C_error@std@@YAXH@Z 10009034     msvcprt:MSVCP110.dll
 0002:00000038       __imp___Mtx_lock           10009038     msvcprt:MSVCP110.dll
 0002:0000003c       __imp_?_Xbad_alloc@std@@YAXXZ 1000903c     msvcprt:MSVCP110.dll
 0002:00000040       __imp_?_Xout_of_range@std@@YAXPBD@Z 10009040     msvcprt:MSVCP110.dll
 0002:00000044       __imp_?_Xlength_error@std@@YAXPBD@Z 10009044     msvcprt:MSVCP110.dll
 0002:00000048       __imp___Mtx_destroy        10009048     msvcprt:MSVCP110.dll
 0002:0000004c       __imp___Mtx_init           1000904c     msvcprt:MSVCP110.dll
 0002:00000050       __imp___Mtx_unlock         10009050     msvcprt:MSVCP110.dll
 0002:00000054       \177MSVCP110_NULL_THUNK_DATA 10009054     msvcprt:MSVCP110.dll
 0002:00000058       __imp____CppXcptFilter     10009058     MSVCRT:MSVCR110.dll
 0002:0000005c       __imp___onexit             1000905c     MSVCRT:MSVCR110.dll
 0002:00000060       __imp___except_handler4_common 10009060     MSVCRT:MSVCR110.dll
 0002:00000064       __imp___calloc_crt         10009064     MSVCRT:MSVCR110.dll
 0002:00000068       __imp___unlock             10009068     MSVCRT:MSVCR110.dll
 0002:0000006c       __imp___lock               1000906c     MSVCRT:MSVCR110.dll
 0002:00000070       __imp_??1type_info@@UAE@XZ 10009070     MSVCRT:MSVCR110.dll
 0002:00000074       __imp___amsg_exit          10009074     MSVCRT:MSVCR110.dll
 0002:00000078       __imp_?what@exception@std@@UBEPBDXZ 10009078     MSVCRT:MSVCR110.dll
 0002:0000007c       __imp_??2@YAPAXI@Z         1000907c     MSVCRT:MSVCR110.dll
 0002:00000080       __imp_??3@YAXPAX@Z         10009080     MSVCRT:MSVCR110.dll
 0002:00000084       __imp_??_V@YAXPAX@Z        10009084     MSVCRT:MSVCR110.dll
 0002:00000088       __imp_??0exception@std@@QAE@ABV01@@Z 10009088     MSVCRT:MSVCR110.dll
 0002:0000008c       __imp_??0exception@std@@QAE@ABQBD@Z 1000908c     MSVCRT:MSVCR110.dll
 0002:00000090       __imp_??1exception@std@@UAE@XZ 10009090     MSVCRT:MSVCR110.dll
 0002:00000094       __imp__free                10009094     MSVCRT:MSVCR110.dll
 0002:00000098       __imp___malloc_crt         10009098     MSVCRT:MSVCR110.dll
 0002:0000009c       __imp___initterm           1000909c     MSVCRT:MSVCR110.dll
 0002:000000a0       __imp___initterm_e         100090a0     MSVCRT:MSVCR110.dll
 0002:000000a4       __imp___crt_debugger_hook  100090a4     MSVCRT:MSVCR110.dll
 0002:000000a8       __imp____crtUnhandledException 100090a8     MSVCRT:MSVCR110.dll
 0002:000000ac       __imp____crtTerminateProcess 100090ac     MSVCRT:MSVCR110.dll
 0002:000000b0       __imp__memmove             100090b0     MSVCRT:MSVCR110.dll
 0002:000000b4       __imp_?terminate@@YAXXZ    100090b4     MSVCRT:MSVCR110.dll
 0002:000000b8       __imp____clean_type_info_names_internal 100090b8     MSVCRT:MSVCR110.dll
 0002:000000bc       __imp___CxxThrowException@8 100090bc     MSVCRT:MSVCR110.dll
 0002:000000c0       __imp____dllonexit         100090c0     MSVCRT:MSVCR110.dll
 0002:000000c4       __imp__memset              100090c4     MSVCRT:MSVCR110.dll
 0002:000000c8       __imp____CxxFrameHandler3  100090c8     MSVCRT:MSVCR110.dll
 0002:000000cc       \177MSVCR110_NULL_THUNK_DATA 100090cc     MSVCRT:MSVCR110.dll
 0002:000000d0       __imp_??1HandleScope@v8@@QAE@XZ 100090d0     v8-ia32:v8-ia32.dll
 0002:000000d4       __imp_??0HandleScope@v8@@QAE@XZ 100090d4     v8-ia32:v8-ia32.dll
 0002:000000d8       __imp_?Set@Template@v8@@QAEXV?$Handle@VString@v8@@@2@V?$Handle@VData@v8@@@2@W4PropertyAttribute@2@@Z 100090d8     v8-ia32:v8-ia32.dll
 0002:000000dc       __imp_?NewInstance@Function@v8@@QBE?AV?$Local@VObject@v8@@@2@HQAV?$Handle@VValue@v8@@@2@@Z 100090dc     v8-ia32:v8-ia32.dll
 0002:000000e0       __imp_?Value@External@v8@@QBEPAXXZ 100090e0     v8-ia32:v8-ia32.dll
 0002:000000e4       __imp_?ThrowException@v8@@YA?AV?$Handle@VValue@v8@@@1@V21@@Z 100090e4     v8-ia32:v8-ia32.dll
 0002:000000e8       __imp_??1Scope@Isolate@v8@@QAE@XZ 100090e8     v8-ia32:v8-ia32.dll
 0002:000000ec       __imp_??0Scope@Isolate@v8@@QAE@PAV12@@Z 100090ec     v8-ia32:v8-ia32.dll
 0002:000000f0       __imp_?ClearWeak@V8@v8@@CAXPAPAVObject@internal@2@@Z 100090f0     v8-ia32:v8-ia32.dll
 0002:000000f4       __imp_?MakeWeak@V8@v8@@CAXPAPAVObject@internal@2@PAXP6AXPAVIsolate@2@PAV?$Persistent@VValue@v8@@@2@1@Z@Z 100090f4     v8-ia32:v8-ia32.dll
 0002:000000f8       __imp_?Int32Value@Value@v8@@QBEHXZ 100090f8     v8-ia32:v8-ia32.dll
 0002:000000fc       __imp_?NumberValue@Value@v8@@QBENXZ 100090fc     v8-ia32:v8-ia32.dll
 0002:00000100       __imp_?BooleanValue@Value@v8@@QBE_NXZ 10009100     v8-ia32:v8-ia32.dll
 0002:00000104       __imp_?IsRegExp@Value@v8@@QBE_NXZ 10009104     v8-ia32:v8-ia32.dll
 0002:00000108       __imp_?IsNativeError@Value@v8@@QBE_NXZ 10009108     v8-ia32:v8-ia32.dll
 0002:0000010c       __imp_?IsStringObject@Value@v8@@QBE_NXZ 1000910c     v8-ia32:v8-ia32.dll
 0002:00000110       __imp_?IsNumberObject@Value@v8@@QBE_NXZ 10009110     v8-ia32:v8-ia32.dll
 0002:00000114       __imp_?IsBooleanObject@Value@v8@@QBE_NXZ 10009114     v8-ia32:v8-ia32.dll
 0002:00000118       __imp_?IsDate@Value@v8@@QBE_NXZ 10009118     v8-ia32:v8-ia32.dll
 0002:0000011c       __imp_?IsInt32@Value@v8@@QBE_NXZ 1000911c     v8-ia32:v8-ia32.dll
 0002:00000120       __imp_?IsExternal@Value@v8@@QBE_NXZ 10009120     v8-ia32:v8-ia32.dll
 0002:00000124       __imp_?IsNumber@Value@v8@@QBE_NXZ 10009124     v8-ia32:v8-ia32.dll
 0002:00000128       __imp_?IsBoolean@Value@v8@@QBE_NXZ 10009128     v8-ia32:v8-ia32.dll
 0002:0000012c       __imp_?IsFalse@Value@v8@@QBE_NXZ 1000912c     v8-ia32:v8-ia32.dll
 0002:00000130       __imp_?IsTrue@Value@v8@@QBE_NXZ 10009130     v8-ia32:v8-ia32.dll
 0002:00000134       __imp_?CreateHandle@HandleScope@v8@@SAPAPAVObject@internal@2@PAV342@@Z 10009134     v8-ia32:v8-ia32.dll
 0002:00000138       __imp_?SlowGetInternalField@Object@v8@@AAE?AV?$Local@VValue@v8@@@2@H@Z 10009138     v8-ia32:v8-ia32.dll
 0002:0000013c       __imp_?GetHiddenValue@Object@v8@@QAE?AV?$Local@VValue@v8@@@2@V?$Handle@VString@v8@@@2@@Z 1000913c     v8-ia32:v8-ia32.dll
 0002:00000140       __imp_?Has@Object@v8@@QAE_NV?$Handle@VValue@v8@@@2@@Z 10009140     v8-ia32:v8-ia32.dll
 0002:00000144       __imp_?False@v8@@YA?AV?$Handle@VBoolean@v8@@@1@XZ 10009144     v8-ia32:v8-ia32.dll
 0002:00000148       __imp_?Length@?$FunctionCallbackInfo@VValue@v8@@@v8@@QBEHXZ 10009148     v8-ia32:v8-ia32.dll
 0002:0000014c       __imp_?SetInternalFieldCount@ObjectTemplate@v8@@QAEXH@Z 1000914c     v8-ia32:v8-ia32.dll
 0002:00000150       __imp_?SetCallAsFunctionHandler@ObjectTemplate@v8@@QAEXP6AXABV?$FunctionCallbackInfo@VValue@v8@@@2@@ZV?$Handle@VValue@v8@@@2@@Z 10009150     v8-ia32:v8-ia32.dll
 0002:00000154       __imp_?SetIndexedPropertyHandler@ObjectTemplate@v8@@QAEXP6AXIABV?$PropertyCallbackInfo@VValue@v8@@@2@@ZP6AXIV?$Local@VValue@v8@@@2@0@ZP6AXIABV?$PropertyCallbackInfo@VInteger@v8@@@2@@ZP6AXIABV?$PropertyCallbackInfo@VBoolean@v8@@@2@@ZP6AXABV?$PropertyCallbackInfo@VArray@v8@@@2@@ZV?$Handle@VValue@v8@@@2@@Z 10009154     v8-ia32:v8-ia32.dll
 0002:00000158       __imp_?SetNamedPropertyHandler@ObjectTemplate@v8@@QAEXP6AXV?$Local@VString@v8@@@2@ABV?$PropertyCallbackInfo@VValue@v8@@@2@@ZP6AX0V?$Local@VValue@v8@@@2@1@ZP6AX0ABV?$PropertyCallbackInfo@VInteger@v8@@@2@@ZP6AX0ABV?$PropertyCallbackInfo@VBoolean@v8@@@2@@ZP6AXABV?$PropertyCallbackInfo@VArray@v8@@@2@@ZV?$Handle@VValue@v8@@@2@@Z 10009158     v8-ia32:v8-ia32.dll
 0002:0000015c       __imp_?SetAccessor@ObjectTemplate@v8@@QAEXV?$Handle@VString@v8@@@2@P6AXV?$Local@VString@v8@@@2@ABV?$PropertyCallbackInfo@VValue@v8@@@2@@ZP6AX1V?$Local@VValue@v8@@@2@ABV?$PropertyCallbackInfo@X@2@@ZV?$Handle@VValue@v8@@@2@W4AccessControl@2@W4PropertyAttribute@2@V?$Handle@VAccessorSignature@v8@@@2@@Z 1000915c     v8-ia32:v8-ia32.dll
 0002:00000160       __imp_?NewInstance@ObjectTemplate@v8@@QAE?AV?$Local@VObject@v8@@@2@XZ 10009160     v8-ia32:v8-ia32.dll
 0002:00000164       __imp_?New@ObjectTemplate@v8@@SA?AV?$Local@VObjectTemplate@v8@@@2@XZ 10009164     v8-ia32:v8-ia32.dll
 0002:00000168       __imp_?GetReturnValue@?$PropertyCallbackInfo@VValue@v8@@@v8@@QBE?AV?$ReturnValue@VValue@v8@@@2@XZ 10009168     v8-ia32:v8-ia32.dll
 0002:0000016c       __imp_?Holder@?$PropertyCallbackInfo@VValue@v8@@@v8@@QBE?AV?$Local@VObject@v8@@@2@XZ 1000916c     v8-ia32:v8-ia32.dll
 0002:00000170       __imp_?This@?$PropertyCallbackInfo@VValue@v8@@@v8@@QBE?AV?$Local@VObject@v8@@@2@XZ 10009170     v8-ia32:v8-ia32.dll
 0002:00000174       __imp_?Data@?$PropertyCallbackInfo@VValue@v8@@@v8@@QBE?AV?$Local@VValue@v8@@@2@XZ 10009174     v8-ia32:v8-ia32.dll
 0002:00000178       __imp_?GetIsolate@?$PropertyCallbackInfo@VValue@v8@@@v8@@QBEPAVIsolate@2@XZ 10009178     v8-ia32:v8-ia32.dll
 0002:0000017c       __imp_?True@v8@@YA?AV?$Handle@VBoolean@v8@@@1@XZ 1000917c     v8-ia32:v8-ia32.dll
 0002:00000180       __imp_?Message@TryCatch@v8@@QBE?AV?$Local@VMessage@v8@@@2@XZ 10009180     v8-ia32:v8-ia32.dll
 0002:00000184       __imp_?StackTrace@TryCatch@v8@@QBE?AV?$Local@VValue@v8@@@2@XZ 10009184     v8-ia32:v8-ia32.dll
 0002:00000188       __imp_?Exception@TryCatch@v8@@QBE?AV?$Local@VValue@v8@@@2@XZ 10009188     v8-ia32:v8-ia32.dll
 0002:0000018c       __imp_?HasCaught@TryCatch@v8@@QBE_NXZ 1000918c     v8-ia32:v8-ia32.dll
 0002:00000190       __imp_??1TryCatch@v8@@QAE@XZ 10009190     v8-ia32:v8-ia32.dll
 0002:00000194       __imp_??0TryCatch@v8@@QAE@XZ 10009194     v8-ia32:v8-ia32.dll
 0002:00000198       __imp_?GetStartColumn@Message@v8@@QBEHXZ 10009198     v8-ia32:v8-ia32.dll
 0002:0000019c       __imp_?GetLineNumber@Message@v8@@QBEHXZ 1000919c     v8-ia32:v8-ia32.dll
 0002:000001a0       __imp_?New@Context@v8@@SA?AV?$Local@VContext@v8@@@2@PAVIsolate@2@PAVExtensionConfiguration@2@V?$Handle@VObjectTemplate@v8@@@2@V?$Handle@VValue@v8@@@2@@Z 100091a0     v8-ia32:v8-ia32.dll
 0002:000001a4       __imp_?Global@Context@v8@@QAE?AV?$Local@VObject@v8@@@2@XZ 100091a4     v8-ia32:v8-ia32.dll
 0002:000001a8       __imp_?Null@v8@@YA?AV?$Handle@VPrimitive@v8@@@1@XZ 100091a8     v8-ia32:v8-ia32.dll
 0002:000001ac       __imp_?New@Date@v8@@SA?AV?$Local@VValue@v8@@@2@N@Z 100091ac     v8-ia32:v8-ia32.dll
 0002:000001b0       __imp_?Run@Script@v8@@QAE?AV?$Local@VValue@v8@@@2@XZ 100091b0     v8-ia32:v8-ia32.dll
 0002:000001b4       __imp_?Compile@Script@v8@@SA?AV?$Local@VScript@v8@@@2@V?$Handle@VString@v8@@@2@V?$Handle@VValue@v8@@@2@0@Z 100091b4     v8-ia32:v8-ia32.dll
 0002:000001b8       __imp_?Initialize@V8@v8@@SA_NXZ 100091b8     v8-ia32:v8-ia32.dll
 0002:000001bc       __imp_?Equals@Value@v8@@QBE_NV?$Handle@VValue@v8@@@2@@Z 100091bc     v8-ia32:v8-ia32.dll
 0002:000001c0       __imp_?ToObject@Value@v8@@QBE?AV?$Local@VObject@v8@@@2@XZ 100091c0     v8-ia32:v8-ia32.dll
 0002:000001c4       __imp_?Concat@String@v8@@SA?AV?$Local@VString@v8@@@2@V?$Handle@VString@v8@@@2@0@Z 100091c4     v8-ia32:v8-ia32.dll
 0002:000001c8       __imp_?Write@String@v8@@QBEHPAGHHH@Z 100091c8     v8-ia32:v8-ia32.dll
 0002:000001cc       __imp_?Length@String@v8@@QBEHXZ 100091cc     v8-ia32:v8-ia32.dll
 0002:000001d0       __imp_?New@Number@v8@@SA?AV?$Local@VNumber@v8@@@2@N@Z 100091d0     v8-ia32:v8-ia32.dll
 0002:000001d4       __imp_?New@Object@v8@@SA?AV?$Local@VObject@v8@@@2@XZ 100091d4     v8-ia32:v8-ia32.dll
 0002:000001d8       __imp_?Dispose@Isolate@v8@@QAEXXZ 100091d8     v8-ia32:v8-ia32.dll
 0002:000001dc       __imp_?New@Isolate@v8@@SAPAV12@XZ 100091dc     v8-ia32:v8-ia32.dll
 0002:000001e0       __imp_??A?$FunctionCallbackInfo@VValue@v8@@@v8@@QBE?AV?$Local@VValue@v8@@@1@H@Z 100091e0     v8-ia32:v8-ia32.dll
 0002:000001e4       __imp_?Holder@?$FunctionCallbackInfo@VValue@v8@@@v8@@QBE?AV?$Local@VObject@v8@@@2@XZ 100091e4     v8-ia32:v8-ia32.dll
 0002:000001e8       __imp_?IsConstructCall@?$FunctionCallbackInfo@VValue@v8@@@v8@@QBE_NXZ 100091e8     v8-ia32:v8-ia32.dll
 0002:000001ec       __imp_?Data@?$FunctionCallbackInfo@VValue@v8@@@v8@@QBE?AV?$Local@VValue@v8@@@2@XZ 100091ec     v8-ia32:v8-ia32.dll
 0002:000001f0       __imp_?GetReturnValue@?$FunctionCallbackInfo@VValue@v8@@@v8@@QBE?AV?$ReturnValue@VValue@v8@@@2@XZ 100091f0     v8-ia32:v8-ia32.dll
 0002:000001f4       __imp_?Error@Exception@v8@@SA?AV?$Local@VValue@v8@@@2@V?$Handle@VString@v8@@@2@@Z 100091f4     v8-ia32:v8-ia32.dll
 0002:000001f8       __imp_?New@FunctionTemplate@v8@@SA?AV?$Local@VFunctionTemplate@v8@@@2@P6AXABV?$FunctionCallbackInfo@VValue@v8@@@2@@ZV?$Handle@VValue@v8@@@2@V?$Handle@VSignature@v8@@@2@H@Z 100091f8     v8-ia32:v8-ia32.dll
 0002:000001fc       __imp_?GetFunction@FunctionTemplate@v8@@QAE?AV?$Local@VFunction@v8@@@2@XZ 100091fc     v8-ia32:v8-ia32.dll
 0002:00000200       __imp_?InstanceTemplate@FunctionTemplate@v8@@QAE?AV?$Local@VObjectTemplate@v8@@@2@XZ 10009200     v8-ia32:v8-ia32.dll
 0002:00000204       __imp_?PrototypeTemplate@FunctionTemplate@v8@@QAE?AV?$Local@VObjectTemplate@v8@@@2@XZ 10009204     v8-ia32:v8-ia32.dll
 0002:00000208       __imp_?SetClassName@FunctionTemplate@v8@@QAEXV?$Handle@VString@v8@@@2@@Z 10009208     v8-ia32:v8-ia32.dll
 0002:0000020c       __imp_?ToString@Value@v8@@QBE?AV?$Local@VString@v8@@@2@XZ 1000920c     v8-ia32:v8-ia32.dll
 0002:00000210       __imp_?GlobalizeReference@V8@v8@@CAPAPAVObject@internal@2@PAVIsolate@42@PAPAV342@@Z 10009210     v8-ia32:v8-ia32.dll
 0002:00000214       __imp_?DisposeGlobal@V8@v8@@CAXPAPAVObject@internal@2@@Z 10009214     v8-ia32:v8-ia32.dll
 0002:00000218       __imp_?Enter@Context@v8@@QAEXXZ 10009218     v8-ia32:v8-ia32.dll
 0002:0000021c       __imp_?Exit@Context@v8@@QAEXXZ 1000921c     v8-ia32:v8-ia32.dll
 0002:00000220       __imp_??1Locker@v8@@QAE@XZ 10009220     v8-ia32:v8-ia32.dll
 0002:00000224       __imp_?Initialize@Locker@v8@@AAEXPAVIsolate@2@@Z 10009224     v8-ia32:v8-ia32.dll
 0002:00000228       __imp_?New@External@v8@@SA?AV?$Local@VExternal@v8@@@2@PAX@Z 10009228     v8-ia32:v8-ia32.dll
 0002:0000022c       __imp_?GetCurrent@Isolate@v8@@SAPAV12@XZ 1000922c     v8-ia32:v8-ia32.dll
 0002:00000230       __imp_?Call@Function@v8@@QAE?AV?$Local@VValue@v8@@@2@V?$Handle@VObject@v8@@@2@HQAV?$Handle@VValue@v8@@@2@@Z 10009230     v8-ia32:v8-ia32.dll
 0002:00000234       __imp_?New@Integer@v8@@SA?AV?$Local@VInteger@v8@@@2@H@Z 10009234     v8-ia32:v8-ia32.dll
 0002:00000238       __imp_?Set@Object@v8@@QAE_NIV?$Handle@VValue@v8@@@2@@Z 10009238     v8-ia32:v8-ia32.dll
 0002:0000023c       __imp_?Set@Object@v8@@QAE_NV?$Handle@VValue@v8@@@2@0W4PropertyAttribute@2@@Z 1000923c     v8-ia32:v8-ia32.dll
 0002:00000240       __imp_?Get@Object@v8@@QAE?AV?$Local@VValue@v8@@@2@I@Z 10009240     v8-ia32:v8-ia32.dll
 0002:00000244       __imp_?Get@Object@v8@@QAE?AV?$Local@VValue@v8@@@2@V?$Handle@VValue@v8@@@2@@Z 10009244     v8-ia32:v8-ia32.dll
 0002:00000248       __imp_?GetPropertyAttributes@Object@v8@@QAE?AW4PropertyAttribute@2@V?$Handle@VValue@v8@@@2@@Z 10009248     v8-ia32:v8-ia32.dll
 0002:0000024c       __imp_?Delete@Object@v8@@QAE_NI@Z 1000924c     v8-ia32:v8-ia32.dll
 0002:00000250       __imp_?Delete@Object@v8@@QAE_NV?$Handle@VValue@v8@@@2@@Z 10009250     v8-ia32:v8-ia32.dll
 0002:00000254       __imp_?SetAccessor@Object@v8@@QAE_NV?$Handle@VString@v8@@@2@P6AXV?$Local@VString@v8@@@2@ABV?$PropertyCallbackInfo@VValue@v8@@@2@@ZP6AX1V?$Local@VValue@v8@@@2@ABV?$PropertyCallbackInfo@X@2@@ZV?$Handle@VValue@v8@@@2@W4AccessControl@2@W4PropertyAttribute@2@@Z 10009254     v8-ia32:v8-ia32.dll
 0002:00000258       __imp_?GetPropertyNames@Object@v8@@QAE?AV?$Local@VArray@v8@@@2@XZ 10009258     v8-ia32:v8-ia32.dll
 0002:0000025c       __imp_?GetOwnPropertyNames@Object@v8@@QAE?AV?$Local@VArray@v8@@@2@XZ 1000925c     v8-ia32:v8-ia32.dll
 0002:00000260       __imp_?GetPrototype@Object@v8@@QAE?AV?$Local@VValue@v8@@@2@XZ 10009260     v8-ia32:v8-ia32.dll
 0002:00000264       __imp_?InternalFieldCount@Object@v8@@QAEHXZ 10009264     v8-ia32:v8-ia32.dll
 0002:00000268       __imp_?SetInternalField@Object@v8@@QAEXHV?$Handle@VValue@v8@@@2@@Z 10009268     v8-ia32:v8-ia32.dll
 0002:0000026c       __imp_?SetAlignedPointerInInternalField@Object@v8@@QAEXHPAX@Z 1000926c     v8-ia32:v8-ia32.dll
 0002:00000270       __imp_?SetHiddenValue@Object@v8@@QAE_NV?$Handle@VString@v8@@@2@V?$Handle@VValue@v8@@@2@@Z 10009270     v8-ia32:v8-ia32.dll
 0002:00000274       __imp_?Undefined@v8@@YA?AV?$Handle@VPrimitive@v8@@@1@XZ 10009274     v8-ia32:v8-ia32.dll
 0002:00000278       __imp_?Length@Array@v8@@QBEIXZ 10009278     v8-ia32:v8-ia32.dll
 0002:0000027c       __imp_?New@Array@v8@@SA?AV?$Local@VArray@v8@@@2@H@Z 1000927c     v8-ia32:v8-ia32.dll
 0002:00000280       __imp_?NewFromUtf8@String@v8@@SA?AV?$Local@VString@v8@@@2@PAVIsolate@2@PBDW4NewStringType@12@H@Z 10009280     v8-ia32:v8-ia32.dll
 0002:00000284       __imp_?NewFromTwoByte@String@v8@@SA?AV?$Local@VString@v8@@@2@PAVIsolate@2@PBGW4NewStringType@12@H@Z 10009284     v8-ia32:v8-ia32.dll
 0002:00000288       __imp_?IsFunction@Value@v8@@QBE_NXZ 10009288     v8-ia32:v8-ia32.dll
 0002:0000028c       __imp_?IsArray@Value@v8@@QBE_NXZ 1000928c     v8-ia32:v8-ia32.dll
 0002:00000290       __imp_?IsObject@Value@v8@@QBE_NXZ 10009290     v8-ia32:v8-ia32.dll
 0002:00000294       __imp_?IdleNotification@V8@v8@@SA_NH@Z 10009294     v8-ia32:v8-ia32.dll
 0002:00000298       __imp_?SlowGetAlignedPointerFromInternalField@Object@v8@@AAEPAXH@Z 10009298     v8-ia32:v8-ia32.dll
 0002:0000029c       __imp_?LowMemoryNotification@V8@v8@@SAXXZ 1000929c     v8-ia32:v8-ia32.dll
 0002:000002a0       \177v8-ia32_NULL_THUNK_DATA 100092a0     v8-ia32:v8-ia32.dll
 0002:000002a4       ___xc_a                    100092a4     MSVCRT:cinitexe.obj
 0002:000002ac       ___xc_z                    100092ac     MSVCRT:cinitexe.obj
 0002:000002b0       ___xi_a                    100092b0     MSVCRT:cinitexe.obj
 0002:000002bc       ___xi_z                    100092bc     MSVCRT:cinitexe.obj
 0002:000002fc       ??_7type_info@@6B@         100092fc     MSVCRT:ti_inst.obj
 0002:00000300       __pRawDllMain              10009300     MSVCRT:crtdll.obj
 0002:00000300       __pDefaultRawDllMain       10009300     MSVCRT:crtdll.obj
 0002:0000030c       ??_C@_0BL@OFLPLJAM@Not?5a?5valid?5script?5handle?4?$AA@ 1000930c     Exports.obj
 0002:00000328       ??_C@_0BA@MLFILMMN@ManagedObjectID?$AA@ 10009328     Exports.obj
 0002:00000338       ??_C@_0CJ@MCOIAANP@The?5handle?5does?5not?5represent?5an@ 10009338     Exports.obj
 0002:00000368       ??_C@_0EI@NBCEMGHA@Call?3?5The?5target?5instance?5handle@ 10009368     Exports.obj
 0002:000003b0       ??_C@_0DH@GEIHKHBI@Call?3?5The?5subject?5handle?5does?5no@ 100093b0     Exports.obj
 0002:000003e8       ??_C@_0DM@EFLNDFCL@Call?3?5The?5specified?5property?5doe@ 100093e8     Exports.obj
 0002:00000424       ??_C@_0DI@IBPEFPGB@Call?3?5The?5subject?5handle?5does?5no@ 10009424     Exports.obj
 0002:0000045c       ??_C@_0CP@MICEEFHB@The?5handle?5does?5not?5represent?5an@ 1000945c     Exports.obj
 0002:00000490       ??_C@_0EE@OBNIJAJP@?8Data?8?5points?5to?5an?5invalid?5obje@ 10009490     Exports.obj
 0002:000004d4       ??_C@_0CB@PFDHPICG@?8args?4Data?$CI?$CJ?8?5is?5not?5recognized?4@ 100094d4     FunctionTemplateProxy.obj
 0002:000004f8       ??_C@_09JOONBBPD@$__TypeID?$AA@ 100094f8     HandleProxy.obj
 0002:00000504       ??_C@_08NKLFIIDP@$__Value?$AA@ 10009504     HandleProxy.obj
 0002:00000510       ??_C@_02PCIJFNDE@?$AN?6?$AA@ 10009510     V8EngineProxy.obj
 0002:00000514       ??_C@_08FIKDMAMC@?5?5Line?3?5?$AA@ 10009514     V8EngineProxy.obj
 0002:00000520       ??_C@_0L@KCLHICAK@?5?5Column?3?5?$AA@ 10009520     V8EngineProxy.obj
 0002:0000052c       ??_C@_09FPDCPDGD@?5?5Stack?3?5?$AA@ 1000952c     V8EngineProxy.obj
 0002:00000538       ??_C@_11LOCGONAA@?$AA?$AA@ 10009538     V8EngineProxy.obj
 0002:0000053c       ??_C@_0BE@HBKMHPCH@Invalid?5error?5type?4?$AA@ 1000953c     V8EngineProxy.obj
 0002:00000550       ??_C@_0BM@NMJKDPPO@invalid?5vector?$DMT?$DO?5subscript?$AA@ 10009550     V8EngineProxy.obj
 0002:0000056c       ??_C@_0BG@EOMJEIFA@vector?$DMbool?$DO?5too?5long?$AA@ 1000956c     V8EngineProxy.obj
 0002:00000584       ??_C@_0BD@OLBABOEK@vector?$DMT?$DO?5too?5long?$AA@ 10009584     V8EngineProxy.obj
 0002:00000598       __load_config_used         10009598     MSVCRT:loadcfg.obj
 0002:0000065c       ??_R4type_info@@6B@        1000965c     MSVCRT:ti_inst.obj
 0002:00000670       ??_R3type_info@@8          10009670     MSVCRT:ti_inst.obj
 0002:00000680       ??_R2type_info@@8          10009680     MSVCRT:ti_inst.obj
 0002:00000688       ??_R1A@?0A@EA@type_info@@8 10009688     MSVCRT:ti_inst.obj
 0002:000006b0       ___safe_se_handler_table   100096b0     <linker-defined>
 0002:00000730       ___rtc_iaa                 10009730     MSVCRT:initsect.obj
 0002:00000734       ___rtc_izz                 10009734     MSVCRT:initsect.obj
 0002:00000738       ___rtc_taa                 10009738     MSVCRT:initsect.obj
 0002:0000073c       ___rtc_tzz                 1000973c     MSVCRT:initsect.obj
 0002:000007e4       __CT??_R0?AVexception@std@@@8??0exception@std@@QAE@ABV01@@Z12 100097e4     Exports.obj
 0002:00000800       __TI1?AVexception@std@@    10009800     Exports.obj
 0002:00000810       __CTA1?AVexception@std@@   10009810     Exports.obj
 0002:000010a4       __IMPORT_DESCRIPTOR_v8-ia32 1000a0a4     v8-ia32:v8-ia32.dll
 0002:000010b8       __IMPORT_DESCRIPTOR_KERNEL32 1000a0b8     kernel32:KERNEL32.dll
 0002:000010cc       __IMPORT_DESCRIPTOR_MSVCP110 1000a0cc     msvcprt:MSVCP110.dll
 0002:000010e0       __IMPORT_DESCRIPTOR_MSVCR110 1000a0e0     MSVCRT:MSVCR110.dll
 0002:000010f4       __NULL_IMPORT_DESCRIPTOR   1000a0f4     v8-ia32:v8-ia32.dll
 0003:00000000       ??_R0?AVtype_info@@@8      1000d000     MSVCRT:ti_inst.obj
 0003:00000018       ___security_cookie         1000d018     MSVCRT:gs_cookie.obj
 0003:0000001c       ___security_cookie_complement 1000d01c     MSVCRT:gs_cookie.obj
 0003:00000020       ___native_dllmain_reason   1000d020     MSVCRT:natstart.obj
 0003:00000024       ??_R0?AVexception@std@@@8  1000d024     Exports.obj
 0003:00000368       ?__type_info_root_node@@3U__type_info_node@@A 1000d368     MSVCRT:tncleanup.obj
 0003:00000374       ?_NextEngineID@V8EngineProxy@@1HA 1000d374     V8EngineProxy.obj
 0003:00000390       ?_DisposedEngines@V8EngineProxy@@1V?$vector@_NV?$allocator@_N@std@@@std@@A 1000d390     V8EngineProxy.obj
 0003:000003a4       ___native_startup_lock     1000d3a4     <common>
 0003:000003a8       ___native_startup_state    1000d3a8     <common>
 0003:000003ac       ___dyn_tls_init_callback   1000d3ac     <common>
 0003:000003b0       ___onexitend               1000d3b0     <common>
 0003:000003b4       ___onexitbegin             1000d3b4     <common>

 entry point at        0001:00006403

 Static symbols

 0000:fffef000       .debug$S                   10000000     MSVCRT:MSVCR110.dll
 0000:fffef000       .debug$S                   10000000     v8-ia32:v8-ia32.dll
 0000:fffef000       .debug$S                   10000000     v8-ia32:v8-ia32.dll
 0000:fffef000       .debug$S                   10000000     v8-ia32:v8-ia32.dll
 0000:fffef000       .debug$S                   10000000     v8-ia32:v8-ia32.dll
 0000:fffef000       .debug$S                   10000000     v8-ia32:v8-ia32.dll
 0000:fffef000       .debug$S                   10000000     v8-ia32:v8-ia32.dll
 0000:fffef000       .debug$S                   10000000     v8-ia32:v8-ia32.dll
 0000:fffef000       .debug$S                   10000000     v8-ia32:v8-ia32.dll
 0000:fffef000       .debug$S                   10000000     v8-ia32:v8-ia32.dll
 0000:fffef000       .debug$S                   10000000     v8-ia32:v8-ia32.dll
 0000:fffef000       .debug$S                   10000000     v8-ia32:v8-ia32.dll
 0000:fffef000       .debug$S                   10000000     v8-ia32:v8-ia32.dll
 0000:fffef000       .debug$S                   10000000     v8-ia32:v8-ia32.dll
 0000:fffef000       .debug$S                   10000000     v8-ia32:v8-ia32.dll
 0000:fffef000       .debug$S                   10000000     v8-ia32:v8-ia32.dll
 0000:fffef000       .debug$S                   10000000     v8-ia32:v8-ia32.dll
 0000:fffef000       .debug$S                   10000000     v8-ia32:v8-ia32.dll
 0000:fffef000       .debug$S                   10000000     v8-ia32:v8-ia32.dll
 0000:fffef000       .debug$S                   10000000     v8-ia32:v8-ia32.dll
 0000:fffef000       .debug$S                   10000000     v8-ia32:v8-ia32.dll
 0000:fffef000       .debug$S                   10000000     v8-ia32:v8-ia32.dll
 0000:fffef000       .debug$S                   10000000     v8-ia32:v8-ia32.dll
 0000:fffef000       .debug$S                   10000000     v8-ia32:v8-ia32.dll
 0000:fffef000       .debug$S                   10000000     v8-ia32:v8-ia32.dll
 0000:fffef000       .debug$S                   10000000     v8-ia32:v8-ia32.dll
 0000:fffef000       .debug$S                   10000000     v8-ia32:v8-ia32.dll
 0000:fffef000       .debug$S                   10000000     v8-ia32:v8-ia32.dll
 0000:fffef000       .debug$S                   10000000     MSVCRT:MSVCR110.dll
 0000:fffef000       .debug$S                   10000000     MSVCRT:MSVCR110.dll
 0000:fffef000       .debug$S                   10000000     MSVCRT:MSVCR110.dll
 0000:fffef000       .debug$S                   10000000     MSVCRT:MSVCR110.dll
 0000:fffef000       .debug$S                   10000000     v8-ia32:v8-ia32.dll
 0000:fffef000       .debug$S                   10000000     v8-ia32:v8-ia32.dll
 0000:fffef000       .debug$S                   10000000     v8-ia32:v8-ia32.dll
 0000:fffef000       .debug$S                   10000000     v8-ia32:v8-ia32.dll
 0000:fffef000       .debug$S                   10000000     v8-ia32:v8-ia32.dll
 0000:fffef000       .debug$S                   10000000     v8-ia32:v8-ia32.dll
 0000:fffef000       .debug$S                   10000000     v8-ia32:v8-ia32.dll
 0000:fffef000       .debug$S                   10000000     v8-ia32:v8-ia32.dll
 0000:fffef000       .debug$S                   10000000     v8-ia32:v8-ia32.dll
 0000:fffef000       .debug$S                   10000000     v8-ia32:v8-ia32.dll
 0000:fffef000       .debug$S                   10000000     v8-ia32:v8-ia32.dll
 0000:fffef000       .debug$S                   10000000     v8-ia32:v8-ia32.dll
 0000:fffef000       .debug$S                   10000000     v8-ia32:v8-ia32.dll
 0000:fffef000       .debug$S                   10000000     v8-ia32:v8-ia32.dll
 0000:fffef000       .debug$S                   10000000     v8-ia32:v8-ia32.dll
 0000:fffef000       .debug$S                   10000000     v8-ia32:v8-ia32.dll
 0000:fffef000       .debug$S                   10000000     MSVCRT:MSVCR110.dll
 0000:fffef000       .debug$S                   10000000     MSVCRT:MSVCR110.dll
 0000:fffef000       .debug$S                   10000000     MSVCRT:MSVCR110.dll
 0000:fffef000       .debug$S                   10000000     MSVCRT:MSVCR110.dll
 0000:fffef000       .debug$S                   10000000     v8-ia32:v8-ia32.dll
 0000:fffef000       .debug$S                   10000000     v8-ia32:v8-ia32.dll
 0000:fffef000       .debug$S                   10000000     v8-ia32:v8-ia32.dll
 0000:fffef000       .debug$S                   10000000     v8-ia32:v8-ia32.dll
 0000:fffef000       .debug$S                   10000000     v8-ia32:v8-ia32.dll
 0000:fffef000       .debug$S                   10000000     v8-ia32:v8-ia32.dll
 0000:fffef000       .debug$S                   10000000     v8-ia32:v8-ia32.dll
 0000:fffef000       .debug$S                   10000000     v8-ia32:v8-ia32.dll
 0000:fffef000       .debug$S                   10000000     v8-ia32:v8-ia32.dll
 0000:fffef000       .debug$S                   10000000     MSVCRT:MSVCR110.dll
 0000:fffef000       .debug$S                   10000000     MSVCRT:MSVCR110.dll
 0000:fffef000       .debug$S                   10000000     MSVCRT:MSVCR110.dll
 0000:fffef000       .debug$S                   10000000     MSVCRT:MSVCR110.dll
 0000:fffef000       .debug$S                   10000000     v8-ia32:v8-ia32.dll
 0000:fffef000       .debug$S                   10000000     v8-ia32:v8-ia32.dll
 0000:fffef000       .debug$S                   10000000     v8-ia32:v8-ia32.dll
 0000:fffef000       .debug$S                   10000000     v8-ia32:v8-ia32.dll
 0000:fffef000       .debug$S                   10000000     v8-ia32:v8-ia32.dll
 0000:fffef000       .debug$S                   10000000     v8-ia32:v8-ia32.dll
 0000:fffef000       .debug$S                   10000000     v8-ia32:v8-ia32.dll
 0000:fffef000       .debug$S                   10000000     MSVCRT:MSVCR110.dll
 0000:fffef000       .debug$S                   10000000     MSVCRT:MSVCR110.dll
 0000:fffef000       .debug$S                   10000000     MSVCRT:MSVCR110.dll
 0000:fffef000       .debug$S                   10000000     MSVCRT:MSVCR110.dll
 0000:fffef000       .debug$S                   10000000     MSVCRT:MSVCR110.dll
 0000:fffef000       .debug$S                   10000000     MSVCRT:MSVCR110.dll
 0000:fffef000       .debug$S                   10000000     MSVCRT:MSVCR110.dll
 0000:fffef000       .debug$S                   10000000     MSVCRT:MSVCR110.dll
 0000:fffef000       .debug$S                   10000000     v8-ia32:v8-ia32.dll
 0000:fffef000       .debug$S                   10000000     v8-ia32:v8-ia32.dll
 0000:fffef000       .debug$S                   10000000     v8-ia32:v8-ia32.dll
 0000:fffef000       .debug$S                   10000000     v8-ia32:v8-ia32.dll
 0000:fffef000       .debug$S                   10000000     v8-ia32:v8-ia32.dll
 0000:fffef000       .debug$S                   10000000     v8-ia32:v8-ia32.dll
 0000:fffef000       .debug$S                   10000000     v8-ia32:v8-ia32.dll
 0000:fffef000       .debug$S                   10000000     v8-ia32:v8-ia32.dll
 0000:fffef000       .debug$S                   10000000     v8-ia32:v8-ia32.dll
 0000:fffef000       .debug$S                   10000000     v8-ia32:v8-ia32.dll
 0000:fffef000       .debug$S                   10000000     v8-ia32:v8-ia32.dll
 0000:fffef000       .debug$S                   10000000     v8-ia32:v8-ia32.dll
 0000:fffef000       .debug$S                   10000000     v8-ia32:v8-ia32.dll
 0000:fffef000       .debug$S                   10000000     v8-ia32:v8-ia32.dll
 0000:fffef000       .debug$S                   10000000     v8-ia32:v8-ia32.dll
 0000:fffef000       .debug$S                   10000000     v8-ia32:v8-ia32.dll
 0000:fffef000       .debug$S                   10000000     v8-ia32:v8-ia32.dll
 0000:fffef000       .debug$S                   10000000     v8-ia32:v8-ia32.dll
 0000:fffef000       .debug$S                   10000000     v8-ia32:v8-ia32.dll
 0000:fffef000       .debug$S                   10000000     v8-ia32:v8-ia32.dll
 0000:fffef000       .debug$S                   10000000     v8-ia32:v8-ia32.dll
 0000:fffef000       .debug$S                   10000000     v8-ia32:v8-ia32.dll
 0000:fffef000       .debug$S                   10000000     v8-ia32:v8-ia32.dll
 0000:fffef000       .debug$S                   10000000     v8-ia32:v8-ia32.dll
 0000:fffef000       .debug$S                   10000000     v8-ia32:v8-ia32.dll
 0000:fffef000       .debug$S                   10000000     v8-ia32:v8-ia32.dll
 0000:fffef000       .debug$S                   10000000     v8-ia32:v8-ia32.dll
 0000:fffef000       .debug$S                   10000000     v8-ia32:v8-ia32.dll
 0000:fffef000       .debug$S                   10000000     v8-ia32:v8-ia32.dll
 0000:fffef000       .debug$S                   10000000     v8-ia32:v8-ia32.dll
 0000:fffef000       .debug$S                   10000000     v8-ia32:v8-ia32.dll
 0000:fffef000       .debug$S                   10000000     v8-ia32:v8-ia32.dll
 0000:fffef000       .debug$S                   10000000     v8-ia32:v8-ia32.dll
 0000:fffef000       .debug$S                   10000000     v8-ia32:v8-ia32.dll
 0000:fffef000       .debug$S                   10000000     v8-ia32:v8-ia32.dll
 0000:fffef000       .debug$S                   10000000     v8-ia32:v8-ia32.dll
 0000:fffef000       .debug$S                   10000000     v8-ia32:v8-ia32.dll
 0000:fffef000       .debug$S                   10000000     v8-ia32:v8-ia32.dll
 0000:fffef000       .debug$S                   10000000     v8-ia32:v8-ia32.dll
 0000:fffef000       .debug$S                   10000000     v8-ia32:v8-ia32.dll
 0000:fffef000       .debug$S                   10000000     v8-ia32:v8-ia32.dll
 0000:fffef000       .debug$S                   10000000     v8-ia32:v8-ia32.dll
 0000:fffef000       .debug$S                   10000000     v8-ia32:v8-ia32.dll
 0000:fffef000       .debug$S                   10000000     v8-ia32:v8-ia32.dll
 0000:fffef000       .debug$S                   10000000     v8-ia32:v8-ia32.dll
 0000:fffef000       .debug$S                   10000000     v8-ia32:v8-ia32.dll
 0000:fffef000       .debug$S                   10000000     v8-ia32:v8-ia32.dll
 0000:fffef000       .debug$S                   10000000     v8-ia32:v8-ia32.dll
 0000:fffef000       .debug$S                   10000000     v8-ia32:v8-ia32.dll
 0000:fffef000       .debug$S                   10000000     v8-ia32:v8-ia32.dll
 0000:fffef000       .debug$S                   10000000     v8-ia32:v8-ia32.dll
 0000:fffef000       .debug$S                   10000000     v8-ia32:v8-ia32.dll
 0000:fffef000       .debug$S                   10000000     v8-ia32:v8-ia32.dll
 0000:fffef000       .debug$S                   10000000     v8-ia32:v8-ia32.dll
 0000:fffef000       .debug$S                   10000000     v8-ia32:v8-ia32.dll
 0000:fffef000       .debug$S                   10000000     v8-ia32:v8-ia32.dll
 0000:fffef000       .debug$S                   10000000     v8-ia32:v8-ia32.dll
 0000:fffef000       .debug$S                   10000000     v8-ia32:v8-ia32.dll
 0000:fffef000       .debug$S                   10000000     v8-ia32:v8-ia32.dll
 0000:fffef000       .debug$S                   10000000     v8-ia32:v8-ia32.dll
 0000:fffef000       .debug$S                   10000000     v8-ia32:v8-ia32.dll
 0000:fffef000       .debug$S                   10000000     v8-ia32:v8-ia32.dll
 0000:fffef000       .debug$S                   10000000     v8-ia32:v8-ia32.dll
 0000:fffef000       .debug$S                   10000000     v8-ia32:v8-ia32.dll
 0000:fffef000       .debug$S                   10000000     v8-ia32:v8-ia32.dll
 0000:fffef000       .debug$S                   10000000     v8-ia32:v8-ia32.dll
 0000:fffef000       .debug$S                   10000000     v8-ia32:v8-ia32.dll
 0000:fffef000       .debug$S                   10000000     v8-ia32:v8-ia32.dll
 0000:fffef000       .debug$S                   10000000     v8-ia32:v8-ia32.dll
 0000:fffef000       .debug$S                   10000000     v8-ia32:v8-ia32.dll
 0000:fffef000       .debug$S                   10000000     v8-ia32:v8-ia32.dll
 0000:fffef000       .debug$S                   10000000     v8-ia32:v8-ia32.dll
 0000:fffef000       .debug$S                   10000000     v8-ia32:v8-ia32.dll
 0000:fffef000       .debug$S                   10000000     v8-ia32:v8-ia32.dll
 0000:fffef000       .debug$S                   10000000     v8-ia32:v8-ia32.dll
 0000:fffef000       .debug$S                   10000000     v8-ia32:v8-ia32.dll
 0000:fffef000       .debug$S                   10000000     kernel32:KERNEL32.dll
 0000:fffef000       .debug$S                   10000000     kernel32:KERNEL32.dll
 0000:fffef000       .debug$S                   10000000     kernel32:KERNEL32.dll
 0000:fffef000       .debug$S                   10000000     kernel32:KERNEL32.dll
 0000:fffef000       .debug$S                   10000000     kernel32:KERNEL32.dll
 0000:fffef000       .debug$S                   10000000     kernel32:KERNEL32.dll
 0000:fffef000       .debug$S                   10000000     kernel32:KERNEL32.dll
 0000:fffef000       .debug$S                   10000000     kernel32:KERNEL32.dll
 0000:fffef000       .debug$S                   10000000     kernel32:KERNEL32.dll
 0000:fffef000       .debug$S                   10000000     kernel32:KERNEL32.dll
 0000:fffef000       .debug$S                   10000000     kernel32:KERNEL32.dll
 0000:fffef000       .debug$S                   10000000     kernel32:KERNEL32.dll
 0000:fffef000       .debug$S                   10000000     msvcprt:MSVCP110.dll
 0000:fffef000       .debug$S                   10000000     msvcprt:MSVCP110.dll
 0000:fffef000       .debug$S                   10000000     msvcprt:MSVCP110.dll
 0000:fffef000       .debug$S                   10000000     msvcprt:MSVCP110.dll
 0000:fffef000       .debug$S                   10000000     msvcprt:MSVCP110.dll
 0000:fffef000       .debug$S                   10000000     msvcprt:MSVCP110.dll
 0000:fffef000       .debug$S                   10000000     msvcprt:MSVCP110.dll
 0000:fffef000       .debug$S                   10000000     msvcprt:MSVCP110.dll
 0000:fffef000       .debug$S                   10000000     msvcprt:MSVCP110.dll
 0000:fffef000       .debug$S                   10000000     MSVCRT:MSVCR110.dll
 0000:fffef000       .debug$S                   10000000     MSVCRT:MSVCR110.dll
 0000:fffef000       .debug$S                   10000000     MSVCRT:MSVCR110.dll
 0000:fffef000       .debug$S                   10000000     MSVCRT:MSVCR110.dll
 0000:fffef000       .debug$S                   10000000     MSVCRT:MSVCR110.dll
 0000:fffef000       .debug$S                   10000000     MSVCRT:MSVCR110.dll
 0000:fffef000       .debug$S                   10000000     MSVCRT:MSVCR110.dll
 0000:fffef000       .debug$S                   10000000     MSVCRT:MSVCR110.dll
 0000:fffef000       .debug$S                   10000000     v8-ia32:v8-ia32.dll
 0001:00002330       $LN84                      10003330     * CIL library *:* CIL module *
 0001:0000463d       __catch$?Execute@V8EngineProxy@@QAEPAUHandleProxy@@PBGPAG@Z$0 1000563d f   * CIL library *:* CIL module *
 0001:0000476e       __catch$?Execute@V8EngineProxy@@QAEPAUHandleProxy@@V?$Handle@VScript@v8@@@v8@@@Z$0 1000576e f   * CIL library *:* CIL module *
 0001:00004906       __catch$?Compile@V8EngineProxy@@QAEPAUHandleProxy@@PBGPAG@Z$0 10005906 f   * CIL library *:* CIL module *
 0001:00005423       __catch$?_Construct_n@?$vector@U_StringItem@@V?$allocator@U_StringItem@@@std@@@std@@QAEXIPBU_StringItem@@@Z$0 10006423 f i * CIL library *:* CIL module *
 0001:00005580       __catch$?_Construct_n@?$vector@HV?$allocator@H@std@@@std@@QAEXIPBH@Z$0 10006580 f i * CIL library *:* CIL module *
 0001:00005580       __catch$?_Construct_n@?$vector@PAUHandleProxy@@V?$allocator@PAUHandleProxy@@@std@@@std@@QAEXIPBQAUHandleProxy@@@Z$0 10006580 f i * CIL library *:* CIL module *
 0001:00005825       __catch$?_Reallocate@?$vector@U_StringItem@@V?$allocator@U_StringItem@@@std@@@std@@IAEXI@Z$0 10006825 f i * CIL library *:* CIL module *
 0001:00005905       __catch$?_Reallocate@?$vector@PAUHandleProxy@@V?$allocator@PAUHandleProxy@@@std@@@std@@IAEXI@Z$0 10006905 f i * CIL library *:* CIL module *
 0001:00005905       __catch$?_Reallocate@?$vector@HV?$allocator@H@std@@@std@@IAEXI@Z$0 10006905 f i * CIL library *:* CIL module *
 0001:000059cd       __catch$?_Construct_n@?$vector@IV?$allocator@_N@std@@@std@@QAEXIPBI@Z$0 100069cd f i * CIL library *:* CIL module *
 0001:00005bca       __catch$?_Insert_n@?$vector@IV?$allocator@_N@std@@@std@@IAE?AV?$_Vector_iterator@V?$_Vector_val@U?$_Simple_types@I@std@@@std@@@2@V?$_Vector_const_iterator@V?$_Vector_val@U?$_Simple_types@I@std@@@std@@@2@IABI@Z$0 10006bca f i * CIL library *:* CIL module *
 0001:00005bd6       __catch$?_Insert_n@?$vector@IV?$allocator@_N@std@@@std@@IAE?AV?$_Vector_iterator@V?$_Vector_val@U?$_Simple_types@I@std@@@std@@@2@V?$_Vector_const_iterator@V?$_Vector_val@U?$_Simple_types@I@std@@@std@@@2@IABI@Z$2 10006bd6 f i * CIL library *:* CIL module *
 0001:00005e7b       __catch$??$_Uninit_fill_n@PAU_StringItem@@IU1@V?$allocator@U_StringItem@@@std@@U1@@std@@YAXPAU_StringItem@@IPBU1@AAU?$_Wrap_alloc@V?$allocator@U_StringItem@@@std@@@0@0U_Nonscalar_ptr_iterator_tag@0@@Z$0 10006e7b f i * CIL library *:* CIL module *
 0001:0000601c       __catch$??$_Uninit_move@PAU_StringItem@@PAU1@V?$allocator@U_StringItem@@@std@@U1@@std@@YAPAU_StringItem@@PAU1@00AAU?$_Wrap_alloc@V?$allocator@U_StringItem@@@std@@@0@0U_Nonscalar_ptr_iterator_tag@0@@Z$0 1000701c f i * CIL library *:* CIL module *
 0001:000061c2       _pre_c_init                100071c2 f   MSVCRT:crtdll.obj
 0001:00006426       ___DllMainCRTStartup       10007426 f   MSVCRT:crtdll.obj
 0001:00006780       $$000000                   10007780     MSVCRT:sehprolg4.obj
 0001:00006ab0       __unwindfunclet$_Call@20$0 10007ab0 f   * CIL library *:* CIL module *
 0001:00006abc       __ehhandler$_Call@20       10007abc f   * CIL library *:* CIL module *
 0001:00006ae0       __unwindfunclet$_CreateFunctionTemplateProxy@12$0 10007ae0 f   * CIL library *:* CIL module *
 0001:00006ae0       __unwindfunclet$_CreateObjectTemplateProxy@4$0 10007ae0 f   * CIL library *:* CIL module *
 0001:00006ae0       __unwindfunclet$_CreateV8EngineProxy@12$0 10007ae0 f   * CIL library *:* CIL module *
 0001:00006aec       __ehhandler$_CreateObjectTemplateProxy@4 10007aec f   * CIL library *:* CIL module *
 0001:00006aec       __ehhandler$_CreateFunctionTemplateProxy@12 10007aec f   * CIL library *:* CIL module *
 0001:00006aec       __ehhandler$_CreateV8EngineProxy@12 10007aec f   * CIL library *:* CIL module *
 0001:00006b10       __unwindfunclet$_WithHandleScope@8$0 10007b10 f   * CIL library *:* CIL module *
 0001:00006b19       __unwindfunclet$_WithHandleScope@8$1 10007b19 f   * CIL library *:* CIL module *
 0001:00006b22       __ehhandler$_WithHandleScope@8 10007b22 f   * CIL library *:* CIL module *
 0001:00006b40       __unwindfunclet$_WithV8IsolateScope@8$0 10007b40 f   * CIL library *:* CIL module *
 0001:00006b49       __unwindfunclet$_WithV8IsolateScope@8$1 10007b49 f   * CIL library *:* CIL module *
 0001:00006b52       __unwindfunclet$_WithV8IsolateScope@8$2 10007b52 f   * CIL library *:* CIL module *
 0001:00006b5b       __ehhandler$_WithV8IsolateScope@8 10007b5b f   * CIL library *:* CIL module *
 0001:00006b80       __unwindfunclet$??0FunctionTemplateProxy@@QAE@PAVV8EngineProxy@@PAGP6GPAUHandleProxy@@H_NPAU2@PAPAU2@I@Z@Z$0 10007b80 f   * CIL library *:* CIL module *
 0001:00006b8c       __unwindfunclet$??0FunctionTemplateProxy@@QAE@PAVV8EngineProxy@@PAGP6GPAUHandleProxy@@H_NPAU2@PAPAU2@I@Z@Z$1 10007b8c f   * CIL library *:* CIL module *
 0001:00006b98       __ehhandler$??0FunctionTemplateProxy@@QAE@PAVV8EngineProxy@@PAGP6GPAUHandleProxy@@H_NPAU2@PAPAU2@I@Z@Z 10007b98 f   * CIL library *:* CIL module *
 0001:00006bc0       __unwindfunclet$??1FunctionTemplateProxy@@QAE@XZ$0 10007bc0 f   * CIL library *:* CIL module *
 0001:00006bc0       __unwindfunclet$??1ObjectTemplateProxy@@QAE@XZ$0 10007bc0 f   * CIL library *:* CIL module *
 0001:00006bc9       __unwindfunclet$??1ObjectTemplateProxy@@QAE@XZ$1 10007bc9 f   * CIL library *:* CIL module *
 0001:00006bc9       __unwindfunclet$??1FunctionTemplateProxy@@QAE@XZ$1 10007bc9 f   * CIL library *:* CIL module *
 0001:00006bd2       __unwindfunclet$??1FunctionTemplateProxy@@QAE@XZ$2 10007bd2 f   * CIL library *:* CIL module *
 0001:00006bd2       __unwindfunclet$??1ObjectTemplateProxy@@QAE@XZ$2 10007bd2 f   * CIL library *:* CIL module *
 0001:00006bdb       __unwindfunclet$??1FunctionTemplateProxy@@QAE@XZ$3 10007bdb f   * CIL library *:* CIL module *
 0001:00006bdb       __unwindfunclet$??1ObjectTemplateProxy@@QAE@XZ$3 10007bdb f   * CIL library *:* CIL module *
 0001:00006be3       __ehhandler$??1ObjectTemplateProxy@@QAE@XZ 10007be3 f   * CIL library *:* CIL module *
 0001:00006be3       __ehhandler$??1FunctionTemplateProxy@@QAE@XZ 10007be3 f   * CIL library *:* CIL module *
 0001:00006c00       __unwindfunclet$?CreateInstance@FunctionTemplateProxy@@QAEPAUHandleProxy@@HHPAPAU2@@Z$0 10007c00 f   * CIL library *:* CIL module *
 0001:00006c0c       __ehhandler$?CreateInstance@FunctionTemplateProxy@@QAEPAUHandleProxy@@HHPAPAU2@@Z 10007c0c f   * CIL library *:* CIL module *
 0001:00006c30       __unwindfunclet$??0HandleProxy@@IAE@PAVV8EngineProxy@@H@Z$0 10007c30 f   * CIL library *:* CIL module *
 0001:00006c3b       __ehhandler$??0HandleProxy@@IAE@PAVV8EngineProxy@@H@Z 10007c3b f   * CIL library *:* CIL module *
 0001:00006c60       __unwindfunclet$??_GHandleProxy@@IAEPAXI@Z$0 10007c60 f   * CIL library *:* CIL module *
 0001:00006c6b       __ehhandler$??_GHandleProxy@@IAEPAXI@Z 10007c6b f   * CIL library *:* CIL module *
 0001:00006c90       __ehhandler$??$_Uninit_fill_n@PAU_StringItem@@IU1@V?$allocator@U_StringItem@@@std@@U1@@std@@YAXPAU_StringItem@@IPBU1@AAU?$_Wrap_alloc@V?$allocator@U_StringItem@@@std@@@0@0U_Nonscalar_ptr_iterator_tag@0@@Z 10007c90 f   * CIL library *:* CIL module *
 0001:00006cb0       __unwindfunclet$??$_Uninit_move@PAU_StringItem@@PAU1@V?$allocator@U_StringItem@@@std@@U1@@std@@YAPAU_StringItem@@PAU1@00AAU?$_Wrap_alloc@V?$allocator@U_StringItem@@@std@@@0@0U_Nonscalar_ptr_iterator_tag@0@@Z$2 10007cb0 f   * CIL library *:* CIL module *
 0001:00006cb5       __ehhandler$??$_Uninit_move@PAU_StringItem@@PAU1@V?$allocator@U_StringItem@@@std@@U1@@std@@YAPAU_StringItem@@PAU1@00AAU?$_Wrap_alloc@V?$allocator@U_StringItem@@@std@@@0@0U_Nonscalar_ptr_iterator_tag@0@@Z 10007cb5 f   * CIL library *:* CIL module *
 0001:00006cd0       __unwindfunclet$??0?$vector@_NV?$allocator@_N@std@@@std@@QAE@IAB_N@Z$1 10007cd0 f   * CIL library *:* CIL module *
 0001:00006cd8       __unwindfunclet$??0?$vector@_NV?$allocator@_N@std@@@std@@QAE@IAB_N@Z$0 10007cd8 f   * CIL library *:* CIL module *
 0001:00006cdd       __ehhandler$??0?$vector@_NV?$allocator@_N@std@@@std@@QAE@IAB_N@Z 10007cdd f   * CIL library *:* CIL module *
 0001:00006d00       __unwindfunclet$??0V8EngineProxy@@QAE@_NP6AXXZH@Z$0 10007d00 f   * CIL library *:* CIL module *
 0001:00006d0b       __unwindfunclet$??0V8EngineProxy@@QAE@_NP6AXXZH@Z$1 10007d0b f   * CIL library *:* CIL module *
 0001:00006d16       __unwindfunclet$??0V8EngineProxy@@QAE@_NP6AXXZH@Z$2 10007d16 f   * CIL library *:* CIL module *
 0001:00006d21       __unwindfunclet$??0V8EngineProxy@@QAE@_NP6AXXZH@Z$4 10007d21 f   * CIL library *:* CIL module *
 0001:00006d29       __unwindfunclet$??0V8EngineProxy@@QAE@_NP6AXXZH@Z$3 10007d29 f   * CIL library *:* CIL module *
 0001:00006d34       __ehhandler$??0V8EngineProxy@@QAE@_NP6AXXZH@Z 10007d34 f   * CIL library *:* CIL module *
 0001:00006d50       __unwindfunclet$??1?$_Vb_val@V?$allocator@_N@std@@@std@@QAE@XZ$0 10007d50 f   * CIL library *:* CIL module *
 0001:00006d58       __ehhandler$??1?$_Vb_val@V?$allocator@_N@std@@@std@@QAE@XZ 10007d58 f   * CIL library *:* CIL module *
 0001:00006d80       __unwindfunclet$??1V8EngineProxy@@QAE@XZ$0 10007d80 f   * CIL library *:* CIL module *
 0001:00006d8b       __unwindfunclet$??1V8EngineProxy@@QAE@XZ$1 10007d8b f   * CIL library *:* CIL module *
 0001:00006d96       __unwindfunclet$??1V8EngineProxy@@QAE@XZ$2 10007d96 f   * CIL library *:* CIL module *
 0001:00006da1       __unwindfunclet$??1V8EngineProxy@@QAE@XZ$3 10007da1 f   * CIL library *:* CIL module *
 0001:00006dac       __unwindfunclet$??1V8EngineProxy@@QAE@XZ$4 10007dac f   * CIL library *:* CIL module *
 0001:00006db4       __unwindfunclet$??1V8EngineProxy@@QAE@XZ$5 10007db4 f   * CIL library *:* CIL module *
 0001:00006dbd       __unwindfunclet$??1V8EngineProxy@@QAE@XZ$6 10007dbd f   * CIL library *:* CIL module *
 0001:00006dc6       __unwindfunclet$??1V8EngineProxy@@QAE@XZ$7 10007dc6 f   * CIL library *:* CIL module *
 0001:00006dcf       __unwindfunclet$??1V8EngineProxy@@QAE@XZ$8 10007dcf f   * CIL library *:* CIL module *
 0001:00006dd7       __ehhandler$??1V8EngineProxy@@QAE@XZ 10007dd7 f   * CIL library *:* CIL module *
 0001:00006e00       __unwindfunclet$??1recursive_mutex@std@@QAE@XZ$0 10007e00 f   * CIL library *:* CIL module *
 0001:00006e08       __ehhandler$??1recursive_mutex@std@@QAE@XZ 10007e08 f   * CIL library *:* CIL module *
 0001:00006e30       __unwindfunclet$??__F?_DisposedEngines@V8EngineProxy@@1V?$vector@_NV?$allocator@_N@std@@@std@@A@@YAXXZ$0 10007e30 f   * CIL library *:* CIL module *
 0001:00006e35       __unwindfunclet$??__F?_DisposedEngines@V8EngineProxy@@1V?$vector@_NV?$allocator@_N@std@@@std@@A@@YAXXZ$1 10007e35 f   * CIL library *:* CIL module *
 0001:00006e3f       __ehhandler$??__F?_DisposedEngines@V8EngineProxy@@1V?$vector@_NV?$allocator@_N@std@@@std@@A@@YAXXZ 10007e3f f   * CIL library *:* CIL module *
 0001:00006e60       __unwindfunclet$?Compile@V8EngineProxy@@QAEPAUHandleProxy@@PBGPAG@Z$2 10007e60 f   * CIL library *:* CIL module *
 0001:00006e69       __unwindfunclet$?Compile@V8EngineProxy@@QAEPAUHandleProxy@@PBGPAG@Z$3 10007e69 f   * CIL library *:* CIL module *
 0001:00006e72       __ehhandler$?Compile@V8EngineProxy@@QAEPAUHandleProxy@@PBGPAG@Z 10007e72 f   * CIL library *:* CIL module *
 0001:00006e90       __unwindfunclet$?CreateArray@V8EngineProxy@@QAEPAUHandleProxy@@PAPAU2@G@Z$0 10007e90 f   * CIL library *:* CIL module *
 0001:00006e98       __unwindfunclet$?CreateArray@V8EngineProxy@@QAEPAUHandleProxy@@PAPAU2@G@Z$1 10007e98 f   * CIL library *:* CIL module *
 0001:00006ea4       __unwindfunclet$?CreateArray@V8EngineProxy@@QAEPAUHandleProxy@@PAPAU2@G@Z$2 10007ea4 f   * CIL library *:* CIL module *
 0001:00006ea9       __ehhandler$?CreateArray@V8EngineProxy@@QAEPAUHandleProxy@@PAPAU2@G@Z 10007ea9 f   * CIL library *:* CIL module *
 0001:00006ed0       __unwindfunclet$?DisposeHandleProxy@V8EngineProxy@@QAEXPAUHandleProxy@@@Z$0 10007ed0 f   * CIL library *:* CIL module *
 0001:00006ed8       __ehhandler$?DisposeHandleProxy@V8EngineProxy@@QAEXPAUHandleProxy@@@Z 10007ed8 f   * CIL library *:* CIL module *
 0001:00006f00       __unwindfunclet$?Execute@V8EngineProxy@@QAEPAUHandleProxy@@PBGPAG@Z$2 10007f00 f   * CIL library *:* CIL module *
 0001:00006f09       __unwindfunclet$?Execute@V8EngineProxy@@QAEPAUHandleProxy@@PBGPAG@Z$3 10007f09 f   * CIL library *:* CIL module *
 0001:00006f12       __ehhandler$?Execute@V8EngineProxy@@QAEPAUHandleProxy@@PBGPAG@Z 10007f12 f   * CIL library *:* CIL module *
 0001:00006f30       __unwindfunclet$?Execute@V8EngineProxy@@QAEPAUHandleProxy@@V?$Handle@VScript@v8@@@v8@@@Z$2 10007f30 f   * CIL library *:* CIL module *
 0001:00006f39       __unwindfunclet$?Execute@V8EngineProxy@@QAEPAUHandleProxy@@V?$Handle@VScript@v8@@@v8@@@Z$3 10007f39 f   * CIL library *:* CIL module *
 0001:00006f42       __ehhandler$?Execute@V8EngineProxy@@QAEPAUHandleProxy@@V?$Handle@VScript@v8@@@v8@@@Z 10007f42 f   * CIL library *:* CIL module *
 0001:00006f60       __unwindfunclet$?GetHandleProxy@V8EngineProxy@@QAEPAUHandleProxy@@V?$Handle@VValue@v8@@@v8@@@Z$0 10007f60 f   * CIL library *:* CIL module *
 0001:00006f68       __unwindfunclet$?GetHandleProxy@V8EngineProxy@@QAEPAUHandleProxy@@V?$Handle@VValue@v8@@@v8@@@Z$1 10007f68 f   * CIL library *:* CIL module *
 0001:00006f74       __unwindfunclet$?GetHandleProxy@V8EngineProxy@@QAEPAUHandleProxy@@V?$Handle@VValue@v8@@@v8@@@Z$2 10007f74 f   * CIL library *:* CIL module *
 0001:00006f79       __ehhandler$?GetHandleProxy@V8EngineProxy@@QAEPAUHandleProxy@@V?$Handle@VValue@v8@@@v8@@@Z 10007f79 f   * CIL library *:* CIL module *
 0001:00006fa0       __unwindfunclet$?WithContextScope@V8EngineProxy@@QAEXP6GXXZ@Z$0 10007fa0 f   * CIL library *:* CIL module *
 0001:00006fa9       __unwindfunclet$?WithContextScope@V8EngineProxy@@QAEXP6GXXZ@Z$1 10007fa9 f   * CIL library *:* CIL module *
 0001:00006fb2       __unwindfunclet$?WithContextScope@V8EngineProxy@@QAEXP6GXXZ@Z$2 10007fb2 f   * CIL library *:* CIL module *
 0001:00006fbb       __unwindfunclet$?WithContextScope@V8EngineProxy@@QAEXP6GXXZ@Z$3 10007fbb f   * CIL library *:* CIL module *
 0001:00006fc3       __ehhandler$?WithContextScope@V8EngineProxy@@QAEXP6GXXZ@Z 10007fc3 f   * CIL library *:* CIL module *
 0001:00006fe0       __ehhandler$?_Construct_n@?$vector@IV?$allocator@_N@std@@@std@@QAEXIPBI@Z 10007fe0 f   * CIL library *:* CIL module *
 0001:00007000       __ehhandler$?_Construct_n@?$vector@PAUHandleProxy@@V?$allocator@PAUHandleProxy@@@std@@@std@@QAEXIPBQAUHandleProxy@@@Z 10008000 f   * CIL library *:* CIL module *
 0001:00007000       __ehhandler$?_Construct_n@?$vector@HV?$allocator@H@std@@@std@@QAEXIPBH@Z 10008000 f   * CIL library *:* CIL module *
 0001:00007020       __ehhandler$?_Construct_n@?$vector@U_StringItem@@V?$allocator@U_StringItem@@@std@@@std@@QAEXIPBU_StringItem@@@Z 10008020 f   * CIL library *:* CIL module *
 0001:00007040       __ehhandler$?_Insert_n@?$vector@IV?$allocator@_N@std@@@std@@IAE?AV?$_Vector_iterator@V?$_Vector_val@U?$_Simple_types@I@std@@@std@@@2@V?$_Vector_const_iterator@V?$_Vector_val@U?$_Simple_types@I@std@@@std@@@2@IABI@Z 10008040 f   * CIL library *:* CIL module *
 0001:00007060       __ehhandler$?_Reallocate@?$vector@HV?$allocator@H@std@@@std@@IAEXI@Z 10008060 f   * CIL library *:* CIL module *
 0001:00007060       __ehhandler$?_Reallocate@?$vector@PAUHandleProxy@@V?$allocator@PAUHandleProxy@@@std@@@std@@IAEXI@Z 10008060 f   * CIL library *:* CIL module *
 0001:00007080       __ehhandler$?_Reallocate@?$vector@U_StringItem@@V?$allocator@U_StringItem@@@std@@@std@@IAEXI@Z 10008080 f   * CIL library *:* CIL module *
 0001:000070a0       __unwindfunclet$?push_back@?$vector@U_StringItem@@V?$allocator@U_StringItem@@@std@@@std@@QAEXABU_StringItem@@@Z$0 100080a0 f   * CIL library *:* CIL module *
 0001:000070a0       __unwindfunclet$?push_back@?$vector@HV?$allocator@H@std@@@std@@QAEXABH@Z$0 100080a0 f   * CIL library *:* CIL module *
 0001:000070a5       __ehhandler$?push_back@?$vector@HV?$allocator@H@std@@@std@@QAEXABH@Z 100080a5 f   * CIL library *:* CIL module *
 0001:000070a5       __ehhandler$?push_back@?$vector@U_StringItem@@V?$allocator@U_StringItem@@@std@@@std@@QAEXABU_StringItem@@@Z 100080a5 f   * CIL library *:* CIL module *
 0001:000070c0       ??__E?_DisposedEngines@V8EngineProxy@@1V?$vector@_NV?$allocator@_N@std@@@std@@A@@YAXXZ 100080c0 f   * CIL library *:* CIL module *
 0001:000070f0       ??__F?_DisposedEngines@V8EngineProxy@@1V?$vector@_NV?$allocator@_N@std@@@std@@A@@YAXXZ 100080f0 f   * CIL library *:* CIL module *
 0002:000002a8       ?_DisposedEngines$initializer$@V8EngineProxy@@1P6AXXZA 100092a8     * CIL library *:* CIL module *
 0002:000002b4       _pcinit                    100092b4     MSVCRT:crtdll.obj
 0002:000002b8       _pinit                     100092b8     MSVCRT:atonexit.obj
 0002:00000304       _GS_ExceptionPointers      10009304     MSVCRT:gs_report.obj
 0002:00000740       __sehtable$__onexit        10009740     MSVCRT:atonexit.obj
 0002:00000760       __sehtable$___DllMainCRTStartup 10009760     MSVCRT:crtdll.obj
 0002:00000788       __sehtable$??_M@YGXPAXIHP6EX0@Z@Z 10009788     MSVCRT:ehvecdtr.obj
 0002:000007a8       __sehtable$?__ArrayUnwind@@YGXPAXIHP6EX0@Z@Z 100097a8     MSVCRT:ehvecdtr.obj
 0002:000007c8       __sehtable$__IsNonwritableInCurrentImage 100097c8     MSVCRT:pesect.obj
 0002:00000818       __ehfuncinfo$_Call@20      10009818     * CIL library *:* CIL module *
 0002:0000083c       __unwindtable$_Call@20     1000983c     * CIL library *:* CIL module *
 0002:00000844       __ehfuncinfo$_WithHandleScope@8 10009844     * CIL library *:* CIL module *
 0002:00000868       __unwindtable$_WithHandleScope@8 10009868     * CIL library *:* CIL module *
 0002:00000878       __ehfuncinfo$_WithV8IsolateScope@8 10009878     * CIL library *:* CIL module *
 0002:0000089c       __unwindtable$_WithV8IsolateScope@8 1000989c     * CIL library *:* CIL module *
 0002:000008b4       __ehfuncinfo$_CreateFunctionTemplateProxy@12 100098b4     * CIL library *:* CIL module *
 0002:000008b4       __ehfuncinfo$_CreateObjectTemplateProxy@4 100098b4     * CIL library *:* CIL module *
 0002:000008b4       __ehfuncinfo$_CreateV8EngineProxy@12 100098b4     * CIL library *:* CIL module *
 0002:000008d8       __unwindtable$_CreateV8EngineProxy@12 100098d8     * CIL library *:* CIL module *
[...]
 0002:00000b9c       __unwindtable$?_Reallocate@?$vector@PAUHandleProxy@@V?$allocator@PAUHandleProxy@@@std@@@std@@IAEXI@Z 10009b9c     * CIL library *:* CIL module *
 0002:00000b9c       __unwindtable$?_Reallocate@?$vector@HV?$allocator@H@std@@@std@@IAEXI@Z 10009b9c     * CIL library *:* CIL module *
 0002:00000bac       __tryblocktable$?_Reallocate@?$vector@PAUHandleProxy@@V?$allocator@PAUHandleProxy@@@std@@@std@@IAEXI@Z 10009bac     * CIL library *:* CIL module *
 0002:00000bac       __tryblocktable$?_Reallocate@?$vector@HV?$allocator@H@std@@@std@@IAEXI@Z 10009bac     * CIL library *:* CIL module *
 0002:00000bc0       __catchsym$?_Reallocate@?$vector@HV?$allocator@H@std@@@std@@IAEXI@Z$2 10009bc0     * CIL library *:* CIL module *
 0002:00000bc0       __catchsym$?_Reallocate@?$vector@PAUHandleProxy@@V?$allocator@PAUHandleProxy@@@std@@@std@@IAEXI@Z$2 10009bc0     * CIL library *:* CIL module *
 0002:00000bd0       __ehfuncinfo$?_Reallocate@?$vector@U_StringItem@@V?$allocator@U_StringItem@@@std@@@std@@IAEXI@Z 10009bd0     * CIL library *:* CIL module *
 0002:00000bf4       __unwindtable$?_Reallocate@?$vector@U_StringItem@@V?$allocator@U_StringItem@@@std@@@std@@IAEXI@Z 10009bf4     * CIL library *:* CIL module *
 0002:00000c04       __tryblocktable$?_Reallocate@?$vector@U_StringItem@@V?$allocator@U_StringItem@@@std@@@std@@IAEXI@Z 10009c04     * CIL library *:* CIL module *
 0002:00000c18       __catchsym$?_Reallocate@?$vector@U_StringItem@@V?$allocator@U_StringItem@@@std@@@std@@IAEXI@Z$2 10009c18     * CIL library *:* CIL module *
 0002:00000c28       __ehfuncinfo$?_Construct_n@?$vector@HV?$allocator@H@std@@@std@@QAEXIPBH@Z 10009c28     * CIL library *:* CIL module *
 0002:00000c28       __ehfuncinfo$?_Construct_n@?$vector@PAUHandleProxy@@V?$allocator@PAUHandleProxy@@@std@@@std@@QAEXIPBQAUHandleProxy@@@Z 10009c28     * CIL library *:* CIL module *
 0002:00000c4c       __unwindtable$?_Construct_n@?$vector@PAUHandleProxy@@V?$allocator@PAUHandleProxy@@@std@@@std@@QAEXIPBQAUHandleProxy@@@Z 10009c4c     * CIL library *:* CIL module *
 0002:00000c4c       __unwindtable$?_Construct_n@?$vector@HV?$allocator@H@std@@@std@@QAEXIPBH@Z 10009c4c     * CIL library *:* CIL module *
 0002:00000c5c       __tryblocktable$?_Construct_n@?$vector@HV?$allocator@H@std@@@std@@QAEXIPBH@Z 10009c5c     * CIL library *:* CIL module *
 0002:00000c5c       __tryblocktable$?_Construct_n@?$vector@PAUHandleProxy@@V?$allocator@PAUHandleProxy@@@std@@@std@@QAEXIPBQAUHandleProxy@@@Z 10009c5c     * CIL library *:* CIL module *
 0002:00000c70       __catchsym$?_Construct_n@?$vector@HV?$allocator@H@std@@@std@@QAEXIPBH@Z$2 10009c70     * CIL library *:* CIL module *
 0002:00000c70       __catchsym$?_Construct_n@?$vector@PAUHandleProxy@@V?$allocator@PAUHandleProxy@@@std@@@std@@QAEXIPBQAUHandleProxy@@@Z$2 10009c70     * CIL library *:* CIL module *
 0002:00000c80       __ehfuncinfo$?_Construct_n@?$vector@U_StringItem@@V?$allocator@U_StringItem@@@std@@@std@@QAEXIPBU_StringItem@@@Z 10009c80     * CIL library *:* CIL module *
 0002:00000ca4       __unwindtable$?_Construct_n@?$vector@U_StringItem@@V?$allocator@U_StringItem@@@std@@@std@@QAEXIPBU_StringItem@@@Z 10009ca4     * CIL library *:* CIL module *
 0002:00000cb4       __tryblocktable$?_Construct_n@?$vector@U_StringItem@@V?$allocator@U_StringItem@@@std@@@std@@QAEXIPBU_StringItem@@@Z 10009cb4     * CIL library *:* CIL module *
 0002:00000cc8       __catchsym$?_Construct_n@?$vector@U_StringItem@@V?$allocator@U_StringItem@@@std@@@std@@QAEXIPBU_StringItem@@@Z$2 10009cc8     * CIL library *:* CIL module *
 0002:00000cd8       __ehfuncinfo$??1?$_Vb_val@V?$allocator@_N@std@@@std@@QAE@XZ 10009cd8     * CIL library *:* CIL module *
 0002:00000cfc       __unwindtable$??1?$_Vb_val@V?$allocator@_N@std@@@std@@QAE@XZ 10009cfc     * CIL library *:* CIL module *
 0002:00000d04       __ehfuncinfo$?push_back@?$vector@HV?$allocator@H@std@@@std@@QAEXABH@Z 10009d04     * CIL library *:* CIL module *
 0002:00000d04       __ehfuncinfo$?push_back@?$vector@U_StringItem@@V?$allocator@U_StringItem@@@std@@@std@@QAEXABU_StringItem@@@Z 10009d04     * CIL library *:* CIL module *
 0002:00000d28       __unwindtable$?push_back@?$vector@HV?$allocator@H@std@@@std@@QAEXABH@Z 10009d28     * CIL library *:* CIL module *
 0002:00000d28       __unwindtable$?push_back@?$vector@U_StringItem@@V?$allocator@U_StringItem@@@std@@@std@@QAEXABU_StringItem@@@Z 10009d28     * CIL library *:* CIL module *
 0002:00000d30       __ehfuncinfo$??0?$vector@_NV?$allocator@_N@std@@@std@@QAE@IAB_N@Z 10009d30     * CIL library *:* CIL module *
 0002:00000d54       __unwindtable$??0?$vector@_NV?$allocator@_N@std@@@std@@QAE@IAB_N@Z 10009d54     * CIL library *:* CIL module *
 0002:00000d64       __ehfuncinfo$??1recursive_mutex@std@@QAE@XZ 10009d64     * CIL library *:* CIL module *
 0002:00000d88       __unwindtable$??1recursive_mutex@std@@QAE@XZ 10009d88     * CIL library *:* CIL module *
 0002:00000d90       __ehfuncinfo$??__F?_DisposedEngines@V8EngineProxy@@1V?$vector@_NV?$allocator@_N@std@@@std@@A@@YAXXZ 10009d90     * CIL library *:* CIL module *
 0002:00000db4       __unwindtable$??__F?_DisposedEngines@V8EngineProxy@@1V?$vector@_NV?$allocator@_N@std@@@std@@A@@YAXXZ 10009db4     * CIL library *:* CIL module *
 0002:00000dc4       __ehfuncinfo$?DisposeHandleProxy@V8EngineProxy@@QAEXPAUHandleProxy@@@Z 10009dc4     * CIL library *:* CIL module *
 0002:00000de8       __unwindtable$?DisposeHandleProxy@V8EngineProxy@@QAEXPAUHandleProxy@@@Z 10009de8     * CIL library *:* CIL module *
 0002:00000df0       __ehfuncinfo$?CreateArray@V8EngineProxy@@QAEPAUHandleProxy@@PAPAU2@G@Z 10009df0     * CIL library *:* CIL module *
 0002:00000e14       __unwindtable$?CreateArray@V8EngineProxy@@QAEPAUHandleProxy@@PAPAU2@G@Z 10009e14     * CIL library *:* CIL module *
 0002:00000e2c       __ehfuncinfo$?Compile@V8EngineProxy@@QAEPAUHandleProxy@@PBGPAG@Z 10009e2c     * CIL library *:* CIL module *
 0002:00000e50       __unwindtable$?Compile@V8EngineProxy@@QAEPAUHandleProxy@@PBGPAG@Z 10009e50     * CIL library *:* CIL module *
 0002:00000e70       __tryblocktable$?Compile@V8EngineProxy@@QAEPAUHandleProxy@@PBGPAG@Z 10009e70     * CIL library *:* CIL module *
 0002:00000e84       __catchsym$?Compile@V8EngineProxy@@QAEPAUHandleProxy@@PBGPAG@Z$4 10009e84     * CIL library *:* CIL module *
 0002:00000e94       __ehfuncinfo$?Execute@V8EngineProxy@@QAEPAUHandleProxy@@PBGPAG@Z 10009e94     * CIL library *:* CIL module *
 0002:00000eb8       __unwindtable$?Execute@V8EngineProxy@@QAEPAUHandleProxy@@PBGPAG@Z 10009eb8     * CIL library *:* CIL module *
 0002:00000ed8       __tryblocktable$?Execute@V8EngineProxy@@QAEPAUHandleProxy@@PBGPAG@Z 10009ed8     * CIL library *:* CIL module *
 0002:00000eec       __catchsym$?Execute@V8EngineProxy@@QAEPAUHandleProxy@@PBGPAG@Z$4 10009eec     * CIL library *:* CIL module *
 0002:00000efc       __ehfuncinfo$?Execute@V8EngineProxy@@QAEPAUHandleProxy@@V?$Handle@VScript@v8@@@v8@@@Z 10009efc     * CIL library *:* CIL module *
 0002:00000f20       __unwindtable$?Execute@V8EngineProxy@@QAEPAUHandleProxy@@V?$Handle@VScript@v8@@@v8@@@Z 10009f20     * CIL library *:* CIL module *
 0002:00000f40       __tryblocktable$?Execute@V8EngineProxy@@QAEPAUHandleProxy@@V?$Handle@VScript@v8@@@v8@@@Z 10009f40     * CIL library *:* CIL module *
 0002:00000f54       __catchsym$?Execute@V8EngineProxy@@QAEPAUHandleProxy@@V?$Handle@VScript@v8@@@v8@@@Z$4 10009f54     * CIL library *:* CIL module *
 0002:00000f64       __ehfuncinfo$?WithContextScope@V8EngineProxy@@QAEXP6GXXZ@Z 10009f64     * CIL library *:* CIL module *
 0002:00000f88       __unwindtable$?WithContextScope@V8EngineProxy@@QAEXP6GXXZ@Z 10009f88     * CIL library *:* CIL module *
 0002:00000fa8       __ehfuncinfo$?GetHandleProxy@V8EngineProxy@@QAEPAUHandleProxy@@V?$Handle@VValue@v8@@@v8@@@Z 10009fa8     * CIL library *:* CIL module *
 0002:00000fcc       __unwindtable$?GetHandleProxy@V8EngineProxy@@QAEPAUHandleProxy@@V?$Handle@VValue@v8@@@v8@@@Z 10009fcc     * CIL library *:* CIL module *
 0002:00000fe8       __ehfuncinfo$??1V8EngineProxy@@QAE@XZ 10009fe8     * CIL library *:* CIL module *
 0002:00001010       __unwindtable$??1V8EngineProxy@@QAE@XZ 1000a010     * CIL library *:* CIL module *
 0002:00001058       __ehfuncinfo$??0V8EngineProxy@@QAE@_NP6AXXZH@Z 1000a058     * CIL library *:* CIL module *
 0002:0000107c       __unwindtable$??0V8EngineProxy@@QAE@_NP6AXXZH@Z 1000a07c     * CIL library *:* CIL module *
 0002:000030e4       .idata$6                   1000c0e4     v8-ia32:v8-ia32.dll
 0002:0000311c       .idata$6                   1000c11c     kernel32:KERNEL32.dll
 0002:000031d8       .idata$6                   1000c1d8     msvcprt:MSVCP110.dll
 0002:0000329e       .idata$6                   1000c29e     MSVCRT:MSVCR110.dll
 0002:000034f0       .edata                     1000c4f0     V8_Net_Proxy_x86.exp
 0002:00003518       rgpv                       1000c518     V8_Net_Proxy_x86.exp
 0002:00003614       rgszName                   1000c614     V8_Net_Proxy_x86.exp
 0002:00003710       rgwOrd                     1000c710     V8_Net_Proxy_x86.exp
 0002:0000378e       szName                     1000c78e     V8_Net_Proxy_x86.exp
 0002:000037a3       $N00001                    1000c7a3     V8_Net_Proxy_x86.exp
 0002:000037ac       $N00002                    1000c7ac     V8_Net_Proxy_x86.exp
 0002:000037be       $N00003                    1000c7be     V8_Net_Proxy_x86.exp
 0002:000037ce       $N00004                    1000c7ce     V8_Net_Proxy_x86.exp
 0002:000037df       $N00005                    1000c7df     V8_Net_Proxy_x86.exp
 0002:000037ee       $N00006                    1000c7ee     V8_Net_Proxy_x86.exp
 0002:000037fe       $N00007                    1000c7fe     V8_Net_Proxy_x86.exp
 0002:00003819       $N00008                    1000c819     V8_Net_Proxy_x86.exp
 0002:00003839       $N00009                    1000c839     V8_Net_Proxy_x86.exp
 0002:0000385c       $N00010                    1000c85c     V8_Net_Proxy_x86.exp
 0002:00003875       $N00011                    1000c875     V8_Net_Proxy_x86.exp
 0002:00003886       $N00012                    1000c886     V8_Net_Proxy_x86.exp
 0002:00003899       $N00013                    1000c899     V8_Net_Proxy_x86.exp
 0002:000038aa       $N00014                    1000c8aa     V8_Net_Proxy_x86.exp
 0002:000038ba       $N00015                    1000c8ba     V8_Net_Proxy_x86.exp
 0002:000038d6       $N00016                    1000c8d6     V8_Net_Proxy_x86.exp
 0002:000038f3       $N00017                    1000c8f3     V8_Net_Proxy_x86.exp
 0002:00003914       $N00018                    1000c914     V8_Net_Proxy_x86.exp
 0002:00003924       $N00019                    1000c924     V8_Net_Proxy_x86.exp
 0002:0000393a       $N00020                    1000c93a     V8_Net_Proxy_x86.exp
 0002:00003952       $N00021                    1000c952     V8_Net_Proxy_x86.exp
 0002:0000396d       $N00022                    1000c96d     V8_Net_Proxy_x86.exp
 0002:0000398c       $N00023                    1000c98c     V8_Net_Proxy_x86.exp
 0002:000039ab       $N00024                    1000c9ab     V8_Net_Proxy_x86.exp
 0002:000039c9       $N00025                    1000c9c9     V8_Net_Proxy_x86.exp
 0002:000039e6       $N00026                    1000c9e6     V8_Net_Proxy_x86.exp
 0002:000039f8       $N00027                    1000c9f8     V8_Net_Proxy_x86.exp
 0002:00003a10       $N00028                    1000ca10     V8_Net_Proxy_x86.exp
 0002:00003a26       $N00029                    1000ca26     V8_Net_Proxy_x86.exp
 0002:00003a3c       $N00030                    1000ca3c     V8_Net_Proxy_x86.exp
 0002:00003a47       $N00031                    1000ca47     V8_Net_Proxy_x86.exp
 0002:00003a59       $N00032                    1000ca59     V8_Net_Proxy_x86.exp
 0002:00003a68       $N00033                    1000ca68     V8_Net_Proxy_x86.exp
 0002:00003a8c       $N00034                    1000ca8c     V8_Net_Proxy_x86.exp
 0002:00003ab1       $N00035                    1000cab1     V8_Net_Proxy_x86.exp
 0002:00003acd       $N00036                    1000cacd     V8_Net_Proxy_x86.exp
 0002:00003ae9       $N00037                    1000cae9     V8_Net_Proxy_x86.exp
 0002:00003b04       $N00038                    1000cb04     V8_Net_Proxy_x86.exp
 0002:00003b1a       $N00039                    1000cb1a     V8_Net_Proxy_x86.exp
 0002:00003b31       $N00040                    1000cb31     V8_Net_Proxy_x86.exp
 0002:00003b4a       $N00041                    1000cb4a     V8_Net_Proxy_x86.exp
 0002:00003b5e       $N00042                    1000cb5e     V8_Net_Proxy_x86.exp
 0002:00003b72       $N00043                    1000cb72     V8_Net_Proxy_x86.exp
 0002:00003b84       $N00044                    1000cb84     V8_Net_Proxy_x86.exp
 0002:00003b9a       $N00045                    1000cb9a     V8_Net_Proxy_x86.exp
 0002:00003bbe       $N00046                    1000cbbe     V8_Net_Proxy_x86.exp
 0002:00003bd7       $N00047                    1000cbd7     V8_Net_Proxy_x86.exp
 0002:00003bf9       $N00048                    1000cbf9     V8_Net_Proxy_x86.exp
 0002:00003c19       $N00049                    1000cc19     V8_Net_Proxy_x86.exp
 0002:00003c34       $N00050                    1000cc34     V8_Net_Proxy_x86.exp
 0002:00003c4a       $N00051                    1000cc4a     V8_Net_Proxy_x86.exp
 0002:00003c67       $N00052                    1000cc67     V8_Net_Proxy_x86.exp
 0002:00003c83       $N00053                    1000cc83     V8_Net_Proxy_x86.exp
 0002:00003ca1       $N00054                    1000cca1     V8_Net_Proxy_x86.exp
 0002:00003cbf       $N00055                    1000ccbf     V8_Net_Proxy_x86.exp
 0002:00003ce4       $N00056                    1000cce4     V8_Net_Proxy_x86.exp
 0002:00003d07       $N00057                    1000cd07     V8_Net_Proxy_x86.exp
 0002:00003d1c       $N00058                    1000cd1c     V8_Net_Proxy_x86.exp
 0002:00003d2a       $N00059                    1000cd2a     V8_Net_Proxy_x86.exp
 0002:00003d38       $N00060                    1000cd38     V8_Net_Proxy_x86.exp
 0002:00003d53       $N00061                    1000cd53     V8_Net_Proxy_x86.exp
 0002:00003d66       $N00062                    1000cd66     V8_Net_Proxy_x86.exp
 0002:00003d7c       $N00063                    1000cd7c     V8_Net_Proxy_x86.exp
 0003:00000040       ___proc_attached           1000d040     MSVCRT:crtdll.obj
 0003:00000048       _GS_ExceptionRecord        1000d048     MSVCRT:gs_report.obj
 0003:00000098       _GS_ContextRecord          1000d098     MSVCRT:gs_report.obj
 0003:00000364       _DebuggerWasPresent        1000d364     MSVCRT:gs_report.obj
 0003:00000370       __V8Initialized            1000d370     * CIL library *:* CIL module *
 0003:00000378       __Tuple_alloc              1000d378     * CIL library *:* CIL module *
 0003:00000379       _ignore                    1000d379     * CIL library *:* CIL module *
 0003:0000037a       _allocator_arg             1000d37a     * CIL library *:* CIL module *
 0003:0000037b       _piecewise_construct       1000d37b     * CIL library *:* CIL module *
 0003:0000037c       __Tuple_alloc              1000d37c     * CIL library *:* CIL module *
 0003:0000037d       _ignore                    1000d37d     * CIL library *:* CIL module *
 0003:0000037e       _allocator_arg             1000d37e     * CIL library *:* CIL module *
 0003:0000037f       _piecewise_construct       1000d37f     * CIL library *:* CIL module *
 0003:00000380       __Tuple_alloc              1000d380     * CIL library *:* CIL module *
 0003:00000381       _ignore                    1000d381     * CIL library *:* CIL module *
 0003:00000382       _allocator_arg             1000d382     * CIL library *:* CIL module *
 0003:00000383       _piecewise_construct       1000d383     * CIL library *:* CIL module *
 0003:00000384       __Tuple_alloc              1000d384     * CIL library *:* CIL module *
 0003:00000385       _ignore                    1000d385     * CIL library *:* CIL module *
 0003:00000386       _allocator_arg             1000d386     * CIL library *:* CIL module *
 0003:00000387       _piecewise_construct       1000d387     * CIL library *:* CIL module *
 0003:00000388       __Tuple_alloc              1000d388     * CIL library *:* CIL module *
 0003:00000389       _ignore                    1000d389     * CIL library *:* CIL module *
 0003:0000038a       _allocator_arg             1000d38a     * CIL library *:* CIL module *
 0003:0000038b       _piecewise_construct       1000d38b     * CIL library *:* CIL module *
 0003:0000038c       __Tuple_alloc              1000d38c     * CIL library *:* CIL module *
 0003:0000038d       _ignore                    1000d38d     * CIL library *:* CIL module *
 0003:0000038e       _allocator_arg             1000d38e     * CIL library *:* CIL module *
 0003:0000038f       _piecewise_construct       1000d38f     * CIL library *:* CIL module *
 0003:000003a0       __Tuple_alloc              1000d3a0     * CIL library *:* CIL module *
 0003:000003a1       _ignore                    1000d3a1     * CIL library *:* CIL module *
 0003:000003a2       _allocator_arg             1000d3a2     * CIL library *:* CIL module *
 0003:000003a3       _piecewise_construct       1000d3a3     * CIL library *:* CIL module *
 0004:000000a0       $R000000                   1000e0a0     V8.Net-Proxy-32.res
 0004:00000420       $R000380                   1000e420     V8.Net-Proxy-32.res

 Exports

  ordinal    name

        1    _Call@20
        2    _ConnectObject@12
        3    _CreateArray@12
        4    _CreateBoolean@8
        5    _CreateDate@12
        6    _CreateError@12
        7    _CreateFunctionInstance@16
        8    _CreateFunctionTemplateProxy@12
        9    _CreateFunctionTemplateProxyTest@0
       10    _CreateHandleProxyTest@0
       11    _CreateInteger@8
       12    _CreateNullValue@4
       13    _CreateNumber@12
       14    _CreateObject@8
       15    _CreateObjectFromTemplate@8
       16    _CreateObjectTemplateProxy@4
       17    _CreateObjectTemplateProxyTest@0
       18    _CreateString@8
       19    _CreateStringArray@12
       20    _CreateV8EngineProxy@12
       21    _CreateV8EngineProxyTest@0
       22    _DeleteFunctionTemplateProxy@4
       23    _DeleteObjectPropertyByIndex@8
       24    _DeleteObjectPropertyByName@8
       25    _DeleteObjectTemplateProxy@4
       26    _DeleteTestData@4
       27    _DestroyV8EngineProxy@4
       28    _DisposeHandleProxy@4
       29    _DoIdleNotification@8
       30    _ForceGC@4
       31    _GetArrayLength@4
       32    _GetFunction@4
       33    _GetFunctionInstanceTemplateProxy@4
       34    _GetFunctionPrototypeTemplateProxy@4
       35    _GetHandleManagedObjectID@4
       36    _GetObjectPropertyByIndex@8
       37    _GetObjectPropertyByName@8
       38    _GetObjectPrototype@4
       39    _GetOwnPropertyNames@4
       40    _GetPropertyAttributes@8
       41    _GetPropertyNames@4
       42    _MakeStrongHandle@4
       43    _MakeWeakHandle@4
       44    _RegisterGCCallback@8
       45    _RegisterIndexedPropertyHandlers@24
       46    _RegisterInvokeHandler@8
       47    _RegisterNamedPropertyHandlers@24
       48    _SetFunctionTemplateProperty@16
       49    _SetGlobalObjectTemplate@8
       50    _SetObjectAccessor@28
       51    _SetObjectPropertyByIndex@12
       52    _SetObjectPropertyByName@16
       53    _SetObjectTemplateAccessor@28
       54    _SetObjectTemplateProperty@16
       55    _UnregisterIndexedPropertyHandlers@4
       56    _UnregisterNamedPropertyHandlers@4
       57    _UpdateHandleValue@4
       58    _V8Compile@12
       59    _V8Execute@12
       60    _V8ExecuteCompiledScript@8
       61    _WithHandleScope@8
       62    _WithV8ContextScope@8
       63    _WithV8IsolateScope@8
