 V8_Net_Proxy_x64

 Timestamp is 5240b707 (Mon Sep 23 17:47:51 2013)

 Preferred load address is 0000000180000000

 Start         Length     Name                   Class
 0001:00000000 00008fdaH .text                   CODE
 0001:00008fe0 00000eacH .text$x                 CODE
 0001:00009e90 000000daH .text$yc                CODE
 0001:00009f70 00000058H .text$yd                CODE
 0002:00000000 00000550H .idata$5                DATA
 0002:00000550 00000008H .CRT$XCA                DATA
 0002:00000558 00000008H .CRT$XCU                DATA
 0002:00000560 00000008H .CRT$XCZ                DATA
 0002:00000568 00000008H .CRT$XIA                DATA
 0002:00000570 00000008H .CRT$XIAA               DATA
 0002:00000578 00000008H .CRT$XIC                DATA
 0002:00000580 00000008H .CRT$XIZ                DATA
 0002:00000590 000010b0H .rdata                  DATA
 0002:00001640 0000007cH .rdata$debug            DATA
 0002:000016c0 00000074H .rdata$r                DATA
 0002:00001738 00000008H .rtc$IAA                DATA
 0002:00001740 00000008H .rtc$IZZ                DATA
 0002:00001748 00000008H .rtc$TAA                DATA
 0002:00001750 00000008H .rtc$TZZ                DATA
 0002:00001758 00002bc8H .xdata                  DATA
 0002:00004320 00000054H .xdata$x                DATA
 0002:00004374 00000050H .idata$2                DATA
 0002:000043c4 00000014H .idata$3                DATA
 0002:000043d8 00000550H .idata$4                DATA
 0002:00004928 0000221cH .idata$6                DATA
 0002:00006b50 0000077dH .edata                  DATA
 0003:00000000 00000060H .data                   DATA
 0003:00000060 00000608H .bss                    DATA
 0004:00000000 00000a74H .pdata                  DATA
 0005:00000000 000000a0H .rsrc$01                DATA
 0005:000000a0 00000500H .rsrc$02                DATA

  Address         Publics by Value              Rva+Base               Lib:Object

 0000:00000000       ___safe_se_handler_count   0000000000000000     <absolute>
 0000:00000000       ___safe_se_handler_table   0000000000000000     <absolute>
 0000:00000000       __ImageBase                0000000180000000     <linker-defined>
 0001:00000000       ??1Scope@Context@v8@@QEAA@XZ 0000000180001000 f i Exports.obj
 0001:00000010       CreateV8EngineProxy        0000000180001010 f   Exports.obj
 0001:00000050       DestroyV8EngineProxy       0000000180001050 f   Exports.obj
 0001:00000100       RegisterGCCallback         0000000180001100 f   Exports.obj
 0001:000001a0       ForceGC                    00000001800011a0 f   Exports.obj
 0001:00000250       DoIdleNotification         0000000180001250 f   Exports.obj
 0001:00000300       V8Execute                  0000000180001300 f   Exports.obj
 0001:000003c0       V8Compile                  00000001800013c0 f   Exports.obj
 0001:00000480       V8ExecuteCompiledScript    0000000180001480 f   Exports.obj
 0001:00000570       CreateObjectTemplateProxy  0000000180001570 f   Exports.obj
 0001:00000610       DeleteObjectTemplateProxy  0000000180001610 f   Exports.obj
 0001:000006a0       SetGlobalObjectTemplate    00000001800016a0 f   Exports.obj
 0001:00000730       RegisterNamedPropertyHandlers 0000000180001730 f   Exports.obj
 0001:00000830       RegisterIndexedPropertyHandlers 0000000180001830 f   Exports.obj
 0001:00000930       UnregisterNamedPropertyHandlers 0000000180001930 f   Exports.obj
 0001:000009e0       UnregisterIndexedPropertyHandlers 00000001800019e0 f   Exports.obj
 0001:00000a90       RegisterInvokeHandler      0000000180001a90 f   Exports.obj
 0001:00000b40       CreateObjectFromTemplate   0000000180001b40 f   Exports.obj
 0001:00000c30       ConnectObject              0000000180001c30 f   Exports.obj
 0001:00000db0       GetObjectPrototype         0000000180001db0 f   Exports.obj
 0001:00000ec0       Call                       0000000180001ec0 f   Exports.obj
 0001:000011b0       SetObjectPropertyByName    00000001800021b0 f   Exports.obj
 0001:00001330       SetObjectPropertyByIndex   0000000180002330 f   Exports.obj
 0001:00001480       GetObjectPropertyByName    0000000180002480 f   Exports.obj
 0001:000015d0       GetObjectPropertyByIndex   00000001800025d0 f   Exports.obj
 0001:000016f0       DeleteObjectPropertyByName 00000001800026f0 f   Exports.obj
 0001:00001820       DeleteObjectPropertyByIndex 0000000180002820 f   Exports.obj
 0001:00001920       SetObjectAccessor          0000000180002920 f   Exports.obj
 0001:00001b30       SetObjectTemplateAccessor  0000000180002b30 f   Exports.obj
 0001:00001c20       SetObjectTemplateProperty  0000000180002c20 f   Exports.obj
 0001:00001d10       GetPropertyNames           0000000180002d10 f   Exports.obj
 0001:00001e20       GetOwnPropertyNames        0000000180002e20 f   Exports.obj
 0001:00001f30       GetPropertyAttributes      0000000180002f30 f   Exports.obj
 0001:00002060       GetArrayLength             0000000180003060 f   Exports.obj
 0001:00002160       CreateFunctionTemplateProxy 0000000180003160 f   Exports.obj
 0001:00002220       DeleteFunctionTemplateProxy 0000000180003220 f   Exports.obj
 0001:000022b0       GetFunctionInstanceTemplateProxy 00000001800032b0 f   Exports.obj
 0001:00002350       GetFunctionPrototypeTemplateProxy 0000000180003350 f   Exports.obj
 0001:000023f0       GetFunction                00000001800033f0 f   Exports.obj
 0001:000024b0       CreateFunctionInstance     00000001800034b0 f   Exports.obj
 0001:00002580       SetFunctionTemplateProperty 0000000180003580 f   Exports.obj
 0001:00002670       CreateBoolean              0000000180003670 f   Exports.obj
 0001:00002740       CreateInteger              0000000180003740 f   Exports.obj
 0001:00002800       CreateNumber               0000000180003800 f   Exports.obj
 0001:000028d0       CreateString               00000001800038d0 f   Exports.obj
 0001:000029a0       CreateDate                 00000001800039a0 f   Exports.obj
 0001:00002a70       CreateObject               0000000180003a70 f   Exports.obj
 0001:00002b40       CreateArray                0000000180003b40 f   Exports.obj
 0001:00002c00       CreateStringArray          0000000180003c00 f   Exports.obj
 0001:00002cc0       CreateNullValue            0000000180003cc0 f   Exports.obj
 0001:00002d80       CreateError                0000000180003d80 f   Exports.obj
 0001:00002e40       MakeWeakHandle             0000000180003e40 f   Exports.obj
 0001:00002f10       MakeStrongHandle           0000000180003f10 f   Exports.obj
 0001:00002fd0       DisposeHandleProxy         0000000180003fd0 f   Exports.obj
 0001:00003080       UpdateHandleValue          0000000180004080 f   Exports.obj
 0001:00003130       GetHandleManagedObjectID   0000000180004130 f   Exports.obj
 0001:000031e0       CreateHandleProxyTest      00000001800041e0 f   Exports.obj
 0001:00003210       CreateV8EngineProxyTest    0000000180004210 f   Exports.obj
 0001:00003240       CreateObjectTemplateProxyTest 0000000180004240 f   Exports.obj
 0001:00003270       CreateFunctionTemplateProxyTest 0000000180004270 f   Exports.obj
 0001:000032a0       DeleteTestData             00000001800042a0 f   Exports.obj
 0001:00003370       ??0FunctionTemplateProxy@@QEAA@PEAVV8EngineProxy@@PEAGP6APEAUHandleProxy@@H_NPEAU2@PEAPEAU2@I@Z@Z 0000000180004370 f   FunctionTemplateProxy.obj
 0001:000034c0       ??1FunctionTemplateProxy@@QEAA@XZ 00000001800044c0 f   FunctionTemplateProxy.obj
 0001:000035b0       ?InvocationCallbackProxy@FunctionTemplateProxy@@SAXAEBV?$FunctionCallbackInfo@VValue@v8@@@v8@@@Z 00000001800045b0 f   FunctionTemplateProxy.obj
 0001:00003790       ?CreateInstance@FunctionTemplateProxy@@QEAAPEAUHandleProxy@@HHPEAPEAU2@@Z 0000000180004790 f   FunctionTemplateProxy.obj
 0001:00003920       ?_Dispose@HandleProxy@@IEAA_N_N@Z 0000000180004920 f   HandleProxy.obj
 0001:00003a30       ?SetHandle@HandleProxy@@IEAAPEAU1@V?$Handle@VValue@v8@@@v8@@@Z 0000000180004a30 f   HandleProxy.obj
 0001:00003d70       ?GetManagedObjectID@HandleProxy@@QEAAHXZ 0000000180004d70 f   HandleProxy.obj
 0001:00003f30       ?_RevivableCallback@HandleProxy@@CAXPEAVIsolate@v8@@PEAV?$Persistent@VValue@v8@@@3@PEAU1@@Z 0000000180004f30 f   HandleProxy.obj
 0001:00003fb0       ?UpdateValue@HandleProxy@@QEAAXXZ 0000000180004fb0 f   HandleProxy.obj
 0001:00004110       ??1?$lock_guard@Vrecursive_mutex@std@@@std@@QEAA@XZ 0000000180005110 f i HandleProxy.obj
 0001:00004140       ??0ObjectTemplateProxy@@QEAA@PEAVV8EngineProxy@@@Z 0000000180005140 f   ObjectTemplateProxy.obj
 0001:000041e0       ??0ObjectTemplateProxy@@QEAA@PEAVV8EngineProxy@@V?$Local@VObjectTemplate@v8@@@v8@@@Z 00000001800051e0 f   ObjectTemplateProxy.obj
 0001:00004280       ??1ObjectTemplateProxy@@QEAA@XZ 0000000180005280 f   ObjectTemplateProxy.obj
 0001:00004360       ?GetProperty@ObjectTemplateProxy@@SAXV?$Local@VString@v8@@@v8@@AEBV?$PropertyCallbackInfo@VValue@v8@@@3@@Z 0000000180005360 f   ObjectTemplateProxy.obj
 0001:00004560       ?SetProperty@ObjectTemplateProxy@@SAXV?$Local@VString@v8@@@v8@@V?$Local@VValue@v8@@@3@AEBV?$PropertyCallbackInfo@VValue@v8@@@3@@Z 0000000180005560 f   ObjectTemplateProxy.obj
 0001:00004760       ?GetPropertyAttributes@ObjectTemplateProxy@@SAXV?$Local@VString@v8@@@v8@@AEBV?$PropertyCallbackInfo@VInteger@v8@@@3@@Z 0000000180005760 f   ObjectTemplateProxy.obj
 0001:00004910       ?DeleteProperty@ObjectTemplateProxy@@SAXV?$Local@VString@v8@@@v8@@AEBV?$PropertyCallbackInfo@VBoolean@v8@@@3@@Z 0000000180005910 f   ObjectTemplateProxy.obj
 0001:00004ae0       ?GetPropertyNames@ObjectTemplateProxy@@SAXAEBV?$PropertyCallbackInfo@VArray@v8@@@v8@@@Z 0000000180005ae0 f   ObjectTemplateProxy.obj
 0001:00004ca0       ?GetProperty@ObjectTemplateProxy@@SAXIAEBV?$PropertyCallbackInfo@VValue@v8@@@v8@@@Z 0000000180005ca0 f   ObjectTemplateProxy.obj
 0001:00004e60       ?SetProperty@ObjectTemplateProxy@@SAXIV?$Local@VValue@v8@@@v8@@AEBV?$PropertyCallbackInfo@VValue@v8@@@3@@Z 0000000180005e60 f   ObjectTemplateProxy.obj
 0001:00005030       ?GetPropertyAttributes@ObjectTemplateProxy@@SAXIAEBV?$PropertyCallbackInfo@VInteger@v8@@@v8@@@Z 0000000180006030 f   ObjectTemplateProxy.obj
 0001:000051a0       ?DeleteProperty@ObjectTemplateProxy@@SAXIAEBV?$PropertyCallbackInfo@VBoolean@v8@@@v8@@@Z 00000001800061a0 f   ObjectTemplateProxy.obj
 0001:00005320       ?GetPropertyIndices@ObjectTemplateProxy@@SAXAEBV?$PropertyCallbackInfo@VArray@v8@@@v8@@@Z 0000000180006320 f   ObjectTemplateProxy.obj
 0001:000054e0       ?AccessorGetterCallbackProxy@ObjectTemplateProxy@@SAXV?$Local@VString@v8@@@v8@@AEBV?$PropertyCallbackInfo@VValue@v8@@@3@@Z 00000001800064e0 f   ObjectTemplateProxy.obj
 0001:00005690       ?AccessorSetterCallbackProxy@ObjectTemplateProxy@@SAXV?$Local@VString@v8@@@v8@@V?$Local@VValue@v8@@@3@AEBV?$PropertyCallbackInfo@X@3@@Z 0000000180006690 f   ObjectTemplateProxy.obj
 0001:00005810       ?SetAccessor@ObjectTemplateProxy@@QEAAXHPEBGP6APEAUHandleProxy@@PEAU2@PEAG@ZP6APEAU2@121@ZW4AccessControl@v8@@W4PropertyAttribute@4@@Z 0000000180006810 f   ObjectTemplateProxy.obj
 0001:00005920       ??3@YAXPEAX0@Z             0000000180006920 f i V8EngineProxy.obj
 0001:00005920       ?_Destroy@?$vector@IV?$allocator@_N@std@@@std@@IEAAXPEAI0@Z 0000000180006920 f i V8EngineProxy.obj
 0001:00005930       ??1_Mutex_base@std@@QEAA@XZ 0000000180006930 f i V8EngineProxy.obj
 0001:00005940       ??0_StringItem@@QEAA@PEAVV8EngineProxy@@PEAVString@v8@@@Z 0000000180006940 f   V8EngineProxy.obj
 0001:000059b0       ?IsDisposed@V8EngineProxy@@SA_NH@Z 00000001800069b0 f   V8EngineProxy.obj
 0001:00005a30       ??0V8EngineProxy@@QEAA@_NP6AXXZH@Z 0000000180006a30 f   V8EngineProxy.obj
 0001:00005c60       ??1recursive_mutex@std@@QEAA@XZ 0000000180006c60 f i V8EngineProxy.obj
 0001:00005c80       ??1V8EngineProxy@@QEAA@XZ  0000000180006c80 f   V8EngineProxy.obj
 0001:00005f60       ?GetNativeString@V8EngineProxy@@QEAA?AU_StringItem@@PEAVString@v8@@@Z 0000000180006f60 f   V8EngineProxy.obj
 0001:00006090       ?GetHandleProxy@V8EngineProxy@@QEAAPEAUHandleProxy@@V?$Handle@VValue@v8@@@v8@@@Z 0000000180007090 f   V8EngineProxy.obj
 0001:00006270       ?DisposeHandleProxy@V8EngineProxy@@QEAAXPEAUHandleProxy@@@Z 0000000180007270 f   V8EngineProxy.obj
 0001:00006300       ?SetGlobalObjectTemplate@V8EngineProxy@@QEAAPEAUHandleProxy@@PEAVObjectTemplateProxy@@@Z 0000000180007300 f   V8EngineProxy.obj
 0001:00006420       ?_GetErrorMessage@@YA?AV?$Local@VString@v8@@@v8@@AEAVTryCatch@2@@Z 0000000180007420 f   V8EngineProxy.obj
 0001:00006800       ?Execute@V8EngineProxy@@QEAAPEAUHandleProxy@@PEBGPEAG@Z 0000000180007800 f   V8EngineProxy.obj
 0001:00006930       ?Execute@V8EngineProxy@@QEAAPEAUHandleProxy@@V?$Handle@VScript@v8@@@v8@@@Z 0000000180007930 f   V8EngineProxy.obj
 0001:000069f0       ?Compile@V8EngineProxy@@QEAAPEAUHandleProxy@@PEBGPEAG@Z 00000001800079f0 f   V8EngineProxy.obj
 0001:00006bc0       ?CreateError@V8EngineProxy@@QEAAPEAUHandleProxy@@PEBGW4JSValueType@@@Z 0000000180007bc0 f   V8EngineProxy.obj
 0001:00006c50       ?CreateArray@V8EngineProxy@@QEAAPEAUHandleProxy@@PEAPEAU2@G@Z 0000000180007c50 f   V8EngineProxy.obj
 0001:00006e80       ?CreateArray@V8EngineProxy@@QEAAPEAUHandleProxy@@PEAPEAGG@Z 0000000180007e80 f   V8EngineProxy.obj
 0001:00006f30       ?resize@?$vector@_NV?$allocator@_N@std@@@std@@QEAAX_K_N@Z 0000000180007f30 f i V8EngineProxy.obj
 0001:000070b0       ??1?$vector@U_StringItem@@V?$allocator@U_StringItem@@@std@@@std@@QEAA@XZ 00000001800080b0 f i V8EngineProxy.obj
 0001:000070b0       ??1?$vector@IV?$allocator@_N@std@@@std@@QEAA@XZ 00000001800080b0 f i V8EngineProxy.obj
 0001:000070b0       ??1?$vector@PEAUHandleProxy@@V?$allocator@PEAUHandleProxy@@@std@@@std@@QEAA@XZ 00000001800080b0 f i V8EngineProxy.obj
 0001:000070b0       ??1?$vector@HV?$allocator@H@std@@@std@@QEAA@XZ 00000001800080b0 f i V8EngineProxy.obj
 0001:000070e0       ?push_back@?$vector@U_StringItem@@V?$allocator@U_StringItem@@@std@@@std@@QEAAXAEBU_StringItem@@@Z 00000001800080e0 f i V8EngineProxy.obj
 0001:000071b0       ?push_back@?$vector@HV?$allocator@H@std@@@std@@QEAAXAEBH@Z 00000001800081b0 f i V8EngineProxy.obj
 0001:00007240       ?erase@?$vector@_NV?$allocator@_N@std@@@std@@QEAA?AV?$_Vb_iterator@U?$_Wrap_alloc@V?$allocator@I@std@@@std@@@2@V?$_Vb_const_iterator@U?$_Wrap_alloc@V?$allocator@I@std@@@std@@@2@0@Z 0000000180008240 f i V8EngineProxy.obj
 0001:000074d0       ?_Insert_n@?$vector@_NV?$allocator@_N@std@@@std@@QEAA?AV?$_Vb_iterator@U?$_Wrap_alloc@V?$allocator@I@std@@@std@@@2@V?$_Vb_const_iterator@U?$_Wrap_alloc@V?$allocator@I@std@@@std@@@2@_KAEB_N@Z 00000001800084d0 f i V8EngineProxy.obj
 0001:00007690       ?_Trim@?$vector@_NV?$allocator@_N@std@@@std@@QEAAX_K@Z 0000000180008690 f i V8EngineProxy.obj
 0001:00007740       ??1?$_Vb_val@V?$allocator@_N@std@@@std@@QEAA@XZ 0000000180008740 f i V8EngineProxy.obj
 0001:00007790       ?_Construct_n@?$vector@U_StringItem@@V?$allocator@U_StringItem@@@std@@@std@@QEAAX_KPEBU_StringItem@@@Z 0000000180008790 f i V8EngineProxy.obj
 0001:00007820       ?_Reserve@?$vector@U_StringItem@@V?$allocator@U_StringItem@@@std@@@std@@IEAAX_K@Z 0000000180008820 f i V8EngineProxy.obj
 0001:000078f0       ?_Construct_n@?$vector@PEAUHandleProxy@@V?$allocator@PEAUHandleProxy@@@std@@@std@@QEAAX_KPEBQEAUHandleProxy@@@Z 00000001800088f0 f i V8EngineProxy.obj
 0001:00007990       ?_Reserve@?$vector@PEAUHandleProxy@@V?$allocator@PEAUHandleProxy@@@std@@@std@@IEAAX_K@Z 0000000180008990 f i V8EngineProxy.obj
 0001:00007a20       ?_Construct_n@?$vector@HV?$allocator@H@std@@@std@@QEAAX_KPEBH@Z 0000000180008a20 f i V8EngineProxy.obj
 0001:00007ac0       ?_Reserve@?$vector@HV?$allocator@H@std@@@std@@IEAAX_K@Z 0000000180008ac0 f i V8EngineProxy.obj
 0001:00007b50       ?_Insert_x@?$vector@_NV?$allocator@_N@std@@@std@@QEAA_KV?$_Vb_const_iterator@U?$_Wrap_alloc@V?$allocator@I@std@@@std@@@2@_K@Z 0000000180008b50 f i V8EngineProxy.obj
 0001:00007de0       ?_Reallocate@?$vector@U_StringItem@@V?$allocator@U_StringItem@@@std@@@std@@IEAAX_K@Z 0000000180008de0 f i V8EngineProxy.obj
 0001:00007ec0       ?_Reallocate@?$vector@PEAUHandleProxy@@V?$allocator@PEAUHandleProxy@@@std@@@std@@IEAAX_K@Z 0000000180008ec0 f i V8EngineProxy.obj
 0001:00007f90       ?_Reallocate@?$vector@HV?$allocator@H@std@@@std@@IEAAX_K@Z 0000000180008f90 f i V8EngineProxy.obj
 0001:00008060       ?_Construct_n@?$vector@IV?$allocator@_N@std@@@std@@QEAAX_KPEBI@Z 0000000180009060 f i V8EngineProxy.obj
 0001:00008130       ?_Insert_n@?$vector@IV?$allocator@_N@std@@@std@@IEAA?AV?$_Vector_iterator@V?$_Vector_val@U?$_Simple_types@I@std@@@std@@@2@V?$_Vector_const_iterator@V?$_Vector_val@U?$_Simple_types@I@std@@@std@@@2@_KAEBI@Z 0000000180009130 f i V8EngineProxy.obj
 0001:00008490       ??0?$_Wrap_alloc@V?$allocator@I@std@@@std@@QEAA@XZ 0000000180009490 f i V8EngineProxy.obj
 0001:000084a0       ??$_Uninit_fill_n@PEAU_StringItem@@_KU1@V?$allocator@U_StringItem@@@std@@U1@@std@@YAXPEAU_StringItem@@_KPEBU1@AEAU?$_Wrap_alloc@V?$allocator@U_StringItem@@@std@@@0@0U_Nonscalar_ptr_iterator_tag@0@@Z 00000001800094a0 f i V8EngineProxy.obj
 0001:000084f0       ??$_Uninit_move@PEAU_StringItem@@PEAU1@V?$allocator@U_StringItem@@@std@@U1@@std@@YAPEAU_StringItem@@PEAU1@00AEAU?$_Wrap_alloc@V?$allocator@U_StringItem@@@std@@@0@0U_Nonscalar_ptr_iterator_tag@0@@Z 00000001800094f0 f i V8EngineProxy.obj
 0001:00008550       ??1HandleValue@@QEAA@XZ    0000000180009550 f   ValueProxy.obj
 0001:00008584       ??_U@YAPEAX_K@Z            0000000180009584 f   msvcprt:newaop_s.obj
 0001:000085a0       __security_check_cookie    00000001800095a0 f   MSVCRT:amdsecgs.obj
 0001:000085c0       ??1exception@std@@UEAA@XZ  00000001800095c0 f   MSVCRT:MSVCR110.dll
 0001:000085c6       ??0exception@std@@QEAA@AEBV01@@Z 00000001800095c6 f   MSVCRT:MSVCR110.dll
 0001:000085cc       ??3@YAXPEAX@Z              00000001800095cc f   MSVCRT:MSVCR110.dll
 0001:000085d4       ??_Etype_info@@UEAAPEAXI@Z 00000001800095d4 f i MSVCRT:ti_inst.obj
 0001:0000863e       ??2@YAPEAX_K@Z             000000018000963e f   MSVCRT:MSVCR110.dll
 0001:00008644       __atonexitinit             0000000180009644 f   MSVCRT:atonexit.obj
 0001:00008694       _onexit                    0000000180009694 f   MSVCRT:atonexit.obj
 0001:00008744       atexit                     0000000180009744 f   MSVCRT:atonexit.obj
 0001:000087bc       _CRT_INIT                  00000001800097bc f   MSVCRT:crtdll.obj
 0001:00008a08       _DllMainCRTStartup         0000000180009a08 f   MSVCRT:crtdll.obj
 0001:00008b80       __raise_securityfailure    0000000180009b80 f   MSVCRT:gs_report.obj
 0001:00008bcc       __report_gsfailure         0000000180009bcc f   MSVCRT:gs_report.obj
 0001:00008ca0       ??_M@YAXPEAX_KHP6AX0@Z@Z   0000000180009ca0 f   MSVCRT:ehvecdtr.obj
 0001:00008d00       ?__ArrayUnwind@@YAXPEAX_KHP6AX0@Z@Z 0000000180009d00 f   MSVCRT:ehvecdtr.obj
 0001:00008d4a       _lock                      0000000180009d4a f   MSVCRT:MSVCR110.dll
 0001:00008d50       _unlock                    0000000180009d50 f   MSVCRT:MSVCR110.dll
 0001:00008d56       __dllonexit                0000000180009d56 f   MSVCRT:MSVCR110.dll
 0001:00008d5c       __C_specific_handler       0000000180009d5c f   MSVCRT:MSVCR110.dll
 0001:00008d62       __CppXcptFilter            0000000180009d62 f   MSVCRT:MSVCR110.dll
 0001:00008d68       _amsg_exit                 0000000180009d68 f   MSVCRT:MSVCR110.dll
 0001:00008d70       _FindPESection             0000000180009d70 f   MSVCRT:pesect.obj
 0001:00008dc0       _IsNonwritableInCurrentImage 0000000180009dc0 f   MSVCRT:pesect.obj
 0001:00008e10       _ValidateImageBase         0000000180009e10 f   MSVCRT:pesect.obj
 0001:00008e40       __security_init_cookie     0000000180009e40 f   MSVCRT:gs_support.obj
 0001:00008eec       DllMain                    0000000180009eec f   MSVCRT:dllmain.obj
 0001:00008f10       _RTC_Initialize            0000000180009f10 f   MSVCRT:initsect.obj
 0001:00008f48       _RTC_Terminate             0000000180009f48 f   MSVCRT:initsect.obj
 0001:00008f80       _initterm                  0000000180009f80 f   MSVCRT:MSVCR110.dll
 0001:00008f86       _initterm_e                0000000180009f86 f   MSVCRT:MSVCR110.dll
 0001:00008f8c       __clean_type_info_names    0000000180009f8c f   MSVCRT:tncleanup.obj
 0001:00008f98       __crt_debugger_hook        0000000180009f98 f   MSVCRT:MSVCR110.dll
 0001:00008f9e       __crtUnhandledException    0000000180009f9e f   MSVCRT:MSVCR110.dll
 0001:00008fa4       __crtTerminateProcess      0000000180009fa4 f   MSVCRT:MSVCR110.dll
 0001:00008faa       __crtCapturePreviousContext 0000000180009faa f   MSVCRT:MSVCR110.dll
 0001:00008fb0       ?terminate@@YAXXZ          0000000180009fb0 f   MSVCRT:MSVCR110.dll
 0001:00008fb6       ?_type_info_dtor_internal_method@type_info@@QEAAXXZ 0000000180009fb6 f   MSVCRT:MSVCR110.dll
 0001:00008fb6       ??1type_info@@UEAA@XZ      0000000180009fb6 f   MSVCRT:MSVCR110.dll
 0001:00008fbc       __clean_type_info_names_internal 0000000180009fbc f   MSVCRT:MSVCR110.dll
 0001:00008fc2       IsProcessorFeaturePresent  0000000180009fc2 f   kernel32:KERNEL32.dll
 0001:00008fc8       _CxxThrowException         0000000180009fc8 f   MSVCRT:MSVCR110.dll
 0001:00008fce       __CxxFrameHandler3         0000000180009fce f   MSVCRT:MSVCR110.dll
 0001:00008fd4       memset                     0000000180009fd4 f   MSVCRT:MSVCR110.dll
 0002:00000000       __imp_GlobalAlloc          000000018000b000     kernel32:KERNEL32.dll
 0002:00000008       __imp_GlobalReAlloc        000000018000b008     kernel32:KERNEL32.dll
 0002:00000010       __imp_DisableThreadLibraryCalls 000000018000b010     kernel32:KERNEL32.dll
 0002:00000018       __imp_GetSystemTimeAsFileTime 000000018000b018     kernel32:KERNEL32.dll
 0002:00000020       __imp_GetCurrentThreadId   000000018000b020     kernel32:KERNEL32.dll
 0002:00000028       __imp_GetCurrentProcessId  000000018000b028     kernel32:KERNEL32.dll
 0002:00000030       __imp_QueryPerformanceCounter 000000018000b030     kernel32:KERNEL32.dll
 0002:00000038       __imp_IsProcessorFeaturePresent 000000018000b038     kernel32:KERNEL32.dll
 0002:00000040       __imp_IsDebuggerPresent    000000018000b040     kernel32:KERNEL32.dll
 0002:00000048       __imp_DecodePointer        000000018000b048     kernel32:KERNEL32.dll
 0002:00000050       __imp_EncodePointer        000000018000b050     kernel32:KERNEL32.dll
 0002:00000058       __imp_GlobalFree           000000018000b058     kernel32:KERNEL32.dll
 0002:00000060       \177KERNEL32_NULL_THUNK_DATA 000000018000b060     kernel32:KERNEL32.dll
 0002:00000068       __imp_?_Throw_C_error@std@@YAXH@Z 000000018000b068     msvcprt:MSVCP110.dll
 0002:00000070       __imp__Mtx_lock            000000018000b070     msvcprt:MSVCP110.dll
 0002:00000078       __imp_?_Xbad_alloc@std@@YAXXZ 000000018000b078     msvcprt:MSVCP110.dll
 0002:00000080       __imp_?_Xout_of_range@std@@YAXPEBD@Z 000000018000b080     msvcprt:MSVCP110.dll
 0002:00000088       __imp_?_Xlength_error@std@@YAXPEBD@Z 000000018000b088     msvcprt:MSVCP110.dll
 0002:00000090       __imp__Mtx_destroy         000000018000b090     msvcprt:MSVCP110.dll
 0002:00000098       __imp__Mtx_init            000000018000b098     msvcprt:MSVCP110.dll
 0002:000000a0       __imp__Mtx_unlock          000000018000b0a0     msvcprt:MSVCP110.dll
 0002:000000a8       \177MSVCP110_NULL_THUNK_DATA 000000018000b0a8     msvcprt:MSVCP110.dll
 0002:000000b0       __imp_free                 000000018000b0b0     MSVCRT:MSVCR110.dll
 0002:000000b8       __imp__amsg_exit           000000018000b0b8     MSVCRT:MSVCR110.dll
 0002:000000c0       __imp___CppXcptFilter      000000018000b0c0     MSVCRT:MSVCR110.dll
 0002:000000c8       __imp_?_type_info_dtor_internal_method@type_info@@QEAAXXZ 000000018000b0c8     MSVCRT:MSVCR110.dll
 0002:000000d0       __imp___C_specific_handler 000000018000b0d0     MSVCRT:MSVCR110.dll
 0002:000000d8       __imp___dllonexit          000000018000b0d8     MSVCRT:MSVCR110.dll
 0002:000000e0       __imp__calloc_crt          000000018000b0e0     MSVCRT:MSVCR110.dll
 0002:000000e8       __imp__unlock              000000018000b0e8     MSVCRT:MSVCR110.dll
 0002:000000f0       __imp__malloc_crt          000000018000b0f0     MSVCRT:MSVCR110.dll
 0002:000000f8       __imp_memmove              000000018000b0f8     MSVCRT:MSVCR110.dll
 0002:00000100       __imp_?what@exception@std@@UEBAPEBDXZ 000000018000b100     MSVCRT:MSVCR110.dll
 0002:00000108       __imp_??2@YAPEAX_K@Z       000000018000b108     MSVCRT:MSVCR110.dll
 0002:00000110       __imp_??3@YAXPEAX@Z        000000018000b110     MSVCRT:MSVCR110.dll
 0002:00000118       __imp_??_V@YAXPEAX@Z       000000018000b118     MSVCRT:MSVCR110.dll
 0002:00000120       __imp_??0exception@std@@QEAA@AEBV01@@Z 000000018000b120     MSVCRT:MSVCR110.dll
 0002:00000128       __imp_??0exception@std@@QEAA@AEBQEBD@Z 000000018000b128     MSVCRT:MSVCR110.dll
 0002:00000130       __imp_??1exception@std@@UEAA@XZ 000000018000b130     MSVCRT:MSVCR110.dll
 0002:00000138       __imp__initterm            000000018000b138     MSVCRT:MSVCR110.dll
 0002:00000140       __imp__initterm_e          000000018000b140     MSVCRT:MSVCR110.dll
 0002:00000148       __imp___crt_debugger_hook  000000018000b148     MSVCRT:MSVCR110.dll
 0002:00000150       __imp___crtUnhandledException 000000018000b150     MSVCRT:MSVCR110.dll
 0002:00000158       __imp___crtTerminateProcess 000000018000b158     MSVCRT:MSVCR110.dll
 0002:00000160       __imp___crtCapturePreviousContext 000000018000b160     MSVCRT:MSVCR110.dll
 0002:00000168       __imp__lock                000000018000b168     MSVCRT:MSVCR110.dll
 0002:00000170       __imp_?terminate@@YAXXZ    000000018000b170     MSVCRT:MSVCR110.dll
 0002:00000178       __imp___clean_type_info_names_internal 000000018000b178     MSVCRT:MSVCR110.dll
 0002:00000180       __imp__CxxThrowException   000000018000b180     MSVCRT:MSVCR110.dll
 0002:00000188       __imp__onexit              000000018000b188     MSVCRT:MSVCR110.dll
 0002:00000190       __imp_memset               000000018000b190     MSVCRT:MSVCR110.dll
 0002:00000198       __imp___CxxFrameHandler3   000000018000b198     MSVCRT:MSVCR110.dll
 0002:000001a0       \177MSVCR110_NULL_THUNK_DATA 000000018000b1a0     MSVCRT:MSVCR110.dll
 0002:000001a8       __imp_?Holder@?$FunctionCallbackInfo@VValue@v8@@@v8@@QEBA?AV?$Local@VObject@v8@@@2@XZ 000000018000b1a8     v8-x64:v8-x64.dll
 0002:000001b0       __imp_??A?$FunctionCallbackInfo@VValue@v8@@@v8@@QEBA?AV?$Local@VValue@v8@@@1@H@Z 000000018000b1b0     v8-x64:v8-x64.dll
 0002:000001b8       __imp_?Length@?$FunctionCallbackInfo@VValue@v8@@@v8@@QEBAHXZ 000000018000b1b8     v8-x64:v8-x64.dll
 0002:000001c0       __imp_?Set@Template@v8@@QEAAXV?$Handle@VString@v8@@@2@V?$Handle@VData@v8@@@2@W4PropertyAttribute@2@@Z 000000018000b1c0     v8-x64:v8-x64.dll
 0002:000001c8       __imp_?NewInstance@Function@v8@@QEBA?AV?$Local@VObject@v8@@@2@HQEAV?$Handle@VValue@v8@@@2@@Z 000000018000b1c8     v8-x64:v8-x64.dll
 0002:000001d0       __imp_?Value@External@v8@@QEBAPEAXXZ 000000018000b1d0     v8-x64:v8-x64.dll
 0002:000001d8       __imp_?ThrowException@v8@@YA?AV?$Handle@VValue@v8@@@1@V21@@Z 000000018000b1d8     v8-x64:v8-x64.dll
 0002:000001e0       __imp_?ClearWeak@V8@v8@@CAXPEAPEAVObject@internal@2@@Z 000000018000b1e0     v8-x64:v8-x64.dll
 0002:000001e8       __imp_?MakeWeak@V8@v8@@CAXPEAPEAVObject@internal@2@PEAXP6AXPEAVIsolate@2@PEAV?$Persistent@VValue@v8@@@2@1@Z@Z 000000018000b1e8     v8-x64:v8-x64.dll
 0002:000001f0       __imp_?Int32Value@Value@v8@@QEBAHXZ 000000018000b1f0     v8-x64:v8-x64.dll
 0002:000001f8       __imp_?NumberValue@Value@v8@@QEBANXZ 000000018000b1f8     v8-x64:v8-x64.dll
 0002:00000200       __imp_?BooleanValue@Value@v8@@QEBA_NXZ 000000018000b200     v8-x64:v8-x64.dll
 0002:00000208       __imp_?IsRegExp@Value@v8@@QEBA_NXZ 000000018000b208     v8-x64:v8-x64.dll
 0002:00000210       __imp_?IsNativeError@Value@v8@@QEBA_NXZ 000000018000b210     v8-x64:v8-x64.dll
 0002:00000218       __imp_?IsStringObject@Value@v8@@QEBA_NXZ 000000018000b218     v8-x64:v8-x64.dll
 0002:00000220       __imp_?IsNumberObject@Value@v8@@QEBA_NXZ 000000018000b220     v8-x64:v8-x64.dll
 0002:00000228       __imp_?IsBooleanObject@Value@v8@@QEBA_NXZ 000000018000b228     v8-x64:v8-x64.dll
 0002:00000230       __imp_?IsDate@Value@v8@@QEBA_NXZ 000000018000b230     v8-x64:v8-x64.dll
 0002:00000238       __imp_?IsInt32@Value@v8@@QEBA_NXZ 000000018000b238     v8-x64:v8-x64.dll
 0002:00000240       __imp_?IsExternal@Value@v8@@QEBA_NXZ 000000018000b240     v8-x64:v8-x64.dll
 0002:00000248       __imp_?IsNumber@Value@v8@@QEBA_NXZ 000000018000b248     v8-x64:v8-x64.dll
 0002:00000250       __imp_?IsBoolean@Value@v8@@QEBA_NXZ 000000018000b250     v8-x64:v8-x64.dll
 0002:00000258       __imp_?IsFalse@Value@v8@@QEBA_NXZ 000000018000b258     v8-x64:v8-x64.dll
 0002:00000260       __imp_?IsTrue@Value@v8@@QEBA_NXZ 000000018000b260     v8-x64:v8-x64.dll
 0002:00000268       __imp_?CreateHandle@HandleScope@v8@@SAPEAPEAVObject@internal@2@PEAV342@@Z 000000018000b268     v8-x64:v8-x64.dll
 0002:00000270       __imp_?SlowGetInternalField@Object@v8@@AEAA?AV?$Local@VValue@v8@@@2@H@Z 000000018000b270     v8-x64:v8-x64.dll
 0002:00000278       __imp_?GetHiddenValue@Object@v8@@QEAA?AV?$Local@VValue@v8@@@2@V?$Handle@VString@v8@@@2@@Z 000000018000b278     v8-x64:v8-x64.dll
 0002:00000280       __imp_?Has@Object@v8@@QEAA_NV?$Handle@VValue@v8@@@2@@Z 000000018000b280     v8-x64:v8-x64.dll
 0002:00000288       __imp_?False@v8@@YA?AV?$Handle@VBoolean@v8@@@1@XZ 000000018000b288     v8-x64:v8-x64.dll
 0002:00000290       __imp_?SlowGetAlignedPointerFromInternalField@Object@v8@@AEAAPEAXH@Z 000000018000b290     v8-x64:v8-x64.dll
 0002:00000298       __imp_?IsConstructCall@?$FunctionCallbackInfo@VValue@v8@@@v8@@QEBA_NXZ 000000018000b298     v8-x64:v8-x64.dll
 0002:000002a0       __imp_?SetCallAsFunctionHandler@ObjectTemplate@v8@@QEAAXP6AXAEBV?$FunctionCallbackInfo@VValue@v8@@@2@@ZV?$Handle@VValue@v8@@@2@@Z 000000018000b2a0     v8-x64:v8-x64.dll
 0002:000002a8       __imp_?SetIndexedPropertyHandler@ObjectTemplate@v8@@QEAAXP6AXIAEBV?$PropertyCallbackInfo@VValue@v8@@@2@@ZP6AXIV?$Local@VValue@v8@@@2@0@ZP6AXIAEBV?$PropertyCallbackInfo@VInteger@v8@@@2@@ZP6AXIAEBV?$PropertyCallbackInfo@VBoolean@v8@@@2@@ZP6AXAEBV?$PropertyCallbackInfo@VArray@v8@@@2@@ZV?$Handle@VValue@v8@@@2@@Z 000000018000b2a8     v8-x64:v8-x64.dll
 0002:000002b0       __imp_?SetNamedPropertyHandler@ObjectTemplate@v8@@QEAAXP6AXV?$Local@VString@v8@@@2@AEBV?$PropertyCallbackInfo@VValue@v8@@@2@@ZP6AX0V?$Local@VValue@v8@@@2@1@ZP6AX0AEBV?$PropertyCallbackInfo@VInteger@v8@@@2@@ZP6AX0AEBV?$PropertyCallbackInfo@VBoolean@v8@@@2@@ZP6AXAEBV?$PropertyCallbackInfo@VArray@v8@@@2@@ZV?$Handle@VValue@v8@@@2@@Z 000000018000b2b0     v8-x64:v8-x64.dll
 0002:000002b8       __imp_?SetAccessor@ObjectTemplate@v8@@QEAAXV?$Handle@VString@v8@@@2@P6AXV?$Local@VString@v8@@@2@AEBV?$PropertyCallbackInfo@VValue@v8@@@2@@ZP6AX1V?$Local@VValue@v8@@@2@AEBV?$PropertyCallbackInfo@X@2@@ZV?$Handle@VValue@v8@@@2@W4AccessControl@2@W4PropertyAttribute@2@V?$Handle@VAccessorSignature@v8@@@2@@Z 000000018000b2b8     v8-x64:v8-x64.dll
 0002:000002c0       __imp_?NewInstance@ObjectTemplate@v8@@QEAA?AV?$Local@VObject@v8@@@2@XZ 000000018000b2c0     v8-x64:v8-x64.dll
 0002:000002c8       __imp_?New@ObjectTemplate@v8@@SA?AV?$Local@VObjectTemplate@v8@@@2@XZ 000000018000b2c8     v8-x64:v8-x64.dll
 0002:000002d0       __imp_?GetReturnValue@?$PropertyCallbackInfo@VValue@v8@@@v8@@QEBA?AV?$ReturnValue@VValue@v8@@@2@XZ 000000018000b2d0     v8-x64:v8-x64.dll
 0002:000002d8       __imp_?Holder@?$PropertyCallbackInfo@VValue@v8@@@v8@@QEBA?AV?$Local@VObject@v8@@@2@XZ 000000018000b2d8     v8-x64:v8-x64.dll
 0002:000002e0       __imp_?This@?$PropertyCallbackInfo@VValue@v8@@@v8@@QEBA?AV?$Local@VObject@v8@@@2@XZ 000000018000b2e0     v8-x64:v8-x64.dll
 0002:000002e8       __imp_?Data@?$PropertyCallbackInfo@VValue@v8@@@v8@@QEBA?AV?$Local@VValue@v8@@@2@XZ 000000018000b2e8     v8-x64:v8-x64.dll
 0002:000002f0       __imp_?GetIsolate@?$PropertyCallbackInfo@VValue@v8@@@v8@@QEBAPEAVIsolate@2@XZ 000000018000b2f0     v8-x64:v8-x64.dll
 0002:000002f8       __imp_?True@v8@@YA?AV?$Handle@VBoolean@v8@@@1@XZ 000000018000b2f8     v8-x64:v8-x64.dll
 0002:00000300       __imp_?Message@TryCatch@v8@@QEBA?AV?$Local@VMessage@v8@@@2@XZ 000000018000b300     v8-x64:v8-x64.dll
 0002:00000308       __imp_?StackTrace@TryCatch@v8@@QEBA?AV?$Local@VValue@v8@@@2@XZ 000000018000b308     v8-x64:v8-x64.dll
 0002:00000310       __imp_?Exception@TryCatch@v8@@QEBA?AV?$Local@VValue@v8@@@2@XZ 000000018000b310     v8-x64:v8-x64.dll
 0002:00000318       __imp_?HasCaught@TryCatch@v8@@QEBA_NXZ 000000018000b318     v8-x64:v8-x64.dll
 0002:00000320       __imp_??1TryCatch@v8@@QEAA@XZ 000000018000b320     v8-x64:v8-x64.dll
 0002:00000328       __imp_??0TryCatch@v8@@QEAA@XZ 000000018000b328     v8-x64:v8-x64.dll
 0002:00000330       __imp_?GetStartColumn@Message@v8@@QEBAHXZ 000000018000b330     v8-x64:v8-x64.dll
 0002:00000338       __imp_?GetLineNumber@Message@v8@@QEBAHXZ 000000018000b338     v8-x64:v8-x64.dll
 0002:00000340       __imp_?New@Context@v8@@SA?AV?$Local@VContext@v8@@@2@PEAVIsolate@2@PEAVExtensionConfiguration@2@V?$Handle@VObjectTemplate@v8@@@2@V?$Handle@VValue@v8@@@2@@Z 000000018000b340     v8-x64:v8-x64.dll
 0002:00000348       __imp_?Global@Context@v8@@QEAA?AV?$Local@VObject@v8@@@2@XZ 000000018000b348     v8-x64:v8-x64.dll
 0002:00000350       __imp_?Null@v8@@YA?AV?$Handle@VPrimitive@v8@@@1@XZ 000000018000b350     v8-x64:v8-x64.dll
 0002:00000358       __imp_?New@Date@v8@@SA?AV?$Local@VValue@v8@@@2@N@Z 000000018000b358     v8-x64:v8-x64.dll
 0002:00000360       __imp_?Run@Script@v8@@QEAA?AV?$Local@VValue@v8@@@2@XZ 000000018000b360     v8-x64:v8-x64.dll
 0002:00000368       __imp_?Compile@Script@v8@@SA?AV?$Local@VScript@v8@@@2@V?$Handle@VString@v8@@@2@V?$Handle@VValue@v8@@@2@0@Z 000000018000b368     v8-x64:v8-x64.dll
 0002:00000370       __imp_?Initialize@V8@v8@@SA_NXZ 000000018000b370     v8-x64:v8-x64.dll
 0002:00000378       __imp_?Equals@Value@v8@@QEBA_NV?$Handle@VValue@v8@@@2@@Z 000000018000b378     v8-x64:v8-x64.dll
 0002:00000380       __imp_?ToObject@Value@v8@@QEBA?AV?$Local@VObject@v8@@@2@XZ 000000018000b380     v8-x64:v8-x64.dll
 0002:00000388       __imp_?Concat@String@v8@@SA?AV?$Local@VString@v8@@@2@V?$Handle@VString@v8@@@2@0@Z 000000018000b388     v8-x64:v8-x64.dll
 0002:00000390       __imp_?Write@String@v8@@QEBAHPEAGHHH@Z 000000018000b390     v8-x64:v8-x64.dll
 0002:00000398       __imp_?Length@String@v8@@QEBAHXZ 000000018000b398     v8-x64:v8-x64.dll
 0002:000003a0       __imp_?New@Number@v8@@SA?AV?$Local@VNumber@v8@@@2@N@Z 000000018000b3a0     v8-x64:v8-x64.dll
 0002:000003a8       __imp_?New@Object@v8@@SA?AV?$Local@VObject@v8@@@2@XZ 000000018000b3a8     v8-x64:v8-x64.dll
 0002:000003b0       __imp_?Dispose@Isolate@v8@@QEAAXXZ 000000018000b3b0     v8-x64:v8-x64.dll
 0002:000003b8       __imp_?New@Isolate@v8@@SAPEAV12@XZ 000000018000b3b8     v8-x64:v8-x64.dll
 0002:000003c0       __imp_?Data@?$FunctionCallbackInfo@VValue@v8@@@v8@@QEBA?AV?$Local@VValue@v8@@@2@XZ 000000018000b3c0     v8-x64:v8-x64.dll
 0002:000003c8       __imp_?GetReturnValue@?$FunctionCallbackInfo@VValue@v8@@@v8@@QEBA?AV?$ReturnValue@VValue@v8@@@2@XZ 000000018000b3c8     v8-x64:v8-x64.dll
 0002:000003d0       __imp_?Error@Exception@v8@@SA?AV?$Local@VValue@v8@@@2@V?$Handle@VString@v8@@@2@@Z 000000018000b3d0     v8-x64:v8-x64.dll
 0002:000003d8       __imp_?New@FunctionTemplate@v8@@SA?AV?$Local@VFunctionTemplate@v8@@@2@P6AXAEBV?$FunctionCallbackInfo@VValue@v8@@@2@@ZV?$Handle@VValue@v8@@@2@V?$Handle@VSignature@v8@@@2@H@Z 000000018000b3d8     v8-x64:v8-x64.dll
 0002:000003e0       __imp_?GetFunction@FunctionTemplate@v8@@QEAA?AV?$Local@VFunction@v8@@@2@XZ 000000018000b3e0     v8-x64:v8-x64.dll
 0002:000003e8       __imp_?InstanceTemplate@FunctionTemplate@v8@@QEAA?AV?$Local@VObjectTemplate@v8@@@2@XZ 000000018000b3e8     v8-x64:v8-x64.dll
 0002:000003f0       __imp_?PrototypeTemplate@FunctionTemplate@v8@@QEAA?AV?$Local@VObjectTemplate@v8@@@2@XZ 000000018000b3f0     v8-x64:v8-x64.dll
 0002:000003f8       __imp_?SetClassName@FunctionTemplate@v8@@QEAAXV?$Handle@VString@v8@@@2@@Z 000000018000b3f8     v8-x64:v8-x64.dll
 0002:00000400       __imp_?ToString@Value@v8@@QEBA?AV?$Local@VString@v8@@@2@XZ 000000018000b400     v8-x64:v8-x64.dll
 0002:00000408       __imp_?GlobalizeReference@V8@v8@@CAPEAPEAVObject@internal@2@PEAVIsolate@42@PEAPEAV342@@Z 000000018000b408     v8-x64:v8-x64.dll
 0002:00000410       __imp_?DisposeGlobal@V8@v8@@CAXPEAPEAVObject@internal@2@@Z 000000018000b410     v8-x64:v8-x64.dll
 0002:00000418       __imp_??0Scope@Isolate@v8@@QEAA@PEAV12@@Z 000000018000b418     v8-x64:v8-x64.dll
 0002:00000420       __imp_??1Scope@Isolate@v8@@QEAA@XZ 000000018000b420     v8-x64:v8-x64.dll
 0002:00000428       __imp_?New@External@v8@@SA?AV?$Local@VExternal@v8@@@2@PEAX@Z 000000018000b428     v8-x64:v8-x64.dll
 0002:00000430       __imp_?GetCurrent@Isolate@v8@@SAPEAV12@XZ 000000018000b430     v8-x64:v8-x64.dll
 0002:00000438       __imp_?Call@Function@v8@@QEAA?AV?$Local@VValue@v8@@@2@V?$Handle@VObject@v8@@@2@HQEAV?$Handle@VValue@v8@@@2@@Z 000000018000b438     v8-x64:v8-x64.dll
 0002:00000440       __imp_?New@Integer@v8@@SA?AV?$Local@VInteger@v8@@@2@H@Z 000000018000b440     v8-x64:v8-x64.dll
 0002:00000448       __imp_?Set@Object@v8@@QEAA_NIV?$Handle@VValue@v8@@@2@@Z 000000018000b448     v8-x64:v8-x64.dll
 0002:00000450       __imp_?Set@Object@v8@@QEAA_NV?$Handle@VValue@v8@@@2@0W4PropertyAttribute@2@@Z 000000018000b450     v8-x64:v8-x64.dll
 0002:00000458       __imp_?Get@Object@v8@@QEAA?AV?$Local@VValue@v8@@@2@I@Z 000000018000b458     v8-x64:v8-x64.dll
 0002:00000460       __imp_?Get@Object@v8@@QEAA?AV?$Local@VValue@v8@@@2@V?$Handle@VValue@v8@@@2@@Z 000000018000b460     v8-x64:v8-x64.dll
 0002:00000468       __imp_?GetPropertyAttributes@Object@v8@@QEAA?AW4PropertyAttribute@2@V?$Handle@VValue@v8@@@2@@Z 000000018000b468     v8-x64:v8-x64.dll
 0002:00000470       __imp_?Delete@Object@v8@@QEAA_NI@Z 000000018000b470     v8-x64:v8-x64.dll
 0002:00000478       __imp_?Delete@Object@v8@@QEAA_NV?$Handle@VValue@v8@@@2@@Z 000000018000b478     v8-x64:v8-x64.dll
 0002:00000480       __imp_?SetAccessor@Object@v8@@QEAA_NV?$Handle@VString@v8@@@2@P6AXV?$Local@VString@v8@@@2@AEBV?$PropertyCallbackInfo@VValue@v8@@@2@@ZP6AX1V?$Local@VValue@v8@@@2@AEBV?$PropertyCallbackInfo@X@2@@ZV?$Handle@VValue@v8@@@2@W4AccessControl@2@W4PropertyAttribute@2@@Z 000000018000b480     v8-x64:v8-x64.dll
 0002:00000488       __imp_?GetPropertyNames@Object@v8@@QEAA?AV?$Local@VArray@v8@@@2@XZ 000000018000b488     v8-x64:v8-x64.dll
 0002:00000490       __imp_?GetOwnPropertyNames@Object@v8@@QEAA?AV?$Local@VArray@v8@@@2@XZ 000000018000b490     v8-x64:v8-x64.dll
 0002:00000498       __imp_?GetPrototype@Object@v8@@QEAA?AV?$Local@VValue@v8@@@2@XZ 000000018000b498     v8-x64:v8-x64.dll
 0002:000004a0       __imp_?InternalFieldCount@Object@v8@@QEAAHXZ 000000018000b4a0     v8-x64:v8-x64.dll
 0002:000004a8       __imp_?SetInternalField@Object@v8@@QEAAXHV?$Handle@VValue@v8@@@2@@Z 000000018000b4a8     v8-x64:v8-x64.dll
 0002:000004b0       __imp_?SetAlignedPointerInInternalField@Object@v8@@QEAAXHPEAX@Z 000000018000b4b0     v8-x64:v8-x64.dll
 0002:000004b8       __imp_?SetHiddenValue@Object@v8@@QEAA_NV?$Handle@VString@v8@@@2@V?$Handle@VValue@v8@@@2@@Z 000000018000b4b8     v8-x64:v8-x64.dll
 0002:000004c0       __imp_??0HandleScope@v8@@QEAA@XZ 000000018000b4c0     v8-x64:v8-x64.dll
 0002:000004c8       __imp_??1HandleScope@v8@@QEAA@XZ 000000018000b4c8     v8-x64:v8-x64.dll
 0002:000004d0       __imp_?Undefined@v8@@YA?AV?$Handle@VPrimitive@v8@@@1@XZ 000000018000b4d0     v8-x64:v8-x64.dll
 0002:000004d8       __imp_?Length@Array@v8@@QEBAIXZ 000000018000b4d8     v8-x64:v8-x64.dll
 0002:000004e0       __imp_?New@Array@v8@@SA?AV?$Local@VArray@v8@@@2@H@Z 000000018000b4e0     v8-x64:v8-x64.dll
 0002:000004e8       __imp_?NewFromUtf8@String@v8@@SA?AV?$Local@VString@v8@@@2@PEAVIsolate@2@PEBDW4NewStringType@12@H@Z 000000018000b4e8     v8-x64:v8-x64.dll
 0002:000004f0       __imp_?NewFromTwoByte@String@v8@@SA?AV?$Local@VString@v8@@@2@PEAVIsolate@2@PEBGW4NewStringType@12@H@Z 000000018000b4f0     v8-x64:v8-x64.dll
 0002:000004f8       __imp_?IsFunction@Value@v8@@QEBA_NXZ 000000018000b4f8     v8-x64:v8-x64.dll
 0002:00000500       __imp_?IsArray@Value@v8@@QEBA_NXZ 000000018000b500     v8-x64:v8-x64.dll
 0002:00000508       __imp_?IsObject@Value@v8@@QEBA_NXZ 000000018000b508     v8-x64:v8-x64.dll
 0002:00000510       __imp_?IdleNotification@V8@v8@@SA_NH@Z 000000018000b510     v8-x64:v8-x64.dll
 0002:00000518       __imp_?LowMemoryNotification@V8@v8@@SAXXZ 000000018000b518     v8-x64:v8-x64.dll
 0002:00000520       __imp_?Enter@Context@v8@@QEAAXXZ 000000018000b520     v8-x64:v8-x64.dll
 0002:00000528       __imp_?Exit@Context@v8@@QEAAXXZ 000000018000b528     v8-x64:v8-x64.dll
 0002:00000530       __imp_??1Locker@v8@@QEAA@XZ 000000018000b530     v8-x64:v8-x64.dll
 0002:00000538       __imp_?SetInternalFieldCount@ObjectTemplate@v8@@QEAAXH@Z 000000018000b538     v8-x64:v8-x64.dll
 0002:00000540       __imp_?Initialize@Locker@v8@@AEAAXPEAVIsolate@2@@Z 000000018000b540     v8-x64:v8-x64.dll
 0002:00000548       \177v8-x64_NULL_THUNK_DATA 000000018000b548     v8-x64:v8-x64.dll
 0002:00000550       __xc_a                     000000018000b550     MSVCRT:cinitexe.obj
 0002:00000560       __xc_z                     000000018000b560     MSVCRT:cinitexe.obj
 0002:00000568       __xi_a                     000000018000b568     MSVCRT:cinitexe.obj
 0002:00000580       __xi_z                     000000018000b580     MSVCRT:cinitexe.obj
 0002:000005d0       ??_7type_info@@6B@         000000018000b5d0     MSVCRT:ti_inst.obj
 0002:000005d8       _pDefaultRawDllMain        000000018000b5d8     MSVCRT:crtdll.obj
 0002:000005d8       _pRawDllMain               000000018000b5d8     MSVCRT:crtdll.obj
 0002:000005f0       ??_C@_0BL@OFLPLJAM@Not?5a?5valid?5script?5handle?4?$AA@ 000000018000b5f0     Exports.obj
 0002:00000610       ??_C@_0BA@MLFILMMN@ManagedObjectID?$AA@ 000000018000b610     Exports.obj
 0002:00000620       ??_C@_0CJ@MCOIAANP@The?5handle?5does?5not?5represent?5an@ 000000018000b620     Exports.obj
 0002:00000650       ??_C@_0EI@NBCEMGHA@Call?3?5The?5target?5instance?5handle@ 000000018000b650     Exports.obj
 0002:00000698       ??_C@_0DH@GEIHKHBI@Call?3?5The?5subject?5handle?5does?5no@ 000000018000b698     Exports.obj
 0002:000006d0       ??_C@_0DM@EFLNDFCL@Call?3?5The?5specified?5property?5doe@ 000000018000b6d0     Exports.obj
 0002:00000710       ??_C@_0DI@IBPEFPGB@Call?3?5The?5subject?5handle?5does?5no@ 000000018000b710     Exports.obj
 0002:00000748       ??_C@_0CP@MICEEFHB@The?5handle?5does?5not?5represent?5an@ 000000018000b748     Exports.obj
 0002:00000780       ??_C@_0EE@OBNIJAJP@?8Data?8?5points?5to?5an?5invalid?5obje@ 000000018000b780     Exports.obj
 0002:000007c8       ??_C@_0CB@PFDHPICG@?8args?4Data?$CI?$CJ?8?5is?5not?5recognized?4@ 000000018000b7c8     FunctionTemplateProxy.obj
 0002:000007f0       ??_C@_09JOONBBPD@$__TypeID?$AA@ 000000018000b7f0     HandleProxy.obj
 0002:00000800       ??_C@_08NKLFIIDP@$__Value?$AA@ 000000018000b800     HandleProxy.obj
 0002:0000080c       ??_C@_02PCIJFNDE@?$AN?6?$AA@ 000000018000b80c     V8EngineProxy.obj
 0002:00000810       ??_C@_08FIKDMAMC@?5?5Line?3?5?$AA@ 000000018000b810     V8EngineProxy.obj
 0002:00000820       ??_C@_0L@KCLHICAK@?5?5Column?3?5?$AA@ 000000018000b820     V8EngineProxy.obj
 0002:00000830       ??_C@_09FPDCPDGD@?5?5Stack?3?5?$AA@ 000000018000b830     V8EngineProxy.obj
 0002:0000083c       ??_C@_11LOCGONAA@?$AA?$AA@ 000000018000b83c     V8EngineProxy.obj
 0002:00000840       ??_C@_0BE@HBKMHPCH@Invalid?5error?5type?4?$AA@ 000000018000b840     V8EngineProxy.obj
 0002:00000858       ??_C@_0BM@NMJKDPPO@invalid?5vector?$DMT?$DO?5subscript?$AA@ 000000018000b858     V8EngineProxy.obj
 0002:00000878       ??_C@_0BG@EOMJEIFA@vector?$DMbool?$DO?5too?5long?$AA@ 000000018000b878     V8EngineProxy.obj
 0002:00000890       ??_C@_0BD@OLBABOEK@vector?$DMT?$DO?5too?5long?$AA@ 000000018000b890     V8EngineProxy.obj
 0002:000015d0       _load_config_used          000000018000c5d0     MSVCRT:loadcfg.obj
 0002:000016c0       ??_R4type_info@@6B@        000000018000c6c0     MSVCRT:ti_inst.obj
 0002:000016e8       ??_R3type_info@@8          000000018000c6e8     MSVCRT:ti_inst.obj
 0002:00001700       ??_R2type_info@@8          000000018000c700     MSVCRT:ti_inst.obj
 0002:00001710       ??_R1A@?0A@EA@type_info@@8 000000018000c710     MSVCRT:ti_inst.obj
 0002:00001738       __rtc_iaa                  000000018000c738     MSVCRT:initsect.obj
 0002:00001740       __rtc_izz                  000000018000c740     MSVCRT:initsect.obj
 0002:00001748       __rtc_taa                  000000018000c748     MSVCRT:initsect.obj
 0002:00001750       __rtc_tzz                  000000018000c750     MSVCRT:initsect.obj
 0002:00004320       _CT??_R0?AVexception@std@@@8??0exception@std@@QEAA@AEBV01@@Z24 000000018000f320     Exports.obj
 0002:00004348       _TI1?AVexception@std@@     000000018000f348     Exports.obj
 0002:00004368       _CTA1?AVexception@std@@    000000018000f368     Exports.obj
 0002:00004374       __IMPORT_DESCRIPTOR_v8-x64 000000018000f374     v8-x64:v8-x64.dll
 0002:00004388       __IMPORT_DESCRIPTOR_KERNEL32 000000018000f388     kernel32:KERNEL32.dll
 0002:0000439c       __IMPORT_DESCRIPTOR_MSVCP110 000000018000f39c     msvcprt:MSVCP110.dll
 0002:000043b0       __IMPORT_DESCRIPTOR_MSVCR110 000000018000f3b0     MSVCRT:MSVCR110.dll
 0002:000043c4       __NULL_IMPORT_DESCRIPTOR   000000018000f3c4     v8-x64:v8-x64.dll
 0003:00000000       ??_R0?AVtype_info@@@8      0000000180013000     MSVCRT:ti_inst.obj
 0003:00000020       __security_cookie          0000000180013020     MSVCRT:gs_cookie.obj
 0003:00000028       __security_cookie_complement 0000000180013028     MSVCRT:gs_cookie.obj
 0003:00000030       __native_dllmain_reason    0000000180013030     MSVCRT:natstart.obj
 0003:00000038       ??_R0?AVexception@std@@@8  0000000180013038     Exports.obj
 0003:0000005c       _fltused                   000000018001305c     MSVCRT:dllsupp.obj
 0003:000005e8       ?__type_info_root_node@@3U__type_info_node@@A 00000001800135e8     MSVCRT:tncleanup.obj
 0003:000005fc       ?_NextEngineID@V8EngineProxy@@1HA 00000001800135fc     V8EngineProxy.obj
 0003:00000618       ?_DisposedEngines@V8EngineProxy@@1V?$vector@_NV?$allocator@_N@std@@@std@@A 0000000180013618     V8EngineProxy.obj
 0003:00000640       __native_startup_lock      0000000180013640     <common>
 0003:00000648       __native_startup_state     0000000180013648     <common>
 0003:00000650       __dyn_tls_init_callback    0000000180013650     <common>
 0003:00000658       __onexitend                0000000180013658     <common>
 0003:00000660       __onexitbegin              0000000180013660     <common>

 entry point at        0001:00008a08

 Static symbols

 0000:fffe9000       .debug$S                   0000000180000000     MSVCRT:MSVCR110.dll
 0000:fffe9000       .debug$S                   0000000180000000     v8-x64:v8-x64.dll
 0000:fffe9000       .debug$S                   0000000180000000     v8-x64:v8-x64.dll
 0000:fffe9000       .debug$S                   0000000180000000     v8-x64:v8-x64.dll
 0000:fffe9000       .debug$S                   0000000180000000     v8-x64:v8-x64.dll
 0000:fffe9000       .debug$S                   0000000180000000     v8-x64:v8-x64.dll
 0000:fffe9000       .debug$S                   0000000180000000     v8-x64:v8-x64.dll
 0000:fffe9000       .debug$S                   0000000180000000     v8-x64:v8-x64.dll
 0000:fffe9000       .debug$S                   0000000180000000     v8-x64:v8-x64.dll
 0000:fffe9000       .debug$S                   0000000180000000     v8-x64:v8-x64.dll
 0000:fffe9000       .debug$S                   0000000180000000     v8-x64:v8-x64.dll
 0000:fffe9000       .debug$S                   0000000180000000     v8-x64:v8-x64.dll
 0000:fffe9000       .debug$S                   0000000180000000     v8-x64:v8-x64.dll
 0000:fffe9000       .debug$S                   0000000180000000     v8-x64:v8-x64.dll
 0000:fffe9000       .debug$S                   0000000180000000     v8-x64:v8-x64.dll
 0000:fffe9000       .debug$S                   0000000180000000     v8-x64:v8-x64.dll
 0000:fffe9000       .debug$S                   0000000180000000     v8-x64:v8-x64.dll
 0000:fffe9000       .debug$S                   0000000180000000     v8-x64:v8-x64.dll
 0000:fffe9000       .debug$S                   0000000180000000     v8-x64:v8-x64.dll
 0000:fffe9000       .debug$S                   0000000180000000     v8-x64:v8-x64.dll
 0000:fffe9000       .debug$S                   0000000180000000     kernel32:KERNEL32.dll
 0000:fffe9000       .debug$S                   0000000180000000     kernel32:KERNEL32.dll
 0000:fffe9000       .debug$S                   0000000180000000     kernel32:KERNEL32.dll
 0000:fffe9000       .debug$S                   0000000180000000     kernel32:KERNEL32.dll
 0000:fffe9000       .debug$S                   0000000180000000     kernel32:KERNEL32.dll
 0000:fffe9000       .debug$S                   0000000180000000     v8-x64:v8-x64.dll
 0000:fffe9000       .debug$S                   0000000180000000     v8-x64:v8-x64.dll
 0000:fffe9000       .debug$S                   0000000180000000     kernel32:KERNEL32.dll
 0000:fffe9000       .debug$S                   0000000180000000     v8-x64:v8-x64.dll
 0000:fffe9000       .debug$S                   0000000180000000     v8-x64:v8-x64.dll
 0000:fffe9000       .debug$S                   0000000180000000     v8-x64:v8-x64.dll
 0000:fffe9000       .debug$S                   0000000180000000     kernel32:KERNEL32.dll
 0000:fffe9000       .debug$S                   0000000180000000     v8-x64:v8-x64.dll
 0000:fffe9000       .debug$S                   0000000180000000     kernel32:KERNEL32.dll
 0000:fffe9000       .debug$S                   0000000180000000     v8-x64:v8-x64.dll
 0000:fffe9000       .debug$S                   0000000180000000     kernel32:KERNEL32.dll
 0000:fffe9000       .debug$S                   0000000180000000     v8-x64:v8-x64.dll
 0000:fffe9000       .debug$S                   0000000180000000     kernel32:KERNEL32.dll
 0000:fffe9000       .debug$S                   0000000180000000     v8-x64:v8-x64.dll
 0000:fffe9000       .debug$S                   0000000180000000     kernel32:KERNEL32.dll
 0000:fffe9000       .debug$S                   0000000180000000     v8-x64:v8-x64.dll
 0000:fffe9000       .debug$S                   0000000180000000     kernel32:KERNEL32.dll
 0000:fffe9000       .debug$S                   0000000180000000     v8-x64:v8-x64.dll
 0000:fffe9000       .debug$S                   0000000180000000     msvcprt:MSVCP110.dll
 0000:fffe9000       .debug$S                   0000000180000000     v8-x64:v8-x64.dll
 0000:fffe9000       .debug$S                   0000000180000000     msvcprt:MSVCP110.dll
 0000:fffe9000       .debug$S                   0000000180000000     v8-x64:v8-x64.dll
 0000:fffe9000       .debug$S                   0000000180000000     msvcprt:MSVCP110.dll
 0000:fffe9000       .debug$S                   0000000180000000     msvcprt:MSVCP110.dll
 0000:fffe9000       .debug$S                   0000000180000000     msvcprt:MSVCP110.dll
 0000:fffe9000       .debug$S                   0000000180000000     msvcprt:MSVCP110.dll
 0000:fffe9000       .debug$S                   0000000180000000     v8-x64:v8-x64.dll
 0000:fffe9000       .debug$S                   0000000180000000     v8-x64:v8-x64.dll
 0000:fffe9000       .debug$S                   0000000180000000     msvcprt:MSVCP110.dll
 0000:fffe9000       .debug$S                   0000000180000000     v8-x64:v8-x64.dll
 0000:fffe9000       .debug$S                   0000000180000000     v8-x64:v8-x64.dll
 0000:fffe9000       .debug$S                   0000000180000000     v8-x64:v8-x64.dll
 0000:fffe9000       .debug$S                   0000000180000000     msvcprt:MSVCP110.dll
 0000:fffe9000       .debug$S                   0000000180000000     v8-x64:v8-x64.dll
 0000:fffe9000       .debug$S                   0000000180000000     v8-x64:v8-x64.dll
 0000:fffe9000       .debug$S                   0000000180000000     v8-x64:v8-x64.dll
 0000:fffe9000       .debug$S                   0000000180000000     msvcprt:MSVCP110.dll
 0000:fffe9000       .debug$S                   0000000180000000     v8-x64:v8-x64.dll
 0000:fffe9000       .debug$S                   0000000180000000     v8-x64:v8-x64.dll
 0000:fffe9000       .debug$S                   0000000180000000     v8-x64:v8-x64.dll
 0000:fffe9000       .debug$S                   0000000180000000     v8-x64:v8-x64.dll
 0000:fffe9000       .debug$S                   0000000180000000     v8-x64:v8-x64.dll
 0000:fffe9000       .debug$S                   0000000180000000     v8-x64:v8-x64.dll
 0000:fffe9000       .debug$S                   0000000180000000     v8-x64:v8-x64.dll
 0000:fffe9000       .debug$S                   0000000180000000     v8-x64:v8-x64.dll
 0000:fffe9000       .debug$S                   0000000180000000     v8-x64:v8-x64.dll
 0000:fffe9000       .debug$S                   0000000180000000     v8-x64:v8-x64.dll
 0000:fffe9000       .debug$S                   0000000180000000     v8-x64:v8-x64.dll
 0000:fffe9000       .debug$S                   0000000180000000     v8-x64:v8-x64.dll
 0000:fffe9000       .debug$S                   0000000180000000     v8-x64:v8-x64.dll
 0000:fffe9000       .debug$S                   0000000180000000     v8-x64:v8-x64.dll
 0000:fffe9000       .debug$S                   0000000180000000     v8-x64:v8-x64.dll
 0000:fffe9000       .debug$S                   0000000180000000     v8-x64:v8-x64.dll
 0000:fffe9000       .debug$S                   0000000180000000     v8-x64:v8-x64.dll
 0000:fffe9000       .debug$S                   0000000180000000     v8-x64:v8-x64.dll
 0000:fffe9000       .debug$S                   0000000180000000     v8-x64:v8-x64.dll
 0000:fffe9000       .debug$S                   0000000180000000     v8-x64:v8-x64.dll
 0000:fffe9000       .debug$S                   0000000180000000     v8-x64:v8-x64.dll
 0000:fffe9000       .debug$S                   0000000180000000     v8-x64:v8-x64.dll
 0000:fffe9000       .debug$S                   0000000180000000     v8-x64:v8-x64.dll
 0000:fffe9000       .debug$S                   0000000180000000     v8-x64:v8-x64.dll
 0000:fffe9000       .debug$S                   0000000180000000     v8-x64:v8-x64.dll
 0000:fffe9000       .debug$S                   0000000180000000     v8-x64:v8-x64.dll
 0000:fffe9000       .debug$S                   0000000180000000     v8-x64:v8-x64.dll
 0000:fffe9000       .debug$S                   0000000180000000     v8-x64:v8-x64.dll
 0000:fffe9000       .debug$S                   0000000180000000     v8-x64:v8-x64.dll
 0000:fffe9000       .debug$S                   0000000180000000     v8-x64:v8-x64.dll
 0000:fffe9000       .debug$S                   0000000180000000     MSVCRT:MSVCR110.dll
 0000:fffe9000       .debug$S                   0000000180000000     MSVCRT:MSVCR110.dll
 0000:fffe9000       .debug$S                   0000000180000000     v8-x64:v8-x64.dll
 0000:fffe9000       .debug$S                   0000000180000000     v8-x64:v8-x64.dll
 0000:fffe9000       .debug$S                   0000000180000000     MSVCRT:MSVCR110.dll
 0000:fffe9000       .debug$S                   0000000180000000     v8-x64:v8-x64.dll
 0000:fffe9000       .debug$S                   0000000180000000     v8-x64:v8-x64.dll
 0000:fffe9000       .debug$S                   0000000180000000     MSVCRT:MSVCR110.dll
 0000:fffe9000       .debug$S                   0000000180000000     v8-x64:v8-x64.dll
 0000:fffe9000       .debug$S                   0000000180000000     v8-x64:v8-x64.dll
 0000:fffe9000       .debug$S                   0000000180000000     v8-x64:v8-x64.dll
 0000:fffe9000       .debug$S                   0000000180000000     MSVCRT:MSVCR110.dll
 0000:fffe9000       .debug$S                   0000000180000000     v8-x64:v8-x64.dll
 0000:fffe9000       .debug$S                   0000000180000000     v8-x64:v8-x64.dll
 0000:fffe9000       .debug$S                   0000000180000000     v8-x64:v8-x64.dll
 0000:fffe9000       .debug$S                   0000000180000000     MSVCRT:MSVCR110.dll
 0000:fffe9000       .debug$S                   0000000180000000     v8-x64:v8-x64.dll
 0000:fffe9000       .debug$S                   0000000180000000     v8-x64:v8-x64.dll
 0000:fffe9000       .debug$S                   0000000180000000     MSVCRT:MSVCR110.dll
 0000:fffe9000       .debug$S                   0000000180000000     v8-x64:v8-x64.dll
 0000:fffe9000       .debug$S                   0000000180000000     v8-x64:v8-x64.dll
 0000:fffe9000       .debug$S                   0000000180000000     v8-x64:v8-x64.dll
 0000:fffe9000       .debug$S                   0000000180000000     MSVCRT:MSVCR110.dll
 0000:fffe9000       .debug$S                   0000000180000000     v8-x64:v8-x64.dll
 0000:fffe9000       .debug$S                   0000000180000000     v8-x64:v8-x64.dll
 0000:fffe9000       .debug$S                   0000000180000000     v8-x64:v8-x64.dll
 0000:fffe9000       .debug$S                   0000000180000000     MSVCRT:MSVCR110.dll
 0000:fffe9000       .debug$S                   0000000180000000     v8-x64:v8-x64.dll
 0000:fffe9000       .debug$S                   0000000180000000     v8-x64:v8-x64.dll
 0000:fffe9000       .debug$S                   0000000180000000     MSVCRT:MSVCR110.dll
 0000:fffe9000       .debug$S                   0000000180000000     v8-x64:v8-x64.dll
 0000:fffe9000       .debug$S                   0000000180000000     v8-x64:v8-x64.dll
 0000:fffe9000       .debug$S                   0000000180000000     v8-x64:v8-x64.dll
 0000:fffe9000       .debug$S                   0000000180000000     MSVCRT:MSVCR110.dll
 0000:fffe9000       .debug$S                   0000000180000000     v8-x64:v8-x64.dll
 0000:fffe9000       .debug$S                   0000000180000000     v8-x64:v8-x64.dll
 0000:fffe9000       .debug$S                   0000000180000000     v8-x64:v8-x64.dll
 0000:fffe9000       .debug$S                   0000000180000000     MSVCRT:MSVCR110.dll
 0000:fffe9000       .debug$S                   0000000180000000     v8-x64:v8-x64.dll
 0000:fffe9000       .debug$S                   0000000180000000     v8-x64:v8-x64.dll
 0000:fffe9000       .debug$S                   0000000180000000     v8-x64:v8-x64.dll
 0000:fffe9000       .debug$S                   0000000180000000     MSVCRT:MSVCR110.dll
 0000:fffe9000       .debug$S                   0000000180000000     v8-x64:v8-x64.dll
 0000:fffe9000       .debug$S                   0000000180000000     v8-x64:v8-x64.dll
 0000:fffe9000       .debug$S                   0000000180000000     MSVCRT:MSVCR110.dll
 0000:fffe9000       .debug$S                   0000000180000000     v8-x64:v8-x64.dll
 0000:fffe9000       .debug$S                   0000000180000000     v8-x64:v8-x64.dll
 0000:fffe9000       .debug$S                   0000000180000000     v8-x64:v8-x64.dll
 0000:fffe9000       .debug$S                   0000000180000000     MSVCRT:MSVCR110.dll
 0000:fffe9000       .debug$S                   0000000180000000     v8-x64:v8-x64.dll
 0000:fffe9000       .debug$S                   0000000180000000     v8-x64:v8-x64.dll
 0000:fffe9000       .debug$S                   0000000180000000     v8-x64:v8-x64.dll
 0000:fffe9000       .debug$S                   0000000180000000     MSVCRT:MSVCR110.dll
 0000:fffe9000       .debug$S                   0000000180000000     v8-x64:v8-x64.dll
 0000:fffe9000       .debug$S                   0000000180000000     v8-x64:v8-x64.dll
 0000:fffe9000       .debug$S                   0000000180000000     MSVCRT:MSVCR110.dll
 0000:fffe9000       .debug$S                   0000000180000000     v8-x64:v8-x64.dll
 0000:fffe9000       .debug$S                   0000000180000000     v8-x64:v8-x64.dll
 0000:fffe9000       .debug$S                   0000000180000000     v8-x64:v8-x64.dll
 0000:fffe9000       .debug$S                   0000000180000000     MSVCRT:MSVCR110.dll
 0000:fffe9000       .debug$S                   0000000180000000     v8-x64:v8-x64.dll
 0000:fffe9000       .debug$S                   0000000180000000     v8-x64:v8-x64.dll
 0000:fffe9000       .debug$S                   0000000180000000     v8-x64:v8-x64.dll
 0000:fffe9000       .debug$S                   0000000180000000     MSVCRT:MSVCR110.dll
 0000:fffe9000       .debug$S                   0000000180000000     v8-x64:v8-x64.dll
 0000:fffe9000       .debug$S                   0000000180000000     v8-x64:v8-x64.dll
 0000:fffe9000       .debug$S                   0000000180000000     MSVCRT:MSVCR110.dll
 0000:fffe9000       .debug$S                   0000000180000000     v8-x64:v8-x64.dll
 0000:fffe9000       .debug$S                   0000000180000000     v8-x64:v8-x64.dll
 0000:fffe9000       .debug$S                   0000000180000000     v8-x64:v8-x64.dll
 0000:fffe9000       .debug$S                   0000000180000000     MSVCRT:MSVCR110.dll
 0000:fffe9000       .debug$S                   0000000180000000     v8-x64:v8-x64.dll
 0000:fffe9000       .debug$S                   0000000180000000     v8-x64:v8-x64.dll
 0000:fffe9000       .debug$S                   0000000180000000     v8-x64:v8-x64.dll
 0000:fffe9000       .debug$S                   0000000180000000     MSVCRT:MSVCR110.dll
 0000:fffe9000       .debug$S                   0000000180000000     v8-x64:v8-x64.dll
 0000:fffe9000       .debug$S                   0000000180000000     v8-x64:v8-x64.dll
 0000:fffe9000       .debug$S                   0000000180000000     MSVCRT:MSVCR110.dll
 0000:fffe9000       .debug$S                   0000000180000000     v8-x64:v8-x64.dll
 0000:fffe9000       .debug$S                   0000000180000000     v8-x64:v8-x64.dll
 0000:fffe9000       .debug$S                   0000000180000000     v8-x64:v8-x64.dll
 0000:fffe9000       .debug$S                   0000000180000000     MSVCRT:MSVCR110.dll
 0000:fffe9000       .debug$S                   0000000180000000     v8-x64:v8-x64.dll
 0000:fffe9000       .debug$S                   0000000180000000     v8-x64:v8-x64.dll
 0000:fffe9000       .debug$S                   0000000180000000     v8-x64:v8-x64.dll
 0000:fffe9000       .debug$S                   0000000180000000     MSVCRT:MSVCR110.dll
 0000:fffe9000       .debug$S                   0000000180000000     v8-x64:v8-x64.dll
 0000:fffe9000       .debug$S                   0000000180000000     MSVCRT:MSVCR110.dll
 0000:fffe9000       .debug$S                   0000000180000000     v8-x64:v8-x64.dll
 0000:fffe9000       .debug$S                   0000000180000000     MSVCRT:MSVCR110.dll
 0000:fffe9000       .debug$S                   0000000180000000     v8-x64:v8-x64.dll
 0000:fffe9000       .debug$S                   0000000180000000     MSVCRT:MSVCR110.dll
 0000:fffe9000       .debug$S                   0000000180000000     v8-x64:v8-x64.dll
 0000:fffe9000       .debug$S                   0000000180000000     MSVCRT:MSVCR110.dll
 0000:fffe9000       .debug$S                   0000000180000000     MSVCRT:MSVCR110.dll
 0000:fffe9000       .debug$S                   0000000180000000     v8-x64:v8-x64.dll
 0001:000040d0       $LN91                      00000001800050d0     * CIL library *:* CIL module *
 0001:00008590       $$000000                   0000000180009590     MSVCRT:amdsecgs.obj
 0001:0000875c       pre_c_init                 000000018000975c f   MSVCRT:crtdll.obj
 0001:00008a48       __DllMainCRTStartup        0000000180009a48 f   MSVCRT:crtdll.obj
 0001:00008fe0       _onexit$fin$0              0000000180009fe0 f   MSVCRT:atonexit.obj
 0001:00008ffb       __DllMainCRTStartup$filt$0 0000000180009ffb f   MSVCRT:crtdll.obj
 0001:00009020       __DllMainCRTStartup$fin$1  000000018000a020 f   MSVCRT:crtdll.obj
 0001:0000903a       ?fin$0@?0???_M@YAXPEAX_KHP6AX0@Z@Z@4HA 000000018000a03a f   MSVCRT:ehvecdtr.obj
 0001:00009066       ?filt$0@?0??__ArrayUnwind@@YAXPEAX_KHP6AX0@Z@Z@4HA 000000018000a066 f   MSVCRT:ehvecdtr.obj
 0001:000090b0       _IsNonwritableInCurrentImage$filt$0 000000018000a0b0 f   MSVCRT:pesect.obj
 0001:000090d0       Call$dtor$0                000000018000a0d0 f   * CIL library *:* CIL module *
 0001:000090de       Call$dtor$1                000000018000a0de f   * CIL library *:* CIL module *
 0001:000090ec       Call$dtor$2                000000018000a0ec f   * CIL library *:* CIL module *
 0001:000090fa       Call$dtor$3                000000018000a0fa f   * CIL library *:* CIL module *
 0001:00009106       Call$dtor$4                000000018000a106 f   * CIL library *:* CIL module *
 0001:00009120       ConnectObject$dtor$0       000000018000a120 f   * CIL library *:* CIL module *
 0001:0000912e       ConnectObject$dtor$1       000000018000a12e f   * CIL library *:* CIL module *
 0001:0000913c       ConnectObject$dtor$2       000000018000a13c f   * CIL library *:* CIL module *
 0001:0000914a       ConnectObject$dtor$3       000000018000a14a f   * CIL library *:* CIL module *
 0001:00009160       V8Compile$dtor$0           000000018000a160 f   * CIL library *:* CIL module *
 0001:00009160       CreateArray$dtor$0         000000018000a160 f   * CIL library *:* CIL module *
 0001:00009160       CreateError$dtor$0         000000018000a160 f   * CIL library *:* CIL module *
 0001:00009160       CreateStringArray$dtor$0   000000018000a160 f   * CIL library *:* CIL module *
 0001:00009160       V8Execute$dtor$0           000000018000a160 f   * CIL library *:* CIL module *
 0001:0000916e       V8Execute$dtor$1           000000018000a16e f   * CIL library *:* CIL module *
 0001:0000916e       CreateArray$dtor$1         000000018000a16e f   * CIL library *:* CIL module *
 0001:0000916e       CreateStringArray$dtor$1   000000018000a16e f   * CIL library *:* CIL module *
 0001:0000916e       CreateError$dtor$1         000000018000a16e f   * CIL library *:* CIL module *
 0001:0000916e       V8Compile$dtor$1           000000018000a16e f   * CIL library *:* CIL module *
 0001:0000917c       CreateError$dtor$2         000000018000a17c f   * CIL library *:* CIL module *
 0001:0000917c       V8Compile$dtor$2           000000018000a17c f   * CIL library *:* CIL module *
 0001:0000917c       CreateArray$dtor$2         000000018000a17c f   * CIL library *:* CIL module *
 0001:0000917c       V8Execute$dtor$2           000000018000a17c f   * CIL library *:* CIL module *
 0001:0000917c       CreateStringArray$dtor$2   000000018000a17c f   * CIL library *:* CIL module *
 0001:0000918a       CreateStringArray$dtor$3   000000018000a18a f   * CIL library *:* CIL module *
 0001:0000918a       V8Compile$dtor$3           000000018000a18a f   * CIL library *:* CIL module *
 0001:0000918a       CreateArray$dtor$3         000000018000a18a f   * CIL library *:* CIL module *
 0001:0000918a       CreateError$dtor$3         000000018000a18a f   * CIL library *:* CIL module *
 0001:0000918a       V8Execute$dtor$3           000000018000a18a f   * CIL library *:* CIL module *
 0001:000091a0       CreateBoolean$dtor$0       000000018000a1a0 f   * CIL library *:* CIL module *
 0001:000091ae       CreateBoolean$dtor$1       000000018000a1ae f   * CIL library *:* CIL module *
 0001:000091bc       CreateBoolean$dtor$2       000000018000a1bc f   * CIL library *:* CIL module *
 0001:000091ca       CreateBoolean$dtor$3       000000018000a1ca f   * CIL library *:* CIL module *
 0001:000091e0       CreateFunctionInstance$dtor$0 000000018000a1e0 f   * CIL library *:* CIL module *
 0001:000091ee       CreateFunctionInstance$dtor$1 000000018000a1ee f   * CIL library *:* CIL module *
 0001:000091fc       CreateFunctionInstance$dtor$2 000000018000a1fc f   * CIL library *:* CIL module *
 0001:0000920a       CreateFunctionInstance$dtor$3 000000018000a20a f   * CIL library *:* CIL module *
 0001:00009220       CreateFunctionTemplateProxy$dtor$0 000000018000a220 f   * CIL library *:* CIL module *
 0001:0000922e       CreateFunctionTemplateProxy$dtor$1 000000018000a22e f   * CIL library *:* CIL module *
 0001:0000923c       CreateFunctionTemplateProxy$dtor$2 000000018000a23c f   * CIL library *:* CIL module *
 0001:0000924a       CreateFunctionTemplateProxy$dtor$3 000000018000a24a f   * CIL library *:* CIL module *
 0001:00009260       CreateDate$dtor$0          000000018000a260 f   * CIL library *:* CIL module *
 0001:00009260       CreateNumber$dtor$0        000000018000a260 f   * CIL library *:* CIL module *
 0001:00009260       CreateInteger$dtor$0       000000018000a260 f   * CIL library *:* CIL module *
 0001:00009260       CreateObject$dtor$0        000000018000a260 f   * CIL library *:* CIL module *
 0001:0000926e       CreateObject$dtor$1        000000018000a26e f   * CIL library *:* CIL module *
 0001:0000926e       CreateNumber$dtor$1        000000018000a26e f   * CIL library *:* CIL module *
 0001:0000926e       CreateInteger$dtor$1       000000018000a26e f   * CIL library *:* CIL module *
 0001:0000926e       CreateDate$dtor$1          000000018000a26e f   * CIL library *:* CIL module *
 0001:0000927c       CreateObject$dtor$2        000000018000a27c f   * CIL library *:* CIL module *
 0001:0000927c       CreateNumber$dtor$2        000000018000a27c f   * CIL library *:* CIL module *
 0001:0000927c       CreateDate$dtor$2          000000018000a27c f   * CIL library *:* CIL module *
 0001:0000927c       CreateInteger$dtor$2       000000018000a27c f   * CIL library *:* CIL module *
 0001:0000928a       CreateInteger$dtor$3       000000018000a28a f   * CIL library *:* CIL module *
 0001:0000928a       CreateDate$dtor$3          000000018000a28a f   * CIL library *:* CIL module *
 0001:0000928a       CreateNumber$dtor$3        000000018000a28a f   * CIL library *:* CIL module *
 0001:0000928a       CreateObject$dtor$3        000000018000a28a f   * CIL library *:* CIL module *
 0001:000092a0       CreateObjectFromTemplate$dtor$0 000000018000a2a0 f   * CIL library *:* CIL module *
 0001:000092ae       CreateObjectFromTemplate$dtor$1 000000018000a2ae f   * CIL library *:* CIL module *
 0001:000092bc       CreateObjectFromTemplate$dtor$2 000000018000a2bc f   * CIL library *:* CIL module *
 0001:000092ca       CreateObjectFromTemplate$dtor$3 000000018000a2ca f   * CIL library *:* CIL module *
 0001:000092e0       CreateObjectTemplateProxy$dtor$0 000000018000a2e0 f   * CIL library *:* CIL module *
 0001:000092ee       CreateObjectTemplateProxy$dtor$1 000000018000a2ee f   * CIL library *:* CIL module *
 0001:000092fc       CreateObjectTemplateProxy$dtor$2 000000018000a2fc f   * CIL library *:* CIL module *
 0001:0000930a       CreateObjectTemplateProxy$dtor$3 000000018000a30a f   * CIL library *:* CIL module *
 0001:00009320       CreateString$dtor$0        000000018000a320 f   * CIL library *:* CIL module *
 0001:0000932e       CreateString$dtor$1        000000018000a32e f   * CIL library *:* CIL module *
 0001:0000933c       CreateString$dtor$2        000000018000a33c f   * CIL library *:* CIL module *
 0001:0000934a       CreateString$dtor$3        000000018000a34a f   * CIL library *:* CIL module *
 0001:00009360       CreateV8EngineProxy$dtor$0 000000018000a360 f   * CIL library *:* CIL module *
 0001:00009370       GetObjectPropertyByIndex$dtor$0 000000018000a370 f   * CIL library *:* CIL module *
 0001:00009370       DeleteObjectPropertyByIndex$dtor$0 000000018000a370 f   * CIL library *:* CIL module *
 0001:0000937e       GetObjectPropertyByIndex$dtor$1 000000018000a37e f   * CIL library *:* CIL module *
 0001:0000937e       DeleteObjectPropertyByIndex$dtor$1 000000018000a37e f   * CIL library *:* CIL module *
 0001:0000938c       GetObjectPropertyByIndex$dtor$2 000000018000a38c f   * CIL library *:* CIL module *
 0001:0000938c       DeleteObjectPropertyByIndex$dtor$2 000000018000a38c f   * CIL library *:* CIL module *
 0001:0000939a       GetObjectPropertyByIndex$dtor$3 000000018000a39a f   * CIL library *:* CIL module *
 0001:0000939a       DeleteObjectPropertyByIndex$dtor$3 000000018000a39a f   * CIL library *:* CIL module *
 0001:000093b0       DeleteFunctionTemplateProxy$dtor$0 000000018000a3b0 f   * CIL library *:* CIL module *
 0001:000093b0       SetGlobalObjectTemplate$dtor$0 000000018000a3b0 f   * CIL library *:* CIL module *
 0001:000093b0       RegisterInvokeHandler$dtor$0 000000018000a3b0 f   * CIL library *:* CIL module *
 0001:000093b0       DeleteObjectTemplateProxy$dtor$0 000000018000a3b0 f   * CIL library *:* CIL module *
 0001:000093be       DeleteObjectTemplateProxy$dtor$1 000000018000a3be f   * CIL library *:* CIL module *
 0001:000093be       SetGlobalObjectTemplate$dtor$1 000000018000a3be f   * CIL library *:* CIL module *
 0001:000093be       RegisterInvokeHandler$dtor$1 000000018000a3be f   * CIL library *:* CIL module *
 0001:000093be       DeleteFunctionTemplateProxy$dtor$1 000000018000a3be f   * CIL library *:* CIL module *
 0001:000093cc       SetGlobalObjectTemplate$dtor$2 000000018000a3cc f   * CIL library *:* CIL module *
 0001:000093cc       RegisterInvokeHandler$dtor$2 000000018000a3cc f   * CIL library *:* CIL module *
 0001:000093cc       DeleteFunctionTemplateProxy$dtor$2 000000018000a3cc f   * CIL library *:* CIL module *
 0001:000093cc       DeleteObjectTemplateProxy$dtor$2 000000018000a3cc f   * CIL library *:* CIL module *
 0001:000093e0       DoIdleNotification$dtor$0  000000018000a3e0 f   * CIL library *:* CIL module *
 0001:000093ee       DoIdleNotification$dtor$1  000000018000a3ee f   * CIL library *:* CIL module *
 0001:000093fc       DoIdleNotification$dtor$2  000000018000a3fc f   * CIL library *:* CIL module *
 0001:0000940a       DoIdleNotification$dtor$3  000000018000a40a f   * CIL library *:* CIL module *
 0001:00009420       DestroyV8EngineProxy$dtor$0 000000018000a420 f   * CIL library *:* CIL module *
 0001:00009420       DisposeHandleProxy$dtor$0  000000018000a420 f   * CIL library *:* CIL module *
 0001:00009420       ?dtor$0@?0???1ObjectTemplateProxy@@QEAA@XZ@4HA 000000018000a420 f   * CIL library *:* CIL module *
 0001:00009420       CreateNullValue$dtor$0     000000018000a420 f   * CIL library *:* CIL module *
 0001:00009420       RegisterGCCallback$dtor$0  000000018000a420 f   * CIL library *:* CIL module *
 0001:00009420       ForceGC$dtor$0             000000018000a420 f   * CIL library *:* CIL module *
 0001:00009420       MakeWeakHandle$dtor$0      000000018000a420 f   * CIL library *:* CIL module *
 0001:00009420       UpdateHandleValue$dtor$0   000000018000a420 f   * CIL library *:* CIL module *
 0001:00009420       GetFunctionInstanceTemplateProxy$dtor$0 000000018000a420 f   * CIL library *:* CIL module *
 0001:00009420       GetFunctionPrototypeTemplateProxy$dtor$0 000000018000a420 f   * CIL library *:* CIL module *
 0001:00009420       MakeStrongHandle$dtor$0    000000018000a420 f   * CIL library *:* CIL module *
 0001:00009420       ?dtor$0@?0???1FunctionTemplateProxy@@QEAA@XZ@4HA 000000018000a420 f   * CIL library *:* CIL module *
 0001:00009420       GetHandleManagedObjectID$dtor$0 000000018000a420 f   * CIL library *:* CIL module *
 0001:0000942e       DestroyV8EngineProxy$dtor$1 000000018000a42e f   * CIL library *:* CIL module *
 0001:0000942e       ForceGC$dtor$1             000000018000a42e f   * CIL library *:* CIL module *
 0001:0000942e       GetHandleManagedObjectID$dtor$1 000000018000a42e f   * CIL library *:* CIL module *
 0001:0000942e       ?dtor$1@?0???1ObjectTemplateProxy@@QEAA@XZ@4HA 000000018000a42e f   * CIL library *:* CIL module *
 0001:0000942e       MakeStrongHandle$dtor$1    000000018000a42e f   * CIL library *:* CIL module *
 0001:0000942e       RegisterGCCallback$dtor$1  000000018000a42e f   * CIL library *:* CIL module *
 0001:0000942e       UpdateHandleValue$dtor$1   000000018000a42e f   * CIL library *:* CIL module *
 0001:0000942e       GetFunctionPrototypeTemplateProxy$dtor$1 000000018000a42e f   * CIL library *:* CIL module *
 0001:0000942e       ?dtor$1@?0???1FunctionTemplateProxy@@QEAA@XZ@4HA 000000018000a42e f   * CIL library *:* CIL module *
 0001:0000942e       DisposeHandleProxy$dtor$1  000000018000a42e f   * CIL library *:* CIL module *
 0001:0000942e       CreateNullValue$dtor$1     000000018000a42e f   * CIL library *:* CIL module *
 0001:0000942e       GetFunctionInstanceTemplateProxy$dtor$1 000000018000a42e f   * CIL library *:* CIL module *
 0001:0000942e       MakeWeakHandle$dtor$1      000000018000a42e f   * CIL library *:* CIL module *
 0001:0000943c       MakeStrongHandle$dtor$2    000000018000a43c f   * CIL library *:* CIL module *
 0001:0000943c       MakeWeakHandle$dtor$2      000000018000a43c f   * CIL library *:* CIL module *
 0001:0000943c       DisposeHandleProxy$dtor$2  000000018000a43c f   * CIL library *:* CIL module *
 0001:0000943c       CreateNullValue$dtor$2     000000018000a43c f   * CIL library *:* CIL module *
 0001:0000943c       GetFunctionPrototypeTemplateProxy$dtor$2 000000018000a43c f   * CIL library *:* CIL module *
 0001:0000943c       DestroyV8EngineProxy$dtor$2 000000018000a43c f   * CIL library *:* CIL module *
 0001:0000943c       ?dtor$2@?0???1FunctionTemplateProxy@@QEAA@XZ@4HA 000000018000a43c f   * CIL library *:* CIL module *
 0001:0000943c       ?dtor$2@?0???1ObjectTemplateProxy@@QEAA@XZ@4HA 000000018000a43c f   * CIL library *:* CIL module *
 0001:0000943c       GetHandleManagedObjectID$dtor$2 000000018000a43c f   * CIL library *:* CIL module *
 0001:0000943c       UpdateHandleValue$dtor$2   000000018000a43c f   * CIL library *:* CIL module *
 0001:0000943c       ForceGC$dtor$2             000000018000a43c f   * CIL library *:* CIL module *
 0001:0000943c       GetFunctionInstanceTemplateProxy$dtor$2 000000018000a43c f   * CIL library *:* CIL module *
 0001:0000943c       RegisterGCCallback$dtor$2  000000018000a43c f   * CIL library *:* CIL module *
 0001:0000944a       GetHandleManagedObjectID$dtor$3 000000018000a44a f   * CIL library *:* CIL module *
 0001:0000944a       ForceGC$dtor$3             000000018000a44a f   * CIL library *:* CIL module *
 0001:0000944a       UpdateHandleValue$dtor$3   000000018000a44a f   * CIL library *:* CIL module *
 0001:0000944a       MakeStrongHandle$dtor$3    000000018000a44a f   * CIL library *:* CIL module *
 0001:0000944a       ?dtor$3@?0???1ObjectTemplateProxy@@QEAA@XZ@4HA 000000018000a44a f   * CIL library *:* CIL module *
 0001:0000944a       GetFunctionInstanceTemplateProxy$dtor$3 000000018000a44a f   * CIL library *:* CIL module *
 0001:0000944a       DestroyV8EngineProxy$dtor$3 000000018000a44a f   * CIL library *:* CIL module *
 0001:0000944a       MakeWeakHandle$dtor$3      000000018000a44a f   * CIL library *:* CIL module *
 0001:0000944a       ?dtor$3@?0???1FunctionTemplateProxy@@QEAA@XZ@4HA 000000018000a44a f   * CIL library *:* CIL module *
 0001:0000944a       GetFunctionPrototypeTemplateProxy$dtor$3 000000018000a44a f   * CIL library *:* CIL module *
 0001:0000944a       DisposeHandleProxy$dtor$3  000000018000a44a f   * CIL library *:* CIL module *
 0001:0000944a       RegisterGCCallback$dtor$3  000000018000a44a f   * CIL library *:* CIL module *
 0001:0000944a       CreateNullValue$dtor$3     000000018000a44a f   * CIL library *:* CIL module *
 0001:00009460       GetArrayLength$dtor$0      000000018000a460 f   * CIL library *:* CIL module *
 0001:0000946e       GetArrayLength$dtor$1      000000018000a46e f   * CIL library *:* CIL module *
 0001:0000947c       GetArrayLength$dtor$2      000000018000a47c f   * CIL library *:* CIL module *
 0001:0000948a       GetArrayLength$dtor$3      000000018000a48a f   * CIL library *:* CIL module *
[...]
 0004:00000558       $pdata$2$?GetPropertyAttributes@ObjectTemplateProxy@@SAXIAEBV?$PropertyCallbackInfo@VInteger@v8@@@v8@@@Z 0000000180014558     * CIL library *:* CIL module *
 0004:00000564       $pdata$3$?GetPropertyAttributes@ObjectTemplateProxy@@SAXIAEBV?$PropertyCallbackInfo@VInteger@v8@@@v8@@@Z 0000000180014564     * CIL library *:* CIL module *
 0004:00000570       $pdata$?DeleteProperty@ObjectTemplateProxy@@SAXIAEBV?$PropertyCallbackInfo@VBoolean@v8@@@v8@@@Z 0000000180014570     * CIL library *:* CIL module *
 0004:0000057c       $pdata$0$?DeleteProperty@ObjectTemplateProxy@@SAXIAEBV?$PropertyCallbackInfo@VBoolean@v8@@@v8@@@Z 000000018001457c     * CIL library *:* CIL module *
 0004:00000588       $pdata$2$?DeleteProperty@ObjectTemplateProxy@@SAXIAEBV?$PropertyCallbackInfo@VBoolean@v8@@@v8@@@Z 0000000180014588     * CIL library *:* CIL module *
 0004:00000594       $pdata$3$?DeleteProperty@ObjectTemplateProxy@@SAXIAEBV?$PropertyCallbackInfo@VBoolean@v8@@@v8@@@Z 0000000180014594     * CIL library *:* CIL module *
 0004:000005a0       $pdata$?GetPropertyIndices@ObjectTemplateProxy@@SAXAEBV?$PropertyCallbackInfo@VArray@v8@@@v8@@@Z 00000001800145a0     * CIL library *:* CIL module *
 0004:000005ac       $pdata$0$?GetPropertyIndices@ObjectTemplateProxy@@SAXAEBV?$PropertyCallbackInfo@VArray@v8@@@v8@@@Z 00000001800145ac     * CIL library *:* CIL module *
 0004:000005b8       $pdata$2$?GetPropertyIndices@ObjectTemplateProxy@@SAXAEBV?$PropertyCallbackInfo@VArray@v8@@@v8@@@Z 00000001800145b8     * CIL library *:* CIL module *
 0004:000005c4       $pdata$3$?GetPropertyIndices@ObjectTemplateProxy@@SAXAEBV?$PropertyCallbackInfo@VArray@v8@@@v8@@@Z 00000001800145c4     * CIL library *:* CIL module *
 0004:000005d0       $pdata$?AccessorGetterCallbackProxy@ObjectTemplateProxy@@SAXV?$Local@VString@v8@@@v8@@AEBV?$PropertyCallbackInfo@VValue@v8@@@3@@Z 00000001800145d0     * CIL library *:* CIL module *
 0004:000005dc       $pdata$?AccessorSetterCallbackProxy@ObjectTemplateProxy@@SAXV?$Local@VString@v8@@@v8@@V?$Local@VValue@v8@@@3@AEBV?$PropertyCallbackInfo@X@3@@Z 00000001800145dc     * CIL library *:* CIL module *
 0004:000005e8       $pdata$?SetAccessor@ObjectTemplateProxy@@QEAAXHPEBGP6APEAUHandleProxy@@PEAU2@PEAG@ZP6APEAU2@121@ZW4AccessControl@v8@@W4PropertyAttribute@4@@Z 00000001800145e8     * CIL library *:* CIL module *
 0004:000005f4       $pdata$??0_StringItem@@QEAA@PEAVV8EngineProxy@@PEAVString@v8@@@Z 00000001800145f4     * CIL library *:* CIL module *
 0004:00000600       $pdata$?IsDisposed@V8EngineProxy@@SA_NH@Z 0000000180014600     * CIL library *:* CIL module *
 0004:0000060c       $pdata$??0V8EngineProxy@@QEAA@_NP6AXXZH@Z 000000018001460c     * CIL library *:* CIL module *
 0004:00000618       $pdata$??1recursive_mutex@std@@QEAA@XZ 0000000180014618     * CIL library *:* CIL module *
 0004:00000624       $pdata$??1V8EngineProxy@@QEAA@XZ 0000000180014624     * CIL library *:* CIL module *
 0004:00000630       $pdata$?GetNativeString@V8EngineProxy@@QEAA?AU_StringItem@@PEAVString@v8@@@Z 0000000180014630     * CIL library *:* CIL module *
 0004:0000063c       $pdata$?GetHandleProxy@V8EngineProxy@@QEAAPEAUHandleProxy@@V?$Handle@VValue@v8@@@v8@@@Z 000000018001463c     * CIL library *:* CIL module *
 0004:00000648       $pdata$?DisposeHandleProxy@V8EngineProxy@@QEAAXPEAUHandleProxy@@@Z 0000000180014648     * CIL library *:* CIL module *
 0004:00000654       $pdata$?SetGlobalObjectTemplate@V8EngineProxy@@QEAAPEAUHandleProxy@@PEAVObjectTemplateProxy@@@Z 0000000180014654     * CIL library *:* CIL module *
 0004:00000660       $pdata$?_GetErrorMessage@@YA?AV?$Local@VString@v8@@@v8@@AEAVTryCatch@2@@Z 0000000180014660     * CIL library *:* CIL module *
 0004:0000066c       $pdata$1$?_GetErrorMessage@@YA?AV?$Local@VString@v8@@@v8@@AEAVTryCatch@2@@Z 000000018001466c     * CIL library *:* CIL module *
 0004:00000678       $pdata$2$?_GetErrorMessage@@YA?AV?$Local@VString@v8@@@v8@@AEAVTryCatch@2@@Z 0000000180014678     * CIL library *:* CIL module *
 0004:00000684       $pdata$3$?_GetErrorMessage@@YA?AV?$Local@VString@v8@@@v8@@AEAVTryCatch@2@@Z 0000000180014684     * CIL library *:* CIL module *
 0004:00000690       $pdata$4$?_GetErrorMessage@@YA?AV?$Local@VString@v8@@@v8@@AEAVTryCatch@2@@Z 0000000180014690     * CIL library *:* CIL module *
 0004:0000069c       $pdata$5$?_GetErrorMessage@@YA?AV?$Local@VString@v8@@@v8@@AEAVTryCatch@2@@Z 000000018001469c     * CIL library *:* CIL module *
 0004:000006a8       $pdata$6$?_GetErrorMessage@@YA?AV?$Local@VString@v8@@@v8@@AEAVTryCatch@2@@Z 00000001800146a8     * CIL library *:* CIL module *
 0004:000006b4       $pdata$?Execute@V8EngineProxy@@QEAAPEAUHandleProxy@@PEBGPEAG@Z 00000001800146b4     * CIL library *:* CIL module *
 0004:000006c0       $pdata$?Execute@V8EngineProxy@@QEAAPEAUHandleProxy@@V?$Handle@VScript@v8@@@v8@@@Z 00000001800146c0     * CIL library *:* CIL module *
 0004:000006cc       $pdata$?Compile@V8EngineProxy@@QEAAPEAUHandleProxy@@PEBGPEAG@Z 00000001800146cc     * CIL library *:* CIL module *
 0004:000006d8       $pdata$?CreateError@V8EngineProxy@@QEAAPEAUHandleProxy@@PEBGW4JSValueType@@@Z 00000001800146d8     * CIL library *:* CIL module *
 0004:000006e4       $pdata$?CreateArray@V8EngineProxy@@QEAAPEAUHandleProxy@@PEAPEAU2@G@Z 00000001800146e4     * CIL library *:* CIL module *
 0004:000006f0       $pdata$?CreateArray@V8EngineProxy@@QEAAPEAUHandleProxy@@PEAPEAGG@Z 00000001800146f0     * CIL library *:* CIL module *
 0004:000006fc       $pdata$0$?CreateArray@V8EngineProxy@@QEAAPEAUHandleProxy@@PEAPEAGG@Z 00000001800146fc     * CIL library *:* CIL module *
 0004:00000708       $pdata$1$?CreateArray@V8EngineProxy@@QEAAPEAUHandleProxy@@PEAPEAGG@Z 0000000180014708     * CIL library *:* CIL module *
 0004:00000714       $pdata$?resize@?$vector@_NV?$allocator@_N@std@@@std@@QEAAX_K_N@Z 0000000180014714     * CIL library *:* CIL module *
 0004:00000720       $pdata$??1?$vector@HV?$allocator@H@std@@@std@@QEAA@XZ 0000000180014720     * CIL library *:* CIL module *
 0004:00000720       $pdata$??1?$vector@PEAUHandleProxy@@V?$allocator@PEAUHandleProxy@@@std@@@std@@QEAA@XZ 0000000180014720     * CIL library *:* CIL module *
 0004:00000720       $pdata$??1?$vector@IV?$allocator@_N@std@@@std@@QEAA@XZ 0000000180014720     * CIL library *:* CIL module *
 0004:00000720       $pdata$??1?$vector@U_StringItem@@V?$allocator@U_StringItem@@@std@@@std@@QEAA@XZ 0000000180014720     * CIL library *:* CIL module *
 0004:0000072c       $pdata$?push_back@?$vector@U_StringItem@@V?$allocator@U_StringItem@@@std@@@std@@QEAAXAEBU_StringItem@@@Z 000000018001472c     * CIL library *:* CIL module *
 0004:00000738       $pdata$?push_back@?$vector@HV?$allocator@H@std@@@std@@QEAAXAEBH@Z 0000000180014738     * CIL library *:* CIL module *
 0004:00000744       $pdata$?erase@?$vector@_NV?$allocator@_N@std@@@std@@QEAA?AV?$_Vb_iterator@U?$_Wrap_alloc@V?$allocator@I@std@@@std@@@2@V?$_Vb_const_iterator@U?$_Wrap_alloc@V?$allocator@I@std@@@std@@@2@0@Z 0000000180014744     * CIL library *:* CIL module *
 0004:00000750       $pdata$?_Insert_n@?$vector@_NV?$allocator@_N@std@@@std@@QEAA?AV?$_Vb_iterator@U?$_Wrap_alloc@V?$allocator@I@std@@@std@@@2@V?$_Vb_const_iterator@U?$_Wrap_alloc@V?$allocator@I@std@@@std@@@2@_KAEB_N@Z 0000000180014750     * CIL library *:* CIL module *
 0004:0000075c       $pdata$?_Trim@?$vector@_NV?$allocator@_N@std@@@std@@QEAAX_K@Z 000000018001475c     * CIL library *:* CIL module *
 0004:00000768       $pdata$1$?_Trim@?$vector@_NV?$allocator@_N@std@@@std@@QEAAX_K@Z 0000000180014768     * CIL library *:* CIL module *
 0004:00000774       $pdata$2$?_Trim@?$vector@_NV?$allocator@_N@std@@@std@@QEAAX_K@Z 0000000180014774     * CIL library *:* CIL module *
 0004:00000780       $pdata$??1?$_Vb_val@V?$allocator@_N@std@@@std@@QEAA@XZ 0000000180014780     * CIL library *:* CIL module *
 0004:0000078c       $pdata$?_Construct_n@?$vector@U_StringItem@@V?$allocator@U_StringItem@@@std@@@std@@QEAAX_KPEBU_StringItem@@@Z 000000018001478c     * CIL library *:* CIL module *
 0004:00000798       $pdata$?_Reserve@?$vector@U_StringItem@@V?$allocator@U_StringItem@@@std@@@std@@IEAAX_K@Z 0000000180014798     * CIL library *:* CIL module *
 0004:000007a4       $pdata$?_Construct_n@?$vector@PEAUHandleProxy@@V?$allocator@PEAUHandleProxy@@@std@@@std@@QEAAX_KPEBQEAUHandleProxy@@@Z 00000001800147a4     * CIL library *:* CIL module *
 0004:000007b0       $pdata$?_Reserve@?$vector@PEAUHandleProxy@@V?$allocator@PEAUHandleProxy@@@std@@@std@@IEAAX_K@Z 00000001800147b0     * CIL library *:* CIL module *
 0004:000007bc       $pdata$?_Construct_n@?$vector@HV?$allocator@H@std@@@std@@QEAAX_KPEBH@Z 00000001800147bc     * CIL library *:* CIL module *
 0004:000007c8       $pdata$?_Reserve@?$vector@HV?$allocator@H@std@@@std@@IEAAX_K@Z 00000001800147c8     * CIL library *:* CIL module *
 0004:000007d4       $pdata$?_Insert_x@?$vector@_NV?$allocator@_N@std@@@std@@QEAA_KV?$_Vb_const_iterator@U?$_Wrap_alloc@V?$allocator@I@std@@@std@@@2@_K@Z 00000001800147d4     * CIL library *:* CIL module *
 0004:000007e0       $pdata$1$?_Insert_x@?$vector@_NV?$allocator@_N@std@@@std@@QEAA_KV?$_Vb_const_iterator@U?$_Wrap_alloc@V?$allocator@I@std@@@std@@@2@_K@Z 00000001800147e0     * CIL library *:* CIL module *
 0004:000007ec       $pdata$2$?_Insert_x@?$vector@_NV?$allocator@_N@std@@@std@@QEAA_KV?$_Vb_const_iterator@U?$_Wrap_alloc@V?$allocator@I@std@@@std@@@2@_K@Z 00000001800147ec     * CIL library *:* CIL module *
 0004:000007f8       $pdata$3$?_Insert_x@?$vector@_NV?$allocator@_N@std@@@std@@QEAA_KV?$_Vb_const_iterator@U?$_Wrap_alloc@V?$allocator@I@std@@@std@@@2@_K@Z 00000001800147f8     * CIL library *:* CIL module *
 0004:00000804       $pdata$?_Reallocate@?$vector@U_StringItem@@V?$allocator@U_StringItem@@@std@@@std@@IEAAX_K@Z 0000000180014804     * CIL library *:* CIL module *
 0004:00000810       $pdata$?_Reallocate@?$vector@PEAUHandleProxy@@V?$allocator@PEAUHandleProxy@@@std@@@std@@IEAAX_K@Z 0000000180014810     * CIL library *:* CIL module *
 0004:0000081c       $pdata$?_Reallocate@?$vector@HV?$allocator@H@std@@@std@@IEAAX_K@Z 000000018001481c     * CIL library *:* CIL module *
 0004:00000828       $pdata$?_Construct_n@?$vector@IV?$allocator@_N@std@@@std@@QEAAX_KPEBI@Z 0000000180014828     * CIL library *:* CIL module *
 0004:00000834       $pdata$?_Insert_n@?$vector@IV?$allocator@_N@std@@@std@@IEAA?AV?$_Vector_iterator@V?$_Vector_val@U?$_Simple_types@I@std@@@std@@@2@V?$_Vector_const_iterator@V?$_Vector_val@U?$_Simple_types@I@std@@@std@@@2@_KAEBI@Z 0000000180014834     * CIL library *:* CIL module *
 0004:00000840       $pdata$??$_Uninit_fill_n@PEAU_StringItem@@_KU1@V?$allocator@U_StringItem@@@std@@U1@@std@@YAXPEAU_StringItem@@_KPEBU1@AEAU?$_Wrap_alloc@V?$allocator@U_StringItem@@@std@@@0@0U_Nonscalar_ptr_iterator_tag@0@@Z 0000000180014840     * CIL library *:* CIL module *
 0004:0000084c       $pdata$??$_Uninit_move@PEAU_StringItem@@PEAU1@V?$allocator@U_StringItem@@@std@@U1@@std@@YAPEAU_StringItem@@PEAU1@00AEAU?$_Wrap_alloc@V?$allocator@U_StringItem@@@std@@@0@0U_Nonscalar_ptr_iterator_tag@0@@Z 000000018001484c     * CIL library *:* CIL module *
 0004:00000858       $pdata$??1HandleValue@@QEAA@XZ 0000000180014858     * CIL library *:* CIL module *
 0004:00000870       $pdata$??_Etype_info@@UEAAPEAXI@Z 0000000180014870     MSVCRT:ti_inst.obj
 0004:0000087c       $pdata$__atonexitinit      000000018001487c     MSVCRT:atonexit.obj
 0004:00000888       $pdata$_onexit             0000000180014888     MSVCRT:atonexit.obj
 0004:00000894       $pdata$atexit              0000000180014894     MSVCRT:atonexit.obj
 0004:000008a0       $pdata$pre_c_init          00000001800148a0     MSVCRT:crtdll.obj
 0004:000008ac       $pdata$_CRT_INIT           00000001800148ac     MSVCRT:crtdll.obj
 0004:000008b8       $pdata$_DllMainCRTStartup  00000001800148b8     MSVCRT:crtdll.obj
 0004:000008c4       $pdata$__DllMainCRTStartup 00000001800148c4     MSVCRT:crtdll.obj
 0004:000008d0       $pdata$__raise_securityfailure 00000001800148d0     MSVCRT:gs_report.obj
 0004:000008dc       $pdata$__report_gsfailure  00000001800148dc     MSVCRT:gs_report.obj
 0004:000008e8       $pdata$??_M@YAXPEAX_KHP6AX0@Z@Z 00000001800148e8     MSVCRT:ehvecdtr.obj
 0004:000008f4       $pdata$?__ArrayUnwind@@YAXPEAX_KHP6AX0@Z@Z 00000001800148f4     MSVCRT:ehvecdtr.obj
 0004:00000900       $pdata$_IsNonwritableInCurrentImage 0000000180014900     MSVCRT:pesect.obj
 0004:0000090c       $pdata$__security_init_cookie 000000018001490c     MSVCRT:gs_support.obj
 0004:00000918       $pdata$DllMain             0000000180014918     MSVCRT:dllmain.obj
 0004:00000924       $pdata$_RTC_Initialize     0000000180014924     MSVCRT:initsect.obj
 0004:00000930       $pdata$_RTC_Terminate      0000000180014930     MSVCRT:initsect.obj
 0004:0000093c       $pdata$_onexit$fin$0       000000018001493c     MSVCRT:atonexit.obj
 0004:00000948       $pdata$__DllMainCRTStartup$filt$0 0000000180014948     MSVCRT:crtdll.obj
 0004:00000954       $pdata$__DllMainCRTStartup$fin$1 0000000180014954     MSVCRT:crtdll.obj
 0004:00000960       $pdata$?fin$0@?0???_M@YAXPEAX_KHP6AX0@Z@Z@4HA 0000000180014960     MSVCRT:ehvecdtr.obj
 0004:0000096c       $pdata$?filt$0@?0??__ArrayUnwind@@YAXPEAX_KHP6AX0@Z@Z@4HA 000000018001496c     MSVCRT:ehvecdtr.obj
 0004:00000978       $pdata$_IsNonwritableInCurrentImage$filt$0 0000000180014978     MSVCRT:pesect.obj
 0004:00000984       $pdata$?catch$0@?0???$_Uninit_fill_n@PEAU_StringItem@@_KU1@V?$allocator@U_StringItem@@@std@@U1@@std@@YAXPEAU_StringItem@@_KPEBU1@AEAU?$_Wrap_alloc@V?$allocator@U_StringItem@@@std@@@0@0U_Nonscalar_ptr_iterator_tag@0@@Z@4HA 0000000180014984     * CIL library *:* CIL module *
 0004:00000990       $pdata$?dtor$0@?0???$_Uninit_move@PEAU_StringItem@@PEAU1@V?$allocator@U_StringItem@@@std@@U1@@std@@YAPEAU_StringItem@@PEAU1@00AEAU?$_Wrap_alloc@V?$allocator@U_StringItem@@@std@@@0@0U_Nonscalar_ptr_iterator_tag@0@@Z@4HA 0000000180014990     * CIL library *:* CIL module *
 0004:0000099c       $pdata$?catch$0@?0???$_Uninit_move@PEAU_StringItem@@PEAU1@V?$allocator@U_StringItem@@@std@@U1@@std@@YAPEAU_StringItem@@PEAU1@00AEAU?$_Wrap_alloc@V?$allocator@U_StringItem@@@std@@@0@0U_Nonscalar_ptr_iterator_tag@0@@Z@4HA 000000018001499c     * CIL library *:* CIL module *
 0004:000009a8       $pdata$?catch$0@?0??Compile@V8EngineProxy@@QEAAPEAUHandleProxy@@PEBGPEAG@Z@4HA 00000001800149a8     * CIL library *:* CIL module *
 0004:000009b4       $pdata$?dtor$3@?0??CreateArray@V8EngineProxy@@QEAAPEAUHandleProxy@@PEAPEAU2@G@Z@4HA 00000001800149b4     * CIL library *:* CIL module *
 0004:000009c0       $pdata$?catch$0@?0??Execute@V8EngineProxy@@QEAAPEAUHandleProxy@@PEBGPEAG@Z@4HA 00000001800149c0     * CIL library *:* CIL module *
 0004:000009cc       $pdata$?catch$0@?0??Execute@V8EngineProxy@@QEAAPEAUHandleProxy@@V?$Handle@VScript@v8@@@v8@@@Z@4HA 00000001800149cc     * CIL library *:* CIL module *
 0004:000009d8       $pdata$?dtor$3@?0??GetHandleProxy@V8EngineProxy@@QEAAPEAUHandleProxy@@V?$Handle@VValue@v8@@@v8@@@Z@4HA 00000001800149d8     * CIL library *:* CIL module *
 0004:000009e4       $pdata$?catch$0@?0??_Construct_n@?$vector@HV?$allocator@H@std@@@std@@QEAAX_KPEBH@Z@4HA 00000001800149e4     * CIL library *:* CIL module *
 0004:000009f0       $pdata$?catch$0@?0??_Construct_n@?$vector@IV?$allocator@_N@std@@@std@@QEAAX_KPEBI@Z@4HA 00000001800149f0     * CIL library *:* CIL module *
 0004:000009fc       $pdata$?catch$0@?0??_Construct_n@?$vector@PEAUHandleProxy@@V?$allocator@PEAUHandleProxy@@@std@@@std@@QEAAX_KPEBQEAUHandleProxy@@@Z@4HA 00000001800149fc     * CIL library *:* CIL module *
 0004:00000a08       $pdata$?catch$0@?0??_Construct_n@?$vector@U_StringItem@@V?$allocator@U_StringItem@@@std@@@std@@QEAAX_KPEBU_StringItem@@@Z@4HA 0000000180014a08     * CIL library *:* CIL module *
 0004:00000a14       $pdata$?catch$0@?0??_Insert_n@?$vector@IV?$allocator@_N@std@@@std@@IEAA?AV?$_Vector_iterator@V?$_Vector_val@U?$_Simple_types@I@std@@@std@@@2@V?$_Vector_const_iterator@V?$_Vector_val@U?$_Simple_types@I@std@@@std@@@2@_KAEBI@Z@4HA 0000000180014a14     * CIL library *:* CIL module *
 0004:00000a20       $pdata$?catch$1@?0??_Insert_n@?$vector@IV?$allocator@_N@std@@@std@@IEAA?AV?$_Vector_iterator@V?$_Vector_val@U?$_Simple_types@I@std@@@std@@@2@V?$_Vector_const_iterator@V?$_Vector_val@U?$_Simple_types@I@std@@@std@@@2@_KAEBI@Z@4HA 0000000180014a20     * CIL library *:* CIL module *
 0004:00000a2c       $pdata$?catch$0@?0??_Reallocate@?$vector@HV?$allocator@H@std@@@std@@IEAAX_K@Z@4HA 0000000180014a2c     * CIL library *:* CIL module *
 0004:00000a38       $pdata$?catch$0@?0??_Reallocate@?$vector@PEAUHandleProxy@@V?$allocator@PEAUHandleProxy@@@std@@@std@@IEAAX_K@Z@4HA 0000000180014a38     * CIL library *:* CIL module *
 0004:00000a44       $pdata$?catch$0@?0??_Reallocate@?$vector@U_StringItem@@V?$allocator@U_StringItem@@@std@@@std@@IEAAX_K@Z@4HA 0000000180014a44     * CIL library *:* CIL module *
 0004:00000a50       $pdata$?dtor$0@?0??push_back@?$vector@HV?$allocator@H@std@@@std@@QEAAXAEBH@Z@4HA 0000000180014a50     * CIL library *:* CIL module *
 0004:00000a50       $pdata$?dtor$0@?0??push_back@?$vector@U_StringItem@@V?$allocator@U_StringItem@@@std@@@std@@QEAAXAEBU_StringItem@@@Z@4HA 0000000180014a50     * CIL library *:* CIL module *
 0004:00000a5c       $pdata$??__E?_DisposedEngines@V8EngineProxy@@1V?$vector@_NV?$allocator@_N@std@@@std@@A@@YAXXZ 0000000180014a5c     * CIL library *:* CIL module *
 0004:00000a68       $pdata$??__F?_DisposedEngines@V8EngineProxy@@1V?$vector@_NV?$allocator@_N@std@@@std@@A@@YAXXZ 0000000180014a68     * CIL library *:* CIL module *
 0005:000000a0       $R000000                   00000001800150a0     V8.Net-Proxy-64.res
 0005:00000420       $R000380                   0000000180015420     V8.Net-Proxy-64.res

 Exports

  ordinal    name

        1    Call
        2    ConnectObject
        3    CreateArray
        4    CreateBoolean
        5    CreateDate
        6    CreateError
        7    CreateFunctionInstance
        8    CreateFunctionTemplateProxy
        9    CreateFunctionTemplateProxyTest
       10    CreateHandleProxyTest
       11    CreateInteger
       12    CreateNullValue
       13    CreateNumber
       14    CreateObject
       15    CreateObjectFromTemplate
       16    CreateObjectTemplateProxy
       17    CreateObjectTemplateProxyTest
       18    CreateString
       19    CreateStringArray
       20    CreateV8EngineProxy
       21    CreateV8EngineProxyTest
       22    DeleteFunctionTemplateProxy
       23    DeleteObjectPropertyByIndex
       24    DeleteObjectPropertyByName
       25    DeleteObjectTemplateProxy
       26    DeleteTestData
       27    DestroyV8EngineProxy
       28    DisposeHandleProxy
       29    DoIdleNotification
       30    ForceGC
       31    GetArrayLength
       32    GetFunction
       33    GetFunctionInstanceTemplateProxy
       34    GetFunctionPrototypeTemplateProxy
       35    GetHandleManagedObjectID
       36    GetObjectPropertyByIndex
       37    GetObjectPropertyByName
       38    GetObjectPrototype
       39    GetOwnPropertyNames
       40    GetPropertyAttributes
       41    GetPropertyNames
       42    MakeStrongHandle
       43    MakeWeakHandle
       44    RegisterGCCallback
       45    RegisterIndexedPropertyHandlers
       46    RegisterInvokeHandler
       47    RegisterNamedPropertyHandlers
       48    SetFunctionTemplateProperty
       49    SetGlobalObjectTemplate
       50    SetObjectAccessor
       51    SetObjectPropertyByIndex
       52    SetObjectPropertyByName
       53    SetObjectTemplateAccessor
       54    SetObjectTemplateProperty
       55    UnregisterIndexedPropertyHandlers
       56    UnregisterNamedPropertyHandlers
       57    UpdateHandleValue
       58    V8Compile
       59    V8Execute
       60    V8ExecuteCompiledScript
