 V8_Net_Proxy_x86

 Timestamp is 54c6cc0e (Mon Jan 26 18:21:50 2015)

 Preferred load address is 10000000

 Start         Length     Name                   Class
 0001:00000000 000007adH .text$di                CODE
 0001:000007b0 000304f8H .text$mn                CODE
 0001:00030cb0 000045e6H .text$x                 CODE
 0001:000352a0 0000006fH .text$yd                CODE
 0002:00000000 0000036cH .idata$5                DATA
 0002:0000036c 00000004H .CRT$XCA                DATA
 0002:00000370 000000c8H .CRT$XCU                DATA
 0002:00000438 00000004H .CRT$XCZ                DATA
 0002:0000043c 00000004H .CRT$XIA                DATA
 0002:00000440 00000004H .CRT$XIAA               DATA
 0002:00000444 00000004H .CRT$XIC                DATA
 0002:00000448 00000004H .CRT$XIZ                DATA
 0002:00000450 00003b10H .rdata                  DATA
 0002:00003f60 0000007cH .rdata$debug            DATA
 0002:00003fdc 00000048H .rdata$r                DATA
 0002:00004030 00000414H .rdata$sxdata           DATA
 0002:00004444 00000004H .rtc$IAA                DATA
 0002:00004448 00000000H .rtc$IMZ                DATA
 0002:00004448 00000004H .rtc$IZZ                DATA
 0002:0000444c 00000004H .rtc$TAA                DATA
 0002:00004450 00000000H .rtc$TMZ                DATA
 0002:00004450 00000004H .rtc$TZZ                DATA
 0002:00004458 00003dd0H .xdata$x                DATA
 0002:00008230 00000845H .edata                  DATA
 0002:00008a78 00000050H .idata$2                DATA
 0002:00008ac8 00000014H .idata$3                DATA
 0002:00008adc 0000036cH .idata$4                DATA
 0002:00008e48 000023d6H .idata$6                DATA
 0003:00000000 00000030H .data                   DATA
 0003:00000030 00000034H .data$r                 DATA
 0003:00000070 000004ecH .bss                    DATA
 0004:00000000 000000a0H .rsrc$01                DATA
 0004:000000a0 00000500H .rsrc$02                DATA

  Address         Publics by Value              Rva+Base       Lib:Object

 0000:00000000       ___guard_fids_count        00000000     <absolute>
 0000:00000000       ___guard_flags             00000000     <absolute>
 0000:00000000       __except_list              00000000     <absolute>
 0000:00000000       ___guard_fids_table        00000000     <absolute>
 0000:00000105       ___safe_se_handler_count   00000105     <absolute>
 0000:00009876       __ldused                   00009876     <absolute>
 0000:00009876       __fltused                  00009876     <absolute>
 0000:00000000       ___ImageBase               10000000     <linker-defined>
 0001:000007b0       ??$?0VArray@v8@@@?$Handle@VValue@v8@@@v8@@QAE@V?$Handle@VArray@v8@@@1@@Z 100017b0 f i Exports.obj
 0001:00000810       ??$?0VExternal@v8@@@?$Handle@VValue@v8@@@v8@@QAE@V?$Handle@VExternal@v8@@@1@@Z 10001810 f i Exports.obj
 0001:00000870       ??$?0VInteger@v8@@@?$Handle@VValue@v8@@@v8@@QAE@V?$Handle@VInteger@v8@@@1@@Z 10001870 f i Exports.obj
 0001:000008d0       ??$?0VPrimitive@v8@@@?$Handle@VValue@v8@@@v8@@QAE@V?$Handle@VPrimitive@v8@@@1@@Z 100018d0 f i Exports.obj
 0001:00000930       ??$?0VString@v8@@@?$Handle@VValue@v8@@@v8@@QAE@V?$Handle@VString@v8@@@1@@Z 10001930 f i Exports.obj
 0001:00000990       ??$As@VArray@v8@@@?$Handle@VValue@v8@@@v8@@QAE?AV?$Handle@VArray@v8@@@1@XZ 10001990 f i Exports.obj
 0001:000009e0       ??$As@VObject@v8@@@?$Handle@VValue@v8@@@v8@@QAE?AV?$Handle@VObject@v8@@@1@XZ 100019e0 f i Exports.obj
 0001:00000a30       ??$Cast@VValue@v8@@@?$Handle@VArray@v8@@@v8@@SA?AV01@V?$Handle@VValue@v8@@@1@@Z 10001a30 f i Exports.obj
 0001:00000a90       ??$Cast@VValue@v8@@@?$Handle@VObject@v8@@@v8@@SA?AV01@V?$Handle@VValue@v8@@@1@@Z 10001a90 f i Exports.obj
 0001:00000af0       ??0?$Handle@VArray@v8@@@v8@@AAE@PAVArray@1@@Z 10001af0 f i Exports.obj
 0001:00000b30       ??0?$Handle@VObject@v8@@@v8@@AAE@PAVObject@1@@Z 10001b30 f i Exports.obj
 0001:00000b70       ??0?$Handle@VPrimitive@v8@@@v8@@AAE@PAVPrimitive@1@@Z 10001b70 f i Exports.obj
 0001:00000bb0       ??0Scope@Context@v8@@QAE@V?$Handle@VContext@v8@@@2@@Z 10001bb0 f i Exports.obj
 0001:00000c10       ??0_Ignore@std@@QAE@XZ     10001c10 f i Exports.obj
 0001:00000c40       ??1Scope@Context@v8@@QAE@XZ 10001c40 f i Exports.obj
 0001:00000c90       ??C?$Handle@VArray@v8@@@v8@@QBEPAVArray@1@XZ 10001c90 f i Exports.obj
 0001:00000cc0       ??C?$Handle@VContext@v8@@@v8@@QBEPAVContext@1@XZ 10001cc0 f i Exports.obj
 0001:00000cf0       ??C?$Handle@VObject@v8@@@v8@@QBEPAVObject@1@XZ 10001cf0 f i Exports.obj
 0001:00000d20       ??C?$Handle@VValue@v8@@@v8@@QBEPAVValue@1@XZ 10001d20 f i Exports.obj
 0001:00000d50       ??D?$Handle@VArray@v8@@@v8@@QBEPAVArray@1@XZ 10001d50 f i Exports.obj
 0001:00000d80       ??D?$Handle@VExternal@v8@@@v8@@QBEPAVExternal@1@XZ 10001d80 f i Exports.obj
 0001:00000db0       ??D?$Handle@VInteger@v8@@@v8@@QBEPAVInteger@1@XZ 10001db0 f i Exports.obj
 0001:00000de0       ??D?$Handle@VPrimitive@v8@@@v8@@QBEPAVPrimitive@1@XZ 10001de0 f i Exports.obj
 0001:00000e10       ??D?$Handle@VString@v8@@@v8@@QBEPAVString@1@XZ 10001e10 f i Exports.obj
 0001:00000e40       ??D?$Handle@VValue@v8@@@v8@@QBEPAVValue@1@XZ 10001e40 f i Exports.obj
 0001:00000e70       ??_GFunctionTemplateProxy@@QAEPAXI@Z 10001e70 f i Exports.obj
 0001:00000ed0       ??_GObjectTemplateProxy@@QAEPAXI@Z 10001ed0 f i Exports.obj
 0001:00000f30       ??_GV8EngineProxy@@QAEPAXI@Z 10001f30 f i Exports.obj
 0001:00000f90       ?CheckInitialized@Internals@internal@v8@@SAXPAVIsolate@3@@Z 10001f90 f i Exports.obj
 0001:00000fc0       ?EngineProxy@FunctionTemplateProxy@@QAEPAVV8EngineProxy@@XZ 10001fc0 f i Exports.obj
 0001:00000ff0       ?EngineProxy@HandleProxy@@QAEPAVV8EngineProxy@@XZ 10001ff0 f i Exports.obj
 0001:00001020       ?EngineProxy@ObjectTemplateProxy@@QAEPAVV8EngineProxy@@XZ 10002020 f i Exports.obj
 0001:00001050       ?GetNextNonTemplateObjectID@V8EngineProxy@@QAEHXZ 10002050 f i Exports.obj
 0001:000010a0       ?GetRoot@Internals@internal@v8@@SAPAPAVObject@23@PAVIsolate@3@H@Z 100020a0 f i Exports.obj
 0001:000010e0       ?GetType@ProxyBase@@QAE?AW4TProxyObjectType@@XZ 100020e0 f i Exports.obj
 0001:00001110       ?IsEmpty@?$Handle@VValue@v8@@@v8@@QBE_NXZ 10002110 f i Exports.obj
 0001:00001160       ?IsScript@HandleProxy@@QAE_NXZ 10002160 f i Exports.obj
 0001:000011b0       ?SetManagedObjectID@HandleProxy@@QAEHH@Z 100021b0 f i Exports.obj
 0001:000011f0       ?Undefined@v8@@YA?AV?$Handle@VPrimitive@v8@@@1@PAVIsolate@1@@Z 100021f0 f i Exports.obj
 0001:00001250       _Call@20                   10002250 f   Exports.obj
 0001:00001480       _ConnectObject@12          10002480 f   Exports.obj
 0001:00001830       _CreateArray@12            10002830 f   Exports.obj
 0001:00001a50       _CreateBoolean@8           10002a50 f   Exports.obj
 0001:00001c70       _CreateDate@12             10002c70 f   Exports.obj
 0001:00001e90       _CreateError@12            10002e90 f   Exports.obj
 0001:000020b0       _CreateFunctionInstance@16 100030b0 f   Exports.obj
 0001:000022e0       _CreateFunctionTemplateProxy@12 100032e0 f   Exports.obj
 0001:00002470       _CreateFunctionTemplateProxyTest@0 10003470 f   Exports.obj
 0001:00002500       _CreateHandleProxyTest@0   10003500 f   Exports.obj
 0001:00002590       _CreateInteger@8           10003590 f   Exports.obj
 0001:000027b0       _CreateNullValue@4         100037b0 f   Exports.obj
 0001:000029c0       _CreateNumber@12           100039c0 f   Exports.obj
 0001:00002be0       _CreateObject@8            10003be0 f   Exports.obj
 0001:00002e00       _CreateObjectFromTemplate@8 10003e00 f   Exports.obj
 0001:00003020       _CreateObjectTemplateProxy@4 10004020 f   Exports.obj
 0001:000031b0       _CreateObjectTemplateProxyTest@0 100041b0 f   Exports.obj
 0001:00003240       _CreateString@8            10004240 f   Exports.obj
 0001:00003460       _CreateStringArray@12      10004460 f   Exports.obj
 0001:00003680       _CreateV8EngineProxy@12    10004680 f   Exports.obj
 0001:00003750       _CreateV8EngineProxyTest@0 10004750 f   Exports.obj
 0001:000037e0       _DeleteFunctionTemplateProxy@4 100047e0 f   Exports.obj
 0001:000039a0       _DeleteObjectPropertyByIndex@8 100049a0 f   Exports.obj
 0001:00003c80       _DeleteObjectPropertyByName@8 10004c80 f   Exports.obj
 0001:00003fa0       _DeleteObjectTemplateProxy@4 10004fa0 f   Exports.obj
 0001:00004160       _DeleteTestData@4          10005160 f   Exports.obj
 0001:000042c0       _DestroyV8EngineProxy@4    100052c0 f   Exports.obj
 0001:00004340       _DisposeHandleProxy@4      10005340 f   Exports.obj
 0001:00004520       _DoIdleNotification@8      10005520 f   Exports.obj
 0001:00004550       _ForceGC@4                 10005550 f   Exports.obj
 0001:00004700       _GetArrayLength@4          10005700 f   Exports.obj
 0001:000049c0       _GetFunction@4             100059c0 f   Exports.obj
 0001:00004be0       _GetFunctionInstanceTemplateProxy@4 10005be0 f   Exports.obj
 0001:00004e00       _GetFunctionPrototypeTemplateProxy@4 10005e00 f   Exports.obj
 0001:00005020       _GetHandleManagedObjectID@4 10006020 f   Exports.obj
 0001:00005250       _GetObjectPropertyByIndex@8 10006250 f   Exports.obj
 0001:00005550       _GetObjectPropertyByName@8 10006550 f   Exports.obj
 0001:00005890       _GetObjectPrototype@4      10006890 f   Exports.obj
 0001:00005b80       _GetOwnPropertyNames@4     10006b80 f   Exports.obj
 0001:00005ea0       _GetPropertyAttributes@8   10006ea0 f   Exports.obj
 0001:000061c0       _GetPropertyNames@4        100071c0 f   Exports.obj
 0001:000064e0       _MakeStrongHandle@4        100074e0 f   Exports.obj
 0001:000066c0       _MakeWeakHandle@4          100076c0 f   Exports.obj
 0001:000068a0       _RegisterGCCallback@8      100078a0 f   Exports.obj
 0001:00006a70       _RegisterIndexedPropertyHandlers@24 10007a70 f   Exports.obj
 0001:00006c10       _RegisterInvokeHandler@8   10007c10 f   Exports.obj
 0001:00006da0       _RegisterNamedPropertyHandlers@24 10007da0 f   Exports.obj
 0001:00006f40       _SetFunctionTemplateProperty@16 10007f40 f   Exports.obj
 0001:00007120       _SetGlobalObjectTemplate@8 10008120 f   Exports.obj
 0001:000072b0       _SetObjectAccessor@28      100082b0 f   Exports.obj
 0001:00007790       _SetObjectPropertyByIndex@12 10008790 f   Exports.obj
 0001:00007af0       _SetObjectPropertyByName@16 10008af0 f   Exports.obj
 0001:00007e90       _SetObjectTemplateAccessor@28 10008e90 f   Exports.obj
 0001:00008070       _SetObjectTemplateProperty@16 10009070 f   Exports.obj
 0001:00008250       _UnregisterIndexedPropertyHandlers@4 10009250 f   Exports.obj
 0001:000083e0       _UnregisterNamedPropertyHandlers@4 100093e0 f   Exports.obj
 0001:00008570       _UpdateHandleValue@4       10009570 f   Exports.obj
 0001:00008750       _V8Compile@12              10009750 f   Exports.obj
 0001:00008970       _V8Execute@12              10009970 f   Exports.obj
 0001:00008b90       _V8ExecuteCompiledScript@8 10009b90 f   Exports.obj
 0001:00008e40       ??$?0VExternal@v8@@@?$Local@VExternal@v8@@@v8@@AAE@PAVExternal@1@@Z 10009e40 f i FunctionTemplateProxy.obj
 0001:00008e90       ??$?0VFunction@v8@@@?$Handle@VValue@v8@@@v8@@QAE@V?$Handle@VFunction@v8@@@1@@Z 10009e90 f i FunctionTemplateProxy.obj
 0001:00008ef0       ??$?0VFunctionTemplate@v8@@@?$Local@VFunctionTemplate@v8@@@v8@@AAE@PAVFunctionTemplate@1@@Z 10009ef0 f i FunctionTemplateProxy.obj
 0001:00008f40       ??$?0VFunctionTemplate@v8@@@?$Persistent@VFunctionTemplate@v8@@U?$CopyablePersistentTraits@VFunctionTemplate@v8@@@2@@v8@@QAE@PAVIsolate@1@V?$Handle@VFunctionTemplate@v8@@@1@@Z 10009f40 f i FunctionTemplateProxy.obj
 0001:00008fb0       ??$?0VObject@v8@@@?$Handle@VValue@v8@@@v8@@QAE@V?$Handle@VObject@v8@@@1@@Z 10009fb0 f i FunctionTemplateProxy.obj
 0001:00009010       ??$?0VObject@v8@@@?$Local@VObject@v8@@@v8@@AAE@PAVObject@1@@Z 1000a010 f i FunctionTemplateProxy.obj
 0001:00009060       ??$?0VPrimitive@v8@@@?$Local@VValue@v8@@@v8@@AAE@PAVPrimitive@1@@Z 1000a060 f i FunctionTemplateProxy.obj
 0001:000090b0       ??$?0VString@v8@@@?$Handle@VName@v8@@@v8@@QAE@V?$Handle@VString@v8@@@1@@Z 1000a0b0 f i FunctionTemplateProxy.obj
 0001:00009110       ??$?0VValue@v8@@@?$Handle@VData@v8@@@v8@@QAE@V?$Handle@VValue@v8@@@1@@Z 1000a110 f i FunctionTemplateProxy.obj
 0001:00009170       ??$?0VValue@v8@@@?$Local@VValue@v8@@@v8@@AAE@PAVValue@1@@Z 1000a170 f i FunctionTemplateProxy.obj
 0001:000091c0       ??$As@VExternal@v8@@@?$Local@VValue@v8@@@v8@@QAE?AV?$Local@VExternal@v8@@@1@XZ 1000a1c0 f i FunctionTemplateProxy.obj
 0001:00009210       ??$Cast@VValue@v8@@@?$Local@VExternal@v8@@@v8@@SA?AV01@V?$Local@VValue@v8@@@1@@Z 1000a210 f i FunctionTemplateProxy.obj
 0001:00009270       ??$Copy@VFunctionTemplate@v8@@U?$CopyablePersistentTraits@VFunctionTemplate@v8@@@2@@?$CopyablePersistentTraits@VFunctionTemplate@v8@@@v8@@SAXABV?$Persistent@VFunctionTemplate@v8@@U?$CopyablePersistentTraits@VFunctionTemplate@v8@@@2@@1@PAV21@@Z 1000a270 f i FunctionTemplateProxy.obj
 0001:000092a0       ??$Copy@VFunctionTemplate@v8@@U?$CopyablePersistentTraits@VFunctionTemplate@v8@@@2@@?$Persistent@VFunctionTemplate@v8@@U?$CopyablePersistentTraits@VFunctionTemplate@v8@@@2@@v8@@AAEXABV01@@Z 1000a2a0 f i FunctionTemplateProxy.obj
 0001:00009340       ??$Set@VValue@v8@@@?$ReturnValue@VValue@v8@@@v8@@QAEXV?$Handle@VValue@v8@@@1@@Z 1000a340 f i FunctionTemplateProxy.obj
 0001:000093c0       ??0?$CopyablePersistent@VFunctionTemplate@v8@@@@QAE@AAV?$Handle@VFunctionTemplate@v8@@@v8@@@Z 1000a3c0 f i FunctionTemplateProxy.obj
 0001:000094a0       ??0?$CopyablePersistent@VFunctionTemplate@v8@@@@QAE@XZ 1000a4a0 f i FunctionTemplateProxy.obj
 0001:00009520       ??0?$Handle@VExternal@v8@@@v8@@AAE@PAVExternal@1@@Z 1000a520 f i FunctionTemplateProxy.obj
 0001:00009560       ??0?$Handle@VFunctionTemplate@v8@@@v8@@AAE@PAVFunctionTemplate@1@@Z 1000a560 f i FunctionTemplateProxy.obj
 0001:000095a0       ??0?$Handle@VFunctionTemplate@v8@@@v8@@QAE@XZ 1000a5a0 f i FunctionTemplateProxy.obj
 0001:000095e0       ??0?$Handle@VSignature@v8@@@v8@@QAE@XZ 1000a5e0 f i FunctionTemplateProxy.obj
 0001:00009620       ??0?$Handle@VValue@v8@@@v8@@AAE@PAVValue@1@@Z 1000a620 f i FunctionTemplateProxy.obj
 0001:00009660       ??0?$Handle@VValue@v8@@@v8@@QAE@XZ 1000a660 f i FunctionTemplateProxy.obj
 0001:000096a0       ??0?$Local@VFunctionTemplate@v8@@@v8@@QAE@XZ 1000a6a0 f i FunctionTemplateProxy.obj
 0001:000096f0       ??0?$Persistent@VFunctionTemplate@v8@@U?$CopyablePersistentTraits@VFunctionTemplate@v8@@@2@@v8@@QAE@XZ 1000a6f0 f i FunctionTemplateProxy.obj
 0001:00009740       ??0?$PersistentBase@VFunctionTemplate@v8@@@v8@@AAE@PAVFunctionTemplate@1@@Z 1000a740 f i FunctionTemplateProxy.obj
 0001:00009780       ??0?$ReturnValue@VValue@v8@@@v8@@AAE@PAPAVObject@internal@1@@Z 1000a780 f i FunctionTemplateProxy.obj
 0001:000097c0       ??0FunctionTemplateProxy@@QAE@PAVV8EngineProxy@@PAGP6GPAUHandleProxy@@H_NPAU2@PAPAU2@I@Z@Z 1000a7c0 f   FunctionTemplateProxy.obj
 0001:00009a90       ??0ProxyBase@@IAE@W4TProxyObjectType@@@Z 1000aa90 f i FunctionTemplateProxy.obj
 0001:00009ad0       ??1?$CopyablePersistent@VFunctionTemplate@v8@@@@QAE@XZ 1000aad0 f i FunctionTemplateProxy.obj
 0001:00009b60       ??1?$Persistent@VFunctionTemplate@v8@@U?$CopyablePersistentTraits@VFunctionTemplate@v8@@@2@@v8@@QAE@XZ 1000ab60 f i FunctionTemplateProxy.obj
 0001:00009bb0       ??1FunctionTemplateProxy@@QAE@XZ 1000abb0 f   FunctionTemplateProxy.obj
 0001:00009df0       ??4?$CopyablePersistent@VFunctionTemplate@v8@@@@QAEAAU0@ABU0@@Z 1000adf0 f i FunctionTemplateProxy.obj
 0001:00009e40       ??4?$Persistent@VFunctionTemplate@v8@@U?$CopyablePersistentTraits@VFunctionTemplate@v8@@@2@@v8@@QAEAAV01@ABV01@@Z 1000ae40 f i FunctionTemplateProxy.obj
 0001:00009e90       ??A?$FunctionCallbackInfo@VValue@v8@@@v8@@QBE?AV?$Local@VValue@v8@@@1@H@Z 1000ae90 f i FunctionTemplateProxy.obj
 0001:00009f30       ??C?$CopyablePersistent@VFunctionTemplate@v8@@@@QBEPAVFunctionTemplate@v8@@XZ 1000af30 f i FunctionTemplateProxy.obj
 0001:00009f80       ??C?$Handle@VExternal@v8@@@v8@@QBEPAVExternal@1@XZ 1000af80 f i FunctionTemplateProxy.obj
 0001:00009fb0       ??C?$Handle@VFunction@v8@@@v8@@QBEPAVFunction@1@XZ 1000afb0 f i FunctionTemplateProxy.obj
 0001:00009fe0       ??D?$Handle@VFunction@v8@@@v8@@QBEPAVFunction@1@XZ 1000afe0 f i FunctionTemplateProxy.obj
 0001:0000a010       ??D?$Handle@VFunctionTemplate@v8@@@v8@@QBEPAVFunctionTemplate@1@XZ 1000b010 f i FunctionTemplateProxy.obj
 0001:0000a040       ??D?$Handle@VObject@v8@@@v8@@QBEPAVObject@1@XZ 1000b040 f i FunctionTemplateProxy.obj
 0001:0000a070       ??_H@YGXPAXIHP6EPAX0@Z@Z   1000b070 f i FunctionTemplateProxy.obj
 0001:0000a0d0       ?CreateInstance@FunctionTemplateProxy@@QAEPAUHandleProxy@@HHPAPAU2@@Z 1000b0d0 f   FunctionTemplateProxy.obj
 0001:0000a3f0       ?Data@?$FunctionCallbackInfo@VValue@v8@@@v8@@QBE?AV?$Local@VValue@v8@@@2@XZ 1000b3f0 f i FunctionTemplateProxy.obj
 0001:0000a450       ?GetDefaultValue@?$ReturnValue@VValue@v8@@@v8@@AAEPAVObject@internal@2@XZ 1000b450 f i FunctionTemplateProxy.obj
 0001:0000a490       ?GetFunction@FunctionTemplateProxy@@QAEPAUHandleProxy@@XZ 1000b490 f   FunctionTemplateProxy.obj
 0001:0000a540       ?GetInstanceTemplateProxy@FunctionTemplateProxy@@QAEPAVObjectTemplateProxy@@XZ 1000b540 f   FunctionTemplateProxy.obj
 0001:0000a570       ?GetIsolate@?$FunctionCallbackInfo@VValue@v8@@@v8@@QBEPAVIsolate@2@XZ 1000b570 f i FunctionTemplateProxy.obj
 0001:0000a5b0       ?GetPrototypeTemplateProxy@FunctionTemplateProxy@@QAEPAVObjectTemplateProxy@@XZ 1000b5b0 f   FunctionTemplateProxy.obj
 0001:0000a5e0       ?GetReturnValue@?$FunctionCallbackInfo@VValue@v8@@@v8@@QBE?AV?$ReturnValue@VValue@v8@@@2@XZ 1000b5e0 f i FunctionTemplateProxy.obj
 0001:0000a640       ?Handle@?$CopyablePersistent@VFunctionTemplate@v8@@@@QBE?AV?$Local@VFunctionTemplate@v8@@@v8@@XZ 1000b640 f i FunctionTemplateProxy.obj
 0001:0000a6a0       ?Holder@?$FunctionCallbackInfo@VValue@v8@@@v8@@QBE?AV?$Local@VObject@v8@@@2@XZ 1000b6a0 f i FunctionTemplateProxy.obj
 0001:0000a700       ?InvocationCallbackProxy@FunctionTemplateProxy@@SAXABV?$FunctionCallbackInfo@VValue@v8@@@v8@@@Z 1000b700 f   FunctionTemplateProxy.obj
 0001:0000a9e0       ?IsConstructCall@?$FunctionCallbackInfo@VValue@v8@@@v8@@QBE_NXZ 1000b9e0 f i FunctionTemplateProxy.obj
 0001:0000aa10       ?IsEmpty@?$CopyablePersistent@VFunctionTemplate@v8@@@@QBE_NXZ 1000ba10 f i FunctionTemplateProxy.obj
 0001:0000aa50       ?IsEmpty@?$PersistentBase@VFunctionTemplate@v8@@@v8@@QBE_NXZ 1000ba50 f i FunctionTemplateProxy.obj
 0001:0000aaa0       ?IsError@HandleProxy@@QAE_NXZ 1000baa0 f i FunctionTemplateProxy.obj
 0001:0000aaf0       ?Length@?$FunctionCallbackInfo@VValue@v8@@@v8@@QBEHXZ 1000baf0 f i FunctionTemplateProxy.obj
 0001:0000ab20       ?New@?$Local@VFunctionTemplate@v8@@@v8@@CA?AV12@PAVIsolate@2@PAVFunctionTemplate@2@@Z 1000bb20 f i FunctionTemplateProxy.obj
 0001:0000aba0       ?New@?$Local@VFunctionTemplate@v8@@@v8@@SA?AV12@PAVIsolate@2@ABV?$PersistentBase@VFunctionTemplate@v8@@@2@@Z 1000bba0 f i FunctionTemplateProxy.obj
 0001:0000abf0       ?New@?$PersistentBase@VFunctionTemplate@v8@@@v8@@CAPAVFunctionTemplate@2@PAVIsolate@2@PAV32@@Z 1000bbf0 f i FunctionTemplateProxy.obj
 0001:0000ac50       ?Reset@?$CopyablePersistent@VFunctionTemplate@v8@@@@QAEXXZ 1000bc50 f i FunctionTemplateProxy.obj
 0001:0000ac90       ?Reset@?$PersistentBase@VFunctionTemplate@v8@@@v8@@QAEXXZ 1000bc90 f i FunctionTemplateProxy.obj
 0001:0000ad00       ?Set@FunctionTemplateProxy@@QAEXPBGPAUHandleProxy@@W4PropertyAttribute@v8@@@Z 1000bd00 f   FunctionTemplateProxy.obj
 0001:0000adc0       ?SetManagedCallback@FunctionTemplateProxy@@QAEXP6GPAUHandleProxy@@H_NPAU2@PAPAU2@I@Z@Z 1000bdc0 f   FunctionTemplateProxy.obj
 0001:0000ae00       ??$?0VScript@v8@@@?$Local@VScript@v8@@@v8@@AAE@PAVScript@1@@Z 1000be00 f i HandleProxy.obj
 0001:0000ae50       ??$?0VScript@v8@@@?$Persistent@VScript@v8@@U?$CopyablePersistentTraits@VScript@v8@@@2@@v8@@QAE@PAVIsolate@1@V?$Handle@VScript@v8@@@1@@Z 1000be50 f i HandleProxy.obj
 0001:0000aec0       ??$?0VString@v8@@@?$Local@VString@v8@@@v8@@AAE@PAVString@1@@Z 1000bec0 f i HandleProxy.obj
 0001:0000af10       ??$?0VValue@v8@@@?$Persistent@VValue@v8@@U?$CopyablePersistentTraits@VValue@v8@@@2@@v8@@QAE@PAVIsolate@1@V?$Handle@VValue@v8@@@1@@Z 1000bf10 f i HandleProxy.obj
 0001:0000af80       ??$As@VObject@v8@@@?$CopyablePersistent@VValue@v8@@@@QAE?AV?$Local@VObject@v8@@@v8@@XZ 1000bf80 f i HandleProxy.obj
 0001:0000afe0       ??$As@VObject@v8@@@?$Local@VValue@v8@@@v8@@QAE?AV?$Local@VObject@v8@@@1@XZ 1000bfe0 f i HandleProxy.obj
 0001:0000b030       ??$As@VString@v8@@@?$CopyablePersistent@VValue@v8@@@@QAE?AV?$Local@VString@v8@@@v8@@XZ 1000c030 f i HandleProxy.obj
 0001:0000b090       ??$As@VString@v8@@@?$Local@VValue@v8@@@v8@@QAE?AV?$Local@VString@v8@@@1@XZ 1000c090 f i HandleProxy.obj
 0001:0000b0e0       ??$Cast@VValue@v8@@@?$Local@VObject@v8@@@v8@@SA?AV01@V?$Local@VValue@v8@@@1@@Z 1000c0e0 f i HandleProxy.obj
 0001:0000b140       ??$Cast@VValue@v8@@@?$Local@VString@v8@@@v8@@SA?AV01@V?$Local@VValue@v8@@@1@@Z 1000c140 f i HandleProxy.obj
 0001:0000b1a0       ??$ClearWeak@X@?$PersistentBase@VValue@v8@@@v8@@QAEPAXXZ 1000c1a0 f i HandleProxy.obj
 0001:0000b1f0       ??$Copy@VScript@v8@@U?$CopyablePersistentTraits@VScript@v8@@@2@@?$CopyablePersistentTraits@VScript@v8@@@v8@@SAXABV?$Persistent@VScript@v8@@U?$CopyablePersistentTraits@VScript@v8@@@2@@1@PAV21@@Z 1000c1f0 f i HandleProxy.obj
 0001:0000b220       ??$Copy@VScript@v8@@U?$CopyablePersistentTraits@VScript@v8@@@2@@?$Persistent@VScript@v8@@U?$CopyablePersistentTraits@VScript@v8@@@2@@v8@@AAEXABV01@@Z 1000c220 f i HandleProxy.obj
 0001:0000b2c0       ??$Copy@VValue@v8@@U?$CopyablePersistentTraits@VValue@v8@@@2@@?$CopyablePersistentTraits@VValue@v8@@@v8@@SAXABV?$Persistent@VValue@v8@@U?$CopyablePersistentTraits@VValue@v8@@@2@@1@PAV21@@Z 1000c2c0 f i HandleProxy.obj
 0001:0000b2f0       ??$Copy@VValue@v8@@U?$CopyablePersistentTraits@VValue@v8@@@2@@?$Persistent@VValue@v8@@U?$CopyablePersistentTraits@VValue@v8@@@2@@v8@@AAEXABV01@@Z 1000c2f0 f i HandleProxy.obj
 0001:0000b390       ??$SetWeak@UHandleProxy@@@?$PersistentBase@VValue@v8@@@v8@@QAEXPAUHandleProxy@@P6AXABV?$WeakCallbackData@VValue@v8@@UHandleProxy@@@1@@Z@Z 1000c390 f i HandleProxy.obj
 0001:0000b3e0       ??$SetWeak@VValue@v8@@UHandleProxy@@@?$PersistentBase@VValue@v8@@@v8@@QAEXPAUHandleProxy@@P6AXABV?$WeakCallbackData@VValue@v8@@UHandleProxy@@@1@@Z@Z 1000c3e0 f i HandleProxy.obj
 0001:0000b450       ??0?$CopyablePersistent@VScript@v8@@@@QAE@AAV?$Handle@VScript@v8@@@v8@@@Z 1000c450 f i HandleProxy.obj
 0001:0000b530       ??0?$CopyablePersistent@VScript@v8@@@@QAE@XZ 1000c530 f i HandleProxy.obj
 0001:0000b5b0       ??0?$CopyablePersistent@VValue@v8@@@@QAE@AAV?$Handle@VValue@v8@@@v8@@@Z 1000c5b0 f i HandleProxy.obj
 0001:0000b690       ??0?$CopyablePersistent@VValue@v8@@@@QAE@XZ 1000c690 f i HandleProxy.obj
 0001:0000b710       ??0?$Handle@VScript@v8@@@v8@@AAE@PAVScript@1@@Z 1000c710 f i HandleProxy.obj
 0001:0000b750       ??0?$Handle@VScript@v8@@@v8@@QAE@XZ 1000c750 f i HandleProxy.obj
 0001:0000b790       ??0?$Handle@VString@v8@@@v8@@AAE@PAVString@1@@Z 1000c790 f i HandleProxy.obj
 0001:0000b7d0       ??0?$Local@VScript@v8@@@v8@@QAE@XZ 1000c7d0 f i HandleProxy.obj
 0001:0000b820       ??0?$Local@VValue@v8@@@v8@@QAE@XZ 1000c820 f i HandleProxy.obj
 0001:0000b870       ??0?$Persistent@VScript@v8@@U?$CopyablePersistentTraits@VScript@v8@@@2@@v8@@QAE@XZ 1000c870 f i HandleProxy.obj
 0001:0000b8c0       ??0?$Persistent@VValue@v8@@U?$CopyablePersistentTraits@VValue@v8@@@2@@v8@@QAE@XZ 1000c8c0 f i HandleProxy.obj
 0001:0000b910       ??0?$PersistentBase@VScript@v8@@@v8@@AAE@PAVScript@1@@Z 1000c910 f i HandleProxy.obj
 0001:0000b950       ??0?$PersistentBase@VValue@v8@@@v8@@AAE@PAVValue@1@@Z 1000c950 f i HandleProxy.obj
 0001:0000b990       ??0?$lock_guard@Vrecursive_mutex@std@@@std@@QAE@AAVrecursive_mutex@1@@Z 1000c990 f i HandleProxy.obj
 0001:0000b9e0       ??0HandleProxy@@IAE@PAVV8EngineProxy@@H@Z 1000c9e0 f   HandleProxy.obj
 0001:0000baf0       ??1?$CopyablePersistent@VScript@v8@@@@QAE@XZ 1000caf0 f i HandleProxy.obj
 0001:0000bb80       ??1?$CopyablePersistent@VValue@v8@@@@QAE@XZ 1000cb80 f i HandleProxy.obj
 0001:0000bc10       ??1?$Persistent@VScript@v8@@U?$CopyablePersistentTraits@VScript@v8@@@2@@v8@@QAE@XZ 1000cc10 f i HandleProxy.obj
 0001:0000bc60       ??1?$Persistent@VValue@v8@@U?$CopyablePersistentTraits@VValue@v8@@@2@@v8@@QAE@XZ 1000cc60 f i HandleProxy.obj
 0001:0000bcb0       ??1?$lock_guard@Vrecursive_mutex@std@@@std@@QAE@XZ 1000ccb0 f i HandleProxy.obj
 0001:0000bd00       ??1HandleProxy@@IAE@XZ     1000cd00 f   HandleProxy.obj
 0001:0000bdc0       ??4?$CopyablePersistent@VScript@v8@@@@QAEAAU0@ABU0@@Z 1000cdc0 f i HandleProxy.obj
 0001:0000be10       ??4?$CopyablePersistent@VValue@v8@@@@QAEAAU0@ABU0@@Z 1000ce10 f i HandleProxy.obj
 0001:0000be60       ??4?$Persistent@VScript@v8@@U?$CopyablePersistentTraits@VScript@v8@@@2@@v8@@QAEAAV01@ABV01@@Z 1000ce60 f i HandleProxy.obj
 0001:0000beb0       ??4?$Persistent@VValue@v8@@U?$CopyablePersistentTraits@VValue@v8@@@2@@v8@@QAEAAV01@ABV01@@Z 1000ceb0 f i HandleProxy.obj
 0001:0000bf00       ??B?$CopyablePersistent@VScript@v8@@@@QBE?AV?$Local@VScript@v8@@@v8@@XZ 1000cf00 f i HandleProxy.obj
 0001:0000bf50       ??B?$CopyablePersistent@VValue@v8@@@@QBE?AV?$Local@VValue@v8@@@v8@@XZ 1000cf50 f i HandleProxy.obj
 0001:0000bfa0       ??C?$CopyablePersistent@VValue@v8@@@@QBEPAVValue@v8@@XZ 1000cfa0 f i HandleProxy.obj
 0001:0000bff0       ??D?$Handle@VScript@v8@@@v8@@QBEPAVScript@1@XZ 1000cff0 f i HandleProxy.obj
 0001:0000c020       ??_GHandleProxy@@IAEPAXI@Z 1000d020 f i HandleProxy.obj
 0001:0000c080       ?ClearWeak@?$PersistentBase@VValue@v8@@@v8@@QAEXXZ 1000d080 f i HandleProxy.obj
 0001:0000c0c0       ?Dispose@HandleProxy@@QAE_NXZ 1000d0c0 f   HandleProxy.obj
 0001:0000c110       ?GetIsolate@?$WeakCallbackData@VValue@v8@@UHandleProxy@@@v8@@QBEPAVIsolate@2@XZ 1000d110 f i HandleProxy.obj
 0001:0000c140       ?GetManagedObjectID@HandleProxy@@QAEHXZ 1000d140 f   HandleProxy.obj
 0001:0000c4c0       ?GetParameter@?$WeakCallbackData@VValue@v8@@UHandleProxy@@@v8@@QBEPAUHandleProxy@@XZ 1000d4c0 f i HandleProxy.obj
 0001:0000c4f0       ?Handle@?$CopyablePersistent@VScript@v8@@@@QBE?AV?$Local@VScript@v8@@@v8@@XZ 1000d4f0 f i HandleProxy.obj
 0001:0000c550       ?Handle@?$CopyablePersistent@VValue@v8@@@@QBE?AV?$Local@VValue@v8@@@v8@@XZ 1000d550 f i HandleProxy.obj
 0001:0000c5b0       ?Handle@HandleProxy@@QAE?AV?$Handle@VValue@v8@@@v8@@XZ 1000d5b0 f   HandleProxy.obj
 0001:0000c620       ?Initialize@HandleProxy@@IAEPAU1@V?$Handle@VValue@v8@@@v8@@@Z 1000d620 f   HandleProxy.obj
 0001:0000c690       ?IsEmpty@?$CopyablePersistent@VScript@v8@@@@QBE_NXZ 1000d690 f i HandleProxy.obj
 0001:0000c6d0       ?IsEmpty@?$CopyablePersistent@VValue@v8@@@@QBE_NXZ 1000d6d0 f i HandleProxy.obj
 0001:0000c710       ?IsEmpty@?$PersistentBase@VScript@v8@@@v8@@QBE_NXZ 1000d710 f i HandleProxy.obj
 0001:0000c760       ?IsEmpty@?$PersistentBase@VValue@v8@@@v8@@QBE_NXZ 1000d760 f i HandleProxy.obj
 0001:0000c7b0       ?MakeStrong@HandleProxy@@QAEXXZ 1000d7b0 f   HandleProxy.obj
 0001:0000c810       ?MakeWeak@HandleProxy@@QAEXXZ 1000d810 f   HandleProxy.obj
 0001:0000c880       ?New@?$Local@VScript@v8@@@v8@@CA?AV12@PAVIsolate@2@PAVScript@2@@Z 1000d880 f i HandleProxy.obj
 0001:0000c900       ?New@?$Local@VScript@v8@@@v8@@SA?AV12@PAVIsolate@2@ABV?$PersistentBase@VScript@v8@@@2@@Z 1000d900 f i HandleProxy.obj
 0001:0000c950       ?New@?$Local@VValue@v8@@@v8@@CA?AV12@PAVIsolate@2@PAVValue@2@@Z 1000d950 f i HandleProxy.obj
 0001:0000c9d0       ?New@?$Local@VValue@v8@@@v8@@SA?AV12@PAVIsolate@2@ABV?$PersistentBase@VValue@v8@@@2@@Z 1000d9d0 f i HandleProxy.obj
 0001:0000ca20       ?New@?$PersistentBase@VScript@v8@@@v8@@CAPAVScript@2@PAVIsolate@2@PAV32@@Z 1000da20 f i HandleProxy.obj
 0001:0000ca80       ?New@?$PersistentBase@VValue@v8@@@v8@@CAPAVValue@2@PAVIsolate@2@PAV32@@Z 1000da80 f i HandleProxy.obj
 0001:0000cae0       ?Reset@?$CopyablePersistent@VScript@v8@@@@QAEXXZ 1000dae0 f i HandleProxy.obj
 0001:0000cb20       ?Reset@?$CopyablePersistent@VValue@v8@@@@QAEXXZ 1000db20 f i HandleProxy.obj
 0001:0000cb60       ?Reset@?$PersistentBase@VScript@v8@@@v8@@QAEXXZ 1000db60 f i HandleProxy.obj
 0001:0000cbd0       ?Reset@?$PersistentBase@VValue@v8@@@v8@@QAEXXZ 1000dbd0 f i HandleProxy.obj
 0001:0000cc40       ?Script@HandleProxy@@QAE?AV?$Handle@VScript@v8@@@v8@@XZ 1000dc40 f   HandleProxy.obj
 0001:0000ccb0       ?SetHandle@HandleProxy@@IAEPAU1@V?$Handle@VScript@v8@@@v8@@@Z 1000dcb0 f   HandleProxy.obj
 0001:0000cd80       ?SetHandle@HandleProxy@@IAEPAU1@V?$Handle@VValue@v8@@@v8@@@Z 1000dd80 f   HandleProxy.obj
 0001:0000d220       ?UpdateValue@HandleProxy@@QAEXXZ 1000e220 f   HandleProxy.obj
 0001:0000d4e0       ?_Check_C_return@std@@YAHH@Z 1000e4e0 f i HandleProxy.obj
 0001:0000d540       ?_ClearHandleValue@HandleProxy@@IAEXXZ 1000e540 f   HandleProxy.obj
 0001:0000d5d0       ?_Dispose@HandleProxy@@IAE_N_N@Z 1000e5d0 f   HandleProxy.obj
 0001:0000d6d0       ?_Mtx_lockX@std@@YAHPAPAU_Mtx_internal_imp_t@@@Z 1000e6d0 f i HandleProxy.obj
 0001:0000d730       ?_Mtx_unlockX@std@@YAHPAPAU_Mtx_internal_imp_t@@@Z 1000e730 f i HandleProxy.obj
 0001:0000d790       ?_RevivableCallback@HandleProxy@@CAXABV?$WeakCallbackData@VValue@v8@@UHandleProxy@@@v8@@@Z 1000e790 f   HandleProxy.obj
 0001:0000d830       ?lock@_Mutex_base@std@@QAEXXZ 1000e830 f i HandleProxy.obj
 0001:0000d880       ?unlock@_Mutex_base@std@@QAEXXZ 1000e880 f i HandleProxy.obj
 0001:0000d8d0       ??$?0VArray@v8@@@?$Local@VArray@v8@@@v8@@AAE@PAVArray@1@@Z 1000e8d0 f i ObjectTemplateProxy.obj
 0001:0000d920       ??$?0VInteger@v8@@@?$Local@VInteger@v8@@@v8@@AAE@PAVInteger@1@@Z 1000e920 f i ObjectTemplateProxy.obj
 0001:0000d970       ??$?0VObjectTemplate@v8@@@?$Local@VObjectTemplate@v8@@@v8@@AAE@PAVObjectTemplate@1@@Z 1000e970 f i ObjectTemplateProxy.obj
 0001:0000d9c0       ??$?0VObjectTemplate@v8@@@?$Persistent@VObjectTemplate@v8@@U?$CopyablePersistentTraits@VObjectTemplate@v8@@@2@@v8@@QAE@PAVIsolate@1@V?$Handle@VObjectTemplate@v8@@@1@@Z 1000e9c0 f i ObjectTemplateProxy.obj
 0001:0000da30       ??$As@VArray@v8@@@?$Local@VValue@v8@@@v8@@QAE?AV?$Local@VArray@v8@@@1@XZ 1000ea30 f i ObjectTemplateProxy.obj
 0001:0000da80       ??$As@VInteger@v8@@@?$Local@VValue@v8@@@v8@@QAE?AV?$Local@VInteger@v8@@@1@XZ 1000ea80 f i ObjectTemplateProxy.obj
 0001:0000dad0       ??$Cast@VValue@v8@@@?$Local@VArray@v8@@@v8@@SA?AV01@V?$Local@VValue@v8@@@1@@Z 1000ead0 f i ObjectTemplateProxy.obj
 0001:0000db30       ??$Cast@VValue@v8@@@?$Local@VInteger@v8@@@v8@@SA?AV01@V?$Local@VValue@v8@@@1@@Z 1000eb30 f i ObjectTemplateProxy.obj
 0001:0000db90       ??$Copy@VObjectTemplate@v8@@U?$CopyablePersistentTraits@VObjectTemplate@v8@@@2@@?$CopyablePersistentTraits@VObjectTemplate@v8@@@v8@@SAXABV?$Persistent@VObjectTemplate@v8@@U?$CopyablePersistentTraits@VObjectTemplate@v8@@@2@@1@PAV21@@Z 1000eb90 f i ObjectTemplateProxy.obj
 0001:0000dbc0       ??$Copy@VObjectTemplate@v8@@U?$CopyablePersistentTraits@VObjectTemplate@v8@@@2@@?$Persistent@VObjectTemplate@v8@@U?$CopyablePersistentTraits@VObjectTemplate@v8@@@2@@v8@@AAEXABV01@@Z 1000ebc0 f i ObjectTemplateProxy.obj
 0001:0000dc60       ??$Set@VArray@v8@@@?$ReturnValue@VArray@v8@@@v8@@QAEXV?$Handle@VArray@v8@@@1@@Z 1000ec60 f i ObjectTemplateProxy.obj
 0001:0000dce0       ??$Set@VBoolean@v8@@@?$ReturnValue@VBoolean@v8@@@v8@@QAEXV?$Handle@VBoolean@v8@@@1@@Z 1000ece0 f i ObjectTemplateProxy.obj
 0001:0000dd60       ??$Set@VInteger@v8@@@?$ReturnValue@VInteger@v8@@@v8@@QAEXV?$Handle@VInteger@v8@@@1@@Z 1000ed60 f i ObjectTemplateProxy.obj
 0001:0000dde0       ??$Set@VValue@v8@@@?$ReturnValue@X@v8@@QAEXV?$Handle@VValue@v8@@@1@@Z 1000ede0 f i ObjectTemplateProxy.obj
 0001:0000de60       ??0?$CopyablePersistent@VObjectTemplate@v8@@@@QAE@AAV?$Handle@VObjectTemplate@v8@@@v8@@@Z 1000ee60 f i ObjectTemplateProxy.obj
 0001:0000df40       ??0?$CopyablePersistent@VObjectTemplate@v8@@@@QAE@XZ 1000ef40 f i ObjectTemplateProxy.obj
 0001:0000dfc0       ??0?$Handle@VAccessorSignature@v8@@@v8@@QAE@XZ 1000efc0 f i ObjectTemplateProxy.obj
 0001:0000e000       ??0?$Handle@VInteger@v8@@@v8@@AAE@PAVInteger@1@@Z 1000f000 f i ObjectTemplateProxy.obj
 0001:0000e040       ??0?$Handle@VObject@v8@@@v8@@QAE@XZ 1000f040 f i ObjectTemplateProxy.obj
 0001:0000e080       ??0?$Handle@VObjectTemplate@v8@@@v8@@AAE@PAVObjectTemplate@1@@Z 1000f080 f i ObjectTemplateProxy.obj
 0001:0000e0c0       ??0?$Handle@VObjectTemplate@v8@@@v8@@QAE@XZ 1000f0c0 f i ObjectTemplateProxy.obj
 0001:0000e100       ??0?$Local@VObject@v8@@@v8@@QAE@XZ 1000f100 f i ObjectTemplateProxy.obj
 0001:0000e150       ??0?$Local@VObjectTemplate@v8@@@v8@@QAE@XZ 1000f150 f i ObjectTemplateProxy.obj
 0001:0000e1a0       ??0?$Persistent@VObjectTemplate@v8@@U?$CopyablePersistentTraits@VObjectTemplate@v8@@@2@@v8@@QAE@XZ 1000f1a0 f i ObjectTemplateProxy.obj
 0001:0000e1f0       ??0?$PersistentBase@VObjectTemplate@v8@@@v8@@AAE@PAVObjectTemplate@1@@Z 1000f1f0 f i ObjectTemplateProxy.obj
 0001:0000e230       ??0?$ReturnValue@VArray@v8@@@v8@@AAE@PAPAVObject@internal@1@@Z 1000f230 f i ObjectTemplateProxy.obj
 0001:0000e270       ??0?$ReturnValue@VBoolean@v8@@@v8@@AAE@PAPAVObject@internal@1@@Z 1000f270 f i ObjectTemplateProxy.obj
 0001:0000e2b0       ??0?$ReturnValue@VInteger@v8@@@v8@@AAE@PAPAVObject@internal@1@@Z 1000f2b0 f i ObjectTemplateProxy.obj
 0001:0000e2f0       ??0?$ReturnValue@X@v8@@AAE@PAPAVObject@internal@1@@Z 1000f2f0 f i ObjectTemplateProxy.obj
 0001:0000e330       ??0ManagedAccessorInfo@@QAE@PAVObjectTemplateProxy@@HABV?$PropertyCallbackInfo@VArray@v8@@@v8@@@Z 1000f330 f i ObjectTemplateProxy.obj
 0001:0000e3d0       ??0ManagedAccessorInfo@@QAE@PAVObjectTemplateProxy@@HABV?$PropertyCallbackInfo@VBoolean@v8@@@v8@@@Z 1000f3d0 f i ObjectTemplateProxy.obj
 0001:0000e470       ??0ManagedAccessorInfo@@QAE@PAVObjectTemplateProxy@@HABV?$PropertyCallbackInfo@VInteger@v8@@@v8@@@Z 1000f470 f i ObjectTemplateProxy.obj
 0001:0000e510       ??0ManagedAccessorInfo@@QAE@PAVObjectTemplateProxy@@HABV?$PropertyCallbackInfo@VValue@v8@@@v8@@@Z 1000f510 f i ObjectTemplateProxy.obj
 0001:0000e5b0       ??0ObjectTemplateProxy@@QAE@PAVV8EngineProxy@@@Z 1000f5b0 f   ObjectTemplateProxy.obj
 0001:0000e780       ??0ObjectTemplateProxy@@QAE@PAVV8EngineProxy@@V?$Local@VObjectTemplate@v8@@@v8@@@Z 1000f780 f   ObjectTemplateProxy.obj
 0001:0000e900       ??1?$CopyablePersistent@VObjectTemplate@v8@@@@QAE@XZ 1000f900 f i ObjectTemplateProxy.obj
 0001:0000e990       ??1?$Persistent@VObjectTemplate@v8@@U?$CopyablePersistentTraits@VObjectTemplate@v8@@@2@@v8@@QAE@XZ 1000f990 f i ObjectTemplateProxy.obj
 0001:0000e9e0       ??1ObjectTemplateProxy@@QAE@XZ 1000f9e0 f   ObjectTemplateProxy.obj
 0001:0000ec10       ??4?$CopyablePersistent@VObjectTemplate@v8@@@@QAEAAU0@ABU0@@Z 1000fc10 f i ObjectTemplateProxy.obj
 0001:0000ec60       ??4?$Persistent@VObjectTemplate@v8@@U?$CopyablePersistentTraits@VObjectTemplate@v8@@@2@@v8@@QAEAAV01@ABV01@@Z 1000fc60 f i ObjectTemplateProxy.obj
 0001:0000ecb0       ??C?$CopyablePersistent@VObjectTemplate@v8@@@@QBEPAVObjectTemplate@v8@@XZ 1000fcb0 f i ObjectTemplateProxy.obj
 0001:0000ed00       ??C?$Handle@VInteger@v8@@@v8@@QBEPAVInteger@1@XZ 1000fd00 f i ObjectTemplateProxy.obj
 0001:0000ed30       ??C?$Handle@VObjectTemplate@v8@@@v8@@QBEPAVObjectTemplate@1@XZ 1000fd30 f i ObjectTemplateProxy.obj
 0001:0000ed60       ??D?$Handle@VBoolean@v8@@@v8@@QBEPAVBoolean@1@XZ 1000fd60 f i ObjectTemplateProxy.obj
 0001:0000ed90       ??D?$Handle@VObjectTemplate@v8@@@v8@@QBEPAVObjectTemplate@1@XZ 1000fd90 f i ObjectTemplateProxy.obj
 0001:0000edc0       ?AccessorGetterCallbackProxy@ObjectTemplateProxy@@SAXV?$Local@VString@v8@@@v8@@ABV?$PropertyCallbackInfo@VValue@v8@@@3@@Z 1000fdc0 f   ObjectTemplateProxy.obj
 0001:0000f0f0       ?AccessorSetterCallbackProxy@ObjectTemplateProxy@@SAXV?$Local@VString@v8@@@v8@@V?$Local@VValue@v8@@@3@ABV?$PropertyCallbackInfo@X@3@@Z 100100f0 f   ObjectTemplateProxy.obj
 0001:0000f450       ?CreateObject@ObjectTemplateProxy@@QAEPAUHandleProxy@@H@Z 10010450 f   ObjectTemplateProxy.obj
 0001:0000f520       ?Data@?$PropertyCallbackInfo@VArray@v8@@@v8@@QBE?AV?$Local@VValue@v8@@@2@XZ 10010520 f i ObjectTemplateProxy.obj
 0001:0000f580       ?Data@?$PropertyCallbackInfo@VBoolean@v8@@@v8@@QBE?AV?$Local@VValue@v8@@@2@XZ 10010580 f i ObjectTemplateProxy.obj
 0001:0000f5e0       ?Data@?$PropertyCallbackInfo@VInteger@v8@@@v8@@QBE?AV?$Local@VValue@v8@@@2@XZ 100105e0 f i ObjectTemplateProxy.obj
 0001:0000f640       ?Data@?$PropertyCallbackInfo@VValue@v8@@@v8@@QBE?AV?$Local@VValue@v8@@@2@XZ 10010640 f i ObjectTemplateProxy.obj
 0001:0000f6a0       ?Data@?$PropertyCallbackInfo@X@v8@@QBE?AV?$Local@VValue@v8@@@2@XZ 100106a0 f i ObjectTemplateProxy.obj
 0001:0000f700       ?DeleteProperty@ObjectTemplateProxy@@SAXIABV?$PropertyCallbackInfo@VBoolean@v8@@@v8@@@Z 10010700 f   ObjectTemplateProxy.obj
 0001:0000f910       ?DeleteProperty@ObjectTemplateProxy@@SAXV?$Local@VString@v8@@@v8@@ABV?$PropertyCallbackInfo@VBoolean@v8@@@3@@Z 10010910 f   ObjectTemplateProxy.obj
 0001:0000fb50       ?GetDefaultValue@?$ReturnValue@VArray@v8@@@v8@@AAEPAVObject@internal@2@XZ 10010b50 f i ObjectTemplateProxy.obj
 0001:0000fb90       ?GetDefaultValue@?$ReturnValue@VBoolean@v8@@@v8@@AAEPAVObject@internal@2@XZ 10010b90 f i ObjectTemplateProxy.obj
 0001:0000fbd0       ?GetDefaultValue@?$ReturnValue@VInteger@v8@@@v8@@AAEPAVObject@internal@2@XZ 10010bd0 f i ObjectTemplateProxy.obj
 0001:0000fc10       ?GetDefaultValue@?$ReturnValue@X@v8@@AAEPAVObject@internal@2@XZ 10010c10 f i ObjectTemplateProxy.obj
 0001:0000fc50       ?GetIsolate@?$PropertyCallbackInfo@VValue@v8@@@v8@@QBEPAVIsolate@2@XZ 10010c50 f i ObjectTemplateProxy.obj
 0001:0000fc90       ?GetIsolate@?$PropertyCallbackInfo@X@v8@@QBEPAVIsolate@2@XZ 10010c90 f i ObjectTemplateProxy.obj
 0001:0000fcd0       ?GetIsolate@?$ReturnValue@VValue@v8@@@v8@@QAEPAVIsolate@2@XZ 10010cd0 f i ObjectTemplateProxy.obj
 0001:0000fd10       ?GetIsolate@?$ReturnValue@X@v8@@QAEPAVIsolate@2@XZ 10010d10 f i ObjectTemplateProxy.obj
 0001:0000fd50       ?GetProperty@ObjectTemplateProxy@@SAXIABV?$PropertyCallbackInfo@VValue@v8@@@v8@@@Z 10010d50 f   ObjectTemplateProxy.obj
 0001:0000ffe0       ?GetProperty@ObjectTemplateProxy@@SAXV?$Local@VString@v8@@@v8@@ABV?$PropertyCallbackInfo@VValue@v8@@@3@@Z 10010fe0 f   ObjectTemplateProxy.obj
 0001:000102b0       ?GetPropertyAttributes@ObjectTemplateProxy@@SAXIABV?$PropertyCallbackInfo@VInteger@v8@@@v8@@@Z 100112b0 f   ObjectTemplateProxy.obj
 0001:000104b0       ?GetPropertyAttributes@ObjectTemplateProxy@@SAXV?$Local@VString@v8@@@v8@@ABV?$PropertyCallbackInfo@VInteger@v8@@@3@@Z 100114b0 f   ObjectTemplateProxy.obj
 0001:000106e0       ?GetPropertyIndices@ObjectTemplateProxy@@SAXABV?$PropertyCallbackInfo@VArray@v8@@@v8@@@Z 100116e0 f   ObjectTemplateProxy.obj
 0001:000109e0       ?GetPropertyNames@ObjectTemplateProxy@@SAXABV?$PropertyCallbackInfo@VArray@v8@@@v8@@@Z 100119e0 f   ObjectTemplateProxy.obj
 0001:00010ce0       ?GetReturnValue@?$PropertyCallbackInfo@VArray@v8@@@v8@@QBE?AV?$ReturnValue@VArray@v8@@@2@XZ 10011ce0 f i ObjectTemplateProxy.obj
 0001:00010d40       ?GetReturnValue@?$PropertyCallbackInfo@VBoolean@v8@@@v8@@QBE?AV?$ReturnValue@VBoolean@v8@@@2@XZ 10011d40 f i ObjectTemplateProxy.obj
 0001:00010da0       ?GetReturnValue@?$PropertyCallbackInfo@VInteger@v8@@@v8@@QBE?AV?$ReturnValue@VInteger@v8@@@2@XZ 10011da0 f i ObjectTemplateProxy.obj
 0001:00010e00       ?GetReturnValue@?$PropertyCallbackInfo@VValue@v8@@@v8@@QBE?AV?$ReturnValue@VValue@v8@@@2@XZ 10011e00 f i ObjectTemplateProxy.obj
 0001:00010e60       ?GetReturnValue@?$PropertyCallbackInfo@X@v8@@QBE?AV?$ReturnValue@X@2@XZ 10011e60 f i ObjectTemplateProxy.obj
 0001:00010ec0       ?Handle@?$CopyablePersistent@VObjectTemplate@v8@@@@QBE?AV?$Local@VObjectTemplate@v8@@@v8@@XZ 10011ec0 f i ObjectTemplateProxy.obj
 0001:00010f20       ?Holder@?$PropertyCallbackInfo@VArray@v8@@@v8@@QBE?AV?$Local@VObject@v8@@@2@XZ 10011f20 f i ObjectTemplateProxy.obj
 0001:00010f80       ?Holder@?$PropertyCallbackInfo@VBoolean@v8@@@v8@@QBE?AV?$Local@VObject@v8@@@2@XZ 10011f80 f i ObjectTemplateProxy.obj
 0001:00010fe0       ?Holder@?$PropertyCallbackInfo@VInteger@v8@@@v8@@QBE?AV?$Local@VObject@v8@@@2@XZ 10011fe0 f i ObjectTemplateProxy.obj
 0001:00011040       ?Holder@?$PropertyCallbackInfo@VValue@v8@@@v8@@QBE?AV?$Local@VObject@v8@@@2@XZ 10012040 f i ObjectTemplateProxy.obj
 0001:000110a0       ?Holder@?$PropertyCallbackInfo@X@v8@@QBE?AV?$Local@VObject@v8@@@2@XZ 100120a0 f i ObjectTemplateProxy.obj
 0001:00011100       ?IsEmpty@?$CopyablePersistent@VObjectTemplate@v8@@@@QBE_NXZ 10012100 f i ObjectTemplateProxy.obj
 0001:00011140       ?IsEmpty@?$Handle@VArray@v8@@@v8@@QBE_NXZ 10012140 f i ObjectTemplateProxy.obj
 0001:00011190       ?IsEmpty@?$Handle@VBoolean@v8@@@v8@@QBE_NXZ 10012190 f i ObjectTemplateProxy.obj
 0001:000111e0       ?IsEmpty@?$Handle@VInteger@v8@@@v8@@QBE_NXZ 100121e0 f i ObjectTemplateProxy.obj
 0001:00011230       ?IsEmpty@?$Handle@VObject@v8@@@v8@@QBE_NXZ 10012230 f i ObjectTemplateProxy.obj
 0001:00011280       ?IsEmpty@?$PersistentBase@VObjectTemplate@v8@@@v8@@QBE_NXZ 10012280 f i ObjectTemplateProxy.obj
 0001:000112d0       ?New@?$Local@VObjectTemplate@v8@@@v8@@CA?AV12@PAVIsolate@2@PAVObjectTemplate@2@@Z 100122d0 f i ObjectTemplateProxy.obj
 0001:00011350       ?New@?$Local@VObjectTemplate@v8@@@v8@@SA?AV12@PAVIsolate@2@ABV?$PersistentBase@VObjectTemplate@v8@@@2@@Z 10012350 f i ObjectTemplateProxy.obj
 0001:000113a0       ?New@?$PersistentBase@VObjectTemplate@v8@@@v8@@CAPAVObjectTemplate@2@PAVIsolate@2@PAV32@@Z 100123a0 f i ObjectTemplateProxy.obj
 0001:00011400       ?RegisterIndexedPropertyHandlers@ObjectTemplateProxy@@QAEXP6GPAUHandleProxy@@IABUManagedAccessorInfo@@@ZP6GPAU2@IPAU2@0@ZP6G?AW4PropertyAttribute@v8@@I0@ZP6GHI0@ZP6GPAU2@0@Z@Z 10012400 f   ObjectTemplateProxy.obj
 0001:000114b0       ?RegisterInvokeHandler@ObjectTemplateProxy@@QAEXP6GPAUHandleProxy@@H_NPAU2@PAPAU2@I@Z@Z 100124b0 f   ObjectTemplateProxy.obj
 0001:00011550       ?RegisterNamedPropertyHandlers@ObjectTemplateProxy@@QAEXP6GPAUHandleProxy@@PAGABUManagedAccessorInfo@@@ZP6GPAU2@0PAU2@1@ZP6G?AW4PropertyAttribute@v8@@01@ZP6GH01@ZP6GPAU2@1@Z@Z 10012550 f   ObjectTemplateProxy.obj
 0001:00011600       ?Reset@?$CopyablePersistent@VObjectTemplate@v8@@@@QAEXXZ 10012600 f i ObjectTemplateProxy.obj
 0001:00011640       ?Reset@?$PersistentBase@VObjectTemplate@v8@@@v8@@QAEXXZ 10012640 f i ObjectTemplateProxy.obj
 0001:000116b0       ?Set@ObjectTemplateProxy@@QAEXPBGPAUHandleProxy@@W4PropertyAttribute@v8@@@Z 100126b0 f   ObjectTemplateProxy.obj
 0001:00011770       ?SetAccessor@ObjectTemplateProxy@@QAEXHPBGP6GPAUHandleProxy@@PAU2@PAG@ZP6GPAU2@121@ZW4AccessControl@v8@@W4PropertyAttribute@4@@Z 10012770 f   ObjectTemplateProxy.obj
 0001:00011990       ?SetProperty@ObjectTemplateProxy@@SAXIV?$Local@VValue@v8@@@v8@@ABV?$PropertyCallbackInfo@VValue@v8@@@3@@Z 10012990 f   ObjectTemplateProxy.obj
 0001:00011c50       ?SetProperty@ObjectTemplateProxy@@SAXV?$Local@VString@v8@@@v8@@V?$Local@VValue@v8@@@3@ABV?$PropertyCallbackInfo@VValue@v8@@@3@@Z 10012c50 f   ObjectTemplateProxy.obj
 0001:00011f40       ?SetUndefined@?$ReturnValue@VValue@v8@@@v8@@QAEXXZ 10012f40 f i ObjectTemplateProxy.obj
 0001:00011fb0       ?SetUndefined@?$ReturnValue@X@v8@@QAEXXZ 10012fb0 f i ObjectTemplateProxy.obj
 0001:00012020       ?This@?$PropertyCallbackInfo@VArray@v8@@@v8@@QBE?AV?$Local@VObject@v8@@@2@XZ 10013020 f i ObjectTemplateProxy.obj
 0001:00012080       ?This@?$PropertyCallbackInfo@VBoolean@v8@@@v8@@QBE?AV?$Local@VObject@v8@@@2@XZ 10013080 f i ObjectTemplateProxy.obj
 0001:000120e0       ?This@?$PropertyCallbackInfo@VInteger@v8@@@v8@@QBE?AV?$Local@VObject@v8@@@2@XZ 100130e0 f i ObjectTemplateProxy.obj
 0001:00012140       ?This@?$PropertyCallbackInfo@VValue@v8@@@v8@@QBE?AV?$Local@VObject@v8@@@2@XZ 10013140 f i ObjectTemplateProxy.obj
 0001:000121a0       ?This@?$PropertyCallbackInfo@X@v8@@QBE?AV?$Local@VObject@v8@@@2@XZ 100131a0 f i ObjectTemplateProxy.obj
 0001:00012200       ?UnregisterIndexedPropertyHandlers@ObjectTemplateProxy@@QAEXXZ 10013200 f   ObjectTemplateProxy.obj
 0001:000122a0       ?UnregisterNamedPropertyHandlers@ObjectTemplateProxy@@QAEXXZ 100132a0 f   ObjectTemplateProxy.obj
 0001:00012340       ??$?0I@?$allocator@_N@std@@QAE@ABV?$allocator@I@1@@Z 10013340 f i V8EngineProxy.obj
 0001:00012370       ??$?0V?$allocator@_N@std@@@?$_Wrap_alloc@V?$allocator@U_Container_proxy@std@@@std@@@std@@QAE@ABV?$allocator@_N@1@@Z 10013370 f i V8EngineProxy.obj
 0001:000123c0       ??$?0VBoolean@v8@@@?$Handle@VValue@v8@@@v8@@QAE@V?$Handle@VBoolean@v8@@@1@@Z 100133c0 f i V8EngineProxy.obj
 0001:00012420       ??$?0VContext@v8@@@?$Local@VContext@v8@@@v8@@AAE@PAVContext@1@@Z 10013420 f i V8EngineProxy.obj
 0001:00012470       ??$?0VContext@v8@@@?$Persistent@VContext@v8@@U?$CopyablePersistentTraits@VContext@v8@@@2@@v8@@QAE@PAVIsolate@1@V?$Handle@VContext@v8@@@1@@Z 10013470 f i V8EngineProxy.obj
 0001:000124e0       ??$?0VFunction@v8@@@?$Local@VFunction@v8@@@v8@@AAE@PAVFunction@1@@Z 100134e0 f i V8EngineProxy.obj
 0001:00012530       ??$?0VNumber@v8@@@?$Handle@VValue@v8@@@v8@@QAE@V?$Handle@VNumber@v8@@@1@@Z 10013530 f i V8EngineProxy.obj
 0001:00012590       ??$?0VObject@v8@@@?$Persistent@VObject@v8@@U?$CopyablePersistentTraits@VObject@v8@@@2@@v8@@QAE@PAVIsolate@1@V?$Handle@VObject@v8@@@1@@Z 10013590 f i V8EngineProxy.obj
 0001:00012600       ??$?0_N@?$allocator@U_Container_proxy@std@@@std@@QAE@ABV?$allocator@_N@1@@Z 10013600 f i V8EngineProxy.obj
 0001:00012630       ??$As@VFunction@v8@@@?$Handle@VValue@v8@@@v8@@QAE?AV?$Handle@VFunction@v8@@@1@XZ 10013630 f i V8EngineProxy.obj
 0001:00012680       ??$As@VFunction@v8@@@?$Local@VValue@v8@@@v8@@QAE?AV?$Local@VFunction@v8@@@1@XZ 10013680 f i V8EngineProxy.obj
 0001:000126d0       ??$Cast@VValue@v8@@@?$Handle@VFunction@v8@@@v8@@SA?AV01@V?$Handle@VValue@v8@@@1@@Z 100136d0 f i V8EngineProxy.obj
 0001:00012730       ??$Cast@VValue@v8@@@?$Local@VFunction@v8@@@v8@@SA?AV01@V?$Local@VValue@v8@@@1@@Z 10013730 f i V8EngineProxy.obj
 0001:00012790       ??$Copy@VContext@v8@@U?$CopyablePersistentTraits@VContext@v8@@@2@@?$CopyablePersistentTraits@VContext@v8@@@v8@@SAXABV?$Persistent@VContext@v8@@U?$CopyablePersistentTraits@VContext@v8@@@2@@1@PAV21@@Z 10013790 f i V8EngineProxy.obj
 0001:000127c0       ??$Copy@VContext@v8@@U?$CopyablePersistentTraits@VContext@v8@@@2@@?$Persistent@VContext@v8@@U?$CopyablePersistentTraits@VContext@v8@@@2@@v8@@AAEXABV01@@Z 100137c0 f i V8EngineProxy.obj
 0001:00012860       ??$Copy@VObject@v8@@U?$CopyablePersistentTraits@VObject@v8@@@2@@?$CopyablePersistentTraits@VObject@v8@@@v8@@SAXABV?$Persistent@VObject@v8@@U?$CopyablePersistentTraits@VObject@v8@@@2@@1@PAV21@@Z 10013860 f i V8EngineProxy.obj
 0001:00012890       ??$Copy@VObject@v8@@U?$CopyablePersistentTraits@VObject@v8@@@2@@?$Persistent@VObject@v8@@U?$CopyablePersistentTraits@VObject@v8@@@2@@v8@@AAEXABV01@@Z 10013890 f i V8EngineProxy.obj
 0001:00012930       ??$_Allocate@H@std@@YAPAHIPAH@Z 10013930 f i V8EngineProxy.obj
 0001:000129b0       ??$_Allocate@I@std@@YAPAIIPAI@Z 100139b0 f i V8EngineProxy.obj
 0001:00012a30       ??$_Allocate@PAUHandleProxy@@@std@@YAPAPAUHandleProxy@@IPAPAU1@@Z 10013a30 f i V8EngineProxy.obj
 0001:00012ab0       ??$_Allocate@U_Container_proxy@std@@@std@@YAPAU_Container_proxy@0@IPAU10@@Z 10013ab0 f i V8EngineProxy.obj
 0001:00012b30       ??$_Allocate@U_StringItem@@@std@@YAPAU_StringItem@@IPAU1@@Z 10013b30 f i V8EngineProxy.obj
 0001:00012bb0       ??$_Copy_backward@V?$_Vb_iterator@U?$_Wrap_alloc@V?$allocator@I@std@@@std@@@std@@V12@@std@@YA?AV?$_Vb_iterator@U?$_Wrap_alloc@V?$allocator@I@std@@@std@@@0@V10@00@Z 10013bb0 f i V8EngineProxy.obj
 0001:00012d10       ??$_Copy_backward@V?$_Vb_iterator@U?$_Wrap_alloc@V?$allocator@I@std@@@std@@@std@@V12@@std@@YA?AV?$_Vb_iterator@U?$_Wrap_alloc@V?$allocator@I@std@@@std@@@0@V10@00U?$integral_constant@_N$00@0@@Z 10013d10 f i V8EngineProxy.obj
 0001:00012eb0       ??$_Copy_backward@V?$_Vb_iterator@U?$_Wrap_alloc@V?$allocator@I@std@@@std@@@std@@V12@@std@@YA?AV?$_Vb_iterator@U?$_Wrap_alloc@V?$allocator@I@std@@@std@@@0@V10@00U_Nonscalar_ptr_iterator_tag@0@@Z 10013eb0 f i V8EngineProxy.obj
 0001:00013010       ??$_Copy_impl@V?$_Vb_iterator@U?$_Wrap_alloc@V?$allocator@I@std@@@std@@@std@@V12@@std@@YA?AV?$_Vb_iterator@U?$_Wrap_alloc@V?$allocator@I@std@@@std@@@0@V10@00@Z 10014010 f i V8EngineProxy.obj
 0001:00013170       ??$_Copy_impl@V?$_Vb_iterator@U?$_Wrap_alloc@V?$allocator@I@std@@@std@@@std@@V12@@std@@YA?AV?$_Vb_iterator@U?$_Wrap_alloc@V?$allocator@I@std@@@std@@@0@V10@00U?$integral_constant@_N$00@0@@Z 10014170 f i V8EngineProxy.obj
 0001:000132e0       ??$_Copy_impl@V?$_Vb_iterator@U?$_Wrap_alloc@V?$allocator@I@std@@@std@@@std@@V12@@std@@YA?AV?$_Vb_iterator@U?$_Wrap_alloc@V?$allocator@I@std@@@std@@@0@V10@00U_Nonscalar_ptr_iterator_tag@0@@Z 100142e0 f i V8EngineProxy.obj
 0001:00013440       ??$_Copy_impl@V?$_Vb_iterator@U?$_Wrap_alloc@V?$allocator@I@std@@@std@@@std@@V12@@std@@YA?AV?$_Vb_iterator@U?$_Wrap_alloc@V?$allocator@I@std@@@std@@@0@V10@00Urandom_access_iterator_tag@0@1@Z 10014440 f i V8EngineProxy.obj
 0001:00013620       ??$_Debug_pointer@H@std@@YAXPAHPB_WI@Z 10014620 f i V8EngineProxy.obj
 0001:00013680       ??$_Debug_pointer@I@std@@YAXPAIPB_WI@Z 10014680 f i V8EngineProxy.obj
 0001:000136e0       ??$_Debug_pointer@PAUHandleProxy@@@std@@YAXPAPAUHandleProxy@@PB_WI@Z 100146e0 f i V8EngineProxy.obj
 0001:00013740       ??$_Debug_pointer@U_StringItem@@@std@@YAXPAU_StringItem@@PB_WI@Z 10014740 f i V8EngineProxy.obj
 0001:000137a0       ??$_Debug_pointer@V?$_Vb_iterator@U?$_Wrap_alloc@V?$allocator@I@std@@@std@@@std@@@std@@YAXAAV?$_Vb_iterator@U?$_Wrap_alloc@V?$allocator@I@std@@@std@@@0@PB_WI@Z 100147a0 f i V8EngineProxy.obj
 0001:000137d0       ??$_Debug_range2@PAH@std@@YAXPAH0PB_WIUrandom_access_iterator_tag@0@@Z 100147d0 f i V8EngineProxy.obj
 0001:00013860       ??$_Debug_range2@PAI@std@@YAXPAI0PB_WIUrandom_access_iterator_tag@0@@Z 10014860 f i V8EngineProxy.obj
 0001:000138f0       ??$_Debug_range2@PAPAUHandleProxy@@@std@@YAXPAPAUHandleProxy@@0PB_WIUrandom_access_iterator_tag@0@@Z 100148f0 f i V8EngineProxy.obj
 0001:00013980       ??$_Debug_range2@PAU_StringItem@@@std@@YAXPAU_StringItem@@0PB_WIUrandom_access_iterator_tag@0@@Z 10014980 f i V8EngineProxy.obj
 0001:00013a10       ??$_Debug_range2@V?$_Vb_iterator@U?$_Wrap_alloc@V?$allocator@I@std@@@std@@@std@@@std@@YAXV?$_Vb_iterator@U?$_Wrap_alloc@V?$allocator@I@std@@@std@@@0@0PB_WIUrandom_access_iterator_tag@0@@Z 10014a10 f i V8EngineProxy.obj
 0001:00013b00       ??$_Debug_range@PAH@std@@YAXPAH0PB_WI@Z 10014b00 f i V8EngineProxy.obj
 0001:00013b70       ??$_Debug_range@PAI@std@@YAXPAI0PB_WI@Z 10014b70 f i V8EngineProxy.obj
 0001:00013be0       ??$_Debug_range@PAPAUHandleProxy@@@std@@YAXPAPAUHandleProxy@@0PB_WI@Z 10014be0 f i V8EngineProxy.obj
 0001:00013c50       ??$_Debug_range@PAU_StringItem@@@std@@YAXPAU_StringItem@@0PB_WI@Z 10014c50 f i V8EngineProxy.obj
 0001:00013cc0       ??$_Debug_range@V?$_Vb_iterator@U?$_Wrap_alloc@V?$allocator@I@std@@@std@@@std@@@std@@YAXV?$_Vb_iterator@U?$_Wrap_alloc@V?$allocator@I@std@@@std@@@0@0PB_WI@Z 10014cc0 f i V8EngineProxy.obj
 0001:00013dc0       ??$_Destroy_range@U?$_Wrap_alloc@V?$allocator@H@std@@@std@@@std@@YAXPAH0AAU?$_Wrap_alloc@V?$allocator@H@std@@@0@@Z 10014dc0 f i V8EngineProxy.obj
 0001:00013e30       ??$_Destroy_range@U?$_Wrap_alloc@V?$allocator@H@std@@@std@@@std@@YAXPAH0AAU?$_Wrap_alloc@V?$allocator@H@std@@@0@U_Scalar_ptr_iterator_tag@0@@Z 10014e30 f i V8EngineProxy.obj
 0001:00013e60       ??$_Destroy_range@U?$_Wrap_alloc@V?$allocator@I@std@@@std@@@std@@YAXPAI0AAU?$_Wrap_alloc@V?$allocator@I@std@@@0@@Z 10014e60 f i V8EngineProxy.obj
 0001:00013ed0       ??$_Destroy_range@U?$_Wrap_alloc@V?$allocator@I@std@@@std@@@std@@YAXPAI0AAU?$_Wrap_alloc@V?$allocator@I@std@@@0@U_Scalar_ptr_iterator_tag@0@@Z 10014ed0 f i V8EngineProxy.obj
 0001:00013f00       ??$_Destroy_range@U?$_Wrap_alloc@V?$allocator@PAUHandleProxy@@@std@@@std@@@std@@YAXPAPAUHandleProxy@@0AAU?$_Wrap_alloc@V?$allocator@PAUHandleProxy@@@std@@@0@@Z 10014f00 f i V8EngineProxy.obj
 0001:00013f70       ??$_Destroy_range@U?$_Wrap_alloc@V?$allocator@PAUHandleProxy@@@std@@@std@@@std@@YAXPAPAUHandleProxy@@0AAU?$_Wrap_alloc@V?$allocator@PAUHandleProxy@@@std@@@0@U_Scalar_ptr_iterator_tag@0@@Z 10014f70 f i V8EngineProxy.obj
 0001:00013fa0       ??$_Destroy_range@U?$_Wrap_alloc@V?$allocator@U_StringItem@@@std@@@std@@@std@@YAXPAU_StringItem@@0AAU?$_Wrap_alloc@V?$allocator@U_StringItem@@@std@@@0@@Z 10014fa0 f i V8EngineProxy.obj
 0001:00014010       ??$_Destroy_range@U?$_Wrap_alloc@V?$allocator@U_StringItem@@@std@@@std@@@std@@YAXPAU_StringItem@@0AAU?$_Wrap_alloc@V?$allocator@U_StringItem@@@std@@@0@U_Nonscalar_ptr_iterator_tag@0@@Z 10015010 f i V8EngineProxy.obj
 0001:00014070       ??$_Fill@V?$_Vb_iterator@U?$_Wrap_alloc@V?$allocator@I@std@@@std@@@std@@_N@std@@YAXV?$_Vb_iterator@U?$_Wrap_alloc@V?$allocator@I@std@@@std@@@0@0AB_N@Z 10015070 f i V8EngineProxy.obj
 0001:00014160       ??$_Fill_n@PAHIH@std@@YAPAHPAHIABH@Z 10015160 f i V8EngineProxy.obj
 0001:000141b0       ??$_Fill_n@PAIII@std@@YAPAIPAIIABI@Z 100151b0 f i V8EngineProxy.obj
 0001:00014200       ??$_Fill_n@PAPAUHandleProxy@@IPAU1@@std@@YAPAPAUHandleProxy@@PAPAU1@IABQAU1@@Z 10015200 f i V8EngineProxy.obj
 0001:00014250       ??$_Is_checked@V?$_Vb_iterator@U?$_Wrap_alloc@V?$allocator@I@std@@@std@@@std@@@std@@YA?AU?$integral_constant@_N$00@0@V?$_Vb_iterator@U?$_Wrap_alloc@V?$allocator@I@std@@@std@@@0@@Z 10015250 f i V8EngineProxy.obj
 0001:000142e0       ??$_Iter_cat@PAH@std@@YA?AUrandom_access_iterator_tag@0@ABQAH@Z 100152e0 f i V8EngineProxy.obj
 0001:00014340       ??$_Iter_cat@PAI@std@@YA?AUrandom_access_iterator_tag@0@ABQAI@Z 10015340 f i V8EngineProxy.obj
 0001:000143a0       ??$_Iter_cat@PAPAUHandleProxy@@@std@@YA?AUrandom_access_iterator_tag@0@ABQAPAUHandleProxy@@@Z 100153a0 f i V8EngineProxy.obj
 0001:00014400       ??$_Iter_cat@PAU_StringItem@@@std@@YA?AUrandom_access_iterator_tag@0@ABQAU_StringItem@@@Z 10015400 f i V8EngineProxy.obj
 0001:00014460       ??$_Iter_cat@V?$_Vb_iterator@U?$_Wrap_alloc@V?$allocator@I@std@@@std@@@std@@@std@@YA?AUrandom_access_iterator_tag@0@ABV?$_Vb_iterator@U?$_Wrap_alloc@V?$allocator@I@std@@@std@@@0@@Z 10015460 f i V8EngineProxy.obj
 0001:000144c0       ??$_Move@PAIPAI@std@@YAPAIPAI00@Z 100154c0 f i V8EngineProxy.obj
 0001:00014530       ??$_Move@PAIPAI@std@@YAPAIPAI00U_Scalar_ptr_iterator_tag@0@@Z 10015530 f i V8EngineProxy.obj
 0001:000145a0       ??$_Ptr_cat@HH@std@@YA?AU_Scalar_ptr_iterator_tag@0@PAH0@Z 100155a0 f i V8EngineProxy.obj
 0001:00014600       ??$_Ptr_cat@II@std@@YA?AU_Scalar_ptr_iterator_tag@0@PAI0@Z 10015600 f i V8EngineProxy.obj
 0001:00014660       ??$_Ptr_cat@PAUHandleProxy@@PAU1@@std@@YA?AU_Scalar_ptr_iterator_tag@0@PAPAUHandleProxy@@0@Z 10015660 f i V8EngineProxy.obj
 0001:000146c0       ??$_Ptr_cat@U_StringItem@@U1@@std@@YA?AU_Nonscalar_ptr_iterator_tag@0@PAU_StringItem@@0@Z 100156c0 f i V8EngineProxy.obj
 0001:00014720       ??$_Ptr_cat@V?$_Vb_iterator@U?$_Wrap_alloc@V?$allocator@I@std@@@std@@@std@@V12@@std@@YA?AU_Nonscalar_ptr_iterator_tag@0@AAV?$_Vb_iterator@U?$_Wrap_alloc@V?$allocator@I@std@@@std@@@0@0@Z 10015720 f i V8EngineProxy.obj
 0001:00014780       ??$_Rechecked@PAHPAH@std@@YAAAPAHAAPAHPAH@Z 10015780 f i V8EngineProxy.obj
 0001:000147b0       ??$_Rechecked@PAIPAI@std@@YAAAPAIAAPAIPAI@Z 100157b0 f i V8EngineProxy.obj
 0001:000147e0       ??$_Rechecked@PAPAUHandleProxy@@PAPAU1@@std@@YAAAPAPAUHandleProxy@@AAPAPAU1@PAPAU1@@Z 100157e0 f i V8EngineProxy.obj
 0001:00014810       ??$_Rechecked@PAU_StringItem@@PAU1@@std@@YAAAPAU_StringItem@@AAPAU1@PAU1@@Z 10015810 f i V8EngineProxy.obj
 0001:00014840       ??$_Umove@PAH@?$vector@HV?$allocator@H@std@@@std@@IAEPAHPAH00@Z 10015840 f i V8EngineProxy.obj
 0001:000148d0       ??$_Umove@PAI@?$vector@IV?$allocator@_N@std@@@std@@IAEPAIPAI00@Z 100158d0 f i V8EngineProxy.obj
 0001:00014960       ??$_Umove@PAPAUHandleProxy@@@?$vector@PAUHandleProxy@@V?$allocator@PAUHandleProxy@@@std@@@std@@IAEPAPAUHandleProxy@@PAPAU2@00@Z 10015960 f i V8EngineProxy.obj
 0001:000149f0       ??$_Umove@PAU_StringItem@@@?$vector@U_StringItem@@V?$allocator@U_StringItem@@@std@@@std@@IAEPAU_StringItem@@PAU2@00@Z 100159f0 f i V8EngineProxy.obj
 0001:00014a80       ??$_Unchecked@PAH@std@@YAPAHPAH@Z 10015a80 f i V8EngineProxy.obj
 0001:00014ab0       ??$_Unchecked@PAI@std@@YAPAIPAI@Z 10015ab0 f i V8EngineProxy.obj
 0001:00014ae0       ??$_Unchecked@PAPAUHandleProxy@@@std@@YAPAPAUHandleProxy@@PAPAU1@@Z 10015ae0 f i V8EngineProxy.obj
 0001:00014b10       ??$_Unchecked@PAU_StringItem@@@std@@YAPAU_StringItem@@PAU1@@Z 10015b10 f i V8EngineProxy.obj
 0001:00014b40       ??$_Unchecked@V?$_Vb_iterator@U?$_Wrap_alloc@V?$allocator@I@std@@@std@@@std@@@std@@YA?AV?$_Vb_iterator@U?$_Wrap_alloc@V?$allocator@I@std@@@std@@@0@V10@@Z 10015b40 f i V8EngineProxy.obj
 0001:00014be0       ??$_Uninit_fill_n@HIHH@std@@YAXPAHIPBHAAU?$_Wrap_alloc@V?$allocator@H@std@@@0@0U_Scalar_ptr_iterator_tag@0@@Z 10015be0 f i V8EngineProxy.obj
 0001:00014c30       ??$_Uninit_fill_n@IIII@std@@YAXPAIIPBIAAU?$_Wrap_alloc@V?$allocator@I@std@@@0@0U_Scalar_ptr_iterator_tag@0@@Z 10015c30 f i V8EngineProxy.obj
 0001:00014c80       ??$_Uninit_fill_n@PAUHandleProxy@@IPAU1@PAU1@@std@@YAXPAPAUHandleProxy@@IPBQAU1@AAU?$_Wrap_alloc@V?$allocator@PAUHandleProxy@@@std@@@0@0U_Scalar_ptr_iterator_tag@0@@Z 10015c80 f i V8EngineProxy.obj
 0001:00014cd0       ??$_Uninit_fill_n@PAU_StringItem@@IU1@V?$allocator@U_StringItem@@@std@@U1@@std@@YAXPAU_StringItem@@IPBU1@AAU?$_Wrap_alloc@V?$allocator@U_StringItem@@@std@@@0@0U_Nonscalar_ptr_iterator_tag@0@@Z 10015cd0 f i V8EngineProxy.obj
 0001:00014db0       ??$_Uninit_move@HHH@std@@YAPAHPAH00AAU?$_Wrap_alloc@V?$allocator@H@std@@@0@0U_Scalar_ptr_iterator_tag@0@@Z 10015db0 f i V8EngineProxy.obj
 0001:00014e50       ??$_Uninit_move@III@std@@YAPAIPAI00AAU?$_Wrap_alloc@V?$allocator@I@std@@@0@0U_Scalar_ptr_iterator_tag@0@@Z 10015e50 f i V8EngineProxy.obj
 0001:00014ef0       ??$_Uninit_move@PAHPAHU?$_Wrap_alloc@V?$allocator@H@std@@@std@@@std@@YAPAHPAH00AAU?$_Wrap_alloc@V?$allocator@H@std@@@0@@Z 10015ef0 f i V8EngineProxy.obj
 0001:00014f70       ??$_Uninit_move@PAIPAIU?$_Wrap_alloc@V?$allocator@I@std@@@std@@@std@@YAPAIPAI00AAU?$_Wrap_alloc@V?$allocator@I@std@@@0@@Z 10015f70 f i V8EngineProxy.obj
 0001:00014ff0       ??$_Uninit_move@PAPAUHandleProxy@@PAPAU1@U?$_Wrap_alloc@V?$allocator@PAUHandleProxy@@@std@@@std@@@std@@YAPAPAUHandleProxy@@PAPAU1@00AAU?$_Wrap_alloc@V?$allocator@PAUHandleProxy@@@std@@@0@@Z 10015ff0 f i V8EngineProxy.obj
 0001:00015070       ??$_Uninit_move@PAUHandleProxy@@PAU1@PAU1@@std@@YAPAPAUHandleProxy@@PAPAU1@00AAU?$_Wrap_alloc@V?$allocator@PAUHandleProxy@@@std@@@0@0U_Scalar_ptr_iterator_tag@0@@Z 10016070 f i V8EngineProxy.obj
 0001:00015110       ??$_Uninit_move@PAU_StringItem@@PAU1@U?$_Wrap_alloc@V?$allocator@U_StringItem@@@std@@@std@@@std@@YAPAU_StringItem@@PAU1@00AAU?$_Wrap_alloc@V?$allocator@U_StringItem@@@std@@@0@@Z 10016110 f i V8EngineProxy.obj
 0001:00015190       ??$_Uninit_move@PAU_StringItem@@PAU1@V?$allocator@U_StringItem@@@std@@U1@@std@@YAPAU_StringItem@@PAU1@00AAU?$_Wrap_alloc@V?$allocator@U_StringItem@@@std@@@0@0U_Nonscalar_ptr_iterator_tag@0@@Z 10016190 f i V8EngineProxy.obj
 0001:000152a0       ??$_Uninitialized_fill_n@PAHIHU?$_Wrap_alloc@V?$allocator@H@std@@@std@@@std@@YAXPAHIPBHAAU?$_Wrap_alloc@V?$allocator@H@std@@@0@@Z 100162a0 f i V8EngineProxy.obj
 0001:00015320       ??$_Uninitialized_fill_n@PAIIIU?$_Wrap_alloc@V?$allocator@I@std@@@std@@@std@@YAXPAIIPBIAAU?$_Wrap_alloc@V?$allocator@I@std@@@0@@Z 10016320 f i V8EngineProxy.obj
 0001:000153a0       ??$_Uninitialized_fill_n@PAPAUHandleProxy@@IPAU1@U?$_Wrap_alloc@V?$allocator@PAUHandleProxy@@@std@@@std@@@std@@YAXPAPAUHandleProxy@@IPBQAU1@AAU?$_Wrap_alloc@V?$allocator@PAUHandleProxy@@@std@@@0@@Z 100163a0 f i V8EngineProxy.obj
 0001:00015420       ??$_Uninitialized_fill_n@PAU_StringItem@@IU1@U?$_Wrap_alloc@V?$allocator@U_StringItem@@@std@@@std@@@std@@YAXPAU_StringItem@@IPBU1@AAU?$_Wrap_alloc@V?$allocator@U_StringItem@@@std@@@0@@Z 10016420 f i V8EngineProxy.obj
 0001:000154a0       ??$_Uninitialized_move@PAHPAHU?$_Wrap_alloc@V?$allocator@H@std@@@std@@@std@@YAPAHPAH00AAU?$_Wrap_alloc@V?$allocator@H@std@@@0@@Z 100164a0 f i V8EngineProxy.obj
 0001:00015520       ??$_Uninitialized_move@PAIPAIU?$_Wrap_alloc@V?$allocator@I@std@@@std@@@std@@YAPAIPAI00AAU?$_Wrap_alloc@V?$allocator@I@std@@@0@@Z 10016520 f i V8EngineProxy.obj
 0001:000155a0       ??$_Uninitialized_move@PAPAUHandleProxy@@PAPAU1@U?$_Wrap_alloc@V?$allocator@PAUHandleProxy@@@std@@@std@@@std@@YAPAPAUHandleProxy@@PAPAU1@00AAU?$_Wrap_alloc@V?$allocator@PAUHandleProxy@@@std@@@0@@Z 100165a0 f i V8EngineProxy.obj
 0001:00015620       ??$_Uninitialized_move@PAU_StringItem@@PAU1@U?$_Wrap_alloc@V?$allocator@U_StringItem@@@std@@@std@@@std@@YAPAU_StringItem@@PAU1@00AAU?$_Wrap_alloc@V?$allocator@U_StringItem@@@std@@@0@@Z 10016620 f i V8EngineProxy.obj
 0001:000156a0       ??$_Val_type@PAH@std@@YAPAHPAH@Z 100166a0 f i V8EngineProxy.obj
 0001:000156d0       ??$_Val_type@PAI@std@@YAPAIPAI@Z 100166d0 f i V8EngineProxy.obj
 0001:00015700       ??$_Val_type@PAPAUHandleProxy@@@std@@YAPAPAUHandleProxy@@PAPAU1@@Z 10016700 f i V8EngineProxy.obj
 0001:00015730       ??$_Val_type@PAU_StringItem@@@std@@YAPAU_StringItem@@PAU1@@Z 10016730 f i V8EngineProxy.obj
 0001:00015760       ??$addressof@$$CBH@std@@YAPBHABH@Z 10016760 f i V8EngineProxy.obj
 0001:00015790       ??$addressof@$$CBI@std@@YAPBIABI@Z 10016790 f i V8EngineProxy.obj
 0001:000157c0       ??$addressof@$$CBU_StringItem@@@std@@YAPBU_StringItem@@ABU1@@Z 100167c0 f i V8EngineProxy.obj
 0001:000157f0       ??$addressof@I@std@@YAPAIAAI@Z 100167f0 f i V8EngineProxy.obj
 0001:00015820       ??$addressof@QAUHandleProxy@@@std@@YAPBQAUHandleProxy@@ABQAU1@@Z 10016820 f i V8EngineProxy.obj
 0001:00015850       ??$construct@HAAH@?$_Wrap_alloc@V?$allocator@H@std@@@std@@QAEXPAHAAH@Z 10016850 f i V8EngineProxy.obj
 0001:000158b0       ??$construct@HAAH@?$allocator@H@std@@QAEXPAHAAH@Z 100168b0 f i V8EngineProxy.obj
 0001:00015980       ??$construct@HAAH@?$allocator_traits@V?$allocator@H@std@@@std@@SAXAAV?$allocator@H@1@PAHAAH@Z 10016980 f i V8EngineProxy.obj
 0001:000159d0       ??$construct@HABH@?$_Wrap_alloc@V?$allocator@H@std@@@std@@QAEXPAHABH@Z 100169d0 f i V8EngineProxy.obj
 0001:00015a30       ??$construct@HABH@?$allocator_traits@V?$allocator@H@std@@@std@@SAXAAV?$allocator@H@1@PAHABH@Z 10016a30 f i V8EngineProxy.obj
 0001:00015a80       ??$construct@PAUHandleProxy@@AAPAU1@@?$_Wrap_alloc@V?$allocator@PAUHandleProxy@@@std@@@std@@QAEXPAPAUHandleProxy@@AAPAU2@@Z 10016a80 f i V8EngineProxy.obj
 0001:00015ae0       ??$construct@PAUHandleProxy@@AAPAU1@@?$allocator@PAUHandleProxy@@@std@@QAEXPAPAUHandleProxy@@AAPAU2@@Z 10016ae0 f i V8EngineProxy.obj
 0001:00015bb0       ??$construct@PAUHandleProxy@@AAPAU1@@?$allocator_traits@V?$allocator@PAUHandleProxy@@@std@@@std@@SAXAAV?$allocator@PAUHandleProxy@@@1@PAPAUHandleProxy@@AAPAU3@@Z 10016bb0 f i V8EngineProxy.obj
 0001:00015c00       ??$construct@PAUHandleProxy@@ABQAU1@@?$_Wrap_alloc@V?$allocator@PAUHandleProxy@@@std@@@std@@QAEXPAPAUHandleProxy@@ABQAU2@@Z 10016c00 f i V8EngineProxy.obj
 0001:00015c60       ??$construct@PAUHandleProxy@@ABQAU1@@?$allocator_traits@V?$allocator@PAUHandleProxy@@@std@@@std@@SAXAAV?$allocator@PAUHandleProxy@@@1@PAPAUHandleProxy@@ABQAU3@@Z 10016c60 f i V8EngineProxy.obj
 0001:00015cb0       ??$construct@U_Container_proxy@std@@U12@@?$_Wrap_alloc@V?$allocator@U_Container_proxy@std@@@std@@@std@@QAEXPAU_Container_proxy@1@$$QAU21@@Z 10016cb0 f i V8EngineProxy.obj
 0001:00015d10       ??$construct@U_Container_proxy@std@@U12@@?$allocator@U_Container_proxy@std@@@std@@QAEXPAU_Container_proxy@1@$$QAU21@@Z 10016d10 f i V8EngineProxy.obj
 0001:00015de0       ??$construct@U_Container_proxy@std@@U12@@?$allocator_traits@V?$allocator@U_Container_proxy@std@@@std@@@std@@SAXAAV?$allocator@U_Container_proxy@std@@@1@PAU_Container_proxy@1@$$QAU31@@Z 10016de0 f i V8EngineProxy.obj
 0001:00015e30       ??$construct@U_StringItem@@AAU1@@?$_Wrap_alloc@V?$allocator@U_StringItem@@@std@@@std@@QAEXPAU_StringItem@@AAU2@@Z 10016e30 f i V8EngineProxy.obj
 0001:00015e90       ??$construct@U_StringItem@@AAU1@@?$allocator@U_StringItem@@@std@@QAEXPAU_StringItem@@AAU2@@Z 10016e90 f i V8EngineProxy.obj
 0001:00015f70       ??$construct@U_StringItem@@AAU1@@?$allocator_traits@V?$allocator@U_StringItem@@@std@@@std@@SAXAAV?$allocator@U_StringItem@@@1@PAU_StringItem@@AAU3@@Z 10016f70 f i V8EngineProxy.obj
 0001:00015fc0       ??$construct@U_StringItem@@ABU1@@?$_Wrap_alloc@V?$allocator@U_StringItem@@@std@@@std@@QAEXPAU_StringItem@@ABU2@@Z 10016fc0 f i V8EngineProxy.obj
 0001:00016020       ??$construct@U_StringItem@@ABU1@@?$allocator_traits@V?$allocator@U_StringItem@@@std@@@std@@SAXAAV?$allocator@U_StringItem@@@1@PAU_StringItem@@ABU3@@Z 10017020 f i V8EngineProxy.obj
 0001:00016070       ??$construct@U_StringItem@@U1@@?$_Wrap_alloc@V?$allocator@U_StringItem@@@std@@@std@@QAEXPAU_StringItem@@$$QAU2@@Z 10017070 f i V8EngineProxy.obj
 0001:000160d0       ??$construct@U_StringItem@@U1@@?$allocator@U_StringItem@@@std@@QAEXPAU_StringItem@@$$QAU2@@Z 100170d0 f i V8EngineProxy.obj
 0001:000161b0       ??$construct@U_StringItem@@U1@@?$allocator_traits@V?$allocator@U_StringItem@@@std@@@std@@SAXAAV?$allocator@U_StringItem@@@1@PAU_StringItem@@$$QAU3@@Z 100171b0 f i V8EngineProxy.obj
 0001:00016200       ??$copy@V?$_Vb_iterator@U?$_Wrap_alloc@V?$allocator@I@std@@@std@@@std@@V12@@std@@YA?AV?$_Vb_iterator@U?$_Wrap_alloc@V?$allocator@I@std@@@std@@@0@V10@00@Z 10017200 f i V8EngineProxy.obj
 0001:000164f0       ??$copy_backward@V?$_Vb_iterator@U?$_Wrap_alloc@V?$allocator@I@std@@@std@@@std@@V12@@std@@YA?AV?$_Vb_iterator@U?$_Wrap_alloc@V?$allocator@I@std@@@std@@@0@V10@00@Z 100174f0 f i V8EngineProxy.obj
 0001:00016760       ??$destroy@H@?$_Wrap_alloc@V?$allocator@H@std@@@std@@QAEXPAH@Z 10017760 f i V8EngineProxy.obj
 0001:000167b0       ??$destroy@H@?$allocator@H@std@@QAEXPAH@Z 100177b0 f i V8EngineProxy.obj
 0001:000167e0       ??$destroy@H@?$allocator_traits@V?$allocator@H@std@@@std@@SAXAAV?$allocator@H@1@PAH@Z 100177e0 f i V8EngineProxy.obj
 0001:00016820       ??$destroy@U_Container_proxy@std@@@?$_Wrap_alloc@V?$allocator@U_Container_proxy@std@@@std@@@std@@QAEXPAU_Container_proxy@1@@Z 10017820 f i V8EngineProxy.obj
 0001:00016870       ??$destroy@U_Container_proxy@std@@@?$allocator@U_Container_proxy@std@@@std@@QAEXPAU_Container_proxy@1@@Z 10017870 f i V8EngineProxy.obj
 0001:000168a0       ??$destroy@U_Container_proxy@std@@@?$allocator_traits@V?$allocator@U_Container_proxy@std@@@std@@@std@@SAXAAV?$allocator@U_Container_proxy@std@@@1@PAU_Container_proxy@1@@Z 100178a0 f i V8EngineProxy.obj
 0001:000168e0       ??$destroy@U_StringItem@@@?$_Wrap_alloc@V?$allocator@U_StringItem@@@std@@@std@@QAEXPAU_StringItem@@@Z 100178e0 f i V8EngineProxy.obj
 0001:00016930       ??$destroy@U_StringItem@@@?$allocator@U_StringItem@@@std@@QAEXPAU_StringItem@@@Z 10017930 f i V8EngineProxy.obj
 0001:00016960       ??$destroy@U_StringItem@@@?$allocator_traits@V?$allocator@U_StringItem@@@std@@@std@@SAXAAV?$allocator@U_StringItem@@@1@PAU_StringItem@@@Z 10017960 f i V8EngineProxy.obj
 0001:000169a0       ??$fill@V?$_Vb_iterator@U?$_Wrap_alloc@V?$allocator@I@std@@@std@@@std@@_N@std@@YAXV?$_Vb_iterator@U?$_Wrap_alloc@V?$allocator@I@std@@@std@@@0@0AB_N@Z 100179a0 f i V8EngineProxy.obj
 0001:00016b50       ??$forward@AAH@std@@YAAAHAAH@Z 10017b50 f i V8EngineProxy.obj
 0001:00016b80       ??$forward@AAPAUHandleProxy@@@std@@YAAAPAUHandleProxy@@AAPAU1@@Z 10017b80 f i V8EngineProxy.obj
 0001:00016bb0       ??$forward@AAU_StringItem@@@std@@YAAAU_StringItem@@AAU1@@Z 10017bb0 f i V8EngineProxy.obj
 0001:00016be0       ??$forward@ABH@std@@YAABHABH@Z 10017be0 f i V8EngineProxy.obj
 0001:00016c10       ??$forward@ABQAUHandleProxy@@@std@@YAABQAUHandleProxy@@ABQAU1@@Z 10017c10 f i V8EngineProxy.obj
 0001:00016c40       ??$forward@ABU_StringItem@@@std@@YAABU_StringItem@@ABU1@@Z 10017c40 f i V8EngineProxy.obj
 0001:00016c70       ??$forward@U_Container_proxy@std@@@std@@YA$$QAU_Container_proxy@0@AAU10@@Z 10017c70 f i V8EngineProxy.obj
 0001:00016ca0       ??$forward@U_StringItem@@@std@@YA$$QAU_StringItem@@AAU1@@Z 10017ca0 f i V8EngineProxy.obj
 0001:00016cd0       ??0?$CopyablePersistent@VContext@v8@@@@QAE@XZ 10017cd0 f i V8EngineProxy.obj
 0001:00016d50       ??0?$CopyablePersistent@VObject@v8@@@@QAE@XZ 10017d50 f i V8EngineProxy.obj
 0001:00016dd0       ??0?$Handle@VContext@v8@@@v8@@AAE@PAVContext@1@@Z 10017dd0 f i V8EngineProxy.obj
 0001:00016e10       ??0?$Handle@VContext@v8@@@v8@@QAE@XZ 10017e10 f i V8EngineProxy.obj
 0001:00016e50       ??0?$Handle@VFunction@v8@@@v8@@AAE@PAVFunction@1@@Z 10017e50 f i V8EngineProxy.obj
 0001:00016e90       ??0?$Handle@VFunction@v8@@@v8@@QAE@XZ 10017e90 f i V8EngineProxy.obj
 0001:00016ed0       ??0?$Handle@VString@v8@@@v8@@QAE@XZ 10017ed0 f i V8EngineProxy.obj
 0001:00016f10       ??0?$Local@VContext@v8@@@v8@@QAE@XZ 10017f10 f i V8EngineProxy.obj
 0001:00016f60       ??0?$Local@VString@v8@@@v8@@QAE@XZ 10017f60 f i V8EngineProxy.obj
 0001:00016fb0       ??0?$Persistent@VContext@v8@@U?$CopyablePersistentTraits@VContext@v8@@@2@@v8@@QAE@XZ 10017fb0 f i V8EngineProxy.obj
 0001:00017000       ??0?$Persistent@VObject@v8@@U?$CopyablePersistentTraits@VObject@v8@@@2@@v8@@QAE@XZ 10018000 f i V8EngineProxy.obj
 0001:00017050       ??0?$PersistentBase@VContext@v8@@@v8@@AAE@PAVContext@1@@Z 10018050 f i V8EngineProxy.obj
 0001:00017090       ??0?$PersistentBase@VObject@v8@@@v8@@AAE@PAVObject@1@@Z 10018090 f i V8EngineProxy.obj
 0001:000170d0       ??0?$_Iterator012@Urandom_access_iterator_tag@std@@HHPBHABHU_Iterator_base12@2@@std@@QAE@ABU01@@Z 100180d0 f i V8EngineProxy.obj
 0001:00017150       ??0?$_Iterator012@Urandom_access_iterator_tag@std@@HHPBHABHU_Iterator_base12@2@@std@@QAE@XZ 10018150 f i V8EngineProxy.obj
 0001:000171d0       ??0?$_Iterator012@Urandom_access_iterator_tag@std@@IHPBIABIU_Iterator_base12@2@@std@@QAE@ABU01@@Z 100181d0 f i V8EngineProxy.obj
 0001:00017250       ??0?$_Iterator012@Urandom_access_iterator_tag@std@@IHPBIABIU_Iterator_base12@2@@std@@QAE@XZ 10018250 f i V8EngineProxy.obj
 0001:000172d0       ??0?$_Iterator012@Urandom_access_iterator_tag@std@@_NHPA_N_NU_Iterator_base12@2@@std@@QAE@ABU01@@Z 100182d0 f i V8EngineProxy.obj
 0001:00017350       ??0?$_Iterator012@Urandom_access_iterator_tag@std@@_NHPA_N_NU_Iterator_base12@2@@std@@QAE@XZ 10018350 f i V8EngineProxy.obj
 0001:000173d0       ??0?$_Vb_const_iterator@U?$_Wrap_alloc@V?$allocator@I@std@@@std@@@std@@QAE@ABV01@@Z 100183d0 f i V8EngineProxy.obj
 0001:00017450       ??0?$_Vb_const_iterator@U?$_Wrap_alloc@V?$allocator@I@std@@@std@@@std@@QAE@PBIPBU_Container_base12@1@@Z 10018450 f i V8EngineProxy.obj
 0001:000174e0       ??0?$_Vb_iter_base@U?$_Wrap_alloc@V?$allocator@I@std@@@std@@@std@@QAE@ABV01@@Z 100184e0 f i V8EngineProxy.obj
 0001:00017580       ??0?$_Vb_iter_base@U?$_Wrap_alloc@V?$allocator@I@std@@@std@@@std@@QAE@PBIIPBU_Container_base12@1@@Z 10018580 f i V8EngineProxy.obj
 0001:00017620       ??0?$_Vb_iterator@U?$_Wrap_alloc@V?$allocator@I@std@@@std@@@std@@QAE@ABV01@@Z 10018620 f i V8EngineProxy.obj
 0001:000176a0       ??0?$_Vb_iterator@U?$_Wrap_alloc@V?$allocator@I@std@@@std@@@std@@QAE@PAIPAU_Container_base12@1@@Z 100186a0 f i V8EngineProxy.obj
 0001:00017730       ??0?$_Vb_reference@U?$_Wrap_alloc@V?$allocator@I@std@@@std@@@std@@QAE@ABV?$_Vb_iter_base@U?$_Wrap_alloc@V?$allocator@I@std@@@std@@@1@@Z 10018730 f i V8EngineProxy.obj
 0001:000177d0       ??0?$_Vb_val@V?$allocator@_N@std@@@std@@QAE@IAB_NABV?$allocator@_N@1@@Z 100187d0 f i V8EngineProxy.obj
 0001:000178c0       ??0?$_Vector_alloc@$0A@U?$_Vec_base_types@HV?$allocator@H@std@@@std@@@std@@QAE@ABV?$allocator@H@1@@Z 100188c0 f i V8EngineProxy.obj
 0001:00017950       ??0?$_Vector_alloc@$0A@U?$_Vec_base_types@IV?$allocator@_N@std@@@std@@@std@@QAE@ABV?$allocator@_N@1@@Z 10018950 f i V8EngineProxy.obj
 0001:000179e0       ??0?$_Vector_alloc@$0A@U?$_Vec_base_types@PAUHandleProxy@@V?$allocator@PAUHandleProxy@@@std@@@std@@@std@@QAE@ABV?$allocator@PAUHandleProxy@@@1@@Z 100189e0 f i V8EngineProxy.obj
 0001:00017a70       ??0?$_Vector_alloc@$0A@U?$_Vec_base_types@U_StringItem@@V?$allocator@U_StringItem@@@std@@@std@@@std@@QAE@ABV?$allocator@U_StringItem@@@1@@Z 10018a70 f i V8EngineProxy.obj
 0001:00017b00       ??0?$_Vector_const_iterator@V?$_Vector_val@U?$_Simple_types@H@std@@@std@@@std@@QAE@ABV01@@Z 10018b00 f i V8EngineProxy.obj
 0001:00017b90       ??0?$_Vector_const_iterator@V?$_Vector_val@U?$_Simple_types@H@std@@@std@@@std@@QAE@PAHPBU_Container_base12@1@@Z 10018b90 f i V8EngineProxy.obj
 0001:00017c30       ??0?$_Vector_const_iterator@V?$_Vector_val@U?$_Simple_types@I@std@@@std@@@std@@QAE@ABV01@@Z 10018c30 f i V8EngineProxy.obj
 0001:00017cc0       ??0?$_Vector_const_iterator@V?$_Vector_val@U?$_Simple_types@I@std@@@std@@@std@@QAE@PAIPBU_Container_base12@1@@Z 10018cc0 f i V8EngineProxy.obj
 0001:00017d60       ??0?$_Vector_iterator@V?$_Vector_val@U?$_Simple_types@H@std@@@std@@@std@@QAE@ABV01@@Z 10018d60 f i V8EngineProxy.obj
 0001:00017de0       ??0?$_Vector_iterator@V?$_Vector_val@U?$_Simple_types@H@std@@@std@@@std@@QAE@PAHPBU_Container_base12@1@@Z 10018de0 f i V8EngineProxy.obj
 0001:00017e70       ??0?$_Vector_iterator@V?$_Vector_val@U?$_Simple_types@I@std@@@std@@@std@@QAE@ABV01@@Z 10018e70 f i V8EngineProxy.obj
 0001:00017ef0       ??0?$_Vector_iterator@V?$_Vector_val@U?$_Simple_types@I@std@@@std@@@std@@QAE@PAIPBU_Container_base12@1@@Z 10018ef0 f i V8EngineProxy.obj
 0001:00017f80       ??0?$_Vector_val@U?$_Simple_types@H@std@@@std@@QAE@XZ 10018f80 f i V8EngineProxy.obj
 0001:00018030       ??0?$_Vector_val@U?$_Simple_types@I@std@@@std@@QAE@XZ 10019030 f i V8EngineProxy.obj
 0001:000180e0       ??0?$_Vector_val@U?$_Simple_types@PAUHandleProxy@@@std@@@std@@QAE@XZ 100190e0 f i V8EngineProxy.obj
 0001:00018190       ??0?$_Vector_val@U?$_Simple_types@U_StringItem@@@std@@@std@@QAE@XZ 10019190 f i V8EngineProxy.obj
 0001:00018240       ??0?$_Wrap_alloc@V?$allocator@H@std@@@std@@QAE@XZ 10019240 f i V8EngineProxy.obj
 0001:00018290       ??0?$_Wrap_alloc@V?$allocator@I@std@@@std@@QAE@XZ 10019290 f i V8EngineProxy.obj
 0001:000182e0       ??0?$_Wrap_alloc@V?$allocator@PAUHandleProxy@@@std@@@std@@QAE@XZ 100192e0 f i V8EngineProxy.obj
 0001:00018330       ??0?$_Wrap_alloc@V?$allocator@U_Container_proxy@std@@@std@@@std@@QAE@XZ 10019330 f i V8EngineProxy.obj
 0001:00018380       ??0?$_Wrap_alloc@V?$allocator@U_StringItem@@@std@@@std@@QAE@XZ 10019380 f i V8EngineProxy.obj
 0001:000183d0       ??0?$allocator@H@std@@QAE@XZ 100193d0 f i V8EngineProxy.obj
 0001:00018400       ??0?$allocator@I@std@@QAE@XZ 10019400 f i V8EngineProxy.obj
 0001:00018430       ??0?$allocator@PAUHandleProxy@@@std@@QAE@XZ 10019430 f i V8EngineProxy.obj
 0001:00018460       ??0?$allocator@U_Container_proxy@std@@@std@@QAE@XZ 10019460 f i V8EngineProxy.obj
 0001:00018490       ??0?$allocator@U_StringItem@@@std@@QAE@XZ 10019490 f i V8EngineProxy.obj
 0001:000184c0       ??0?$allocator@_N@std@@QAE@XZ 100194c0 f i V8EngineProxy.obj
 0001:000184f0       ??0?$vector@HV?$allocator@H@std@@@std@@QAE@IABH@Z 100194f0 f i V8EngineProxy.obj
 0001:000185a0       ??0?$vector@IV?$allocator@_N@std@@@std@@QAE@IABIABV?$allocator@_N@1@@Z 100195a0 f i V8EngineProxy.obj
 0001:00018640       ??0?$vector@PAUHandleProxy@@V?$allocator@PAUHandleProxy@@@std@@@std@@QAE@IABQAUHandleProxy@@@Z 10019640 f i V8EngineProxy.obj
 0001:000186f0       ??0?$vector@U_StringItem@@V?$allocator@U_StringItem@@@std@@@std@@QAE@IABU_StringItem@@@Z 100196f0 f i V8EngineProxy.obj
 0001:000187a0       ??0?$vector@_NV?$allocator@_N@std@@@std@@QAE@IAB_N@Z 100197a0 f i V8EngineProxy.obj
 0001:00018840       ??0V8EngineProxy@@QAE@_NP6AXXZH@Z 10019840 f   V8EngineProxy.obj
 0001:00018ba0       ??0_Container_proxy@std@@QAE@XZ 10019ba0 f i V8EngineProxy.obj
 0001:00018be0       ??0_Iterator_base12@std@@QAE@ABU01@@Z 10019be0 f i V8EngineProxy.obj
 0001:00018c40       ??0_Iterator_base12@std@@QAE@XZ 10019c40 f i V8EngineProxy.obj
 0001:00018c80       ??0_Mutex_base@std@@QAE@H@Z 10019c80 f i V8EngineProxy.obj
 0001:00018cd0       ??0_StringItem@@QAE@PAVV8EngineProxy@@I@Z 10019cd0 f   V8EngineProxy.obj
 0001:00018d40       ??0_StringItem@@QAE@PAVV8EngineProxy@@PAVString@v8@@@Z 10019d40 f   V8EngineProxy.obj
 0001:00018de0       ??0_StringItem@@QAE@XZ     10019de0 f   V8EngineProxy.obj
 0001:00018e30       ??0recursive_mutex@std@@QAE@XZ 10019e30 f i V8EngineProxy.obj
 0001:00018eb0       ??1?$CopyablePersistent@VContext@v8@@@@QAE@XZ 10019eb0 f i V8EngineProxy.obj
 0001:00018f40       ??1?$CopyablePersistent@VObject@v8@@@@QAE@XZ 10019f40 f i V8EngineProxy.obj
 0001:00018fd0       ??1?$Persistent@VContext@v8@@U?$CopyablePersistentTraits@VContext@v8@@@2@@v8@@QAE@XZ 10019fd0 f i V8EngineProxy.obj
 0001:00019020       ??1?$Persistent@VObject@v8@@U?$CopyablePersistentTraits@VObject@v8@@@2@@v8@@QAE@XZ 1001a020 f i V8EngineProxy.obj
 0001:00019070       ??1?$_Iterator012@Urandom_access_iterator_tag@std@@HHPBHABHU_Iterator_base12@2@@std@@QAE@XZ 1001a070 f i V8EngineProxy.obj
 0001:000190f0       ??1?$_Iterator012@Urandom_access_iterator_tag@std@@IHPBIABIU_Iterator_base12@2@@std@@QAE@XZ 1001a0f0 f i V8EngineProxy.obj
 0001:00019170       ??1?$_Iterator012@Urandom_access_iterator_tag@std@@_NHPA_N_NU_Iterator_base12@2@@std@@QAE@XZ 1001a170 f i V8EngineProxy.obj
 0001:000191f0       ??1?$_Vb_const_iterator@U?$_Wrap_alloc@V?$allocator@I@std@@@std@@@std@@QAE@XZ 1001a1f0 f i V8EngineProxy.obj
 0001:00019270       ??1?$_Vb_iter_base@U?$_Wrap_alloc@V?$allocator@I@std@@@std@@@std@@QAE@XZ 1001a270 f i V8EngineProxy.obj
 0001:000192f0       ??1?$_Vb_iterator@U?$_Wrap_alloc@V?$allocator@I@std@@@std@@@std@@QAE@XZ 1001a2f0 f i V8EngineProxy.obj
 0001:00019370       ??1?$_Vb_reference@U?$_Wrap_alloc@V?$allocator@I@std@@@std@@@std@@QAE@XZ 1001a370 f i V8EngineProxy.obj
 0001:000193f0       ??1?$_Vb_val@V?$allocator@_N@std@@@std@@QAE@XZ 1001a3f0 f i V8EngineProxy.obj
 0001:00019490       ??1?$_Vector_alloc@$0A@U?$_Vec_base_types@HV?$allocator@H@std@@@std@@@std@@QAE@XZ 1001a490 f i V8EngineProxy.obj
 0001:00019510       ??1?$_Vector_alloc@$0A@U?$_Vec_base_types@IV?$allocator@_N@std@@@std@@@std@@QAE@XZ 1001a510 f i V8EngineProxy.obj
 0001:00019590       ??1?$_Vector_alloc@$0A@U?$_Vec_base_types@PAUHandleProxy@@V?$allocator@PAUHandleProxy@@@std@@@std@@@std@@QAE@XZ 1001a590 f i V8EngineProxy.obj
 0001:00019610       ??1?$_Vector_alloc@$0A@U?$_Vec_base_types@U_StringItem@@V?$allocator@U_StringItem@@@std@@@std@@@std@@QAE@XZ 1001a610 f i V8EngineProxy.obj
 0001:00019690       ??1?$_Vector_const_iterator@V?$_Vector_val@U?$_Simple_types@H@std@@@std@@@std@@QAE@XZ 1001a690 f i V8EngineProxy.obj
 0001:00019710       ??1?$_Vector_const_iterator@V?$_Vector_val@U?$_Simple_types@I@std@@@std@@@std@@QAE@XZ 1001a710 f i V8EngineProxy.obj
 0001:00019790       ??1?$_Vector_iterator@V?$_Vector_val@U?$_Simple_types@H@std@@@std@@@std@@QAE@XZ 1001a790 f i V8EngineProxy.obj
 0001:00019810       ??1?$_Vector_iterator@V?$_Vector_val@U?$_Simple_types@I@std@@@std@@@std@@QAE@XZ 1001a810 f i V8EngineProxy.obj
 0001:00019890       ??1?$_Vector_val@U?$_Simple_types@H@std@@@std@@QAE@XZ 1001a890 f i V8EngineProxy.obj
 0001:00019920       ??1?$_Vector_val@U?$_Simple_types@I@std@@@std@@QAE@XZ 1001a920 f i V8EngineProxy.obj
 0001:000199b0       ??1?$_Vector_val@U?$_Simple_types@PAUHandleProxy@@@std@@@std@@QAE@XZ 1001a9b0 f i V8EngineProxy.obj
 0001:00019a40       ??1?$_Vector_val@U?$_Simple_types@U_StringItem@@@std@@@std@@QAE@XZ 1001aa40 f i V8EngineProxy.obj
 0001:00019ad0       ??1?$vector@HV?$allocator@H@std@@@std@@QAE@XZ 1001aad0 f i V8EngineProxy.obj
 0001:00019b50       ??1?$vector@IV?$allocator@_N@std@@@std@@QAE@XZ 1001ab50 f i V8EngineProxy.obj
[...]
 0002:00007f3c       __unwindtable$??$?0V?$_Tree_iterator@V?$_Tree_val@U?$_Tree_simple_types@U?$pair@QAVIsolate@v8@@V?$queue@PAVTask@v8@@V?$deque@PAVTask@v8@@V?$allocator@PAVTask@v8@@@std@@@std@@@std@@@std@@@std@@@std@@@std@@_NX@?$pair@V?$_Tree_iterator@V?$_Tree_val@U?$_Tree_simple_types@U?$pair@QAVIsolate@v8@@V?$queue@PAVTask@v8@@V?$deque@PAVTask@v8@@V?$allocator@PAVTask@v8@@@std@@@std@@@std@@@std@@@std@@@std@@@std@@_N@std@@QAE@$$QAV?$_Tree_iterator@V?$_Tree_val@U?$_Tree_simple_types@U?$pair@QAVIsolate@v8@@V?$queue@PAVTask@v8@@V?$deque@PAVTask@v8@@V?$allocator@PAVTask@v8@@@std@@@std@@@std@@@std@@@std@@@std@@@1@$$QA_N@Z 1003ef3c     v8_libplatform:default-platform.obj
 0002:00007f44       __ehfuncinfo$??$?0V?$_Tree_iterator@V?$_Tree_val@U?$_Tree_simple_types@U?$pair@QAVIsolate@v8@@V?$queue@PAVTask@v8@@V?$deque@PAVTask@v8@@V?$allocator@PAVTask@v8@@@std@@@std@@@std@@@std@@@std@@@std@@@std@@_NX@?$pair@V?$_Tree_iterator@V?$_Tree_val@U?$_Tree_simple_types@U?$pair@QAVIsolate@v8@@V?$queue@PAVTask@v8@@V?$deque@PAVTask@v8@@V?$allocator@PAVTask@v8@@@std@@@std@@@std@@@std@@@std@@@std@@@std@@_N@std@@QAE@$$QAV?$_Tree_iterator@V?$_Tree_val@U?$_Tree_simple_types@U?$pair@QAVIsolate@v8@@V?$queue@PAVTask@v8@@V?$deque@PAVTask@v8@@V?$allocator@PAVTask@v8@@@std@@@std@@@std@@@std@@@std@@@std@@@1@$$QA_N@Z 1003ef44     v8_libplatform:default-platform.obj
 0002:00007f68       __unwindtable$??$?0AAV?$_Tree_iterator@V?$_Tree_val@U?$_Tree_simple_types@U?$pair@QAVIsolate@v8@@V?$queue@PAVTask@v8@@V?$deque@PAVTask@v8@@V?$allocator@PAVTask@v8@@@std@@@std@@@std@@@std@@@std@@@std@@@std@@_NX@?$pair@V?$_Tree_iterator@V?$_Tree_val@U?$_Tree_simple_types@U?$pair@QAVIsolate@v8@@V?$queue@PAVTask@v8@@V?$deque@PAVTask@v8@@V?$allocator@PAVTask@v8@@@std@@@std@@@std@@@std@@@std@@@std@@@std@@_N@std@@QAE@AAV?$_Tree_iterator@V?$_Tree_val@U?$_Tree_simple_types@U?$pair@QAVIsolate@v8@@V?$queue@PAVTask@v8@@V?$deque@PAVTask@v8@@V?$allocator@PAVTask@v8@@@std@@@std@@@std@@@std@@@std@@@std@@@1@$$QA_N@Z 1003ef68     v8_libplatform:default-platform.obj
 0002:00007f70       __ehfuncinfo$??$?0AAV?$_Tree_iterator@V?$_Tree_val@U?$_Tree_simple_types@U?$pair@QAVIsolate@v8@@V?$queue@PAVTask@v8@@V?$deque@PAVTask@v8@@V?$allocator@PAVTask@v8@@@std@@@std@@@std@@@std@@@std@@@std@@@std@@_NX@?$pair@V?$_Tree_iterator@V?$_Tree_val@U?$_Tree_simple_types@U?$pair@QAVIsolate@v8@@V?$queue@PAVTask@v8@@V?$deque@PAVTask@v8@@V?$allocator@PAVTask@v8@@@std@@@std@@@std@@@std@@@std@@@std@@@std@@_N@std@@QAE@AAV?$_Tree_iterator@V?$_Tree_val@U?$_Tree_simple_types@U?$pair@QAVIsolate@v8@@V?$queue@PAVTask@v8@@V?$deque@PAVTask@v8@@V?$allocator@PAVTask@v8@@@std@@@std@@@std@@@std@@@std@@@std@@@1@$$QA_N@Z 1003ef70     v8_libplatform:default-platform.obj
 0002:00007f94       __unwindtable$??$construct@U?$pair@QAVIsolate@v8@@V?$queue@PAVTask@v8@@V?$deque@PAVTask@v8@@V?$allocator@PAVTask@v8@@@std@@@std@@@std@@@std@@ABUpiecewise_construct_t@2@V?$tuple@ABQAVIsolate@v8@@@2@V?$tuple@$$$V@2@@?$allocator@U?$_Tree_node@U?$pair@QAVIsolate@v8@@V?$queue@PAVTask@v8@@V?$deque@PAVTask@v8@@V?$allocator@PAVTask@v8@@@std@@@std@@@std@@@std@@PAX@std@@@std@@QAEXPAU?$pair@QAVIsolate@v8@@V?$queue@PAVTask@v8@@V?$deque@PAVTask@v8@@V?$allocator@PAVTask@v8@@@std@@@std@@@std@@@1@ABUpiecewise_construct_t@1@$$QAV?$tuple@ABQAVIsolate@v8@@@1@$$QAV?$tuple@$$$V@1@@Z 1003ef94     v8_libplatform:default-platform.obj
 0002:00007f9c       __ehfuncinfo$??$construct@U?$pair@QAVIsolate@v8@@V?$queue@PAVTask@v8@@V?$deque@PAVTask@v8@@V?$allocator@PAVTask@v8@@@std@@@std@@@std@@@std@@ABUpiecewise_construct_t@2@V?$tuple@ABQAVIsolate@v8@@@2@V?$tuple@$$$V@2@@?$allocator@U?$_Tree_node@U?$pair@QAVIsolate@v8@@V?$queue@PAVTask@v8@@V?$deque@PAVTask@v8@@V?$allocator@PAVTask@v8@@@std@@@std@@@std@@@std@@PAX@std@@@std@@QAEXPAU?$pair@QAVIsolate@v8@@V?$queue@PAVTask@v8@@V?$deque@PAVTask@v8@@V?$allocator@PAVTask@v8@@@std@@@std@@@std@@@1@ABUpiecewise_construct_t@1@$$QAV?$tuple@ABQAVIsolate@v8@@@1@$$QAV?$tuple@$$$V@1@@Z 1003ef9c     v8_libplatform:default-platform.obj
 0002:00007fc0       __unwindtable$??0TaskQueue@platform@v8@@QAE@XZ 1003efc0     v8_libplatform:task-queue.obj
 0002:00007fd0       __ehfuncinfo$??0TaskQueue@platform@v8@@QAE@XZ 1003efd0     v8_libplatform:task-queue.obj
 0002:00007ff4       __unwindtable$??1TaskQueue@platform@v8@@QAE@XZ 1003eff4     v8_libplatform:task-queue.obj
 0002:00008014       __ehfuncinfo$??1TaskQueue@platform@v8@@QAE@XZ 1003f014     v8_libplatform:task-queue.obj
 0002:00008038       __unwindtable$?Append@TaskQueue@platform@v8@@QAEXPAVTask@3@@Z 1003f038     v8_libplatform:task-queue.obj
 0002:00008040       __ehfuncinfo$?Append@TaskQueue@platform@v8@@QAEXPAVTask@3@@Z 1003f040     v8_libplatform:task-queue.obj
 0002:00008064       __unwindtable$?GetNext@TaskQueue@platform@v8@@QAEPAVTask@3@XZ 1003f064     v8_libplatform:task-queue.obj
 0002:0000806c       __ehfuncinfo$?GetNext@TaskQueue@platform@v8@@QAEPAVTask@3@XZ 1003f06c     v8_libplatform:task-queue.obj
 0002:00008090       __unwindtable$?Terminate@TaskQueue@platform@v8@@QAEXXZ 1003f090     v8_libplatform:task-queue.obj
 0002:00008098       __ehfuncinfo$?Terminate@TaskQueue@platform@v8@@QAEXXZ 1003f098     v8_libplatform:task-queue.obj
 0002:000080bc       __unwindtable$??0WorkerThread@platform@v8@@QAE@PAVTaskQueue@12@@Z 1003f0bc     v8_libplatform:worker-thread.obj
 0002:000080c4       __ehfuncinfo$??0WorkerThread@platform@v8@@QAE@PAVTaskQueue@12@@Z 1003f0c4     v8_libplatform:worker-thread.obj
 0002:000080e8       __unwindtable$??1WorkerThread@platform@v8@@UAE@XZ 1003f0e8     v8_libplatform:worker-thread.obj
 0002:000080f0       __ehfuncinfo$??1WorkerThread@platform@v8@@UAE@XZ 1003f0f0     v8_libplatform:worker-thread.obj
 0002:00008118       __sehtable$__onexit        1003f118     MSVCRTD:atonexit.obj
 0002:00008138       __sehtable$___DllMainCRTStartup 1003f138     MSVCRTD:crtdll.obj
 0002:00008160       __sehtable$?DebuggerProbe@@YAHK@Z 1003f160     MSVCRTD:error.obj
 0002:00008180       __sehtable$?DebuggerRuntime@@YAHKHPAXPB_W@Z 1003f180     MSVCRTD:error.obj
 0002:000081a0       __sehtable$??_M@YGXPAXIHP6EX0@Z@Z 1003f1a0     MSVCRTD:ehvecdtr.obj
 0002:000081c0       __sehtable$?__ArrayUnwind@@YGXPAXIHP6EX0@Z@Z 1003f1c0     MSVCRTD:ehvecdtr.obj
 0002:000081e0       __sehtable$__IsNonwritableInCurrentImage 1003f1e0     MSVCRTD:pesect.obj
 0002:000081fc       __unwindtable$??0Thread@base@v8@@QAE@ABVOptions@012@@Z 1003f1fc     v8_libbase:platform-win32.obj
 0002:00008204       __ehfuncinfo$??0Thread@base@v8@@QAE@ABVOptions@012@@Z 1003f204     v8_libbase:platform-win32.obj
 0002:00008230       .edata                     1003f230     V8_Net_Proxy_x86.exp
 0002:00008258       rgpv                       1003f258     V8_Net_Proxy_x86.exp
 0002:00008348       rgszName                   1003f348     V8_Net_Proxy_x86.exp
 0002:00008438       rgwOrd                     1003f438     V8_Net_Proxy_x86.exp
 0002:000084b0       szName                     1003f4b0     V8_Net_Proxy_x86.exp
 0002:000084c5       $N00001                    1003f4c5     V8_Net_Proxy_x86.exp
 0002:000084ce       $N00002                    1003f4ce     V8_Net_Proxy_x86.exp
 0002:000084e0       $N00003                    1003f4e0     V8_Net_Proxy_x86.exp
 0002:000084f0       $N00004                    1003f4f0     V8_Net_Proxy_x86.exp
 0002:00008501       $N00005                    1003f501     V8_Net_Proxy_x86.exp
 0002:00008510       $N00006                    1003f510     V8_Net_Proxy_x86.exp
 0002:00008520       $N00007                    1003f520     V8_Net_Proxy_x86.exp
 0002:0000853b       $N00008                    1003f53b     V8_Net_Proxy_x86.exp
 0002:0000855b       $N00009                    1003f55b     V8_Net_Proxy_x86.exp
 0002:0000857e       $N00010                    1003f57e     V8_Net_Proxy_x86.exp
 0002:00008597       $N00011                    1003f597     V8_Net_Proxy_x86.exp
 0002:000085a8       $N00012                    1003f5a8     V8_Net_Proxy_x86.exp
 0002:000085bb       $N00013                    1003f5bb     V8_Net_Proxy_x86.exp
 0002:000085cc       $N00014                    1003f5cc     V8_Net_Proxy_x86.exp
 0002:000085dc       $N00015                    1003f5dc     V8_Net_Proxy_x86.exp
 0002:000085f8       $N00016                    1003f5f8     V8_Net_Proxy_x86.exp
 0002:00008615       $N00017                    1003f615     V8_Net_Proxy_x86.exp
 0002:00008636       $N00018                    1003f636     V8_Net_Proxy_x86.exp
 0002:00008646       $N00019                    1003f646     V8_Net_Proxy_x86.exp
 0002:0000865c       $N00020                    1003f65c     V8_Net_Proxy_x86.exp
 0002:00008674       $N00021                    1003f674     V8_Net_Proxy_x86.exp
 0002:0000868f       $N00022                    1003f68f     V8_Net_Proxy_x86.exp
 0002:000086ae       $N00023                    1003f6ae     V8_Net_Proxy_x86.exp
 0002:000086cd       $N00024                    1003f6cd     V8_Net_Proxy_x86.exp
 0002:000086eb       $N00025                    1003f6eb     V8_Net_Proxy_x86.exp
 0002:00008708       $N00026                    1003f708     V8_Net_Proxy_x86.exp
 0002:0000871a       $N00027                    1003f71a     V8_Net_Proxy_x86.exp
 0002:00008732       $N00028                    1003f732     V8_Net_Proxy_x86.exp
 0002:00008748       $N00029                    1003f748     V8_Net_Proxy_x86.exp
 0002:0000875e       $N00030                    1003f75e     V8_Net_Proxy_x86.exp
 0002:00008769       $N00031                    1003f769     V8_Net_Proxy_x86.exp
 0002:0000877b       $N00032                    1003f77b     V8_Net_Proxy_x86.exp
 0002:0000878a       $N00033                    1003f78a     V8_Net_Proxy_x86.exp
 0002:000087ae       $N00034                    1003f7ae     V8_Net_Proxy_x86.exp
 0002:000087d3       $N00035                    1003f7d3     V8_Net_Proxy_x86.exp
 0002:000087ef       $N00036                    1003f7ef     V8_Net_Proxy_x86.exp
 0002:0000880b       $N00037                    1003f80b     V8_Net_Proxy_x86.exp
 0002:00008826       $N00038                    1003f826     V8_Net_Proxy_x86.exp
 0002:0000883c       $N00039                    1003f83c     V8_Net_Proxy_x86.exp
 0002:00008853       $N00040                    1003f853     V8_Net_Proxy_x86.exp
 0002:0000886c       $N00041                    1003f86c     V8_Net_Proxy_x86.exp
 0002:00008880       $N00042                    1003f880     V8_Net_Proxy_x86.exp
 0002:00008894       $N00043                    1003f894     V8_Net_Proxy_x86.exp
 0002:000088a6       $N00044                    1003f8a6     V8_Net_Proxy_x86.exp
 0002:000088bc       $N00045                    1003f8bc     V8_Net_Proxy_x86.exp
 0002:000088e0       $N00046                    1003f8e0     V8_Net_Proxy_x86.exp
 0002:000088f9       $N00047                    1003f8f9     V8_Net_Proxy_x86.exp
 0002:0000891b       $N00048                    1003f91b     V8_Net_Proxy_x86.exp
 0002:0000893b       $N00049                    1003f93b     V8_Net_Proxy_x86.exp
 0002:00008956       $N00050                    1003f956     V8_Net_Proxy_x86.exp
 0002:0000896c       $N00051                    1003f96c     V8_Net_Proxy_x86.exp
 0002:00008989       $N00052                    1003f989     V8_Net_Proxy_x86.exp
 0002:000089a5       $N00053                    1003f9a5     V8_Net_Proxy_x86.exp
 0002:000089c3       $N00054                    1003f9c3     V8_Net_Proxy_x86.exp
 0002:000089e1       $N00055                    1003f9e1     V8_Net_Proxy_x86.exp
 0002:00008a06       $N00056                    1003fa06     V8_Net_Proxy_x86.exp
 0002:00008a29       $N00057                    1003fa29     V8_Net_Proxy_x86.exp
 0002:00008a3e       $N00058                    1003fa3e     V8_Net_Proxy_x86.exp
 0002:00008a4c       $N00059                    1003fa4c     V8_Net_Proxy_x86.exp
 0002:00008a5a       $N00060                    1003fa5a     V8_Net_Proxy_x86.exp
 0002:0000a9dc       .idata$6                   100419dc     v8-ia32:v8-ia32.dll
 0002:0000aa14       .idata$6                   10041a14     kernel32:KERNEL32.dll
 0002:0000ac3e       .idata$6                   10041c3e     msvcprtd:MSVCP120D.dll
 0002:0000ad82       .idata$6                   10041d82     MSVCRTD:MSVCR120D.dll
 0003:00000070       __Tuple_alloc              10043070     Exports.obj
 0003:00000071       _ignore                    10043071     Exports.obj
 0003:00000072       _allocator_arg             10043072     Exports.obj
 0003:00000073       _piecewise_construct       10043073     Exports.obj
 0003:00000074       __Tuple_alloc              10043074     FunctionTemplateProxy.obj
 0003:00000075       _ignore                    10043075     FunctionTemplateProxy.obj
 0003:00000076       _allocator_arg             10043076     FunctionTemplateProxy.obj
 0003:00000077       _piecewise_construct       10043077     FunctionTemplateProxy.obj
 0003:00000078       __Tuple_alloc              10043078     HandleProxy.obj
 0003:00000079       _ignore                    10043079     HandleProxy.obj
 0003:0000007a       _allocator_arg             1004307a     HandleProxy.obj
 0003:0000007b       _piecewise_construct       1004307b     HandleProxy.obj
 0003:0000007c       __Tuple_alloc              1004307c     ObjectTemplateProxy.obj
 0003:0000007d       _ignore                    1004307d     ObjectTemplateProxy.obj
 0003:0000007e       _allocator_arg             1004307e     ObjectTemplateProxy.obj
 0003:0000007f       _piecewise_construct       1004307f     ObjectTemplateProxy.obj
 0003:00000080       __Tuple_alloc              10043080     Utilities.obj
 0003:00000081       _ignore                    10043081     Utilities.obj
 0003:00000082       _allocator_arg             10043082     Utilities.obj
 0003:00000083       _piecewise_construct       10043083     Utilities.obj
 0003:00000088       __V8Initialized            10043088     V8EngineProxy.obj
 0003:00000089       __Tuple_alloc              10043089     V8EngineProxy.obj
 0003:0000008a       _ignore                    1004308a     V8EngineProxy.obj
 0003:0000008b       _allocator_arg             1004308b     V8EngineProxy.obj
 0003:0000008c       _piecewise_construct       1004308c     V8EngineProxy.obj
 0003:000000a8       __Tuple_alloc              100430a8     ValueProxy.obj
 0003:000000a9       _ignore                    100430a9     ValueProxy.obj
 0003:000000aa       _allocator_arg             100430aa     ValueProxy.obj
 0003:000000ab       _piecewise_construct       100430ab     ValueProxy.obj
 0003:000000ac       __Tuple_alloc              100430ac     v8_libplatform:default-platform.obj
 0003:000000ad       _ignore                    100430ad     v8_libplatform:default-platform.obj
 0003:000000ae       _allocator_arg             100430ae     v8_libplatform:default-platform.obj
 0003:000000af       _piecewise_construct       100430af     v8_libplatform:default-platform.obj
 0003:000000c4       _allocator_arg             100430c4     v8_libplatform:task-queue.obj
 0003:000000c5       _piecewise_construct       100430c5     v8_libplatform:task-queue.obj
 0003:000000c6       _allocator_arg             100430c6     v8_libplatform:worker-thread.obj
 0003:000000c7       _piecewise_construct       100430c7     v8_libplatform:worker-thread.obj
 0003:000000c8       ___proc_attached           100430c8     MSVCRTD:crtdll.obj
 0003:000000d0       _GS_ExceptionRecord        100430d0     MSVCRTD:gs_report.obj
 0003:00000120       _GS_ContextRecord          10043120     MSVCRTD:gs_report.obj
 0003:000003ec       _DebuggerWasPresent        100433ec     MSVCRTD:gs_report.obj
 0003:000003f0       __RTC_ErrorReportFunc      100433f0     MSVCRTD:userapi.obj
 0003:000003f4       __RTC_ErrorReportFuncW     100433f4     MSVCRTD:userapi.obj
 0003:00000400       _mspdb                     10043400     MSVCRTD:pdblkup.obj
 0003:00000404       ?alreadyTried@?1??GetPdbDll@@YAPAUHINSTANCE__@@XZ@4_NA 10043404     MSVCRTD:pdblkup.obj
 0003:00000405       ?PDBOK@?BM@??_RTC_GetSrcLine@@YAHPAEPA_WKPAH1K@Z@4_NA 10043405     MSVCRTD:pdblkup.obj
 0003:00000406       _allocator_arg             10043406     v8_libbase:logging.obj
 0003:00000407       _piecewise_construct       10043407     v8_libbase:logging.obj
 0003:00000410       _platform_random_number_generator 10043410     v8_libbase:platform-win32.obj
 0003:00000468       _output_mode               10043468     v8_libbase:platform-win32.obj
 0003:0000046c       _allocator_arg             1004346c     v8_libbase:platform-win32.obj
 0003:0000046d       _piecewise_construct       1004346d     v8_libbase:platform-win32.obj
 0003:00000470       _tick_clock                10043470     v8_libbase:time.obj
 0003:000004b0       _high_res_tick_clock       100434b0     v8_libbase:time.obj
 0003:000004c0       _clock                     100434c0     v8_libbase:time.obj
 0003:00000500       _allocator_arg             10043500     v8_libbase:time.obj
 0003:00000501       _piecewise_construct       10043501     v8_libbase:time.obj
 0003:00000510       _entropy_mutex             10043510     v8_libbase:random-number-generator.obj
 0003:00000540       _entropy_source            10043540     v8_libbase:random-number-generator.obj
 0003:00000544       _allocator_arg             10043544     v8_libbase:cpu.obj
 0003:00000545       _piecewise_construct       10043545     v8_libbase:cpu.obj
 0004:000000a0       $R000000                   100440a0     V8.Net-Proxy-32.res
 0004:00000420       $R000380                   10044420     V8.Net-Proxy-32.res

 Exports

  ordinal    name

        1    _Call@20
        2    _ConnectObject@12
        3    _CreateArray@12
        4    _CreateBoolean@8
        5    _CreateDate@12
        6    _CreateError@12
        7    _CreateFunctionInstance@16
        8    _CreateFunctionTemplateProxy@12
        9    _CreateFunctionTemplateProxyTest@0
       10    _CreateHandleProxyTest@0
       11    _CreateInteger@8
       12    _CreateNullValue@4
       13    _CreateNumber@12
       14    _CreateObject@8
       15    _CreateObjectFromTemplate@8
       16    _CreateObjectTemplateProxy@4
       17    _CreateObjectTemplateProxyTest@0
       18    _CreateString@8
       19    _CreateStringArray@12
       20    _CreateV8EngineProxy@12
       21    _CreateV8EngineProxyTest@0
       22    _DeleteFunctionTemplateProxy@4
       23    _DeleteObjectPropertyByIndex@8
       24    _DeleteObjectPropertyByName@8
       25    _DeleteObjectTemplateProxy@4
       26    _DeleteTestData@4
       27    _DestroyV8EngineProxy@4
       28    _DisposeHandleProxy@4
       29    _DoIdleNotification@8
       30    _ForceGC@4
       31    _GetArrayLength@4
       32    _GetFunction@4
       33    _GetFunctionInstanceTemplateProxy@4
       34    _GetFunctionPrototypeTemplateProxy@4
       35    _GetHandleManagedObjectID@4
       36    _GetObjectPropertyByIndex@8
       37    _GetObjectPropertyByName@8
       38    _GetObjectPrototype@4
       39    _GetOwnPropertyNames@4
       40    _GetPropertyAttributes@8
       41    _GetPropertyNames@4
       42    _MakeStrongHandle@4
       43    _MakeWeakHandle@4
       44    _RegisterGCCallback@8
       45    _RegisterIndexedPropertyHandlers@24
       46    _RegisterInvokeHandler@8
       47    _RegisterNamedPropertyHandlers@24
       48    _SetFunctionTemplateProperty@16
       49    _SetGlobalObjectTemplate@8
       50    _SetObjectAccessor@28
       51    _SetObjectPropertyByIndex@12
       52    _SetObjectPropertyByName@16
       53    _SetObjectTemplateAccessor@28
       54    _SetObjectTemplateProperty@16
       55    _UnregisterIndexedPropertyHandlers@4
       56    _UnregisterNamedPropertyHandlers@4
       57    _UpdateHandleValue@4
       58    _V8Compile@12
       59    _V8Execute@12
       60    _V8ExecuteCompiledScript@8
